ARM GAS  /tmp/cc1ssgaQ.s 			page 1


   1              		.cpu cortex-m4
   2              		.arch armv7e-m
   3              		.fpu fpv4-sp-d16
   4              		.eabi_attribute 27, 1
   5              		.eabi_attribute 28, 1
   6              		.eabi_attribute 20, 1
   7              		.eabi_attribute 21, 1
   8              		.eabi_attribute 23, 3
   9              		.eabi_attribute 24, 1
  10              		.eabi_attribute 25, 1
  11              		.eabi_attribute 26, 1
  12              		.eabi_attribute 30, 1
  13              		.eabi_attribute 34, 1
  14              		.eabi_attribute 18, 4
  15              		.file	"ADC.c"
  16              		.text
  17              	.Ltext0:
  18              		.cfi_sections	.debug_frame
  19              		.file 1 "bsp/Src/ADC.c"
  20              		.section	.text.adc_init,"ax",%progbits
  21              		.align	1
  22              		.global	adc_init
  23              		.syntax unified
  24              		.thumb
  25              		.thumb_func
  27              	adc_init:
  28              	.LVL0:
  29              	.LFB334:
   1:bsp/Src/ADC.c **** #include "ADC.h"
   2:bsp/Src/ADC.c **** 
   3:bsp/Src/ADC.c **** // Define Queue Handles
   4:bsp/Src/ADC.c **** #ifdef ADC1
   5:bsp/Src/ADC.c **** static ADC_HandleTypeDef hadc1_ = {.Instance = ADC1};
   6:bsp/Src/ADC.c **** ADC_HandleTypeDef* hadc1 = &hadc1_;
   7:bsp/Src/ADC.c **** QueueHandle_t adc1_q;
   8:bsp/Src/ADC.c **** #endif
   9:bsp/Src/ADC.c **** 
  10:bsp/Src/ADC.c **** #ifdef ADC2
  11:bsp/Src/ADC.c **** static ADC_HandleTypeDef hadc2_ = {.Instance = ADC2};
  12:bsp/Src/ADC.c **** ADC_HandleTypeDef* hadc2 = &hadc2_;
  13:bsp/Src/ADC.c **** QueueHandle_t adc2_q;
  14:bsp/Src/ADC.c **** #endif
  15:bsp/Src/ADC.c **** 
  16:bsp/Src/ADC.c **** #ifdef ADC3
  17:bsp/Src/ADC.c **** static ADC_HandleTypeDef hadc3_ = {.Instance = ADC3};
  18:bsp/Src/ADC.c **** ADC_HandleTypeDef* hadc3 = &hadc3_;
  19:bsp/Src/ADC.c **** QueueHandle_t adc3_q;
  20:bsp/Src/ADC.c **** #endif
  21:bsp/Src/ADC.c **** 
  22:bsp/Src/ADC.c **** #ifdef ADC4
  23:bsp/Src/ADC.c **** static ADC_HandleTypeDef hadc4_ = {.Instance = ADC4};
  24:bsp/Src/ADC.c **** ADC_HandleTypeDef* hadc4 = &hadc4_;
  25:bsp/Src/ADC.c **** QueueHandle_t adc4_q;
  26:bsp/Src/ADC.c **** #endif
  27:bsp/Src/ADC.c **** 
  28:bsp/Src/ADC.c **** #ifdef ADC5
  29:bsp/Src/ADC.c **** static ADC_HandleTypeDef hadc5_ = {.Instance = ADC5};
ARM GAS  /tmp/cc1ssgaQ.s 			page 2


  30:bsp/Src/ADC.c **** ADC_HandleTypeDef* hadc5 = &hadc5_;
  31:bsp/Src/ADC.c **** QueueHandle_t adc5_q;
  32:bsp/Src/ADC.c **** #endif
  33:bsp/Src/ADC.c **** 
  34:bsp/Src/ADC.c **** // Hardware ADC error code
  35:bsp/Src/ADC.c **** uint32_t adc_err_code = 0;
  36:bsp/Src/ADC.c **** 
  37:bsp/Src/ADC.c **** adc_status_t adc_init(ADC_InitTypeDef* init, ADC_HandleTypeDef* h) {
  30              		.loc 1 37 68 view -0
  31              		.cfi_startproc
  32              		@ args = 0, pretend = 0, frame = 0
  33              		@ frame_needed = 0, uses_anonymous_args = 0
  34              		.loc 1 37 68 is_stmt 0 view .LVU1
  35 0000 10B5     		push	{r4, lr}
  36              	.LCFI0:
  37              		.cfi_def_cfa_offset 8
  38              		.cfi_offset 4, -8
  39              		.cfi_offset 14, -4
  40 0002 0C46     		mov	r4, r1
  38:bsp/Src/ADC.c ****     // Initalize ADC
  39:bsp/Src/ADC.c ****     h->Init = *init;
  41              		.loc 1 39 5 is_stmt 1 view .LVU2
  42              		.loc 1 39 13 is_stmt 0 view .LVU3
  43 0004 5022     		movs	r2, #80
  44 0006 0146     		mov	r1, r0
  45              	.LVL1:
  46              		.loc 1 39 13 view .LVU4
  47 0008 201D     		adds	r0, r4, #4
  48              	.LVL2:
  49              		.loc 1 39 13 view .LVU5
  50 000a FFF7FEFF 		bl	memcpy
  51              	.LVL3:
  40:bsp/Src/ADC.c ****     if (HAL_ADC_Init(h) != HAL_OK) return ADC_INIT_FAIL;
  52              		.loc 1 40 5 is_stmt 1 view .LVU6
  53              		.loc 1 40 9 is_stmt 0 view .LVU7
  54 000e 2046     		mov	r0, r4
  55 0010 FFF7FEFF 		bl	HAL_ADC_Init
  56              	.LVL4:
  57              		.loc 1 40 8 discriminator 1 view .LVU8
  58 0014 00B9     		cbnz	r0, .L5
  59              	.L2:
  41:bsp/Src/ADC.c **** 
  42:bsp/Src/ADC.c ****     return ADC_OK;
  43:bsp/Src/ADC.c **** }
  60              		.loc 1 43 1 view .LVU9
  61 0016 10BD     		pop	{r4, pc}
  62              	.LVL5:
  63              	.L5:
  40:bsp/Src/ADC.c ****     if (HAL_ADC_Init(h) != HAL_OK) return ADC_INIT_FAIL;
  64              		.loc 1 40 43 discriminator 1 view .LVU10
  65 0018 0120     		movs	r0, #1
  66 001a FCE7     		b	.L2
  67              		.cfi_endproc
  68              	.LFE334:
  70              		.section	.text.adc_deinit,"ax",%progbits
  71              		.align	1
  72              		.global	adc_deinit
ARM GAS  /tmp/cc1ssgaQ.s 			page 3


  73              		.syntax unified
  74              		.thumb
  75              		.thumb_func
  77              	adc_deinit:
  78              	.LVL6:
  79              	.LFB335:
  44:bsp/Src/ADC.c **** 
  45:bsp/Src/ADC.c **** adc_status_t adc_deinit(ADC_HandleTypeDef *h) {
  80              		.loc 1 45 47 is_stmt 1 view -0
  81              		.cfi_startproc
  82              		@ args = 0, pretend = 0, frame = 0
  83              		@ frame_needed = 0, uses_anonymous_args = 0
  84              		.loc 1 45 47 is_stmt 0 view .LVU12
  85 0000 08B5     		push	{r3, lr}
  86              	.LCFI1:
  87              		.cfi_def_cfa_offset 8
  88              		.cfi_offset 3, -8
  89              		.cfi_offset 14, -4
  46:bsp/Src/ADC.c ****     // Deinit ADC at specific handle
  47:bsp/Src/ADC.c ****     if (HAL_ADC_DeInit(h) != HAL_OK) return ADC_DEINIT_FAIL;
  90              		.loc 1 47 5 is_stmt 1 view .LVU13
  91              		.loc 1 47 9 is_stmt 0 view .LVU14
  92 0002 FFF7FEFF 		bl	HAL_ADC_DeInit
  93              	.LVL7:
  94              		.loc 1 47 8 discriminator 1 view .LVU15
  95 0006 00B9     		cbnz	r0, .L10
  96              	.L7:
  48:bsp/Src/ADC.c **** 
  49:bsp/Src/ADC.c ****     return ADC_OK;
  50:bsp/Src/ADC.c **** } 
  97              		.loc 1 50 1 view .LVU16
  98 0008 08BD     		pop	{r3, pc}
  99              	.L10:
  47:bsp/Src/ADC.c **** 
 100              		.loc 1 47 45 discriminator 1 view .LVU17
 101 000a 0220     		movs	r0, #2
 102 000c FCE7     		b	.L7
 103              		.cfi_endproc
 104              	.LFE335:
 106              		.section	.text.adc_read,"ax",%progbits
 107              		.align	1
 108              		.global	adc_read
 109              		.syntax unified
 110              		.thumb
 111              		.thumb_func
 113              	adc_read:
 114              	.LVL8:
 115              	.LFB336:
  51:bsp/Src/ADC.c **** 
  52:bsp/Src/ADC.c **** 
  53:bsp/Src/ADC.c **** adc_status_t adc_read(uint32_t channel, uint32_t samplingTime, ADC_HandleTypeDef *h, QueueHandle_t 
 116              		.loc 1 53 103 is_stmt 1 view -0
 117              		.cfi_startproc
 118              		@ args = 0, pretend = 0, frame = 32
 119              		@ frame_needed = 0, uses_anonymous_args = 0
 120              		.loc 1 53 103 is_stmt 0 view .LVU19
 121 0000 F0B5     		push	{r4, r5, r6, r7, lr}
ARM GAS  /tmp/cc1ssgaQ.s 			page 4


 122              	.LCFI2:
 123              		.cfi_def_cfa_offset 20
 124              		.cfi_offset 4, -20
 125              		.cfi_offset 5, -16
 126              		.cfi_offset 6, -12
 127              		.cfi_offset 7, -8
 128              		.cfi_offset 14, -4
 129 0002 89B0     		sub	sp, sp, #36
 130              	.LCFI3:
 131              		.cfi_def_cfa_offset 56
 132 0004 0746     		mov	r7, r0
 133 0006 0E46     		mov	r6, r1
 134 0008 1446     		mov	r4, r2
 135 000a 1D46     		mov	r5, r3
  54:bsp/Src/ADC.c ****     ADC_ChannelConfTypeDef sConfig = {};
 136              		.loc 1 54 5 is_stmt 1 view .LVU20
 137              		.loc 1 54 28 is_stmt 0 view .LVU21
 138 000c 2022     		movs	r2, #32
 139              	.LVL9:
 140              		.loc 1 54 28 view .LVU22
 141 000e 0021     		movs	r1, #0
 142              	.LVL10:
 143              		.loc 1 54 28 view .LVU23
 144 0010 6846     		mov	r0, sp
 145              	.LVL11:
 146              		.loc 1 54 28 view .LVU24
 147 0012 FFF7FEFF 		bl	memset
 148              	.LVL12:
  55:bsp/Src/ADC.c ****     sConfig.Channel = channel;
 149              		.loc 1 55 5 is_stmt 1 view .LVU25
 150              		.loc 1 55 21 is_stmt 0 view .LVU26
 151 0016 0097     		str	r7, [sp]
  56:bsp/Src/ADC.c ****     #if defined(STM32F4xx)
  57:bsp/Src/ADC.c ****     sConfig.Rank = 1; 
  58:bsp/Src/ADC.c ****     #endif
  59:bsp/Src/ADC.c ****     #if defined(STM32G4xx) || defined(STM32L4xx)
  60:bsp/Src/ADC.c ****     sConfig.Rank = ADC_REGULAR_RANK_1;
 152              		.loc 1 60 5 is_stmt 1 view .LVU27
 153              		.loc 1 60 18 is_stmt 0 view .LVU28
 154 0018 0623     		movs	r3, #6
 155 001a 0193     		str	r3, [sp, #4]
  61:bsp/Src/ADC.c ****     #endif
  62:bsp/Src/ADC.c ****     sConfig.SamplingTime = samplingTime;
 156              		.loc 1 62 5 is_stmt 1 view .LVU29
 157              		.loc 1 62 26 is_stmt 0 view .LVU30
 158 001c 0296     		str	r6, [sp, #8]
  63:bsp/Src/ADC.c **** 
  64:bsp/Src/ADC.c ****     if (HAL_ADC_ConfigChannel(hadc1, &sConfig) != HAL_OK)
 159              		.loc 1 64 5 is_stmt 1 view .LVU31
 160              		.loc 1 64 9 is_stmt 0 view .LVU32
 161 001e 6946     		mov	r1, sp
 162 0020 214B     		ldr	r3, .L30
 163 0022 1868     		ldr	r0, [r3]
 164 0024 FFF7FEFF 		bl	HAL_ADC_ConfigChannel
 165              	.LVL13:
 166              		.loc 1 64 8 discriminator 1 view .LVU33
 167 0028 10BB     		cbnz	r0, .L24
ARM GAS  /tmp/cc1ssgaQ.s 			page 5


 168              	.L12:
  65:bsp/Src/ADC.c ****     {
  66:bsp/Src/ADC.c ****       Error_Handler();
  67:bsp/Src/ADC.c ****     } 
  68:bsp/Src/ADC.c ****     
  69:bsp/Src/ADC.c ****     // Queue Arbitration for later
  70:bsp/Src/ADC.c ****     #ifdef ADC1
  71:bsp/Src/ADC.c ****     if (h->Instance == ADC1) adc1_q = q;
 169              		.loc 1 71 5 is_stmt 1 view .LVU34
 170              		.loc 1 71 10 is_stmt 0 view .LVU35
 171 002a 2368     		ldr	r3, [r4]
 172              		.loc 1 71 8 view .LVU36
 173 002c B3F1A04F 		cmp	r3, #1342177280
 174 0030 21D0     		beq	.L25
 175              	.L13:
  72:bsp/Src/ADC.c ****     #endif
  73:bsp/Src/ADC.c ****     #ifdef ADC2
  74:bsp/Src/ADC.c ****     if (h->Instance == ADC2) adc2_q = q;
 176              		.loc 1 74 5 is_stmt 1 view .LVU37
 177              		.loc 1 74 10 is_stmt 0 view .LVU38
 178 0032 2268     		ldr	r2, [r4]
 179              		.loc 1 74 8 view .LVU39
 180 0034 1D4B     		ldr	r3, .L30+4
 181 0036 9A42     		cmp	r2, r3
 182 0038 20D0     		beq	.L26
 183              	.L14:
  75:bsp/Src/ADC.c ****     #endif
  76:bsp/Src/ADC.c ****     #ifdef ADC3
  77:bsp/Src/ADC.c ****     if (h->Instance == ADC3) adc3_q = q;
 184              		.loc 1 77 5 is_stmt 1 view .LVU40
 185              		.loc 1 77 10 is_stmt 0 view .LVU41
 186 003a 2268     		ldr	r2, [r4]
 187              		.loc 1 77 8 view .LVU42
 188 003c 1C4B     		ldr	r3, .L30+8
 189 003e 9A42     		cmp	r2, r3
 190 0040 1FD0     		beq	.L27
 191              	.L15:
  78:bsp/Src/ADC.c ****     #endif
  79:bsp/Src/ADC.c ****     #ifdef ADC4
  80:bsp/Src/ADC.c ****     if (h->Instance == ADC4) adc4_q = q;
 192              		.loc 1 80 5 is_stmt 1 view .LVU43
 193              		.loc 1 80 10 is_stmt 0 view .LVU44
 194 0042 2268     		ldr	r2, [r4]
 195              		.loc 1 80 8 view .LVU45
 196 0044 1B4B     		ldr	r3, .L30+12
 197 0046 9A42     		cmp	r2, r3
 198 0048 1ED0     		beq	.L28
 199              	.L16:
  81:bsp/Src/ADC.c ****     #endif
  82:bsp/Src/ADC.c ****     #ifdef ADC5
  83:bsp/Src/ADC.c ****     if (h->Instance == ADC5) adc5_q = q;
 200              		.loc 1 83 5 is_stmt 1 view .LVU46
 201              		.loc 1 83 10 is_stmt 0 view .LVU47
 202 004a 2268     		ldr	r2, [r4]
 203              		.loc 1 83 8 view .LVU48
 204 004c 1A4B     		ldr	r3, .L30+16
 205 004e 9A42     		cmp	r2, r3
ARM GAS  /tmp/cc1ssgaQ.s 			page 6


 206 0050 1DD0     		beq	.L29
 207              	.L17:
  84:bsp/Src/ADC.c ****     #endif
  85:bsp/Src/ADC.c ****     
  86:bsp/Src/ADC.c ****     // Check Queue Full
  87:bsp/Src/ADC.c ****     if (uxQueueSpacesAvailable(q) == 0) {
 208              		.loc 1 87 5 is_stmt 1 view .LVU49
 209              		.loc 1 87 9 is_stmt 0 view .LVU50
 210 0052 2846     		mov	r0, r5
 211 0054 FFF7FEFF 		bl	uxQueueSpacesAvailable
 212              	.LVL14:
 213              		.loc 1 87 8 discriminator 1 view .LVU51
 214 0058 E0B1     		cbz	r0, .L19
  88:bsp/Src/ADC.c ****         return ADC_QUEUE_FULL;
  89:bsp/Src/ADC.c ****     }
  90:bsp/Src/ADC.c **** 
  91:bsp/Src/ADC.c ****     // Trigger Interrupt
  92:bsp/Src/ADC.c ****     HAL_StatusTypeDef adc_it_stat = HAL_ADC_Start_IT(h);
 215              		.loc 1 92 5 is_stmt 1 view .LVU52
 216              		.loc 1 92 37 is_stmt 0 view .LVU53
 217 005a 2046     		mov	r0, r4
 218 005c FFF7FEFF 		bl	HAL_ADC_Start_IT
 219              	.LVL15:
  93:bsp/Src/ADC.c **** 
  94:bsp/Src/ADC.c ****     // Handling
  95:bsp/Src/ADC.c ****     switch (adc_it_stat) {
 220              		.loc 1 95 5 is_stmt 1 view .LVU54
 221 0060 0228     		cmp	r0, #2
 222 0062 1AD0     		beq	.L20
 223 0064 0328     		cmp	r0, #3
 224 0066 1AD0     		beq	.L21
 225 0068 0128     		cmp	r0, #1
 226 006a 1AD1     		bne	.L22
  96:bsp/Src/ADC.c ****         case HAL_BUSY:
  97:bsp/Src/ADC.c ****             return ADC_INTERRUPT_BUSY;
  98:bsp/Src/ADC.c ****             break;
  99:bsp/Src/ADC.c ****         case HAL_TIMEOUT:
 100:bsp/Src/ADC.c ****             return ADC_INTERRUPT_TIMEOUT;
 101:bsp/Src/ADC.c ****             break;
 102:bsp/Src/ADC.c ****         case HAL_ERROR:
 103:bsp/Src/ADC.c ****             return ADC_INTERRUPT_ERROR;
 227              		.loc 1 103 20 is_stmt 0 view .LVU55
 228 006c 0620     		movs	r0, #6
 229              	.LVL16:
 230              		.loc 1 103 20 view .LVU56
 231 006e 12E0     		b	.L18
 232              	.LVL17:
 233              	.L24:
  66:bsp/Src/ADC.c ****     } 
 234              		.loc 1 66 7 is_stmt 1 view .LVU57
 235 0070 FFF7FEFF 		bl	Error_Handler
 236              	.LVL18:
 237 0074 D9E7     		b	.L12
 238              	.L25:
  71:bsp/Src/ADC.c ****     #endif
 239              		.loc 1 71 30 discriminator 1 view .LVU58
  71:bsp/Src/ADC.c ****     #endif
ARM GAS  /tmp/cc1ssgaQ.s 			page 7


 240              		.loc 1 71 37 is_stmt 0 discriminator 1 view .LVU59
 241 0076 114B     		ldr	r3, .L30+20
 242 0078 1D60     		str	r5, [r3]
 243 007a DAE7     		b	.L13
 244              	.L26:
  74:bsp/Src/ADC.c ****     #endif
 245              		.loc 1 74 30 is_stmt 1 discriminator 1 view .LVU60
  74:bsp/Src/ADC.c ****     #endif
 246              		.loc 1 74 37 is_stmt 0 discriminator 1 view .LVU61
 247 007c 104B     		ldr	r3, .L30+24
 248 007e 1D60     		str	r5, [r3]
 249 0080 DBE7     		b	.L14
 250              	.L27:
  77:bsp/Src/ADC.c ****     #endif
 251              		.loc 1 77 30 is_stmt 1 discriminator 1 view .LVU62
  77:bsp/Src/ADC.c ****     #endif
 252              		.loc 1 77 37 is_stmt 0 discriminator 1 view .LVU63
 253 0082 104B     		ldr	r3, .L30+28
 254 0084 1D60     		str	r5, [r3]
 255 0086 DCE7     		b	.L15
 256              	.L28:
  80:bsp/Src/ADC.c ****     #endif
 257              		.loc 1 80 30 is_stmt 1 discriminator 1 view .LVU64
  80:bsp/Src/ADC.c ****     #endif
 258              		.loc 1 80 37 is_stmt 0 discriminator 1 view .LVU65
 259 0088 0F4B     		ldr	r3, .L30+32
 260 008a 1D60     		str	r5, [r3]
 261 008c DDE7     		b	.L16
 262              	.L29:
  83:bsp/Src/ADC.c ****     #endif
 263              		.loc 1 83 30 is_stmt 1 discriminator 1 view .LVU66
  83:bsp/Src/ADC.c ****     #endif
 264              		.loc 1 83 37 is_stmt 0 discriminator 1 view .LVU67
 265 008e 0F4B     		ldr	r3, .L30+36
 266 0090 1D60     		str	r5, [r3]
 267 0092 DEE7     		b	.L17
 268              	.L19:
  88:bsp/Src/ADC.c ****     }
 269              		.loc 1 88 16 view .LVU68
 270 0094 0720     		movs	r0, #7
 271              	.L18:
 104:bsp/Src/ADC.c ****             break;
 105:bsp/Src/ADC.c ****         default: break;
 106:bsp/Src/ADC.c ****     }
 107:bsp/Src/ADC.c ****     
 108:bsp/Src/ADC.c ****     return ADC_OK; 
 109:bsp/Src/ADC.c **** }
 272              		.loc 1 109 1 view .LVU69
 273 0096 09B0     		add	sp, sp, #36
 274              	.LCFI4:
 275              		.cfi_remember_state
 276              		.cfi_def_cfa_offset 20
 277              		@ sp needed
 278 0098 F0BD     		pop	{r4, r5, r6, r7, pc}
 279              	.LVL19:
 280              	.L20:
 281              	.LCFI5:
ARM GAS  /tmp/cc1ssgaQ.s 			page 8


 282              		.cfi_restore_state
  95:bsp/Src/ADC.c ****         case HAL_BUSY:
 283              		.loc 1 95 5 view .LVU70
 284 009a 0420     		movs	r0, #4
 285              	.LVL20:
  95:bsp/Src/ADC.c ****         case HAL_BUSY:
 286              		.loc 1 95 5 view .LVU71
 287 009c FBE7     		b	.L18
 288              	.LVL21:
 289              	.L21:
 100:bsp/Src/ADC.c ****             break;
 290              		.loc 1 100 20 view .LVU72
 291 009e 0520     		movs	r0, #5
 292              	.LVL22:
 100:bsp/Src/ADC.c ****             break;
 293              		.loc 1 100 20 view .LVU73
 294 00a0 F9E7     		b	.L18
 295              	.LVL23:
 296              	.L22:
 108:bsp/Src/ADC.c **** }
 297              		.loc 1 108 12 view .LVU74
 298 00a2 0020     		movs	r0, #0
 299              	.LVL24:
 108:bsp/Src/ADC.c **** }
 300              		.loc 1 108 12 view .LVU75
 301 00a4 F7E7     		b	.L18
 302              	.L31:
 303 00a6 00BF     		.align	2
 304              	.L30:
 305 00a8 00000000 		.word	hadc1
 306 00ac 00010050 		.word	1342177536
 307 00b0 00040050 		.word	1342178304
 308 00b4 00050050 		.word	1342178560
 309 00b8 00060050 		.word	1342178816
 310 00bc 00000000 		.word	adc1_q
 311 00c0 00000000 		.word	adc2_q
 312 00c4 00000000 		.word	adc3_q
 313 00c8 00000000 		.word	adc4_q
 314 00cc 00000000 		.word	adc5_q
 315              		.cfi_endproc
 316              	.LFE336:
 318              		.section	.text.adc_hook,"ax",%progbits
 319              		.align	1
 320              		.weak	adc_hook
 321              		.syntax unified
 322              		.thumb
 323              		.thumb_func
 325              	adc_hook:
 326              	.LVL25:
 327              	.LFB337:
 110:bsp/Src/ADC.c **** 
 111:bsp/Src/ADC.c **** __weak adc_status_t adc_hook(ADC_HandleTypeDef *h) {
 328              		.loc 1 111 52 is_stmt 1 view -0
 329              		.cfi_startproc
 330              		@ args = 0, pretend = 0, frame = 0
 331              		@ frame_needed = 0, uses_anonymous_args = 0
 332              		@ link register save eliminated.
ARM GAS  /tmp/cc1ssgaQ.s 			page 9


 112:bsp/Src/ADC.c ****   /*** Callback hook if you're feeling creative ***/
 113:bsp/Src/ADC.c ****   return ADC_OK;
 333              		.loc 1 113 3 view .LVU77
 114:bsp/Src/ADC.c **** }
 334              		.loc 1 114 1 is_stmt 0 view .LVU78
 335 0000 0020     		movs	r0, #0
 336              	.LVL26:
 337              		.loc 1 114 1 view .LVU79
 338 0002 7047     		bx	lr
 339              		.cfi_endproc
 340              	.LFE337:
 342              		.section	.text.HAL_ADC_ConvCpltCallback,"ax",%progbits
 343              		.align	1
 344              		.global	HAL_ADC_ConvCpltCallback
 345              		.syntax unified
 346              		.thumb
 347              		.thumb_func
 349              	HAL_ADC_ConvCpltCallback:
 350              	.LVL27:
 351              	.LFB338:
 115:bsp/Src/ADC.c **** 
 116:bsp/Src/ADC.c **** void HAL_ADC_ConvCpltCallback(ADC_HandleTypeDef *h) {
 352              		.loc 1 116 53 is_stmt 1 view -0
 353              		.cfi_startproc
 354              		@ args = 0, pretend = 0, frame = 8
 355              		@ frame_needed = 0, uses_anonymous_args = 0
 356              		.loc 1 116 53 is_stmt 0 view .LVU81
 357 0000 30B5     		push	{r4, r5, lr}
 358              	.LCFI6:
 359              		.cfi_def_cfa_offset 12
 360              		.cfi_offset 4, -12
 361              		.cfi_offset 5, -8
 362              		.cfi_offset 14, -4
 363 0002 83B0     		sub	sp, sp, #12
 364              	.LCFI7:
 365              		.cfi_def_cfa_offset 24
 366 0004 0446     		mov	r4, r0
 117:bsp/Src/ADC.c ****     /*
 118:bsp/Src/ADC.c ****     Interrupt triggers this callback when the conversion is complete
 119:bsp/Src/ADC.c ****     */ 
 120:bsp/Src/ADC.c ****     BaseType_t higherPriorityTaskWoken = pdFALSE;
 367              		.loc 1 120 5 is_stmt 1 view .LVU82
 368              		.loc 1 120 16 is_stmt 0 view .LVU83
 369 0006 0023     		movs	r3, #0
 370 0008 0193     		str	r3, [sp, #4]
 121:bsp/Src/ADC.c ****     QueueHandle_t q = NULL; // Queue will never be null by the call [placeholder]
 371              		.loc 1 121 5 is_stmt 1 view .LVU84
 372              	.LVL28:
 122:bsp/Src/ADC.c ****     int rawVal;
 373              		.loc 1 122 5 view .LVU85
 123:bsp/Src/ADC.c **** 
 124:bsp/Src/ADC.c ****     if (h->Instance == ADC1) q = adc1_q;
 374              		.loc 1 124 5 view .LVU86
 375              		.loc 1 124 10 is_stmt 0 view .LVU87
 376 000a 0368     		ldr	r3, [r0]
 377              		.loc 1 124 8 view .LVU88
 378 000c B3F1A04F 		cmp	r3, #1342177280
ARM GAS  /tmp/cc1ssgaQ.s 			page 10


 379 0010 27D0     		beq	.L42
 121:bsp/Src/ADC.c ****     int rawVal;
 380              		.loc 1 121 19 view .LVU89
 381 0012 0025     		movs	r5, #0
 382              	.LVL29:
 383              	.L34:
 125:bsp/Src/ADC.c ****     #ifdef ADC2
 126:bsp/Src/ADC.c ****     if (h->Instance == ADC2) q = adc2_q;
 384              		.loc 1 126 5 is_stmt 1 view .LVU90
 385              		.loc 1 126 8 is_stmt 0 view .LVU91
 386 0014 1A4A     		ldr	r2, .L47
 387 0016 9342     		cmp	r3, r2
 388 0018 26D0     		beq	.L43
 389              	.L35:
 127:bsp/Src/ADC.c ****     #endif
 128:bsp/Src/ADC.c ****     #ifdef ADC3
 129:bsp/Src/ADC.c ****     if (h->Instance == ADC3) q = adc3_q;
 390              		.loc 1 129 5 is_stmt 1 view .LVU92
 391              		.loc 1 129 8 is_stmt 0 view .LVU93
 392 001a 1A4A     		ldr	r2, .L47+4
 393 001c 9342     		cmp	r3, r2
 394 001e 26D0     		beq	.L44
 395              	.L36:
 130:bsp/Src/ADC.c ****     #endif
 131:bsp/Src/ADC.c ****     #ifdef ADC4
 132:bsp/Src/ADC.c ****     if (h->Instance == ADC4) q = adc4_q;
 396              		.loc 1 132 5 is_stmt 1 view .LVU94
 397              		.loc 1 132 8 is_stmt 0 view .LVU95
 398 0020 194A     		ldr	r2, .L47+8
 399 0022 9342     		cmp	r3, r2
 400 0024 26D0     		beq	.L45
 401              	.L37:
 133:bsp/Src/ADC.c ****     #endif
 134:bsp/Src/ADC.c ****     #ifdef ADC5
 135:bsp/Src/ADC.c ****     if (h->Instance == ADC5) q = adc5_q;
 402              		.loc 1 135 5 is_stmt 1 view .LVU96
 403              		.loc 1 135 8 is_stmt 0 view .LVU97
 404 0026 194A     		ldr	r2, .L47+12
 405 0028 9342     		cmp	r3, r2
 406 002a 26D0     		beq	.L46
 407              	.L38:
 136:bsp/Src/ADC.c ****     #endif
 137:bsp/Src/ADC.c **** 
 138:bsp/Src/ADC.c ****     rawVal = HAL_ADC_GetValue(h); // reads DR reg
 408              		.loc 1 138 5 is_stmt 1 view .LVU98
 409              		.loc 1 138 14 is_stmt 0 view .LVU99
 410 002c 2046     		mov	r0, r4
 411              	.LVL30:
 412              		.loc 1 138 14 view .LVU100
 413 002e FFF7FEFF 		bl	HAL_ADC_GetValue
 414              	.LVL31:
 415              		.loc 1 138 12 discriminator 1 view .LVU101
 416 0032 0090     		str	r0, [sp]
 139:bsp/Src/ADC.c ****     
 140:bsp/Src/ADC.c ****     xQueueSendFromISR(q, &rawVal, &higherPriorityTaskWoken);
 417              		.loc 1 140 5 is_stmt 1 view .LVU102
 418 0034 0023     		movs	r3, #0
ARM GAS  /tmp/cc1ssgaQ.s 			page 11


 419 0036 01AA     		add	r2, sp, #4
 420 0038 6946     		mov	r1, sp
 421 003a 2846     		mov	r0, r5
 422 003c FFF7FEFF 		bl	xQueueGenericSendFromISR
 423              	.LVL32:
 141:bsp/Src/ADC.c **** 
 142:bsp/Src/ADC.c ****     // isr done
 143:bsp/Src/ADC.c ****     adc_hook(h); // lakman
 424              		.loc 1 143 5 view .LVU103
 425 0040 2046     		mov	r0, r4
 426 0042 FFF7FEFF 		bl	adc_hook
 427              	.LVL33:
 144:bsp/Src/ADC.c ****     portYIELD_FROM_ISR(higherPriorityTaskWoken);
 428              		.loc 1 144 5 view .LVU104
 429              		.loc 1 144 5 view .LVU105
 430 0046 019B     		ldr	r3, [sp, #4]
 431 0048 4BB1     		cbz	r3, .L33
 432              		.loc 1 144 5 discriminator 1 view .LVU106
 433              		.loc 1 144 5 discriminator 1 view .LVU107
 434 004a 4FF0E023 		mov	r3, #-536813568
 435 004e 4FF08052 		mov	r2, #268435456
 436 0052 C3F8042D 		str	r2, [r3, #3332]
 437              		.loc 1 144 5 discriminator 1 view .LVU108
 438              		.syntax unified
 439              	@ 144 "bsp/Src/ADC.c" 1
 440 0056 BFF34F8F 		dsb
 441              	@ 0 "" 2
 442              		.loc 1 144 5 discriminator 1 view .LVU109
 443              	@ 144 "bsp/Src/ADC.c" 1
 444 005a BFF36F8F 		isb
 445              	@ 0 "" 2
 446              		.loc 1 144 5 discriminator 1 view .LVU110
 447              		.loc 1 144 5 discriminator 3 view .LVU111
 448              		.loc 1 144 5 discriminator 3 view .LVU112
 449              		.thumb
 450              		.syntax unified
 451              	.L33:
 145:bsp/Src/ADC.c **** }
 452              		.loc 1 145 1 is_stmt 0 view .LVU113
 453 005e 03B0     		add	sp, sp, #12
 454              	.LCFI8:
 455              		.cfi_remember_state
 456              		.cfi_def_cfa_offset 12
 457              		@ sp needed
 458 0060 30BD     		pop	{r4, r5, pc}
 459              	.LVL34:
 460              	.L42:
 461              	.LCFI9:
 462              		.cfi_restore_state
 124:bsp/Src/ADC.c ****     #ifdef ADC2
 463              		.loc 1 124 30 is_stmt 1 discriminator 1 view .LVU114
 124:bsp/Src/ADC.c ****     #ifdef ADC2
 464              		.loc 1 124 32 is_stmt 0 discriminator 1 view .LVU115
 465 0062 0B4A     		ldr	r2, .L47+16
 466 0064 1568     		ldr	r5, [r2]
 467              	.LVL35:
 124:bsp/Src/ADC.c ****     #ifdef ADC2
ARM GAS  /tmp/cc1ssgaQ.s 			page 12


 468              		.loc 1 124 32 discriminator 1 view .LVU116
 469 0066 D5E7     		b	.L34
 470              	.L43:
 126:bsp/Src/ADC.c ****     #endif
 471              		.loc 1 126 30 is_stmt 1 discriminator 1 view .LVU117
 126:bsp/Src/ADC.c ****     #endif
 472              		.loc 1 126 32 is_stmt 0 discriminator 1 view .LVU118
 473 0068 0A4A     		ldr	r2, .L47+20
 474 006a 1568     		ldr	r5, [r2]
 475              	.LVL36:
 126:bsp/Src/ADC.c ****     #endif
 476              		.loc 1 126 32 discriminator 1 view .LVU119
 477 006c D5E7     		b	.L35
 478              	.L44:
 129:bsp/Src/ADC.c ****     #endif
 479              		.loc 1 129 30 is_stmt 1 discriminator 1 view .LVU120
 129:bsp/Src/ADC.c ****     #endif
 480              		.loc 1 129 32 is_stmt 0 discriminator 1 view .LVU121
 481 006e 0A4A     		ldr	r2, .L47+24
 482 0070 1568     		ldr	r5, [r2]
 483              	.LVL37:
 129:bsp/Src/ADC.c ****     #endif
 484              		.loc 1 129 32 discriminator 1 view .LVU122
 485 0072 D5E7     		b	.L36
 486              	.L45:
 132:bsp/Src/ADC.c ****     #endif
 487              		.loc 1 132 30 is_stmt 1 discriminator 1 view .LVU123
 132:bsp/Src/ADC.c ****     #endif
 488              		.loc 1 132 32 is_stmt 0 discriminator 1 view .LVU124
 489 0074 094A     		ldr	r2, .L47+28
 490 0076 1568     		ldr	r5, [r2]
 491              	.LVL38:
 132:bsp/Src/ADC.c ****     #endif
 492              		.loc 1 132 32 discriminator 1 view .LVU125
 493 0078 D5E7     		b	.L37
 494              	.L46:
 135:bsp/Src/ADC.c ****     #endif
 495              		.loc 1 135 30 is_stmt 1 discriminator 1 view .LVU126
 135:bsp/Src/ADC.c ****     #endif
 496              		.loc 1 135 32 is_stmt 0 discriminator 1 view .LVU127
 497 007a 094B     		ldr	r3, .L47+32
 498 007c 1D68     		ldr	r5, [r3]
 499              	.LVL39:
 135:bsp/Src/ADC.c ****     #endif
 500              		.loc 1 135 32 discriminator 1 view .LVU128
 501 007e D5E7     		b	.L38
 502              	.L48:
 503              		.align	2
 504              	.L47:
 505 0080 00010050 		.word	1342177536
 506 0084 00040050 		.word	1342178304
 507 0088 00050050 		.word	1342178560
 508 008c 00060050 		.word	1342178816
 509 0090 00000000 		.word	adc1_q
 510 0094 00000000 		.word	adc2_q
 511 0098 00000000 		.word	adc3_q
 512 009c 00000000 		.word	adc4_q
ARM GAS  /tmp/cc1ssgaQ.s 			page 13


 513 00a0 00000000 		.word	adc5_q
 514              		.cfi_endproc
 515              	.LFE338:
 517              		.section	.text.ADC1_2_IRQHandler,"ax",%progbits
 518              		.align	1
 519              		.global	ADC1_2_IRQHandler
 520              		.syntax unified
 521              		.thumb
 522              		.thumb_func
 524              	ADC1_2_IRQHandler:
 525              	.LFB339:
 146:bsp/Src/ADC.c **** 
 147:bsp/Src/ADC.c **** 
 148:bsp/Src/ADC.c **** 
 149:bsp/Src/ADC.c **** #if defined(STM32L4xx) || defined(STM32G4xx)
 150:bsp/Src/ADC.c **** void ADC1_2_IRQHandler() {
 526              		.loc 1 150 26 is_stmt 1 view -0
 527              		.cfi_startproc
 528              		@ args = 0, pretend = 0, frame = 0
 529              		@ frame_needed = 0, uses_anonymous_args = 0
 530 0000 08B5     		push	{r3, lr}
 531              	.LCFI10:
 532              		.cfi_def_cfa_offset 8
 533              		.cfi_offset 3, -8
 534              		.cfi_offset 14, -4
 151:bsp/Src/ADC.c ****     HAL_ADC_IRQHandler(hadc1);
 535              		.loc 1 151 5 view .LVU130
 536 0002 044B     		ldr	r3, .L51
 537 0004 1868     		ldr	r0, [r3]
 538 0006 FFF7FEFF 		bl	HAL_ADC_IRQHandler
 539              	.LVL40:
 152:bsp/Src/ADC.c ****     #ifdef ADC2
 153:bsp/Src/ADC.c ****         HAL_ADC_IRQHandler(hadc2);
 540              		.loc 1 153 9 view .LVU131
 541 000a 034B     		ldr	r3, .L51+4
 542 000c 1868     		ldr	r0, [r3]
 543 000e FFF7FEFF 		bl	HAL_ADC_IRQHandler
 544              	.LVL41:
 154:bsp/Src/ADC.c **** 
 155:bsp/Src/ADC.c ****     #endif
 156:bsp/Src/ADC.c **** }
 545              		.loc 1 156 1 is_stmt 0 view .LVU132
 546 0012 08BD     		pop	{r3, pc}
 547              	.L52:
 548              		.align	2
 549              	.L51:
 550 0014 00000000 		.word	hadc1
 551 0018 00000000 		.word	hadc2
 552              		.cfi_endproc
 553              	.LFE339:
 555              		.section	.text.ADC3_IRQHandler,"ax",%progbits
 556              		.align	1
 557              		.global	ADC3_IRQHandler
 558              		.syntax unified
 559              		.thumb
 560              		.thumb_func
 562              	ADC3_IRQHandler:
ARM GAS  /tmp/cc1ssgaQ.s 			page 14


 563              	.LFB340:
 157:bsp/Src/ADC.c **** 
 158:bsp/Src/ADC.c **** #ifdef ADC3
 159:bsp/Src/ADC.c **** void ADC3_IRQHandler() {
 564              		.loc 1 159 24 is_stmt 1 view -0
 565              		.cfi_startproc
 566              		@ args = 0, pretend = 0, frame = 0
 567              		@ frame_needed = 0, uses_anonymous_args = 0
 568 0000 08B5     		push	{r3, lr}
 569              	.LCFI11:
 570              		.cfi_def_cfa_offset 8
 571              		.cfi_offset 3, -8
 572              		.cfi_offset 14, -4
 160:bsp/Src/ADC.c ****     HAL_ADC_IRQHandler(hadc3);
 573              		.loc 1 160 5 view .LVU134
 574 0002 024B     		ldr	r3, .L55
 575 0004 1868     		ldr	r0, [r3]
 576 0006 FFF7FEFF 		bl	HAL_ADC_IRQHandler
 577              	.LVL42:
 161:bsp/Src/ADC.c **** 
 162:bsp/Src/ADC.c **** }
 578              		.loc 1 162 1 is_stmt 0 view .LVU135
 579 000a 08BD     		pop	{r3, pc}
 580              	.L56:
 581              		.align	2
 582              	.L55:
 583 000c 00000000 		.word	hadc3
 584              		.cfi_endproc
 585              	.LFE340:
 587              		.section	.text.HAL_ADC_ErrorCallback,"ax",%progbits
 588              		.align	1
 589              		.global	HAL_ADC_ErrorCallback
 590              		.syntax unified
 591              		.thumb
 592              		.thumb_func
 594              	HAL_ADC_ErrorCallback:
 595              	.LVL43:
 596              	.LFB341:
 163:bsp/Src/ADC.c **** #endif
 164:bsp/Src/ADC.c **** #endif
 165:bsp/Src/ADC.c **** 
 166:bsp/Src/ADC.c **** #if defined(STM32G4xx)
 167:bsp/Src/ADC.c **** #ifdef ADC4_IRQHandler
 168:bsp/Src/ADC.c **** void ADC4_IRQHandler() {
 169:bsp/Src/ADC.c ****     HAL_ADC_IRQHandler(hadc4);
 170:bsp/Src/ADC.c **** }
 171:bsp/Src/ADC.c **** #endif
 172:bsp/Src/ADC.c **** 
 173:bsp/Src/ADC.c **** #ifdef ADC5_IRQHandler
 174:bsp/Src/ADC.c **** void ADC5_IRQHandler() {
 175:bsp/Src/ADC.c ****     HAL_ADC_IRQHandler(hadc5);
 176:bsp/Src/ADC.c **** }
 177:bsp/Src/ADC.c **** #endif
 178:bsp/Src/ADC.c **** #endif
 179:bsp/Src/ADC.c **** 
 180:bsp/Src/ADC.c **** #if defined(STM32F4xx)
 181:bsp/Src/ADC.c **** void ADC_IRQHandler() {
ARM GAS  /tmp/cc1ssgaQ.s 			page 15


 182:bsp/Src/ADC.c ****     // w simplicity
 183:bsp/Src/ADC.c ****     // F4 IRQ Handler 
 184:bsp/Src/ADC.c ****     HAL_ADC_IRQHandler(hadc1);
 185:bsp/Src/ADC.c ****     #ifdef ADC2
 186:bsp/Src/ADC.c ****     HAL_ADC_IRQHandler(hadc2);
 187:bsp/Src/ADC.c ****     #endif
 188:bsp/Src/ADC.c ****     #ifdef ADC3
 189:bsp/Src/ADC.c ****     HAL_ADC_IRQHandler(hadc3);
 190:bsp/Src/ADC.c ****     #endif
 191:bsp/Src/ADC.c **** }
 192:bsp/Src/ADC.c **** #endif
 193:bsp/Src/ADC.c **** 
 194:bsp/Src/ADC.c **** void HAL_ADC_ErrorCallback(ADC_HandleTypeDef *h) {
 597              		.loc 1 194 50 is_stmt 1 view -0
 598              		.cfi_startproc
 599              		@ args = 0, pretend = 0, frame = 0
 600              		@ frame_needed = 0, uses_anonymous_args = 0
 601              		@ link register save eliminated.
 195:bsp/Src/ADC.c ****     adc_err_code = h->ErrorCode;
 602              		.loc 1 195 5 view .LVU137
 603              		.loc 1 195 21 is_stmt 0 view .LVU138
 604 0000 026E     		ldr	r2, [r0, #96]
 605              		.loc 1 195 18 view .LVU139
 606 0002 014B     		ldr	r3, .L58
 607 0004 1A60     		str	r2, [r3]
 196:bsp/Src/ADC.c ****     
 197:bsp/Src/ADC.c ****     // todo 
 198:bsp/Src/ADC.c **** }...
 608              		.loc 1 198 1 view .LVU140
 609 0006 7047     		bx	lr
 610              	.L59:
 611              		.align	2
 612              	.L58:
 613 0008 00000000 		.word	adc_err_code
 614              		.cfi_endproc
 615              	.LFE341:
 617              		.global	adc_err_code
 618              		.section	.bss.adc_err_code,"aw",%nobits
 619              		.align	2
 622              	adc_err_code:
 623 0000 00000000 		.space	4
 624              		.global	adc5_q
 625              		.section	.bss.adc5_q,"aw",%nobits
 626              		.align	2
 629              	adc5_q:
 630 0000 00000000 		.space	4
 631              		.global	hadc5
 632              		.section	.data.hadc5,"aw"
 633              		.align	2
 636              	hadc5:
 637 0000 00000000 		.word	hadc5_
 638              		.section	.data.hadc5_,"aw"
 639              		.align	2
 642              	hadc5_:
 643 0000 00060050 		.word	1342178816
 644 0004 00000000 		.space	104
 644      00000000 
ARM GAS  /tmp/cc1ssgaQ.s 			page 16


 644      00000000 
 644      00000000 
 644      00000000 
 645              		.global	adc4_q
 646              		.section	.bss.adc4_q,"aw",%nobits
 647              		.align	2
 650              	adc4_q:
 651 0000 00000000 		.space	4
 652              		.global	hadc4
 653              		.section	.data.hadc4,"aw"
 654              		.align	2
 657              	hadc4:
 658 0000 00000000 		.word	hadc4_
 659              		.section	.data.hadc4_,"aw"
 660              		.align	2
 663              	hadc4_:
 664 0000 00050050 		.word	1342178560
 665 0004 00000000 		.space	104
 665      00000000 
 665      00000000 
 665      00000000 
 665      00000000 
 666              		.global	adc3_q
 667              		.section	.bss.adc3_q,"aw",%nobits
 668              		.align	2
 671              	adc3_q:
 672 0000 00000000 		.space	4
 673              		.global	hadc3
 674              		.section	.data.hadc3,"aw"
 675              		.align	2
 678              	hadc3:
 679 0000 00000000 		.word	hadc3_
 680              		.section	.data.hadc3_,"aw"
 681              		.align	2
 684              	hadc3_:
 685 0000 00040050 		.word	1342178304
 686 0004 00000000 		.space	104
 686      00000000 
 686      00000000 
 686      00000000 
 686      00000000 
 687              		.global	adc2_q
 688              		.section	.bss.adc2_q,"aw",%nobits
 689              		.align	2
 692              	adc2_q:
 693 0000 00000000 		.space	4
 694              		.global	hadc2
 695              		.section	.data.hadc2,"aw"
 696              		.align	2
 699              	hadc2:
 700 0000 00000000 		.word	hadc2_
 701              		.section	.data.hadc2_,"aw"
 702              		.align	2
 705              	hadc2_:
 706 0000 00010050 		.word	1342177536
 707 0004 00000000 		.space	104
 707      00000000 
ARM GAS  /tmp/cc1ssgaQ.s 			page 17


 707      00000000 
 707      00000000 
 707      00000000 
 708              		.global	adc1_q
 709              		.section	.bss.adc1_q,"aw",%nobits
 710              		.align	2
 713              	adc1_q:
 714 0000 00000000 		.space	4
 715              		.global	hadc1
 716              		.section	.data.hadc1,"aw"
 717              		.align	2
 720              	hadc1:
 721 0000 00000000 		.word	hadc1_
 722              		.section	.data.hadc1_,"aw"
 723              		.align	2
 726              	hadc1_:
 727 0000 00000050 		.word	1342177280
 728 0004 00000000 		.space	104
 728      00000000 
 728      00000000 
 728      00000000 
 728      00000000 
 729              		.text
 730              	.Letext0:
 731              		.file 2 "stm/stm32g4xx/CMSIS/Device/ST/STM32G4xx/Include/stm32g473xx.h"
 732              		.file 3 "/usr/lib/gcc/arm-none-eabi/13.2.1/include/stdint.h"
 733              		.file 4 "stm/stm32g4xx/CMSIS/Device/ST/STM32G4xx/Include/stm32g4xx.h"
 734              		.file 5 "stm/stm32g4xx/STM32G4xx_HAL_Driver/Inc/stm32g4xx_hal_def.h"
 735              		.file 6 "stm/stm32g4xx/STM32G4xx_HAL_Driver/Inc/stm32g4xx_hal_dma.h"
 736              		.file 7 "stm/stm32g4xx/STM32G4xx_HAL_Driver/Inc/stm32g4xx_hal_adc.h"
 737              		.file 8 "middleware/FreeRTOS-Kernel/portable/GCC/ARM_CM4F/portmacro.h"
 738              		.file 9 "middleware/FreeRTOS-Kernel/include/queue.h"
 739              		.file 10 "bsp/Inc/ADC.h"
 740              		.file 11 "<built-in>"
 741              		.file 12 "common/Inc/stm32xx_hal.h"
ARM GAS  /tmp/cc1ssgaQ.s 			page 18


DEFINED SYMBOLS
                            *ABS*:00000000 ADC.c
     /tmp/cc1ssgaQ.s:21     .text.adc_init:00000000 $t
     /tmp/cc1ssgaQ.s:27     .text.adc_init:00000000 adc_init
     /tmp/cc1ssgaQ.s:71     .text.adc_deinit:00000000 $t
     /tmp/cc1ssgaQ.s:77     .text.adc_deinit:00000000 adc_deinit
     /tmp/cc1ssgaQ.s:107    .text.adc_read:00000000 $t
     /tmp/cc1ssgaQ.s:113    .text.adc_read:00000000 adc_read
     /tmp/cc1ssgaQ.s:305    .text.adc_read:000000a8 $d
     /tmp/cc1ssgaQ.s:720    .data.hadc1:00000000 hadc1
     /tmp/cc1ssgaQ.s:713    .bss.adc1_q:00000000 adc1_q
     /tmp/cc1ssgaQ.s:692    .bss.adc2_q:00000000 adc2_q
     /tmp/cc1ssgaQ.s:671    .bss.adc3_q:00000000 adc3_q
     /tmp/cc1ssgaQ.s:650    .bss.adc4_q:00000000 adc4_q
     /tmp/cc1ssgaQ.s:629    .bss.adc5_q:00000000 adc5_q
     /tmp/cc1ssgaQ.s:319    .text.adc_hook:00000000 $t
     /tmp/cc1ssgaQ.s:325    .text.adc_hook:00000000 adc_hook
     /tmp/cc1ssgaQ.s:343    .text.HAL_ADC_ConvCpltCallback:00000000 $t
     /tmp/cc1ssgaQ.s:349    .text.HAL_ADC_ConvCpltCallback:00000000 HAL_ADC_ConvCpltCallback
     /tmp/cc1ssgaQ.s:505    .text.HAL_ADC_ConvCpltCallback:00000080 $d
     /tmp/cc1ssgaQ.s:518    .text.ADC1_2_IRQHandler:00000000 $t
     /tmp/cc1ssgaQ.s:524    .text.ADC1_2_IRQHandler:00000000 ADC1_2_IRQHandler
     /tmp/cc1ssgaQ.s:550    .text.ADC1_2_IRQHandler:00000014 $d
     /tmp/cc1ssgaQ.s:699    .data.hadc2:00000000 hadc2
     /tmp/cc1ssgaQ.s:556    .text.ADC3_IRQHandler:00000000 $t
     /tmp/cc1ssgaQ.s:562    .text.ADC3_IRQHandler:00000000 ADC3_IRQHandler
     /tmp/cc1ssgaQ.s:583    .text.ADC3_IRQHandler:0000000c $d
     /tmp/cc1ssgaQ.s:678    .data.hadc3:00000000 hadc3
     /tmp/cc1ssgaQ.s:588    .text.HAL_ADC_ErrorCallback:00000000 $t
     /tmp/cc1ssgaQ.s:594    .text.HAL_ADC_ErrorCallback:00000000 HAL_ADC_ErrorCallback
     /tmp/cc1ssgaQ.s:613    .text.HAL_ADC_ErrorCallback:00000008 $d
     /tmp/cc1ssgaQ.s:622    .bss.adc_err_code:00000000 adc_err_code
     /tmp/cc1ssgaQ.s:619    .bss.adc_err_code:00000000 $d
     /tmp/cc1ssgaQ.s:626    .bss.adc5_q:00000000 $d
     /tmp/cc1ssgaQ.s:636    .data.hadc5:00000000 hadc5
     /tmp/cc1ssgaQ.s:633    .data.hadc5:00000000 $d
     /tmp/cc1ssgaQ.s:642    .data.hadc5_:00000000 hadc5_
     /tmp/cc1ssgaQ.s:639    .data.hadc5_:00000000 $d
     /tmp/cc1ssgaQ.s:647    .bss.adc4_q:00000000 $d
     /tmp/cc1ssgaQ.s:657    .data.hadc4:00000000 hadc4
     /tmp/cc1ssgaQ.s:654    .data.hadc4:00000000 $d
     /tmp/cc1ssgaQ.s:663    .data.hadc4_:00000000 hadc4_
     /tmp/cc1ssgaQ.s:660    .data.hadc4_:00000000 $d
     /tmp/cc1ssgaQ.s:668    .bss.adc3_q:00000000 $d
     /tmp/cc1ssgaQ.s:675    .data.hadc3:00000000 $d
     /tmp/cc1ssgaQ.s:684    .data.hadc3_:00000000 hadc3_
     /tmp/cc1ssgaQ.s:681    .data.hadc3_:00000000 $d
     /tmp/cc1ssgaQ.s:689    .bss.adc2_q:00000000 $d
     /tmp/cc1ssgaQ.s:696    .data.hadc2:00000000 $d
     /tmp/cc1ssgaQ.s:705    .data.hadc2_:00000000 hadc2_
     /tmp/cc1ssgaQ.s:702    .data.hadc2_:00000000 $d
     /tmp/cc1ssgaQ.s:710    .bss.adc1_q:00000000 $d
     /tmp/cc1ssgaQ.s:717    .data.hadc1:00000000 $d
     /tmp/cc1ssgaQ.s:726    .data.hadc1_:00000000 hadc1_
     /tmp/cc1ssgaQ.s:723    .data.hadc1_:00000000 $d

UNDEFINED SYMBOLS
ARM GAS  /tmp/cc1ssgaQ.s 			page 19


memcpy
HAL_ADC_Init
HAL_ADC_DeInit
memset
HAL_ADC_ConfigChannel
uxQueueSpacesAvailable
HAL_ADC_Start_IT
Error_Handler
HAL_ADC_GetValue
xQueueGenericSendFromISR
HAL_ADC_IRQHandler
