ARM GAS  /tmp/ccYe0Q7I.s 			page 1


   1              		.cpu cortex-m4
   2              		.arch armv7e-m
   3              		.fpu fpv4-sp-d16
   4              		.eabi_attribute 27, 1
   5              		.eabi_attribute 28, 1
   6              		.eabi_attribute 20, 1
   7              		.eabi_attribute 21, 1
   8              		.eabi_attribute 23, 3
   9              		.eabi_attribute 24, 1
  10              		.eabi_attribute 25, 1
  11              		.eabi_attribute 26, 1
  12              		.eabi_attribute 30, 1
  13              		.eabi_attribute 34, 1
  14              		.eabi_attribute 18, 4
  15              		.file	"Horn.c"
  16              		.text
  17              	.Ltext0:
  18              		.cfi_sections	.debug_frame
  19              		.file 1 "/home/pani_/LHRS/VCAT-Dashboard/firmware/drivers/Src/Horn.c"
  20              		.section	.text.horn_GPIO_init,"ax",%progbits
  21              		.align	1
  22              		.global	horn_GPIO_init
  23              		.syntax unified
  24              		.thumb
  25              		.thumb_func
  27              	horn_GPIO_init:
  28              	.LFB334:
   1:/home/pani_/LHRS/VCAT-Dashboard/firmware/drivers/Src/Horn.c **** #include "init.h"
   2:/home/pani_/LHRS/VCAT-Dashboard/firmware/drivers/Src/Horn.c **** #include "Status_LEDs.h"
   3:/home/pani_/LHRS/VCAT-Dashboard/firmware/drivers/Src/Horn.c **** #include "Horn.h"
   4:/home/pani_/LHRS/VCAT-Dashboard/firmware/drivers/Src/Horn.c **** #include "Switches.h"
   5:/home/pani_/LHRS/VCAT-Dashboard/firmware/drivers/Src/Horn.c **** 
   6:/home/pani_/LHRS/VCAT-Dashboard/firmware/drivers/Src/Horn.c **** void horn_GPIO_init() {
  29              		.loc 1 6 23 view -0
  30              		.cfi_startproc
  31              		@ args = 0, pretend = 0, frame = 8
  32              		@ frame_needed = 0, uses_anonymous_args = 0
  33 0000 00B5     		push	{lr}
  34              	.LCFI0:
  35              		.cfi_def_cfa_offset 4
  36              		.cfi_offset 14, -4
  37 0002 83B0     		sub	sp, sp, #12
  38              	.LCFI1:
  39              		.cfi_def_cfa_offset 16
   7:/home/pani_/LHRS/VCAT-Dashboard/firmware/drivers/Src/Horn.c ****     __HAL_RCC_GPIOB_CLK_ENABLE();
  40              		.loc 1 7 5 view .LVU1
  41              	.LBB2:
  42              		.loc 1 7 5 view .LVU2
  43              		.loc 1 7 5 view .LVU3
  44 0004 084B     		ldr	r3, .L3
  45 0006 DA6C     		ldr	r2, [r3, #76]
  46 0008 42F00202 		orr	r2, r2, #2
  47 000c DA64     		str	r2, [r3, #76]
  48              		.loc 1 7 5 view .LVU4
  49 000e DB6C     		ldr	r3, [r3, #76]
  50 0010 03F00203 		and	r3, r3, #2
  51 0014 0193     		str	r3, [sp, #4]
ARM GAS  /tmp/ccYe0Q7I.s 			page 2


  52              		.loc 1 7 5 view .LVU5
  53 0016 019B     		ldr	r3, [sp, #4]
  54              	.LBE2:
  55              		.loc 1 7 5 view .LVU6
   8:/home/pani_/LHRS/VCAT-Dashboard/firmware/drivers/Src/Horn.c ****     gpioPin_Init(HORN_OUT_PORT, HORN_OUT_PIN, GPIO_MODE_OUTPUT_PP);
  56              		.loc 1 8 5 view .LVU7
  57 0018 0122     		movs	r2, #1
  58 001a 0221     		movs	r1, #2
  59 001c 0348     		ldr	r0, .L3+4
  60 001e FFF7FEFF 		bl	gpioPin_Init
  61              	.LVL0:
   9:/home/pani_/LHRS/VCAT-Dashboard/firmware/drivers/Src/Horn.c **** }
  62              		.loc 1 9 1 is_stmt 0 view .LVU8
  63 0022 03B0     		add	sp, sp, #12
  64              	.LCFI2:
  65              		.cfi_def_cfa_offset 4
  66              		@ sp needed
  67 0024 5DF804FB 		ldr	pc, [sp], #4
  68              	.L4:
  69              		.align	2
  70              	.L3:
  71 0028 00100240 		.word	1073876992
  72 002c 00040048 		.word	1207960576
  73              		.cfi_endproc
  74              	.LFE334:
  76              		.section	.text.horn_set,"ax",%progbits
  77              		.align	1
  78              		.global	horn_set
  79              		.syntax unified
  80              		.thumb
  81              		.thumb_func
  83              	horn_set:
  84              	.LVL1:
  85              	.LFB335:
  10:/home/pani_/LHRS/VCAT-Dashboard/firmware/drivers/Src/Horn.c **** 
  11:/home/pani_/LHRS/VCAT-Dashboard/firmware/drivers/Src/Horn.c **** void horn_set(switch_state_t state) {
  86              		.loc 1 11 37 is_stmt 1 view -0
  87              		.cfi_startproc
  88              		@ args = 0, pretend = 0, frame = 0
  89              		@ frame_needed = 0, uses_anonymous_args = 0
  90              		.loc 1 11 37 is_stmt 0 view .LVU10
  91 0000 08B5     		push	{r3, lr}
  92              	.LCFI3:
  93              		.cfi_def_cfa_offset 8
  94              		.cfi_offset 3, -8
  95              		.cfi_offset 14, -4
  96 0002 0246     		mov	r2, r0
  12:/home/pani_/LHRS/VCAT-Dashboard/firmware/drivers/Src/Horn.c ****     HAL_GPIO_WritePin(HORN_OUT_PORT, HORN_OUT_PIN, state);
  97              		.loc 1 12 5 is_stmt 1 view .LVU11
  98 0004 0221     		movs	r1, #2
  99 0006 0248     		ldr	r0, .L7
 100              	.LVL2:
 101              		.loc 1 12 5 is_stmt 0 view .LVU12
 102 0008 FFF7FEFF 		bl	HAL_GPIO_WritePin
 103              	.LVL3:
  13:/home/pani_/LHRS/VCAT-Dashboard/firmware/drivers/Src/Horn.c **** }...
 104              		.loc 1 13 1 view .LVU13
ARM GAS  /tmp/ccYe0Q7I.s 			page 3


 105 000c 08BD     		pop	{r3, pc}
 106              	.L8:
 107 000e 00BF     		.align	2
 108              	.L7:
 109 0010 00040048 		.word	1207960576
 110              		.cfi_endproc
 111              	.LFE335:
 113              		.text
 114              	.Letext0:
 115              		.file 2 "/usr/lib/gcc/arm-none-eabi/13.2.1/include/stdint.h"
 116              		.file 3 "stm/stm32g4xx/CMSIS/Device/ST/STM32G4xx/Include/stm32g473xx.h"
 117              		.file 4 "stm/stm32g4xx/STM32G4xx_HAL_Driver/Inc/stm32g4xx_hal_gpio.h"
 118              		.file 5 "/home/pani_/LHRS/VCAT-Dashboard/firmware/core/Inc/init.h"
ARM GAS  /tmp/ccYe0Q7I.s 			page 4


DEFINED SYMBOLS
                            *ABS*:00000000 Horn.c
     /tmp/ccYe0Q7I.s:21     .text.horn_GPIO_init:00000000 $t
     /tmp/ccYe0Q7I.s:27     .text.horn_GPIO_init:00000000 horn_GPIO_init
     /tmp/ccYe0Q7I.s:71     .text.horn_GPIO_init:00000028 $d
     /tmp/ccYe0Q7I.s:77     .text.horn_set:00000000 $t
     /tmp/ccYe0Q7I.s:83     .text.horn_set:00000000 horn_set
     /tmp/ccYe0Q7I.s:109    .text.horn_set:00000010 $d

UNDEFINED SYMBOLS
gpioPin_Init
HAL_GPIO_WritePin
