ARM GAS  /tmp/ccFc8TrO.s 			page 1


   1              		.cpu cortex-m4
   2              		.arch armv7e-m
   3              		.fpu fpv4-sp-d16
   4              		.eabi_attribute 27, 1
   5              		.eabi_attribute 28, 1
   6              		.eabi_attribute 20, 1
   7              		.eabi_attribute 21, 1
   8              		.eabi_attribute 23, 3
   9              		.eabi_attribute 24, 1
  10              		.eabi_attribute 25, 1
  11              		.eabi_attribute 26, 1
  12              		.eabi_attribute 30, 1
  13              		.eabi_attribute 34, 1
  14              		.eabi_attribute 18, 4
  15              		.file	"InitAllTasks.c"
  16              		.text
  17              	.Ltext0:
  18              		.cfi_sections	.debug_frame
  19              		.file 1 "/home/pani_/LHRS/VCAT-Dashboard/firmware/tasks/Src/InitAllTasks.c"
  20              		.section	.rodata.InitTasks.str1.4,"aMS",%progbits,1
  21              		.align	2
  22              	.LC0:
  23 0000 52656164 		.ascii	"Read CarCAN Task\000"
  23      20436172 
  23      43414E20 
  23      5461736B 
  23      00
  24 0011 000000   		.align	2
  25              	.LC1:
  26 0014 506F6C6C 		.ascii	"Polling Switches & Writing CAN Task\000"
  26      696E6720 
  26      53776974 
  26      63686573 
  26      20262057 
  27              		.align	2
  28              	.LC2:
  29 0038 52656164 		.ascii	"Read Steering Angle CAN Task\000"
  29      20537465 
  29      6572696E 
  29      6720416E 
  29      676C6520 
  30 0055 000000   		.align	2
  31              	.LC3:
  32 0058 52656164 		.ascii	"Read Controls CAN Task\000"
  32      20436F6E 
  32      74726F6C 
  32      73204341 
  32      4E205461 
  33              		.section	.text.InitTasks,"ax",%progbits
  34              		.align	1
  35              		.global	InitTasks
  36              		.syntax unified
  37              		.thumb
  38              		.thumb_func
  40              	InitTasks:
  41              	.LVL0:
  42              	.LFB334:
ARM GAS  /tmp/ccFc8TrO.s 			page 2


   1:/home/pani_/LHRS/VCAT-Dashboard/firmware/tasks/Src/InitAllTasks.c **** #include "ControlsLeader_Tasks.h"
   2:/home/pani_/LHRS/VCAT-Dashboard/firmware/tasks/Src/InitAllTasks.c **** #include "init.h"
   3:/home/pani_/LHRS/VCAT-Dashboard/firmware/tasks/Src/InitAllTasks.c **** 
   4:/home/pani_/LHRS/VCAT-Dashboard/firmware/tasks/Src/InitAllTasks.c **** StackType_t READ_CAR_CAN_Stack_Array[READ_CAR_CAN_STACK_SIZE];
   5:/home/pani_/LHRS/VCAT-Dashboard/firmware/tasks/Src/InitAllTasks.c **** StackType_t READ_CONTROLS_CAN_Stack_Array[READ_CONTROLS_CAN_STACK_SIZE];
   6:/home/pani_/LHRS/VCAT-Dashboard/firmware/tasks/Src/InitAllTasks.c **** StackType_t READ_STEERING_ANGLE_CAN_Stack_Array[READ_STEERING_ANGLE_CAN_STACK_SIZE];
   7:/home/pani_/LHRS/VCAT-Dashboard/firmware/tasks/Src/InitAllTasks.c **** StackType_t POLLING_WRITE_CAN_Stack_Array[POLLING_WRITE_CAN_STACK_SIZE];
   8:/home/pani_/LHRS/VCAT-Dashboard/firmware/tasks/Src/InitAllTasks.c **** 
   9:/home/pani_/LHRS/VCAT-Dashboard/firmware/tasks/Src/InitAllTasks.c **** StaticTask_t READ_CAR_CAN_TCB;
  10:/home/pani_/LHRS/VCAT-Dashboard/firmware/tasks/Src/InitAllTasks.c **** StaticTask_t READ_CONTROLS_CAN_TCB;
  11:/home/pani_/LHRS/VCAT-Dashboard/firmware/tasks/Src/InitAllTasks.c **** StaticTask_t READ_STEERING_ANGLE_CAN_TCB;
  12:/home/pani_/LHRS/VCAT-Dashboard/firmware/tasks/Src/InitAllTasks.c **** StaticTask_t POLLING_WRITE_CAN_TCB;    
  13:/home/pani_/LHRS/VCAT-Dashboard/firmware/tasks/Src/InitAllTasks.c **** 
  14:/home/pani_/LHRS/VCAT-Dashboard/firmware/tasks/Src/InitAllTasks.c **** // SWITCH_STATES_EG = xEventGroupCreate();
  15:/home/pani_/LHRS/VCAT-Dashboard/firmware/tasks/Src/InitAllTasks.c **** // STATUS_LED_STATES_EG  = xEventGroupCreate();
  16:/home/pani_/LHRS/VCAT-Dashboard/firmware/tasks/Src/InitAllTasks.c **** 
  17:/home/pani_/LHRS/VCAT-Dashboard/firmware/tasks/Src/InitAllTasks.c **** 
  18:/home/pani_/LHRS/VCAT-Dashboard/firmware/tasks/Src/InitAllTasks.c **** void InitTasks(void *argument) {
  43              		.loc 1 18 32 view -0
  44              		.cfi_startproc
  45              		@ args = 0, pretend = 0, frame = 0
  46              		@ frame_needed = 0, uses_anonymous_args = 0
  47              		.loc 1 18 32 is_stmt 0 view .LVU1
  48 0000 10B5     		push	{r4, lr}
  49              	.LCFI0:
  50              		.cfi_def_cfa_offset 8
  51              		.cfi_offset 4, -8
  52              		.cfi_offset 14, -4
  53 0002 84B0     		sub	sp, sp, #16
  54              	.LCFI1:
  55              		.cfi_def_cfa_offset 24
  19:/home/pani_/LHRS/VCAT-Dashboard/firmware/tasks/Src/InitAllTasks.c **** 
  20:/home/pani_/LHRS/VCAT-Dashboard/firmware/tasks/Src/InitAllTasks.c ****     //Add BPS watchdog here
  21:/home/pani_/LHRS/VCAT-Dashboard/firmware/tasks/Src/InitAllTasks.c **** 
  22:/home/pani_/LHRS/VCAT-Dashboard/firmware/tasks/Src/InitAllTasks.c ****     //Task1.c
  23:/home/pani_/LHRS/VCAT-Dashboard/firmware/tasks/Src/InitAllTasks.c ****     xTaskCreateStatic(
  56              		.loc 1 23 5 is_stmt 1 view .LVU2
  57 0004 194B     		ldr	r3, .L3
  58 0006 0293     		str	r3, [sp, #8]
  59 0008 194B     		ldr	r3, .L3+4
  60 000a 0193     		str	r3, [sp, #4]
  61 000c 0323     		movs	r3, #3
  62 000e 0093     		str	r3, [sp]
  63 0010 0023     		movs	r3, #0
  64 0012 8022     		movs	r2, #128
  65 0014 1749     		ldr	r1, .L3+8
  66 0016 1848     		ldr	r0, .L3+12
  67              	.LVL1:
  68              		.loc 1 23 5 is_stmt 0 view .LVU3
  69 0018 FFF7FEFF 		bl	xTaskCreateStatic
  70              	.LVL2:
  24:/home/pani_/LHRS/VCAT-Dashboard/firmware/tasks/Src/InitAllTasks.c ****         ReadCarCAN_task,
  25:/home/pani_/LHRS/VCAT-Dashboard/firmware/tasks/Src/InitAllTasks.c ****         "Read CarCAN Task",                    
  26:/home/pani_/LHRS/VCAT-Dashboard/firmware/tasks/Src/InitAllTasks.c ****         READ_CAR_CAN_STACK_SIZE,
  27:/home/pani_/LHRS/VCAT-Dashboard/firmware/tasks/Src/InitAllTasks.c ****         NULL,
  28:/home/pani_/LHRS/VCAT-Dashboard/firmware/tasks/Src/InitAllTasks.c ****         READ_CAR_CAN_PRIORITY,
  29:/home/pani_/LHRS/VCAT-Dashboard/firmware/tasks/Src/InitAllTasks.c ****         READ_CAR_CAN_Stack_Array,
ARM GAS  /tmp/ccFc8TrO.s 			page 3


  30:/home/pani_/LHRS/VCAT-Dashboard/firmware/tasks/Src/InitAllTasks.c ****         &READ_CAR_CAN_TCB
  31:/home/pani_/LHRS/VCAT-Dashboard/firmware/tasks/Src/InitAllTasks.c ****     );
  32:/home/pani_/LHRS/VCAT-Dashboard/firmware/tasks/Src/InitAllTasks.c **** 
  33:/home/pani_/LHRS/VCAT-Dashboard/firmware/tasks/Src/InitAllTasks.c ****     //Task2.c
  34:/home/pani_/LHRS/VCAT-Dashboard/firmware/tasks/Src/InitAllTasks.c ****     xTaskCreateStatic(
  71              		.loc 1 34 5 is_stmt 1 view .LVU4
  72 001c 174B     		ldr	r3, .L3+16
  73 001e 0293     		str	r3, [sp, #8]
  74 0020 174B     		ldr	r3, .L3+20
  75 0022 0193     		str	r3, [sp, #4]
  76 0024 0223     		movs	r3, #2
  77 0026 0093     		str	r3, [sp]
  78 0028 0023     		movs	r3, #0
  79 002a 8022     		movs	r2, #128
  80 002c 1549     		ldr	r1, .L3+24
  81 002e 1648     		ldr	r0, .L3+28
  82 0030 FFF7FEFF 		bl	xTaskCreateStatic
  83              	.LVL3:
  35:/home/pani_/LHRS/VCAT-Dashboard/firmware/tasks/Src/InitAllTasks.c ****         Polling_WriteCAN_Task,
  36:/home/pani_/LHRS/VCAT-Dashboard/firmware/tasks/Src/InitAllTasks.c ****         "Polling Switches & Writing CAN Task", 
  37:/home/pani_/LHRS/VCAT-Dashboard/firmware/tasks/Src/InitAllTasks.c ****         POLLING_WRITE_CAN_STACK_SIZE,
  38:/home/pani_/LHRS/VCAT-Dashboard/firmware/tasks/Src/InitAllTasks.c ****         NULL,
  39:/home/pani_/LHRS/VCAT-Dashboard/firmware/tasks/Src/InitAllTasks.c ****         POLLING_WRITE_CAN_PRIORITY,
  40:/home/pani_/LHRS/VCAT-Dashboard/firmware/tasks/Src/InitAllTasks.c ****         POLLING_WRITE_CAN_Stack_Array,
  41:/home/pani_/LHRS/VCAT-Dashboard/firmware/tasks/Src/InitAllTasks.c ****         &POLLING_WRITE_CAN_TCB
  42:/home/pani_/LHRS/VCAT-Dashboard/firmware/tasks/Src/InitAllTasks.c ****     );
  43:/home/pani_/LHRS/VCAT-Dashboard/firmware/tasks/Src/InitAllTasks.c **** 
  44:/home/pani_/LHRS/VCAT-Dashboard/firmware/tasks/Src/InitAllTasks.c ****     //Task3.c
  45:/home/pani_/LHRS/VCAT-Dashboard/firmware/tasks/Src/InitAllTasks.c ****     xTaskCreateStatic(
  84              		.loc 1 45 5 view .LVU5
  85 0034 154B     		ldr	r3, .L3+32
  86 0036 0293     		str	r3, [sp, #8]
  87 0038 154B     		ldr	r3, .L3+36
  88 003a 0193     		str	r3, [sp, #4]
  89 003c 0424     		movs	r4, #4
  90 003e 0094     		str	r4, [sp]
  91 0040 0023     		movs	r3, #0
  92 0042 8022     		movs	r2, #128
  93 0044 1349     		ldr	r1, .L3+40
  94 0046 1448     		ldr	r0, .L3+44
  95 0048 FFF7FEFF 		bl	xTaskCreateStatic
  96              	.LVL4:
  46:/home/pani_/LHRS/VCAT-Dashboard/firmware/tasks/Src/InitAllTasks.c ****         ReadSteeringAngCAN_task,
  47:/home/pani_/LHRS/VCAT-Dashboard/firmware/tasks/Src/InitAllTasks.c ****         "Read Steering Angle CAN Task",         
  48:/home/pani_/LHRS/VCAT-Dashboard/firmware/tasks/Src/InitAllTasks.c ****         READ_STEERING_ANGLE_CAN_STACK_SIZE,
  49:/home/pani_/LHRS/VCAT-Dashboard/firmware/tasks/Src/InitAllTasks.c ****         NULL,
  50:/home/pani_/LHRS/VCAT-Dashboard/firmware/tasks/Src/InitAllTasks.c ****         READ_STEERING_ANGLE_CAN_PRIORITY,
  51:/home/pani_/LHRS/VCAT-Dashboard/firmware/tasks/Src/InitAllTasks.c ****         READ_STEERING_ANGLE_CAN_Stack_Array,
  52:/home/pani_/LHRS/VCAT-Dashboard/firmware/tasks/Src/InitAllTasks.c ****         &READ_STEERING_ANGLE_CAN_TCB
  53:/home/pani_/LHRS/VCAT-Dashboard/firmware/tasks/Src/InitAllTasks.c ****     );
  54:/home/pani_/LHRS/VCAT-Dashboard/firmware/tasks/Src/InitAllTasks.c **** 
  55:/home/pani_/LHRS/VCAT-Dashboard/firmware/tasks/Src/InitAllTasks.c ****     //Task4.c
  56:/home/pani_/LHRS/VCAT-Dashboard/firmware/tasks/Src/InitAllTasks.c ****     xTaskCreateStatic(
  97              		.loc 1 56 5 view .LVU6
  98 004c 134B     		ldr	r3, .L3+48
  99 004e 0293     		str	r3, [sp, #8]
 100 0050 134B     		ldr	r3, .L3+52
ARM GAS  /tmp/ccFc8TrO.s 			page 4


 101 0052 0193     		str	r3, [sp, #4]
 102 0054 0094     		str	r4, [sp]
 103 0056 0023     		movs	r3, #0
 104 0058 8022     		movs	r2, #128
 105 005a 1249     		ldr	r1, .L3+56
 106 005c 1248     		ldr	r0, .L3+60
 107 005e FFF7FEFF 		bl	xTaskCreateStatic
 108              	.LVL5:
  57:/home/pani_/LHRS/VCAT-Dashboard/firmware/tasks/Src/InitAllTasks.c ****         ReadControlsCAN_task,
  58:/home/pani_/LHRS/VCAT-Dashboard/firmware/tasks/Src/InitAllTasks.c ****         "Read Controls CAN Task",               
  59:/home/pani_/LHRS/VCAT-Dashboard/firmware/tasks/Src/InitAllTasks.c ****         READ_CONTROLS_CAN_STACK_SIZE,
  60:/home/pani_/LHRS/VCAT-Dashboard/firmware/tasks/Src/InitAllTasks.c ****         NULL,
  61:/home/pani_/LHRS/VCAT-Dashboard/firmware/tasks/Src/InitAllTasks.c ****         READ_CONTROLS_CAN_PRIORITY,
  62:/home/pani_/LHRS/VCAT-Dashboard/firmware/tasks/Src/InitAllTasks.c ****         READ_CONTROLS_CAN_Stack_Array,
  63:/home/pani_/LHRS/VCAT-Dashboard/firmware/tasks/Src/InitAllTasks.c ****         &READ_CONTROLS_CAN_TCB
  64:/home/pani_/LHRS/VCAT-Dashboard/firmware/tasks/Src/InitAllTasks.c ****     );
  65:/home/pani_/LHRS/VCAT-Dashboard/firmware/tasks/Src/InitAllTasks.c **** 
  66:/home/pani_/LHRS/VCAT-Dashboard/firmware/tasks/Src/InitAllTasks.c ****     vTaskDelete(NULL);
 109              		.loc 1 66 5 view .LVU7
 110 0062 0020     		movs	r0, #0
 111 0064 FFF7FEFF 		bl	vTaskDelete
 112              	.LVL6:
  67:/home/pani_/LHRS/VCAT-Dashboard/firmware/tasks/Src/InitAllTasks.c **** 
  68:/home/pani_/LHRS/VCAT-Dashboard/firmware/tasks/Src/InitAllTasks.c **** }...
 113              		.loc 1 68 1 is_stmt 0 view .LVU8
 114 0068 04B0     		add	sp, sp, #16
 115              	.LCFI2:
 116              		.cfi_def_cfa_offset 8
 117              		@ sp needed
 118 006a 10BD     		pop	{r4, pc}
 119              	.L4:
 120              		.align	2
 121              	.L3:
 122 006c 00000000 		.word	READ_CAR_CAN_TCB
 123 0070 00000000 		.word	READ_CAR_CAN_Stack_Array
 124 0074 00000000 		.word	.LC0
 125 0078 00000000 		.word	ReadCarCAN_task
 126 007c 00000000 		.word	POLLING_WRITE_CAN_TCB
 127 0080 00000000 		.word	POLLING_WRITE_CAN_Stack_Array
 128 0084 14000000 		.word	.LC1
 129 0088 00000000 		.word	Polling_WriteCAN_Task
 130 008c 00000000 		.word	READ_STEERING_ANGLE_CAN_TCB
 131 0090 00000000 		.word	READ_STEERING_ANGLE_CAN_Stack_Array
 132 0094 38000000 		.word	.LC2
 133 0098 00000000 		.word	ReadSteeringAngCAN_task
 134 009c 00000000 		.word	READ_CONTROLS_CAN_TCB
 135 00a0 00000000 		.word	READ_CONTROLS_CAN_Stack_Array
 136 00a4 58000000 		.word	.LC3
 137 00a8 00000000 		.word	ReadControlsCAN_task
 138              		.cfi_endproc
 139              	.LFE334:
 141              		.global	POLLING_WRITE_CAN_TCB
 142              		.section	.bss.POLLING_WRITE_CAN_TCB,"aw",%nobits
 143              		.align	2
 146              	POLLING_WRITE_CAN_TCB:
 147 0000 00000000 		.space	84
 147      00000000 
ARM GAS  /tmp/ccFc8TrO.s 			page 5


 147      00000000 
 147      00000000 
 147      00000000 
 148              		.global	READ_STEERING_ANGLE_CAN_TCB
 149              		.section	.bss.READ_STEERING_ANGLE_CAN_TCB,"aw",%nobits
 150              		.align	2
 153              	READ_STEERING_ANGLE_CAN_TCB:
 154 0000 00000000 		.space	84
 154      00000000 
 154      00000000 
 154      00000000 
 154      00000000 
 155              		.global	READ_CONTROLS_CAN_TCB
 156              		.section	.bss.READ_CONTROLS_CAN_TCB,"aw",%nobits
 157              		.align	2
 160              	READ_CONTROLS_CAN_TCB:
 161 0000 00000000 		.space	84
 161      00000000 
 161      00000000 
 161      00000000 
 161      00000000 
 162              		.global	READ_CAR_CAN_TCB
 163              		.section	.bss.READ_CAR_CAN_TCB,"aw",%nobits
 164              		.align	2
 167              	READ_CAR_CAN_TCB:
 168 0000 00000000 		.space	84
 168      00000000 
 168      00000000 
 168      00000000 
 168      00000000 
 169              		.global	POLLING_WRITE_CAN_Stack_Array
 170              		.section	.bss.POLLING_WRITE_CAN_Stack_Array,"aw",%nobits
 171              		.align	2
 174              	POLLING_WRITE_CAN_Stack_Array:
 175 0000 00000000 		.space	512
 175      00000000 
 175      00000000 
 175      00000000 
 175      00000000 
 176              		.global	READ_STEERING_ANGLE_CAN_Stack_Array
 177              		.section	.bss.READ_STEERING_ANGLE_CAN_Stack_Array,"aw",%nobits
 178              		.align	2
 181              	READ_STEERING_ANGLE_CAN_Stack_Array:
 182 0000 00000000 		.space	512
 182      00000000 
 182      00000000 
 182      00000000 
 182      00000000 
 183              		.global	READ_CONTROLS_CAN_Stack_Array
 184              		.section	.bss.READ_CONTROLS_CAN_Stack_Array,"aw",%nobits
 185              		.align	2
 188              	READ_CONTROLS_CAN_Stack_Array:
 189 0000 00000000 		.space	512
 189      00000000 
 189      00000000 
 189      00000000 
 189      00000000 
ARM GAS  /tmp/ccFc8TrO.s 			page 6


 190              		.global	READ_CAR_CAN_Stack_Array
 191              		.section	.bss.READ_CAR_CAN_Stack_Array,"aw",%nobits
 192              		.align	2
 195              	READ_CAR_CAN_Stack_Array:
 196 0000 00000000 		.space	512
 196      00000000 
 196      00000000 
 196      00000000 
 196      00000000 
 197              		.text
 198              	.Letext0:
 199              		.file 2 "/usr/lib/gcc/arm-none-eabi/13.2.1/include/stdint.h"
 200              		.file 3 "middleware/FreeRTOS-Kernel/include/projdefs.h"
 201              		.file 4 "middleware/FreeRTOS-Kernel/portable/GCC/ARM_CM4F/portmacro.h"
 202              		.file 5 "middleware/FreeRTOS-Kernel/include/FreeRTOS.h"
 203              		.file 6 "middleware/FreeRTOS-Kernel/include/task.h"
 204              		.file 7 "/home/pani_/LHRS/VCAT-Dashboard/firmware/tasks/Inc/ControlsLeader_Tasks.h"
 205              		.file 8 "stm/stm32g4xx/STM32G4xx_HAL_Driver/Inc/stm32g4xx_hal_gpio.h"
ARM GAS  /tmp/ccFc8TrO.s 			page 7


DEFINED SYMBOLS
                            *ABS*:00000000 InitAllTasks.c
     /tmp/ccFc8TrO.s:21     .rodata.InitTasks.str1.4:00000000 $d
     /tmp/ccFc8TrO.s:34     .text.InitTasks:00000000 $t
     /tmp/ccFc8TrO.s:40     .text.InitTasks:00000000 InitTasks
     /tmp/ccFc8TrO.s:122    .text.InitTasks:0000006c $d
     /tmp/ccFc8TrO.s:167    .bss.READ_CAR_CAN_TCB:00000000 READ_CAR_CAN_TCB
     /tmp/ccFc8TrO.s:195    .bss.READ_CAR_CAN_Stack_Array:00000000 READ_CAR_CAN_Stack_Array
     /tmp/ccFc8TrO.s:146    .bss.POLLING_WRITE_CAN_TCB:00000000 POLLING_WRITE_CAN_TCB
     /tmp/ccFc8TrO.s:174    .bss.POLLING_WRITE_CAN_Stack_Array:00000000 POLLING_WRITE_CAN_Stack_Array
     /tmp/ccFc8TrO.s:153    .bss.READ_STEERING_ANGLE_CAN_TCB:00000000 READ_STEERING_ANGLE_CAN_TCB
     /tmp/ccFc8TrO.s:181    .bss.READ_STEERING_ANGLE_CAN_Stack_Array:00000000 READ_STEERING_ANGLE_CAN_Stack_Array
     /tmp/ccFc8TrO.s:160    .bss.READ_CONTROLS_CAN_TCB:00000000 READ_CONTROLS_CAN_TCB
     /tmp/ccFc8TrO.s:188    .bss.READ_CONTROLS_CAN_Stack_Array:00000000 READ_CONTROLS_CAN_Stack_Array
     /tmp/ccFc8TrO.s:143    .bss.POLLING_WRITE_CAN_TCB:00000000 $d
     /tmp/ccFc8TrO.s:150    .bss.READ_STEERING_ANGLE_CAN_TCB:00000000 $d
     /tmp/ccFc8TrO.s:157    .bss.READ_CONTROLS_CAN_TCB:00000000 $d
     /tmp/ccFc8TrO.s:164    .bss.READ_CAR_CAN_TCB:00000000 $d
     /tmp/ccFc8TrO.s:171    .bss.POLLING_WRITE_CAN_Stack_Array:00000000 $d
     /tmp/ccFc8TrO.s:178    .bss.READ_STEERING_ANGLE_CAN_Stack_Array:00000000 $d
     /tmp/ccFc8TrO.s:185    .bss.READ_CONTROLS_CAN_Stack_Array:00000000 $d
     /tmp/ccFc8TrO.s:192    .bss.READ_CAR_CAN_Stack_Array:00000000 $d

UNDEFINED SYMBOLS
xTaskCreateStatic
vTaskDelete
ReadCarCAN_task
Polling_WriteCAN_Task
ReadSteeringAngCAN_task
ReadControlsCAN_task
