ARM GAS  /tmp/cc0PEkkF.s 			page 1


   1              		.cpu cortex-m4
   2              		.arch armv7e-m
   3              		.fpu fpv4-sp-d16
   4              		.eabi_attribute 27, 1
   5              		.eabi_attribute 28, 1
   6              		.eabi_attribute 20, 1
   7              		.eabi_attribute 21, 1
   8              		.eabi_attribute 23, 3
   9              		.eabi_attribute 24, 1
  10              		.eabi_attribute 25, 1
  11              		.eabi_attribute 26, 1
  12              		.eabi_attribute 30, 1
  13              		.eabi_attribute 34, 1
  14              		.eabi_attribute 18, 4
  15              		.file	"init.c"
  16              		.text
  17              	.Ltext0:
  18              		.cfi_sections	.debug_frame
  19              		.file 1 "/home/pani_/LHRS/VCAT-Dashboard/firmware/core/Src/init.c"
  20              		.section	.text.gpioPin_Init,"ax",%progbits
  21              		.align	1
  22              		.global	gpioPin_Init
  23              		.syntax unified
  24              		.thumb
  25              		.thumb_func
  27              	gpioPin_Init:
  28              	.LVL0:
  29              	.LFB334:
   1:/home/pani_/LHRS/VCAT-Dashboard/firmware/core/Src/init.c **** #include "init.h"
   2:/home/pani_/LHRS/VCAT-Dashboard/firmware/core/Src/init.c **** #include "Switches.h"
   3:/home/pani_/LHRS/VCAT-Dashboard/firmware/core/Src/init.c **** #include "Horn.h"
   4:/home/pani_/LHRS/VCAT-Dashboard/firmware/core/Src/init.c **** #include "Status_LEDs.h"
   5:/home/pani_/LHRS/VCAT-Dashboard/firmware/core/Src/init.c **** #include "pinDefs.h"
   6:/home/pani_/LHRS/VCAT-Dashboard/firmware/core/Src/init.c **** #include "stm32xx_hal.h"
   7:/home/pani_/LHRS/VCAT-Dashboard/firmware/core/Src/init.c **** 
   8:/home/pani_/LHRS/VCAT-Dashboard/firmware/core/Src/init.c **** void gpioPin_Init(GPIO_TypeDef *port, uint16_t pin, uint32_t mode) {
  30              		.loc 1 8 68 view -0
  31              		.cfi_startproc
  32              		@ args = 0, pretend = 0, frame = 24
  33              		@ frame_needed = 0, uses_anonymous_args = 0
  34              		.loc 1 8 68 is_stmt 0 view .LVU1
  35 0000 70B5     		push	{r4, r5, r6, lr}
  36              	.LCFI0:
  37              		.cfi_def_cfa_offset 16
  38              		.cfi_offset 4, -16
  39              		.cfi_offset 5, -12
  40              		.cfi_offset 6, -8
  41              		.cfi_offset 14, -4
  42 0002 86B0     		sub	sp, sp, #24
  43              	.LCFI1:
  44              		.cfi_def_cfa_offset 40
  45 0004 0646     		mov	r6, r0
  46 0006 0D46     		mov	r5, r1
  47 0008 1446     		mov	r4, r2
   9:/home/pani_/LHRS/VCAT-Dashboard/firmware/core/Src/init.c ****     GPIO_InitTypeDef GPIO_init = {
  48              		.loc 1 9 5 is_stmt 1 view .LVU2
  49              		.loc 1 9 22 is_stmt 0 view .LVU3
ARM GAS  /tmp/cc0PEkkF.s 			page 2


  50 000a 0023     		movs	r3, #0
  51 000c 0193     		str	r3, [sp, #4]
  52 000e 0293     		str	r3, [sp, #8]
  53 0010 0393     		str	r3, [sp, #12]
  54 0012 0493     		str	r3, [sp, #16]
  55 0014 0593     		str	r3, [sp, #20]
  56 0016 0191     		str	r1, [sp, #4]
  57 0018 0292     		str	r2, [sp, #8]
  10:/home/pani_/LHRS/VCAT-Dashboard/firmware/core/Src/init.c ****         .Mode = mode,
  11:/home/pani_/LHRS/VCAT-Dashboard/firmware/core/Src/init.c ****         .Pull = GPIO_NOPULL,
  12:/home/pani_/LHRS/VCAT-Dashboard/firmware/core/Src/init.c ****         .Pin  = pin
  13:/home/pani_/LHRS/VCAT-Dashboard/firmware/core/Src/init.c ****     };
  14:/home/pani_/LHRS/VCAT-Dashboard/firmware/core/Src/init.c **** 
  15:/home/pani_/LHRS/VCAT-Dashboard/firmware/core/Src/init.c ****     HAL_GPIO_Init(port, &GPIO_init);
  58              		.loc 1 15 5 is_stmt 1 view .LVU4
  59 001a 01A9     		add	r1, sp, #4
  60              	.LVL1:
  61              		.loc 1 15 5 is_stmt 0 view .LVU5
  62 001c FFF7FEFF 		bl	HAL_GPIO_Init
  63              	.LVL2:
  16:/home/pani_/LHRS/VCAT-Dashboard/firmware/core/Src/init.c ****     if (mode != GPIO_MODE_OUTPUT_PP) HAL_GPIO_WritePin(port, pin, GPIO_PIN_RESET);
  64              		.loc 1 16 5 is_stmt 1 view .LVU6
  65              		.loc 1 16 8 is_stmt 0 view .LVU7
  66 0020 012C     		cmp	r4, #1
  67 0022 01D1     		bne	.L4
  68              	.L1:
  17:/home/pani_/LHRS/VCAT-Dashboard/firmware/core/Src/init.c **** }
  69              		.loc 1 17 1 view .LVU8
  70 0024 06B0     		add	sp, sp, #24
  71              	.LCFI2:
  72              		.cfi_remember_state
  73              		.cfi_def_cfa_offset 16
  74              		@ sp needed
  75 0026 70BD     		pop	{r4, r5, r6, pc}
  76              	.LVL3:
  77              	.L4:
  78              	.LCFI3:
  79              		.cfi_restore_state
  16:/home/pani_/LHRS/VCAT-Dashboard/firmware/core/Src/init.c ****     if (mode != GPIO_MODE_OUTPUT_PP) HAL_GPIO_WritePin(port, pin, GPIO_PIN_RESET);
  80              		.loc 1 16 38 is_stmt 1 discriminator 1 view .LVU9
  81 0028 0022     		movs	r2, #0
  82 002a 2946     		mov	r1, r5
  83 002c 3046     		mov	r0, r6
  84 002e FFF7FEFF 		bl	HAL_GPIO_WritePin
  85              	.LVL4:
  86              		.loc 1 17 1 is_stmt 0 view .LVU10
  87 0032 F7E7     		b	.L1
  88              		.cfi_endproc
  89              	.LFE334:
  91              		.section	.text.SystemClock_Config,"ax",%progbits
  92              		.align	1
  93              		.weak	SystemClock_Config
  94              		.syntax unified
  95              		.thumb
  96              		.thumb_func
  98              	SystemClock_Config:
  99              	.LFB335:
ARM GAS  /tmp/cc0PEkkF.s 			page 3


  18:/home/pani_/LHRS/VCAT-Dashboard/firmware/core/Src/init.c **** 
  19:/home/pani_/LHRS/VCAT-Dashboard/firmware/core/Src/init.c **** 
  20:/home/pani_/LHRS/VCAT-Dashboard/firmware/core/Src/init.c **** void SystemClock_Config(void) {
 100              		.loc 1 20 31 is_stmt 1 view -0
 101              		.cfi_startproc
 102              		@ args = 0, pretend = 0, frame = 80
 103              		@ frame_needed = 0, uses_anonymous_args = 0
 104 0000 00B5     		push	{lr}
 105              	.LCFI4:
 106              		.cfi_def_cfa_offset 4
 107              		.cfi_offset 14, -4
 108 0002 95B0     		sub	sp, sp, #84
 109              	.LCFI5:
 110              		.cfi_def_cfa_offset 88
  21:/home/pani_/LHRS/VCAT-Dashboard/firmware/core/Src/init.c ****   RCC_OscInitTypeDef RCC_OscInitStruct = {0};
 111              		.loc 1 21 3 view .LVU12
 112              		.loc 1 21 22 is_stmt 0 view .LVU13
 113 0004 3822     		movs	r2, #56
 114 0006 0021     		movs	r1, #0
 115 0008 06A8     		add	r0, sp, #24
 116 000a FFF7FEFF 		bl	memset
 117              	.LVL5:
  22:/home/pani_/LHRS/VCAT-Dashboard/firmware/core/Src/init.c ****   RCC_ClkInitTypeDef RCC_ClkInitStruct = {0};
 118              		.loc 1 22 3 is_stmt 1 view .LVU14
 119              		.loc 1 22 22 is_stmt 0 view .LVU15
 120 000e 0023     		movs	r3, #0
 121 0010 0193     		str	r3, [sp, #4]
 122 0012 0293     		str	r3, [sp, #8]
 123 0014 0393     		str	r3, [sp, #12]
 124 0016 0493     		str	r3, [sp, #16]
 125 0018 0593     		str	r3, [sp, #20]
  23:/home/pani_/LHRS/VCAT-Dashboard/firmware/core/Src/init.c **** 
  24:/home/pani_/LHRS/VCAT-Dashboard/firmware/core/Src/init.c ****   /** Configure the main internal regulator output voltage
  25:/home/pani_/LHRS/VCAT-Dashboard/firmware/core/Src/init.c ****   */
  26:/home/pani_/LHRS/VCAT-Dashboard/firmware/core/Src/init.c ****   HAL_PWREx_ControlVoltageScaling(PWR_REGULATOR_VOLTAGE_SCALE1);
 126              		.loc 1 26 3 is_stmt 1 view .LVU16
 127 001a 4FF40070 		mov	r0, #512
 128 001e FFF7FEFF 		bl	HAL_PWREx_ControlVoltageScaling
 129              	.LVL6:
  27:/home/pani_/LHRS/VCAT-Dashboard/firmware/core/Src/init.c **** 
  28:/home/pani_/LHRS/VCAT-Dashboard/firmware/core/Src/init.c ****   /** Initializes the RCC Oscillators according to the specified parameters
  29:/home/pani_/LHRS/VCAT-Dashboard/firmware/core/Src/init.c ****   * in the RCC_OscInitTypeDef structure.
  30:/home/pani_/LHRS/VCAT-Dashboard/firmware/core/Src/init.c ****   */
  31:/home/pani_/LHRS/VCAT-Dashboard/firmware/core/Src/init.c ****   RCC_OscInitStruct.OscillatorType = RCC_OSCILLATORTYPE_HSE;
 130              		.loc 1 31 3 view .LVU17
 131              		.loc 1 31 36 is_stmt 0 view .LVU18
 132 0022 0122     		movs	r2, #1
 133 0024 0692     		str	r2, [sp, #24]
  32:/home/pani_/LHRS/VCAT-Dashboard/firmware/core/Src/init.c ****   RCC_OscInitStruct.HSEState = RCC_HSE_ON;
 134              		.loc 1 32 3 is_stmt 1 view .LVU19
 135              		.loc 1 32 30 is_stmt 0 view .LVU20
 136 0026 4FF48033 		mov	r3, #65536
 137 002a 0793     		str	r3, [sp, #28]
  33:/home/pani_/LHRS/VCAT-Dashboard/firmware/core/Src/init.c ****   RCC_OscInitStruct.PLL.PLLState = RCC_PLL_ON;
 138              		.loc 1 33 3 is_stmt 1 view .LVU21
 139              		.loc 1 33 34 is_stmt 0 view .LVU22
 140 002c 0223     		movs	r3, #2
ARM GAS  /tmp/cc0PEkkF.s 			page 4


 141 002e 0D93     		str	r3, [sp, #52]
  34:/home/pani_/LHRS/VCAT-Dashboard/firmware/core/Src/init.c ****   RCC_OscInitStruct.PLL.PLLSource = RCC_PLLSOURCE_HSE;
 142              		.loc 1 34 3 is_stmt 1 view .LVU23
 143              		.loc 1 34 35 is_stmt 0 view .LVU24
 144 0030 0321     		movs	r1, #3
 145 0032 0E91     		str	r1, [sp, #56]
  35:/home/pani_/LHRS/VCAT-Dashboard/firmware/core/Src/init.c ****   RCC_OscInitStruct.PLL.PLLM = RCC_PLLM_DIV1;
 146              		.loc 1 35 3 is_stmt 1 view .LVU25
 147              		.loc 1 35 30 is_stmt 0 view .LVU26
 148 0034 0F92     		str	r2, [sp, #60]
  36:/home/pani_/LHRS/VCAT-Dashboard/firmware/core/Src/init.c ****   RCC_OscInitStruct.PLL.PLLN = 20;
 149              		.loc 1 36 3 is_stmt 1 view .LVU27
 150              		.loc 1 36 30 is_stmt 0 view .LVU28
 151 0036 1422     		movs	r2, #20
 152 0038 1092     		str	r2, [sp, #64]
  37:/home/pani_/LHRS/VCAT-Dashboard/firmware/core/Src/init.c ****   RCC_OscInitStruct.PLL.PLLP = RCC_PLLP_DIV2;
 153              		.loc 1 37 3 is_stmt 1 view .LVU29
 154              		.loc 1 37 30 is_stmt 0 view .LVU30
 155 003a 1193     		str	r3, [sp, #68]
  38:/home/pani_/LHRS/VCAT-Dashboard/firmware/core/Src/init.c ****   RCC_OscInitStruct.PLL.PLLQ = RCC_PLLQ_DIV2;
 156              		.loc 1 38 3 is_stmt 1 view .LVU31
 157              		.loc 1 38 30 is_stmt 0 view .LVU32
 158 003c 1293     		str	r3, [sp, #72]
  39:/home/pani_/LHRS/VCAT-Dashboard/firmware/core/Src/init.c ****   RCC_OscInitStruct.PLL.PLLR = RCC_PLLR_DIV2;
 159              		.loc 1 39 3 is_stmt 1 view .LVU33
 160              		.loc 1 39 30 is_stmt 0 view .LVU34
 161 003e 1393     		str	r3, [sp, #76]
  40:/home/pani_/LHRS/VCAT-Dashboard/firmware/core/Src/init.c ****   if (HAL_RCC_OscConfig(&RCC_OscInitStruct) != HAL_OK)
 162              		.loc 1 40 3 is_stmt 1 view .LVU35
 163              		.loc 1 40 7 is_stmt 0 view .LVU36
 164 0040 06A8     		add	r0, sp, #24
 165 0042 FFF7FEFF 		bl	HAL_RCC_OscConfig
 166              	.LVL7:
 167              		.loc 1 40 6 discriminator 1 view .LVU37
 168 0046 78B9     		cbnz	r0, .L9
 169              	.L6:
  41:/home/pani_/LHRS/VCAT-Dashboard/firmware/core/Src/init.c ****   {
  42:/home/pani_/LHRS/VCAT-Dashboard/firmware/core/Src/init.c ****     Error_Handler();
  43:/home/pani_/LHRS/VCAT-Dashboard/firmware/core/Src/init.c ****   }
  44:/home/pani_/LHRS/VCAT-Dashboard/firmware/core/Src/init.c **** 
  45:/home/pani_/LHRS/VCAT-Dashboard/firmware/core/Src/init.c ****   /** Initializes the CPU, AHB and APB buses clocks
  46:/home/pani_/LHRS/VCAT-Dashboard/firmware/core/Src/init.c ****   */
  47:/home/pani_/LHRS/VCAT-Dashboard/firmware/core/Src/init.c ****   RCC_ClkInitStruct.ClockType = RCC_CLOCKTYPE_HCLK|RCC_CLOCKTYPE_SYSCLK
 170              		.loc 1 47 3 is_stmt 1 view .LVU38
 171              		.loc 1 47 31 is_stmt 0 view .LVU39
 172 0048 0F23     		movs	r3, #15
 173 004a 0193     		str	r3, [sp, #4]
  48:/home/pani_/LHRS/VCAT-Dashboard/firmware/core/Src/init.c ****                               |RCC_CLOCKTYPE_PCLK1|RCC_CLOCKTYPE_PCLK2;
  49:/home/pani_/LHRS/VCAT-Dashboard/firmware/core/Src/init.c ****   RCC_ClkInitStruct.SYSCLKSource = RCC_SYSCLKSOURCE_PLLCLK;
 174              		.loc 1 49 3 is_stmt 1 view .LVU40
 175              		.loc 1 49 34 is_stmt 0 view .LVU41
 176 004c 0323     		movs	r3, #3
 177 004e 0293     		str	r3, [sp, #8]
  50:/home/pani_/LHRS/VCAT-Dashboard/firmware/core/Src/init.c ****   RCC_ClkInitStruct.AHBCLKDivider = RCC_SYSCLK_DIV1;
 178              		.loc 1 50 3 is_stmt 1 view .LVU42
 179              		.loc 1 50 35 is_stmt 0 view .LVU43
 180 0050 0023     		movs	r3, #0
ARM GAS  /tmp/cc0PEkkF.s 			page 5


 181 0052 0393     		str	r3, [sp, #12]
  51:/home/pani_/LHRS/VCAT-Dashboard/firmware/core/Src/init.c ****   RCC_ClkInitStruct.APB1CLKDivider = RCC_HCLK_DIV1;
 182              		.loc 1 51 3 is_stmt 1 view .LVU44
 183              		.loc 1 51 36 is_stmt 0 view .LVU45
 184 0054 0493     		str	r3, [sp, #16]
  52:/home/pani_/LHRS/VCAT-Dashboard/firmware/core/Src/init.c ****   RCC_ClkInitStruct.APB2CLKDivider = RCC_HCLK_DIV1;
 185              		.loc 1 52 3 is_stmt 1 view .LVU46
 186              		.loc 1 52 36 is_stmt 0 view .LVU47
 187 0056 0593     		str	r3, [sp, #20]
  53:/home/pani_/LHRS/VCAT-Dashboard/firmware/core/Src/init.c **** 
  54:/home/pani_/LHRS/VCAT-Dashboard/firmware/core/Src/init.c ****   if (HAL_RCC_ClockConfig(&RCC_ClkInitStruct, FLASH_LATENCY_2) != HAL_OK)
 188              		.loc 1 54 3 is_stmt 1 view .LVU48
 189              		.loc 1 54 7 is_stmt 0 view .LVU49
 190 0058 0221     		movs	r1, #2
 191 005a 01A8     		add	r0, sp, #4
 192 005c FFF7FEFF 		bl	HAL_RCC_ClockConfig
 193              	.LVL8:
 194              		.loc 1 54 6 discriminator 1 view .LVU50
 195 0060 28B9     		cbnz	r0, .L10
 196              	.L5:
  55:/home/pani_/LHRS/VCAT-Dashboard/firmware/core/Src/init.c ****   {
  56:/home/pani_/LHRS/VCAT-Dashboard/firmware/core/Src/init.c ****     Error_Handler();
  57:/home/pani_/LHRS/VCAT-Dashboard/firmware/core/Src/init.c ****   }
  58:/home/pani_/LHRS/VCAT-Dashboard/firmware/core/Src/init.c **** }
 197              		.loc 1 58 1 view .LVU51
 198 0062 15B0     		add	sp, sp, #84
 199              	.LCFI6:
 200              		.cfi_remember_state
 201              		.cfi_def_cfa_offset 4
 202              		@ sp needed
 203 0064 5DF804FB 		ldr	pc, [sp], #4
 204              	.L9:
 205              	.LCFI7:
 206              		.cfi_restore_state
  42:/home/pani_/LHRS/VCAT-Dashboard/firmware/core/Src/init.c ****   }
 207              		.loc 1 42 5 is_stmt 1 view .LVU52
 208 0068 FFF7FEFF 		bl	Error_Handler
 209              	.LVL9:
 210 006c ECE7     		b	.L6
 211              	.L10:
  56:/home/pani_/LHRS/VCAT-Dashboard/firmware/core/Src/init.c ****   }
 212              		.loc 1 56 5 view .LVU53
 213 006e FFF7FEFF 		bl	Error_Handler
 214              	.LVL10:
 215              		.loc 1 58 1 is_stmt 0 view .LVU54
 216 0072 F6E7     		b	.L5
 217              		.cfi_endproc
 218              	.LFE335:
 220              		.text
 221              	.Letext0:
 222              		.file 2 "/usr/lib/gcc/arm-none-eabi/13.2.1/include/stdint.h"
 223              		.file 3 "stm/stm32g4xx/CMSIS/Device/ST/STM32G4xx/Include/stm32g473xx.h"
 224              		.file 4 "stm/stm32g4xx/STM32G4xx_HAL_Driver/Inc/stm32g4xx_hal_def.h"
 225              		.file 5 "stm/stm32g4xx/STM32G4xx_HAL_Driver/Inc/stm32g4xx_hal_rcc.h"
 226              		.file 6 "stm/stm32g4xx/STM32G4xx_HAL_Driver/Inc/stm32g4xx_hal_gpio.h"
 227              		.file 7 "stm/stm32g4xx/STM32G4xx_HAL_Driver/Inc/stm32g4xx_hal_pwr_ex.h"
 228              		.file 8 "common/Inc/stm32xx_hal.h"
ARM GAS  /tmp/cc0PEkkF.s 			page 6


 229              		.file 9 "<built-in>"
ARM GAS  /tmp/cc0PEkkF.s 			page 7


DEFINED SYMBOLS
                            *ABS*:00000000 init.c
     /tmp/cc0PEkkF.s:21     .text.gpioPin_Init:00000000 $t
     /tmp/cc0PEkkF.s:27     .text.gpioPin_Init:00000000 gpioPin_Init
     /tmp/cc0PEkkF.s:92     .text.SystemClock_Config:00000000 $t
     /tmp/cc0PEkkF.s:98     .text.SystemClock_Config:00000000 SystemClock_Config

UNDEFINED SYMBOLS
HAL_GPIO_Init
HAL_GPIO_WritePin
memset
HAL_PWREx_ControlVoltageScaling
HAL_RCC_OscConfig
HAL_RCC_ClockConfig
Error_Handler
