ARM GAS  /tmp/ccxLMEjv.s 			page 1


   1              		.cpu cortex-m4
   2              		.arch armv7e-m
   3              		.fpu fpv4-sp-d16
   4              		.eabi_attribute 27, 1
   5              		.eabi_attribute 28, 1
   6              		.eabi_attribute 20, 1
   7              		.eabi_attribute 21, 1
   8              		.eabi_attribute 23, 3
   9              		.eabi_attribute 24, 1
  10              		.eabi_attribute 25, 1
  11              		.eabi_attribute 26, 1
  12              		.eabi_attribute 30, 1
  13              		.eabi_attribute 34, 1
  14              		.eabi_attribute 18, 4
  15              		.file	"ISRs.c"
  16              		.text
  17              	.Ltext0:
  18              		.cfi_sections	.debug_frame
  19              		.file 1 "/home/pani_/LHRS/VCAT-Dashboard/firmware/drivers/Src/ISRs.c"
  20              		.section	.text.HAL_GPIO_EXTI_Callback,"ax",%progbits
  21              		.align	1
  22              		.global	HAL_GPIO_EXTI_Callback
  23              		.syntax unified
  24              		.thumb
  25              		.thumb_func
  27              	HAL_GPIO_EXTI_Callback:
  28              	.LVL0:
  29              	.LFB334:
   1:/home/pani_/LHRS/VCAT-Dashboard/firmware/drivers/Src/ISRs.c **** #include "init.h"
   2:/home/pani_/LHRS/VCAT-Dashboard/firmware/drivers/Src/ISRs.c **** #include "Status_LEDs.h"
   3:/home/pani_/LHRS/VCAT-Dashboard/firmware/drivers/Src/ISRs.c **** #include "Horn.h"
   4:/home/pani_/LHRS/VCAT-Dashboard/firmware/drivers/Src/ISRs.c **** #include "Switches.h"
   5:/home/pani_/LHRS/VCAT-Dashboard/firmware/drivers/Src/ISRs.c **** 
   6:/home/pani_/LHRS/VCAT-Dashboard/firmware/drivers/Src/ISRs.c **** /**
   7:/home/pani_/LHRS/VCAT-Dashboard/firmware/drivers/Src/ISRs.c ****  * @brief  EXTI callback fired on any configured external interrupt edge.
   8:/home/pani_/LHRS/VCAT-Dashboard/firmware/drivers/Src/ISRs.c ****  *         Handles debounce, then updates LEDs based on switch states.
   9:/home/pani_/LHRS/VCAT-Dashboard/firmware/drivers/Src/ISRs.c ****  *         - NEUTRAL_GEAR: updates PH_CAN_TX_LED, and CAR_CAN_TX_LED if FWD or REV is active.
  10:/home/pani_/LHRS/VCAT-Dashboard/firmware/drivers/Src/ISRs.c ****  *         - IGN_OFF:      updates PH_CAN_RX_LED to mirror ignition off switch state.
  11:/home/pani_/LHRS/VCAT-Dashboard/firmware/drivers/Src/ISRs.c ****  * 
  12:/home/pani_/LHRS/VCAT-Dashboard/firmware/drivers/Src/ISRs.c ****  * @param  GPIO_Pin  Pin number that triggered the interrupt.
  13:/home/pani_/LHRS/VCAT-Dashboard/firmware/drivers/Src/ISRs.c ****  */
  14:/home/pani_/LHRS/VCAT-Dashboard/firmware/drivers/Src/ISRs.c **** void HAL_GPIO_EXTI_Callback(uint16_t GPIO_Pin) {
  30              		.loc 1 14 48 view -0
  31              		.cfi_startproc
  32              		@ args = 0, pretend = 0, frame = 0
  33              		@ frame_needed = 0, uses_anonymous_args = 0
  34              		.loc 1 14 48 is_stmt 0 view .LVU1
  35 0000 08B5     		push	{r3, lr}
  36              	.LCFI0:
  37              		.cfi_def_cfa_offset 8
  38              		.cfi_offset 3, -8
  39              		.cfi_offset 14, -4
  15:/home/pani_/LHRS/VCAT-Dashboard/firmware/drivers/Src/ISRs.c ****     if (GPIO_Pin == NEUTRAL_GEAR_PIN) {
  40              		.loc 1 15 5 is_stmt 1 view .LVU2
  41              		.loc 1 15 8 is_stmt 0 view .LVU3
  42 0002 0128     		cmp	r0, #1
  43 0004 02D0     		beq	.L7
ARM GAS  /tmp/ccxLMEjv.s 			page 2


  16:/home/pani_/LHRS/VCAT-Dashboard/firmware/drivers/Src/ISRs.c ****         led_set(PH_CAN_TX_LED_PORT, PH_CAN_TX_LED_PIN, switch_get_state(NEUTRAL_GEAR_PORT, NEUTRAL_
  17:/home/pani_/LHRS/VCAT-Dashboard/firmware/drivers/Src/ISRs.c ****         if (switch_get_state(FWD_SW_PORT, FWD_SW_PIN) == ON) {
  18:/home/pani_/LHRS/VCAT-Dashboard/firmware/drivers/Src/ISRs.c ****             led_set(CAR_CAN_TX_LED_PORT, CAR_CAN_TX_LED_PIN, ON);
  19:/home/pani_/LHRS/VCAT-Dashboard/firmware/drivers/Src/ISRs.c ****         } else if (switch_get_state(REV_SW_PORT, REV_SW_PIN) == ON) {
  20:/home/pani_/LHRS/VCAT-Dashboard/firmware/drivers/Src/ISRs.c ****             led_set(CAR_CAN_TX_LED_PORT, CAR_CAN_TX_LED_PIN, ON);
  21:/home/pani_/LHRS/VCAT-Dashboard/firmware/drivers/Src/ISRs.c ****         } else {
  22:/home/pani_/LHRS/VCAT-Dashboard/firmware/drivers/Src/ISRs.c ****             led_set(PH_CAN_TX_LED_PORT, PH_CAN_TX_LED_PIN, switch_get_state(NEUTRAL_GEAR_PORT, NEUT
  23:/home/pani_/LHRS/VCAT-Dashboard/firmware/drivers/Src/ISRs.c ****         }
  24:/home/pani_/LHRS/VCAT-Dashboard/firmware/drivers/Src/ISRs.c ****     } else if (GPIO_Pin == IGN_OFF_PIN) {
  44              		.loc 1 24 12 is_stmt 1 view .LVU4
  45              		.loc 1 24 15 is_stmt 0 view .LVU5
  46 0006 0428     		cmp	r0, #4
  47 0008 2AD0     		beq	.L8
  48              	.LVL1:
  49              	.L1:
  25:/home/pani_/LHRS/VCAT-Dashboard/firmware/drivers/Src/ISRs.c ****         led_set(PH_CAN_RX_LED_PORT, PH_CAN_RX_LED_PIN, switch_get_state(IGN_OFF_PORT, IGN_OFF_PIN))
  26:/home/pani_/LHRS/VCAT-Dashboard/firmware/drivers/Src/ISRs.c ****     }
  27:/home/pani_/LHRS/VCAT-Dashboard/firmware/drivers/Src/ISRs.c **** 
  28:/home/pani_/LHRS/VCAT-Dashboard/firmware/drivers/Src/ISRs.c **** 	/**
  29:/home/pani_/LHRS/VCAT-Dashboard/firmware/drivers/Src/ISRs.c **** 	 * 
  30:/home/pani_/LHRS/VCAT-Dashboard/firmware/drivers/Src/ISRs.c **** 	 * @todo 	write Neautral Gear and Ign Off States to the switch states payload
  31:/home/pani_/LHRS/VCAT-Dashboard/firmware/drivers/Src/ISRs.c **** 	 * 
  32:/home/pani_/LHRS/VCAT-Dashboard/firmware/drivers/Src/ISRs.c **** 	*/
  33:/home/pani_/LHRS/VCAT-Dashboard/firmware/drivers/Src/ISRs.c **** }
  50              		.loc 1 33 1 view .LVU6
  51 000a 08BD     		pop	{r3, pc}
  52              	.LVL2:
  53              	.L7:
  16:/home/pani_/LHRS/VCAT-Dashboard/firmware/drivers/Src/ISRs.c ****         led_set(PH_CAN_TX_LED_PORT, PH_CAN_TX_LED_PIN, switch_get_state(NEUTRAL_GEAR_PORT, NEUTRAL_
  54              		.loc 1 16 9 is_stmt 1 view .LVU7
  16:/home/pani_/LHRS/VCAT-Dashboard/firmware/drivers/Src/ISRs.c ****         led_set(PH_CAN_TX_LED_PORT, PH_CAN_TX_LED_PIN, switch_get_state(NEUTRAL_GEAR_PORT, NEUTRAL_
  55              		.loc 1 16 56 is_stmt 0 view .LVU8
  56 000c 0121     		movs	r1, #1
  57 000e 1B48     		ldr	r0, .L9
  58              	.LVL3:
  16:/home/pani_/LHRS/VCAT-Dashboard/firmware/drivers/Src/ISRs.c ****         led_set(PH_CAN_TX_LED_PORT, PH_CAN_TX_LED_PIN, switch_get_state(NEUTRAL_GEAR_PORT, NEUTRAL_
  59              		.loc 1 16 56 view .LVU9
  60 0010 FFF7FEFF 		bl	switch_get_state
  61              	.LVL4:
  62 0014 0246     		mov	r2, r0
  16:/home/pani_/LHRS/VCAT-Dashboard/firmware/drivers/Src/ISRs.c ****         led_set(PH_CAN_TX_LED_PORT, PH_CAN_TX_LED_PIN, switch_get_state(NEUTRAL_GEAR_PORT, NEUTRAL_
  63              		.loc 1 16 9 discriminator 1 view .LVU10
  64 0016 1021     		movs	r1, #16
  65 0018 1948     		ldr	r0, .L9+4
  66 001a FFF7FEFF 		bl	led_set
  67              	.LVL5:
  17:/home/pani_/LHRS/VCAT-Dashboard/firmware/drivers/Src/ISRs.c ****             led_set(CAR_CAN_TX_LED_PORT, CAR_CAN_TX_LED_PIN, ON);
  68              		.loc 1 17 9 is_stmt 1 view .LVU11
  17:/home/pani_/LHRS/VCAT-Dashboard/firmware/drivers/Src/ISRs.c ****             led_set(CAR_CAN_TX_LED_PORT, CAR_CAN_TX_LED_PIN, ON);
  69              		.loc 1 17 13 is_stmt 0 view .LVU12
  70 001e 0121     		movs	r1, #1
  71 0020 4FF09040 		mov	r0, #1207959552
  72 0024 FFF7FEFF 		bl	switch_get_state
  73              	.LVL6:
  17:/home/pani_/LHRS/VCAT-Dashboard/firmware/drivers/Src/ISRs.c ****             led_set(CAR_CAN_TX_LED_PORT, CAR_CAN_TX_LED_PIN, ON);
  74              		.loc 1 17 12 discriminator 1 view .LVU13
  75 0028 28B9     		cbnz	r0, .L3
ARM GAS  /tmp/ccxLMEjv.s 			page 3


  18:/home/pani_/LHRS/VCAT-Dashboard/firmware/drivers/Src/ISRs.c ****         } else if (switch_get_state(REV_SW_PORT, REV_SW_PIN) == ON) {
  76              		.loc 1 18 13 is_stmt 1 view .LVU14
  77 002a 0022     		movs	r2, #0
  78 002c 2021     		movs	r1, #32
  79 002e 1448     		ldr	r0, .L9+4
  80 0030 FFF7FEFF 		bl	led_set
  81              	.LVL7:
  82 0034 E9E7     		b	.L1
  83              	.L3:
  19:/home/pani_/LHRS/VCAT-Dashboard/firmware/drivers/Src/ISRs.c ****             led_set(CAR_CAN_TX_LED_PORT, CAR_CAN_TX_LED_PIN, ON);
  84              		.loc 1 19 16 view .LVU15
  19:/home/pani_/LHRS/VCAT-Dashboard/firmware/drivers/Src/ISRs.c ****             led_set(CAR_CAN_TX_LED_PORT, CAR_CAN_TX_LED_PIN, ON);
  85              		.loc 1 19 20 is_stmt 0 view .LVU16
  86 0036 8021     		movs	r1, #128
  87 0038 1048     		ldr	r0, .L9
  88 003a FFF7FEFF 		bl	switch_get_state
  89              	.LVL8:
  19:/home/pani_/LHRS/VCAT-Dashboard/firmware/drivers/Src/ISRs.c ****             led_set(CAR_CAN_TX_LED_PORT, CAR_CAN_TX_LED_PIN, ON);
  90              		.loc 1 19 19 discriminator 1 view .LVU17
  91 003e 28B9     		cbnz	r0, .L5
  20:/home/pani_/LHRS/VCAT-Dashboard/firmware/drivers/Src/ISRs.c ****         } else {
  92              		.loc 1 20 13 is_stmt 1 view .LVU18
  93 0040 0022     		movs	r2, #0
  94 0042 2021     		movs	r1, #32
  95 0044 0E48     		ldr	r0, .L9+4
  96 0046 FFF7FEFF 		bl	led_set
  97              	.LVL9:
  98 004a DEE7     		b	.L1
  99              	.L5:
  22:/home/pani_/LHRS/VCAT-Dashboard/firmware/drivers/Src/ISRs.c ****         }
 100              		.loc 1 22 13 view .LVU19
  22:/home/pani_/LHRS/VCAT-Dashboard/firmware/drivers/Src/ISRs.c ****         }
 101              		.loc 1 22 60 is_stmt 0 view .LVU20
 102 004c 0121     		movs	r1, #1
 103 004e 0B48     		ldr	r0, .L9
 104 0050 FFF7FEFF 		bl	switch_get_state
 105              	.LVL10:
 106 0054 0246     		mov	r2, r0
  22:/home/pani_/LHRS/VCAT-Dashboard/firmware/drivers/Src/ISRs.c ****         }
 107              		.loc 1 22 13 discriminator 1 view .LVU21
 108 0056 1021     		movs	r1, #16
 109 0058 0948     		ldr	r0, .L9+4
 110 005a FFF7FEFF 		bl	led_set
 111              	.LVL11:
 112 005e D4E7     		b	.L1
 113              	.LVL12:
 114              	.L8:
  25:/home/pani_/LHRS/VCAT-Dashboard/firmware/drivers/Src/ISRs.c ****     }
 115              		.loc 1 25 9 is_stmt 1 view .LVU22
  25:/home/pani_/LHRS/VCAT-Dashboard/firmware/drivers/Src/ISRs.c ****     }
 116              		.loc 1 25 56 is_stmt 0 view .LVU23
 117 0060 0421     		movs	r1, #4
 118 0062 4FF09040 		mov	r0, #1207959552
 119              	.LVL13:
  25:/home/pani_/LHRS/VCAT-Dashboard/firmware/drivers/Src/ISRs.c ****     }
 120              		.loc 1 25 56 view .LVU24
 121 0066 FFF7FEFF 		bl	switch_get_state
ARM GAS  /tmp/ccxLMEjv.s 			page 4


 122              	.LVL14:
 123 006a 0246     		mov	r2, r0
  25:/home/pani_/LHRS/VCAT-Dashboard/firmware/drivers/Src/ISRs.c ****     }
 124              		.loc 1 25 9 discriminator 1 view .LVU25
 125 006c 4FF48061 		mov	r1, #1024
 126 0070 4FF09040 		mov	r0, #1207959552
 127 0074 FFF7FEFF 		bl	led_set
 128              	.LVL15:
 129              		.loc 1 33 1 view .LVU26
 130 0078 C7E7     		b	.L1
 131              	.L10:
 132 007a 00BF     		.align	2
 133              	.L9:
 134 007c 00080048 		.word	1207961600
 135 0080 00040048 		.word	1207960576
 136              		.cfi_endproc
 137              	.LFE334:
 139              		.section	.text.EXTI0_IRQHandler,"ax",%progbits
 140              		.align	1
 141              		.global	EXTI0_IRQHandler
 142              		.syntax unified
 143              		.thumb
 144              		.thumb_func
 146              	EXTI0_IRQHandler:
 147              	.LFB335:
  34:/home/pani_/LHRS/VCAT-Dashboard/firmware/drivers/Src/ISRs.c **** 
  35:/home/pani_/LHRS/VCAT-Dashboard/firmware/drivers/Src/ISRs.c **** /**
  36:/home/pani_/LHRS/VCAT-Dashboard/firmware/drivers/Src/ISRs.c ****  * @brief  EXTI line 0 interrupt handler. Routed to NEUTRAL_GEAR_PIN.
  37:/home/pani_/LHRS/VCAT-Dashboard/firmware/drivers/Src/ISRs.c ****  */
  38:/home/pani_/LHRS/VCAT-Dashboard/firmware/drivers/Src/ISRs.c **** void EXTI0_IRQHandler(void) {
 148              		.loc 1 38 29 is_stmt 1 view -0
 149              		.cfi_startproc
 150              		@ args = 0, pretend = 0, frame = 0
 151              		@ frame_needed = 0, uses_anonymous_args = 0
 152 0000 08B5     		push	{r3, lr}
 153              	.LCFI1:
 154              		.cfi_def_cfa_offset 8
 155              		.cfi_offset 3, -8
 156              		.cfi_offset 14, -4
  39:/home/pani_/LHRS/VCAT-Dashboard/firmware/drivers/Src/ISRs.c ****     HAL_GPIO_EXTI_IRQHandler(NEUTRAL_GEAR_PIN);
 157              		.loc 1 39 5 view .LVU28
 158 0002 0120     		movs	r0, #1
 159 0004 FFF7FEFF 		bl	HAL_GPIO_EXTI_IRQHandler
 160              	.LVL16:
  40:/home/pani_/LHRS/VCAT-Dashboard/firmware/drivers/Src/ISRs.c **** }
 161              		.loc 1 40 1 is_stmt 0 view .LVU29
 162 0008 08BD     		pop	{r3, pc}
 163              		.cfi_endproc
 164              	.LFE335:
 166              		.section	.text.EXTI2_IRQHandler,"ax",%progbits
 167              		.align	1
 168              		.global	EXTI2_IRQHandler
 169              		.syntax unified
 170              		.thumb
 171              		.thumb_func
 173              	EXTI2_IRQHandler:
 174              	.LFB336:
ARM GAS  /tmp/ccxLMEjv.s 			page 5


  41:/home/pani_/LHRS/VCAT-Dashboard/firmware/drivers/Src/ISRs.c **** 
  42:/home/pani_/LHRS/VCAT-Dashboard/firmware/drivers/Src/ISRs.c **** /**
  43:/home/pani_/LHRS/VCAT-Dashboard/firmware/drivers/Src/ISRs.c ****  * @brief  EXTI line 2 interrupt handler. Routed to IGN_OFF_PIN.
  44:/home/pani_/LHRS/VCAT-Dashboard/firmware/drivers/Src/ISRs.c ****  */
  45:/home/pani_/LHRS/VCAT-Dashboard/firmware/drivers/Src/ISRs.c **** void EXTI2_IRQHandler(void) {
 175              		.loc 1 45 29 is_stmt 1 view -0
 176              		.cfi_startproc
 177              		@ args = 0, pretend = 0, frame = 0
 178              		@ frame_needed = 0, uses_anonymous_args = 0
 179 0000 08B5     		push	{r3, lr}
 180              	.LCFI2:
 181              		.cfi_def_cfa_offset 8
 182              		.cfi_offset 3, -8
 183              		.cfi_offset 14, -4
  46:/home/pani_/LHRS/VCAT-Dashboard/firmware/drivers/Src/ISRs.c ****     HAL_GPIO_EXTI_IRQHandler(IGN_OFF_PIN);
 184              		.loc 1 46 5 view .LVU31
 185 0002 0420     		movs	r0, #4
 186 0004 FFF7FEFF 		bl	HAL_GPIO_EXTI_IRQHandler
 187              	.LVL17:
  47:/home/pani_/LHRS/VCAT-Dashboard/firmware/drivers/Src/ISRs.c **** }...
 188              		.loc 1 47 1 is_stmt 0 view .LVU32
 189 0008 08BD     		pop	{r3, pc}
 190              		.cfi_endproc
 191              	.LFE336:
 193              		.text
 194              	.Letext0:
 195              		.file 2 "/usr/lib/gcc/arm-none-eabi/13.2.1/include/stdint.h"
 196              		.file 3 "stm/stm32g4xx/CMSIS/Device/ST/STM32G4xx/Include/stm32g473xx.h"
 197              		.file 4 "stm/stm32g4xx/STM32G4xx_HAL_Driver/Inc/stm32g4xx_hal_gpio.h"
 198              		.file 5 "/home/pani_/LHRS/VCAT-Dashboard/firmware/core/Inc/init.h"
 199              		.file 6 "/home/pani_/LHRS/VCAT-Dashboard/firmware/drivers/Inc/Status_LEDs.h"
 200              		.file 7 "/home/pani_/LHRS/VCAT-Dashboard/firmware/drivers/Inc/Switches.h"
ARM GAS  /tmp/ccxLMEjv.s 			page 6


DEFINED SYMBOLS
                            *ABS*:00000000 ISRs.c
     /tmp/ccxLMEjv.s:21     .text.HAL_GPIO_EXTI_Callback:00000000 $t
     /tmp/ccxLMEjv.s:27     .text.HAL_GPIO_EXTI_Callback:00000000 HAL_GPIO_EXTI_Callback
     /tmp/ccxLMEjv.s:134    .text.HAL_GPIO_EXTI_Callback:0000007c $d
     /tmp/ccxLMEjv.s:140    .text.EXTI0_IRQHandler:00000000 $t
     /tmp/ccxLMEjv.s:146    .text.EXTI0_IRQHandler:00000000 EXTI0_IRQHandler
     /tmp/ccxLMEjv.s:167    .text.EXTI2_IRQHandler:00000000 $t
     /tmp/ccxLMEjv.s:173    .text.EXTI2_IRQHandler:00000000 EXTI2_IRQHandler

UNDEFINED SYMBOLS
switch_get_state
led_set
HAL_GPIO_EXTI_IRQHandler
