ARM GAS  /tmp/ccQvoyqB.s 			page 1


   1              		.cpu cortex-m4
   2              		.arch armv7e-m
   3              		.fpu fpv4-sp-d16
   4              		.eabi_attribute 27, 1
   5              		.eabi_attribute 28, 1
   6              		.eabi_attribute 20, 1
   7              		.eabi_attribute 21, 1
   8              		.eabi_attribute 23, 3
   9              		.eabi_attribute 24, 1
  10              		.eabi_attribute 25, 1
  11              		.eabi_attribute 26, 1
  12              		.eabi_attribute 30, 1
  13              		.eabi_attribute 34, 1
  14              		.eabi_attribute 18, 4
  15              		.file	"ReadCarCAN_task.c"
  16              		.text
  17              	.Ltext0:
  18              		.cfi_sections	.debug_frame
  19              		.file 1 "/home/pani_/LHRS/VCAT-Dashboard/firmware/tasks/Src/ReadCarCAN_task.c"
  20              		.section	.text.ReadCarCAN_task,"ax",%progbits
  21              		.align	1
  22              		.global	ReadCarCAN_task
  23              		.syntax unified
  24              		.thumb
  25              		.thumb_func
  27              	ReadCarCAN_task:
  28              	.LFB334:
   1:/home/pani_/LHRS/VCAT-Dashboard/firmware/tasks/Src/ReadCarCAN_task.c **** #include "ControlsLeader_Tasks.h"
   2:/home/pani_/LHRS/VCAT-Dashboard/firmware/tasks/Src/ReadCarCAN_task.c **** #include "init.h"
   3:/home/pani_/LHRS/VCAT-Dashboard/firmware/tasks/Src/ReadCarCAN_task.c **** 
   4:/home/pani_/LHRS/VCAT-Dashboard/firmware/tasks/Src/ReadCarCAN_task.c **** 
   5:/home/pani_/LHRS/VCAT-Dashboard/firmware/tasks/Src/ReadCarCAN_task.c **** void ReadCarCAN_task(void *argument) {
  29              		.loc 1 5 38 view -0
  30              		.cfi_startproc
  31              		@ Volatile: function does not return.
  32              		@ args = 0, pretend = 0, frame = 0
  33              		@ frame_needed = 0, uses_anonymous_args = 0
  34              	.LVL0:
  35              		.loc 1 5 38 is_stmt 0 view .LVU1
  36 0000 08B5     		push	{r3, lr}
  37              	.LCFI0:
  38              		.cfi_def_cfa_offset 8
  39              		.cfi_offset 3, -8
  40              		.cfi_offset 14, -4
  41              	.LVL1:
  42              	.L2:
   6:/home/pani_/LHRS/VCAT-Dashboard/firmware/tasks/Src/ReadCarCAN_task.c **** 
   7:/home/pani_/LHRS/VCAT-Dashboard/firmware/tasks/Src/ReadCarCAN_task.c ****     while(1) {
  43              		.loc 1 7 5 is_stmt 1 view .LVU2
   8:/home/pani_/LHRS/VCAT-Dashboard/firmware/tasks/Src/ReadCarCAN_task.c ****         set_LED(LSOM_HB, GPIO_PIN_SET);
  44              		.loc 1 8 9 view .LVU3
  45 0002 0A4C     		ldr	r4, .L4
  46 0004 0122     		movs	r2, #1
  47 0006 94E80300 		ldm	r4, {r0, r1}
  48 000a FFF7FEFF 		bl	set_LED
  49              	.LVL2:
   9:/home/pani_/LHRS/VCAT-Dashboard/firmware/tasks/Src/ReadCarCAN_task.c ****         vTaskDelay(pdMS_TO_TICKS(500));
ARM GAS  /tmp/ccQvoyqB.s 			page 2


  50              		.loc 1 9 9 view .LVU4
  51 000e 4FF4FA70 		mov	r0, #500
  52 0012 FFF7FEFF 		bl	vTaskDelay
  53              	.LVL3:
  10:/home/pani_/LHRS/VCAT-Dashboard/firmware/tasks/Src/ReadCarCAN_task.c ****         set_LED(LSOM_HB, GPIO_PIN_RESET);
  54              		.loc 1 10 9 view .LVU5
  55 0016 0022     		movs	r2, #0
  56 0018 94E80300 		ldm	r4, {r0, r1}
  57 001c FFF7FEFF 		bl	set_LED
  58              	.LVL4:
  11:/home/pani_/LHRS/VCAT-Dashboard/firmware/tasks/Src/ReadCarCAN_task.c ****         vTaskDelay(pdMS_TO_TICKS(500));
  59              		.loc 1 11 9 discriminator 1 view .LVU6
  60 0020 4FF4FA70 		mov	r0, #500
  61 0024 FFF7FEFF 		bl	vTaskDelay
  62              	.LVL5:
   7:/home/pani_/LHRS/VCAT-Dashboard/firmware/tasks/Src/ReadCarCAN_task.c ****         set_LED(LSOM_HB, GPIO_PIN_SET);
  63              		.loc 1 7 10 view .LVU7
  64 0028 EBE7     		b	.L2
  65              	.L5:
  66 002a 00BF     		.align	2
  67              	.L4:
  68 002c 00000000 		.word	LSOM_HB
  69              		.cfi_endproc
  70              	.LFE334:
  72              		.text
  73              	.Letext0:
  74              		.file 2 "/usr/lib/gcc/arm-none-eabi/13.2.1/include/stdint.h"
  75              		.file 3 "stm/stm32g4xx/CMSIS/Device/ST/STM32G4xx/Include/stm32g473xx.h"
  76              		.file 4 "stm/stm32g4xx/STM32G4xx_HAL_Driver/Inc/stm32g4xx_hal_gpio.h"
  77              		.file 5 "middleware/FreeRTOS-Kernel/portable/GCC/ARM_CM4F/portmacro.h"
  78              		.file 6 "/home/pani_/LHRS/VCAT-Dashboard/firmware/config/Inc/pinMode.h"
  79              		.file 7 "middleware/FreeRTOS-Kernel/include/task.h"
  80              		.file 8 "/home/pani_/LHRS/VCAT-Dashboard/firmware/drivers/Inc/Status_LEDs.h"
ARM GAS  /tmp/ccQvoyqB.s 			page 3


DEFINED SYMBOLS
                            *ABS*:00000000 ReadCarCAN_task.c
     /tmp/ccQvoyqB.s:21     .text.ReadCarCAN_task:00000000 $t
     /tmp/ccQvoyqB.s:27     .text.ReadCarCAN_task:00000000 ReadCarCAN_task
     /tmp/ccQvoyqB.s:68     .text.ReadCarCAN_task:0000002c $d

UNDEFINED SYMBOLS
set_LED
vTaskDelay
LSOM_HB
