ARM GAS  /tmp/ccHC9FFG.s 			page 1


   1              		.cpu cortex-m4
   2              		.arch armv7e-m
   3              		.fpu fpv4-sp-d16
   4              		.eabi_attribute 27, 1
   5              		.eabi_attribute 28, 1
   6              		.eabi_attribute 20, 1
   7              		.eabi_attribute 21, 1
   8              		.eabi_attribute 23, 3
   9              		.eabi_attribute 24, 1
  10              		.eabi_attribute 25, 1
  11              		.eabi_attribute 26, 1
  12              		.eabi_attribute 30, 1
  13              		.eabi_attribute 34, 1
  14              		.eabi_attribute 18, 4
  15              		.file	"Status_LEDs.c"
  16              		.text
  17              	.Ltext0:
  18              		.cfi_sections	.debug_frame
  19              		.file 1 "/home/pani_/LHRS/VCAT-Dashboard/firmware/drivers/Src/Status_LEDs.c"
  20              		.section	.text.led_GPIO_init,"ax",%progbits
  21              		.align	1
  22              		.global	led_GPIO_init
  23              		.syntax unified
  24              		.thumb
  25              		.thumb_func
  27              	led_GPIO_init:
  28              	.LFB334:
   1:/home/pani_/LHRS/VCAT-Dashboard/firmware/drivers/Src/Status_LEDs.c **** #include "init.h"
   2:/home/pani_/LHRS/VCAT-Dashboard/firmware/drivers/Src/Status_LEDs.c **** #include "Status_LEDs.h"
   3:/home/pani_/LHRS/VCAT-Dashboard/firmware/drivers/Src/Status_LEDs.c **** 
   4:/home/pani_/LHRS/VCAT-Dashboard/firmware/drivers/Src/Status_LEDs.c **** static bool bps_strobe = false;
   5:/home/pani_/LHRS/VCAT-Dashboard/firmware/drivers/Src/Status_LEDs.c **** 
   6:/home/pani_/LHRS/VCAT-Dashboard/firmware/drivers/Src/Status_LEDs.c **** void led_GPIO_init() {
  29              		.loc 1 6 22 view -0
  30              		.cfi_startproc
  31              		@ args = 0, pretend = 0, frame = 16
  32              		@ frame_needed = 0, uses_anonymous_args = 0
  33 0000 10B5     		push	{r4, lr}
  34              	.LCFI0:
  35              		.cfi_def_cfa_offset 8
  36              		.cfi_offset 4, -8
  37              		.cfi_offset 14, -4
  38 0002 84B0     		sub	sp, sp, #16
  39              	.LCFI1:
  40              		.cfi_def_cfa_offset 24
   7:/home/pani_/LHRS/VCAT-Dashboard/firmware/drivers/Src/Status_LEDs.c **** 	__HAL_RCC_GPIOA_CLK_ENABLE();
  41              		.loc 1 7 2 view .LVU1
  42              	.LBB2:
  43              		.loc 1 7 2 view .LVU2
  44              		.loc 1 7 2 view .LVU3
  45 0004 294B     		ldr	r3, .L3
  46 0006 DA6C     		ldr	r2, [r3, #76]
  47 0008 42F00102 		orr	r2, r2, #1
  48 000c DA64     		str	r2, [r3, #76]
  49              		.loc 1 7 2 view .LVU4
  50 000e DA6C     		ldr	r2, [r3, #76]
  51 0010 02F00102 		and	r2, r2, #1
ARM GAS  /tmp/ccHC9FFG.s 			page 2


  52 0014 0192     		str	r2, [sp, #4]
  53              		.loc 1 7 2 view .LVU5
  54 0016 019A     		ldr	r2, [sp, #4]
  55              	.LBE2:
  56              		.loc 1 7 2 view .LVU6
   8:/home/pani_/LHRS/VCAT-Dashboard/firmware/drivers/Src/Status_LEDs.c ****     __HAL_RCC_GPIOB_CLK_ENABLE();
  57              		.loc 1 8 5 view .LVU7
  58              	.LBB3:
  59              		.loc 1 8 5 view .LVU8
  60              		.loc 1 8 5 view .LVU9
  61 0018 DA6C     		ldr	r2, [r3, #76]
  62 001a 42F00202 		orr	r2, r2, #2
  63 001e DA64     		str	r2, [r3, #76]
  64              		.loc 1 8 5 view .LVU10
  65 0020 DA6C     		ldr	r2, [r3, #76]
  66 0022 02F00202 		and	r2, r2, #2
  67 0026 0292     		str	r2, [sp, #8]
  68              		.loc 1 8 5 view .LVU11
  69 0028 029A     		ldr	r2, [sp, #8]
  70              	.LBE3:
  71              		.loc 1 8 5 view .LVU12
   9:/home/pani_/LHRS/VCAT-Dashboard/firmware/drivers/Src/Status_LEDs.c ****     __HAL_RCC_GPIOC_CLK_ENABLE();
  72              		.loc 1 9 5 view .LVU13
  73              	.LBB4:
  74              		.loc 1 9 5 view .LVU14
  75              		.loc 1 9 5 view .LVU15
  76 002a DA6C     		ldr	r2, [r3, #76]
  77 002c 42F00402 		orr	r2, r2, #4
  78 0030 DA64     		str	r2, [r3, #76]
  79              		.loc 1 9 5 view .LVU16
  80 0032 DB6C     		ldr	r3, [r3, #76]
  81 0034 03F00403 		and	r3, r3, #4
  82 0038 0393     		str	r3, [sp, #12]
  83              		.loc 1 9 5 view .LVU17
  84 003a 039B     		ldr	r3, [sp, #12]
  85              	.LBE4:
  86              		.loc 1 9 5 view .LVU18
  10:/home/pani_/LHRS/VCAT-Dashboard/firmware/drivers/Src/Status_LEDs.c ****     gpioPin_Init(PH_CAN_RX_LED_PORT,  PH_CAN_RX_LED_PIN,  GPIO_MODE_OUTPUT_PP);
  87              		.loc 1 10 5 view .LVU19
  88 003c 0122     		movs	r2, #1
  89 003e 4FF48061 		mov	r1, #1024
  90 0042 4FF09040 		mov	r0, #1207959552
  91 0046 FFF7FEFF 		bl	gpioPin_Init
  92              	.LVL0:
  11:/home/pani_/LHRS/VCAT-Dashboard/firmware/drivers/Src/Status_LEDs.c ****     gpioPin_Init(CAR_CAN_RX_LED_PORT, CAR_CAN_RX_LED_PIN, GPIO_MODE_OUTPUT_PP);
  93              		.loc 1 11 5 view .LVU20
  94 004a 194C     		ldr	r4, .L3+4
  95 004c 0122     		movs	r2, #1
  96 004e 0821     		movs	r1, #8
  97 0050 2046     		mov	r0, r4
  98 0052 FFF7FEFF 		bl	gpioPin_Init
  99              	.LVL1:
  12:/home/pani_/LHRS/VCAT-Dashboard/firmware/drivers/Src/Status_LEDs.c ****     gpioPin_Init(CAR_CAN_TX_LED_PORT, CAR_CAN_TX_LED_PIN, GPIO_MODE_OUTPUT_PP);
 100              		.loc 1 12 5 view .LVU21
 101 0056 0122     		movs	r2, #1
 102 0058 2021     		movs	r1, #32
 103 005a 2046     		mov	r0, r4
ARM GAS  /tmp/ccHC9FFG.s 			page 3


 104 005c FFF7FEFF 		bl	gpioPin_Init
 105              	.LVL2:
  13:/home/pani_/LHRS/VCAT-Dashboard/firmware/drivers/Src/Status_LEDs.c ****     gpioPin_Init(PH_CAN_TX_LED_PORT,  PH_CAN_TX_LED_PIN,  GPIO_MODE_OUTPUT_PP);
 106              		.loc 1 13 5 view .LVU22
 107 0060 0122     		movs	r2, #1
 108 0062 1021     		movs	r1, #16
 109 0064 2046     		mov	r0, r4
 110 0066 FFF7FEFF 		bl	gpioPin_Init
 111              	.LVL3:
  14:/home/pani_/LHRS/VCAT-Dashboard/firmware/drivers/Src/Status_LEDs.c ****     gpioPin_Init(X_LED2_PORT,         X_LED2_PIN,         GPIO_MODE_OUTPUT_PP);
 112              		.loc 1 14 5 view .LVU23
 113 006a 0122     		movs	r2, #1
 114 006c 4FF48041 		mov	r1, #16384
 115 0070 2046     		mov	r0, r4
 116 0072 FFF7FEFF 		bl	gpioPin_Init
 117              	.LVL4:
  15:/home/pani_/LHRS/VCAT-Dashboard/firmware/drivers/Src/Status_LEDs.c ****     gpioPin_Init(CONTROLS_HB_LED_PORT,CONTROLS_HB_LED_PIN,GPIO_MODE_OUTPUT_PP);
 118              		.loc 1 15 5 view .LVU24
 119 0076 0122     		movs	r2, #1
 120 0078 4FF48061 		mov	r1, #1024
 121 007c 2046     		mov	r0, r4
 122 007e FFF7FEFF 		bl	gpioPin_Init
 123              	.LVL5:
  16:/home/pani_/LHRS/VCAT-Dashboard/firmware/drivers/Src/Status_LEDs.c ****     gpioPin_Init(AKSHAY_LED_PORT,     AKSHAY_LED_PIN,     GPIO_MODE_OUTPUT_PP);
 124              		.loc 1 16 5 view .LVU25
 125 0082 0122     		movs	r2, #1
 126 0084 4FF40061 		mov	r1, #2048
 127 0088 2046     		mov	r0, r4
 128 008a FFF7FEFF 		bl	gpioPin_Init
 129              	.LVL6:
  17:/home/pani_/LHRS/VCAT-Dashboard/firmware/drivers/Src/Status_LEDs.c ****     gpioPin_Init(BPS_FAULT_LED_PORT,  BPS_FAULT_LED_PIN,  GPIO_MODE_OUTPUT_PP);
 130              		.loc 1 17 5 view .LVU26
 131 008e 04F58064 		add	r4, r4, #1024
 132 0092 0122     		movs	r2, #1
 133 0094 0221     		movs	r1, #2
 134 0096 2046     		mov	r0, r4
 135 0098 FFF7FEFF 		bl	gpioPin_Init
 136              	.LVL7:
  18:/home/pani_/LHRS/VCAT-Dashboard/firmware/drivers/Src/Status_LEDs.c ****     gpioPin_Init(LSOM_HB_PORT,        LSOM_HB_PIN,        GPIO_MODE_OUTPUT_PP);
 137              		.loc 1 18 5 view .LVU27
 138 009c 0122     		movs	r2, #1
 139 009e 0821     		movs	r1, #8
 140 00a0 2046     		mov	r0, r4
 141 00a2 FFF7FEFF 		bl	gpioPin_Init
 142              	.LVL8:
  19:/home/pani_/LHRS/VCAT-Dashboard/firmware/drivers/Src/Status_LEDs.c **** }
 143              		.loc 1 19 1 is_stmt 0 view .LVU28
 144 00a6 04B0     		add	sp, sp, #16
 145              	.LCFI2:
 146              		.cfi_def_cfa_offset 8
 147              		@ sp needed
 148 00a8 10BD     		pop	{r4, pc}
 149              	.L4:
 150 00aa 00BF     		.align	2
 151              	.L3:
 152 00ac 00100240 		.word	1073876992
 153 00b0 00040048 		.word	1207960576
ARM GAS  /tmp/ccHC9FFG.s 			page 4


 154              		.cfi_endproc
 155              	.LFE334:
 157              		.section	.text.led_set,"ax",%progbits
 158              		.align	1
 159              		.global	led_set
 160              		.syntax unified
 161              		.thumb
 162              		.thumb_func
 164              	led_set:
 165              	.LVL9:
 166              	.LFB335:
  20:/home/pani_/LHRS/VCAT-Dashboard/firmware/drivers/Src/Status_LEDs.c **** 
  21:/home/pani_/LHRS/VCAT-Dashboard/firmware/drivers/Src/Status_LEDs.c **** void led_set(GPIO_TypeDef *port, uint16_t pin, GPIO_PinState state) {
 167              		.loc 1 21 69 is_stmt 1 view -0
 168              		.cfi_startproc
 169              		@ args = 0, pretend = 0, frame = 0
 170              		@ frame_needed = 0, uses_anonymous_args = 0
  22:/home/pani_/LHRS/VCAT-Dashboard/firmware/drivers/Src/Status_LEDs.c **** 	if(port == NULL) return;
 171              		.loc 1 22 2 view .LVU30
 172              		.loc 1 22 4 is_stmt 0 view .LVU31
 173 0000 18B1     		cbz	r0, .L8
  21:/home/pani_/LHRS/VCAT-Dashboard/firmware/drivers/Src/Status_LEDs.c **** 	if(port == NULL) return;
 174              		.loc 1 21 69 view .LVU32
 175 0002 08B5     		push	{r3, lr}
 176              	.LCFI3:
 177              		.cfi_def_cfa_offset 8
 178              		.cfi_offset 3, -8
 179              		.cfi_offset 14, -4
  23:/home/pani_/LHRS/VCAT-Dashboard/firmware/drivers/Src/Status_LEDs.c ****     HAL_GPIO_WritePin(port, pin, state);
 180              		.loc 1 23 5 is_stmt 1 view .LVU33
 181 0004 FFF7FEFF 		bl	HAL_GPIO_WritePin
 182              	.LVL10:
  24:/home/pani_/LHRS/VCAT-Dashboard/firmware/drivers/Src/Status_LEDs.c **** }
 183              		.loc 1 24 1 is_stmt 0 view .LVU34
 184 0008 08BD     		pop	{r3, pc}
 185              	.LVL11:
 186              	.L8:
 187              	.LCFI4:
 188              		.cfi_def_cfa_offset 0
 189              		.cfi_restore 3
 190              		.cfi_restore 14
 191              		.loc 1 24 1 view .LVU35
 192 000a 7047     		bx	lr
 193              		.cfi_endproc
 194              	.LFE335:
 196              		.section	.text.led_toggle,"ax",%progbits
 197              		.align	1
 198              		.global	led_toggle
 199              		.syntax unified
 200              		.thumb
 201              		.thumb_func
 203              	led_toggle:
 204              	.LVL12:
 205              	.LFB336:
  25:/home/pani_/LHRS/VCAT-Dashboard/firmware/drivers/Src/Status_LEDs.c **** 
  26:/home/pani_/LHRS/VCAT-Dashboard/firmware/drivers/Src/Status_LEDs.c **** void led_toggle(GPIO_TypeDef *port, uint16_t pin) {
 206              		.loc 1 26 51 is_stmt 1 view -0
ARM GAS  /tmp/ccHC9FFG.s 			page 5


 207              		.cfi_startproc
 208              		@ args = 0, pretend = 0, frame = 0
 209              		@ frame_needed = 0, uses_anonymous_args = 0
  27:/home/pani_/LHRS/VCAT-Dashboard/firmware/drivers/Src/Status_LEDs.c **** 	if(port == NULL) return;
 210              		.loc 1 27 2 view .LVU37
 211              		.loc 1 27 4 is_stmt 0 view .LVU38
 212 0000 18B1     		cbz	r0, .L14
  26:/home/pani_/LHRS/VCAT-Dashboard/firmware/drivers/Src/Status_LEDs.c **** 	if(port == NULL) return;
 213              		.loc 1 26 51 view .LVU39
 214 0002 08B5     		push	{r3, lr}
 215              	.LCFI5:
 216              		.cfi_def_cfa_offset 8
 217              		.cfi_offset 3, -8
 218              		.cfi_offset 14, -4
  28:/home/pani_/LHRS/VCAT-Dashboard/firmware/drivers/Src/Status_LEDs.c ****     HAL_GPIO_TogglePin(port, pin);
 219              		.loc 1 28 5 is_stmt 1 view .LVU40
 220 0004 FFF7FEFF 		bl	HAL_GPIO_TogglePin
 221              	.LVL13:
  29:/home/pani_/LHRS/VCAT-Dashboard/firmware/drivers/Src/Status_LEDs.c **** }
 222              		.loc 1 29 1 is_stmt 0 view .LVU41
 223 0008 08BD     		pop	{r3, pc}
 224              	.LVL14:
 225              	.L14:
 226              	.LCFI6:
 227              		.cfi_def_cfa_offset 0
 228              		.cfi_restore 3
 229              		.cfi_restore 14
 230              		.loc 1 29 1 view .LVU42
 231 000a 7047     		bx	lr
 232              		.cfi_endproc
 233              	.LFE336:
 235              		.section	.text.flash_them,"ax",%progbits
 236              		.align	1
 237              		.global	flash_them
 238              		.syntax unified
 239              		.thumb
 240              		.thumb_func
 242              	flash_them:
 243              	.LFB337:
  30:/home/pani_/LHRS/VCAT-Dashboard/firmware/drivers/Src/Status_LEDs.c **** 
  31:/home/pani_/LHRS/VCAT-Dashboard/firmware/drivers/Src/Status_LEDs.c **** void flash_them() {
 244              		.loc 1 31 19 is_stmt 1 view -0
 245              		.cfi_startproc
 246              		@ args = 0, pretend = 0, frame = 0
 247              		@ frame_needed = 0, uses_anonymous_args = 0
 248 0000 38B5     		push	{r3, r4, r5, lr}
 249              	.LCFI7:
 250              		.cfi_def_cfa_offset 16
 251              		.cfi_offset 3, -16
 252              		.cfi_offset 4, -12
 253              		.cfi_offset 5, -8
 254              		.cfi_offset 14, -4
  32:/home/pani_/LHRS/VCAT-Dashboard/firmware/drivers/Src/Status_LEDs.c ****     HAL_GPIO_TogglePin(PH_CAN_RX_LED_PORT,   PH_CAN_RX_LED_PIN);
 255              		.loc 1 32 5 view .LVU44
 256 0002 4FF48061 		mov	r1, #1024
 257 0006 4FF09040 		mov	r0, #1207959552
 258 000a FFF7FEFF 		bl	HAL_GPIO_TogglePin
ARM GAS  /tmp/ccHC9FFG.s 			page 6


 259              	.LVL15:
  33:/home/pani_/LHRS/VCAT-Dashboard/firmware/drivers/Src/Status_LEDs.c ****     HAL_GPIO_TogglePin(BPS_FAULT_LED_PORT,    BPS_FAULT_LED_PIN);
 260              		.loc 1 33 5 view .LVU45
 261 000e 134D     		ldr	r5, .L19
 262 0010 0221     		movs	r1, #2
 263 0012 2846     		mov	r0, r5
 264 0014 FFF7FEFF 		bl	HAL_GPIO_TogglePin
 265              	.LVL16:
  34:/home/pani_/LHRS/VCAT-Dashboard/firmware/drivers/Src/Status_LEDs.c ****     HAL_GPIO_TogglePin(CAR_CAN_RX_LED_PORT,   CAR_CAN_RX_LED_PIN);
 266              		.loc 1 34 5 view .LVU46
 267 0018 114C     		ldr	r4, .L19+4
 268 001a 0821     		movs	r1, #8
 269 001c 2046     		mov	r0, r4
 270 001e FFF7FEFF 		bl	HAL_GPIO_TogglePin
 271              	.LVL17:
  35:/home/pani_/LHRS/VCAT-Dashboard/firmware/drivers/Src/Status_LEDs.c ****     HAL_GPIO_TogglePin(CAR_CAN_TX_LED_PORT,   CAR_CAN_TX_LED_PIN);
 272              		.loc 1 35 5 view .LVU47
 273 0022 2021     		movs	r1, #32
 274 0024 2046     		mov	r0, r4
 275 0026 FFF7FEFF 		bl	HAL_GPIO_TogglePin
 276              	.LVL18:
  36:/home/pani_/LHRS/VCAT-Dashboard/firmware/drivers/Src/Status_LEDs.c ****     HAL_GPIO_TogglePin(PH_CAN_TX_LED_PORT,    PH_CAN_TX_LED_PIN);
 277              		.loc 1 36 5 view .LVU48
 278 002a 1021     		movs	r1, #16
 279 002c 2046     		mov	r0, r4
 280 002e FFF7FEFF 		bl	HAL_GPIO_TogglePin
 281              	.LVL19:
  37:/home/pani_/LHRS/VCAT-Dashboard/firmware/drivers/Src/Status_LEDs.c ****     HAL_GPIO_TogglePin(X_LED2_PORT,           X_LED2_PIN);
 282              		.loc 1 37 5 view .LVU49
 283 0032 4FF48041 		mov	r1, #16384
 284 0036 2046     		mov	r0, r4
 285 0038 FFF7FEFF 		bl	HAL_GPIO_TogglePin
 286              	.LVL20:
  38:/home/pani_/LHRS/VCAT-Dashboard/firmware/drivers/Src/Status_LEDs.c ****     HAL_GPIO_TogglePin(CONTROLS_HB_LED_PORT,  CONTROLS_HB_LED_PIN);
 287              		.loc 1 38 5 view .LVU50
 288 003c 4FF48061 		mov	r1, #1024
 289 0040 2046     		mov	r0, r4
 290 0042 FFF7FEFF 		bl	HAL_GPIO_TogglePin
 291              	.LVL21:
  39:/home/pani_/LHRS/VCAT-Dashboard/firmware/drivers/Src/Status_LEDs.c ****     HAL_GPIO_TogglePin(LSOM_HB_PORT,          LSOM_HB_PIN);
 292              		.loc 1 39 5 view .LVU51
 293 0046 0821     		movs	r1, #8
 294 0048 2846     		mov	r0, r5
 295 004a FFF7FEFF 		bl	HAL_GPIO_TogglePin
 296              	.LVL22:
  40:/home/pani_/LHRS/VCAT-Dashboard/firmware/drivers/Src/Status_LEDs.c ****     HAL_GPIO_TogglePin(AKSHAY_LED_PORT,       AKSHAY_LED_PIN);
 297              		.loc 1 40 5 view .LVU52
 298 004e 4FF40061 		mov	r1, #2048
 299 0052 2046     		mov	r0, r4
 300 0054 FFF7FEFF 		bl	HAL_GPIO_TogglePin
 301              	.LVL23:
  41:/home/pani_/LHRS/VCAT-Dashboard/firmware/drivers/Src/Status_LEDs.c **** }
 302              		.loc 1 41 1 is_stmt 0 view .LVU53
 303 0058 38BD     		pop	{r3, r4, r5, pc}
 304              	.L20:
 305 005a 00BF     		.align	2
 306              	.L19:
ARM GAS  /tmp/ccHC9FFG.s 			page 7


 307 005c 00080048 		.word	1207961600
 308 0060 00040048 		.word	1207960576
 309              		.cfi_endproc
 310              	.LFE337:
 312              		.section	.text.updateBPS_strobe,"ax",%progbits
 313              		.align	1
 314              		.global	updateBPS_strobe
 315              		.syntax unified
 316              		.thumb
 317              		.thumb_func
 319              	updateBPS_strobe:
 320              	.LVL24:
 321              	.LFB338:
  42:/home/pani_/LHRS/VCAT-Dashboard/firmware/drivers/Src/Status_LEDs.c **** 
  43:/home/pani_/LHRS/VCAT-Dashboard/firmware/drivers/Src/Status_LEDs.c **** 
  44:/home/pani_/LHRS/VCAT-Dashboard/firmware/drivers/Src/Status_LEDs.c **** void updateBPS_strobe(uint8_t bps_fault) {
 322              		.loc 1 44 42 is_stmt 1 view -0
 323              		.cfi_startproc
 324              		@ args = 0, pretend = 0, frame = 0
 325              		@ frame_needed = 0, uses_anonymous_args = 0
 326              		@ link register save eliminated.
  45:/home/pani_/LHRS/VCAT-Dashboard/firmware/drivers/Src/Status_LEDs.c **** 	if(bps_fault == 0) bps_strobe = false;
 327              		.loc 1 45 2 view .LVU55
 328              		.loc 1 45 4 is_stmt 0 view .LVU56
 329 0000 18B9     		cbnz	r0, .L22
 330              		.loc 1 45 21 is_stmt 1 discriminator 1 view .LVU57
 331              		.loc 1 45 32 is_stmt 0 discriminator 1 view .LVU58
 332 0002 044B     		ldr	r3, .L24
 333 0004 0022     		movs	r2, #0
 334 0006 1A70     		strb	r2, [r3]
 335 0008 7047     		bx	lr
 336              	.L22:
  46:/home/pani_/LHRS/VCAT-Dashboard/firmware/drivers/Src/Status_LEDs.c **** 	else bps_strobe = true;
 337              		.loc 1 46 7 is_stmt 1 view .LVU59
 338              		.loc 1 46 18 is_stmt 0 view .LVU60
 339 000a 024B     		ldr	r3, .L24
 340 000c 0122     		movs	r2, #1
 341 000e 1A70     		strb	r2, [r3]
  47:/home/pani_/LHRS/VCAT-Dashboard/firmware/drivers/Src/Status_LEDs.c **** 		/**
  48:/home/pani_/LHRS/VCAT-Dashboard/firmware/drivers/Src/Status_LEDs.c **** 		 * 
  49:/home/pani_/LHRS/VCAT-Dashboard/firmware/drivers/Src/Status_LEDs.c **** 		 * @todo 	maybe do more stuff here
  50:/home/pani_/LHRS/VCAT-Dashboard/firmware/drivers/Src/Status_LEDs.c **** 		 * 
  51:/home/pani_/LHRS/VCAT-Dashboard/firmware/drivers/Src/Status_LEDs.c **** 		 */
  52:/home/pani_/LHRS/VCAT-Dashboard/firmware/drivers/Src/Status_LEDs.c **** }...
 342              		.loc 1 52 1 view .LVU61
 343 0010 7047     		bx	lr
 344              	.L25:
 345 0012 00BF     		.align	2
 346              	.L24:
 347 0014 00000000 		.word	bps_strobe
 348              		.cfi_endproc
 349              	.LFE338:
 351              		.section	.bss.bps_strobe,"aw",%nobits
 354              	bps_strobe:
 355 0000 00       		.space	1
 356              		.text
 357              	.Letext0:
ARM GAS  /tmp/ccHC9FFG.s 			page 8


 358              		.file 2 "/usr/lib/gcc/arm-none-eabi/13.2.1/include/stdint.h"
 359              		.file 3 "stm/stm32g4xx/CMSIS/Device/ST/STM32G4xx/Include/stm32g473xx.h"
 360              		.file 4 "stm/stm32g4xx/STM32G4xx_HAL_Driver/Inc/stm32g4xx_hal_gpio.h"
 361              		.file 5 "/home/pani_/LHRS/VCAT-Dashboard/firmware/core/Inc/init.h"
ARM GAS  /tmp/ccHC9FFG.s 			page 9


DEFINED SYMBOLS
                            *ABS*:00000000 Status_LEDs.c
     /tmp/ccHC9FFG.s:21     .text.led_GPIO_init:00000000 $t
     /tmp/ccHC9FFG.s:27     .text.led_GPIO_init:00000000 led_GPIO_init
     /tmp/ccHC9FFG.s:152    .text.led_GPIO_init:000000ac $d
     /tmp/ccHC9FFG.s:158    .text.led_set:00000000 $t
     /tmp/ccHC9FFG.s:164    .text.led_set:00000000 led_set
     /tmp/ccHC9FFG.s:197    .text.led_toggle:00000000 $t
     /tmp/ccHC9FFG.s:203    .text.led_toggle:00000000 led_toggle
     /tmp/ccHC9FFG.s:236    .text.flash_them:00000000 $t
     /tmp/ccHC9FFG.s:242    .text.flash_them:00000000 flash_them
     /tmp/ccHC9FFG.s:307    .text.flash_them:0000005c $d
     /tmp/ccHC9FFG.s:313    .text.updateBPS_strobe:00000000 $t
     /tmp/ccHC9FFG.s:319    .text.updateBPS_strobe:00000000 updateBPS_strobe
     /tmp/ccHC9FFG.s:347    .text.updateBPS_strobe:00000014 $d
     /tmp/ccHC9FFG.s:354    .bss.bps_strobe:00000000 bps_strobe
     /tmp/ccHC9FFG.s:355    .bss.bps_strobe:00000000 $d

UNDEFINED SYMBOLS
gpioPin_Init
HAL_GPIO_WritePin
HAL_GPIO_TogglePin
