ARM GAS  /tmp/ccdRpC35.s 			page 1


   1              		.cpu cortex-m4
   2              		.arch armv7e-m
   3              		.fpu fpv4-sp-d16
   4              		.eabi_attribute 27, 1
   5              		.eabi_attribute 28, 1
   6              		.eabi_attribute 20, 1
   7              		.eabi_attribute 21, 1
   8              		.eabi_attribute 23, 3
   9              		.eabi_attribute 24, 1
  10              		.eabi_attribute 25, 1
  11              		.eabi_attribute 26, 1
  12              		.eabi_attribute 30, 1
  13              		.eabi_attribute 34, 1
  14              		.eabi_attribute 18, 4
  15              		.file	"stm32f4xx_hal_i2c_ex.c"
  16              		.text
  17              	.Ltext0:
  18              		.cfi_sections	.debug_frame
  19              		.file 1 "stm/stm32f4xx/STM32F4xx_HAL_Driver/Src/stm32f4xx_hal_i2c_ex.c"
  20              		.section	.text.HAL_I2CEx_ConfigAnalogFilter,"ax",%progbits
  21              		.align	1
  22              		.global	HAL_I2CEx_ConfigAnalogFilter
  23              		.syntax unified
  24              		.thumb
  25              		.thumb_func
  27              	HAL_I2CEx_ConfigAnalogFilter:
  28              	.LVL0:
  29              	.LFB239:
   1:stm/stm32f4xx/STM32F4xx_HAL_Driver/Src/stm32f4xx_hal_i2c_ex.c **** /**
   2:stm/stm32f4xx/STM32F4xx_HAL_Driver/Src/stm32f4xx_hal_i2c_ex.c ****   ******************************************************************************
   3:stm/stm32f4xx/STM32F4xx_HAL_Driver/Src/stm32f4xx_hal_i2c_ex.c ****   * @file    stm32f4xx_hal_i2c_ex.c
   4:stm/stm32f4xx/STM32F4xx_HAL_Driver/Src/stm32f4xx_hal_i2c_ex.c ****   * @author  MCD Application Team
   5:stm/stm32f4xx/STM32F4xx_HAL_Driver/Src/stm32f4xx_hal_i2c_ex.c ****   * @brief   I2C Extension HAL module driver.
   6:stm/stm32f4xx/STM32F4xx_HAL_Driver/Src/stm32f4xx_hal_i2c_ex.c ****   *          This file provides firmware functions to manage the following
   7:stm/stm32f4xx/STM32F4xx_HAL_Driver/Src/stm32f4xx_hal_i2c_ex.c ****   *          functionalities of I2C extension peripheral:
   8:stm/stm32f4xx/STM32F4xx_HAL_Driver/Src/stm32f4xx_hal_i2c_ex.c ****   *           + Extension features functions
   9:stm/stm32f4xx/STM32F4xx_HAL_Driver/Src/stm32f4xx_hal_i2c_ex.c ****   *
  10:stm/stm32f4xx/STM32F4xx_HAL_Driver/Src/stm32f4xx_hal_i2c_ex.c ****   ******************************************************************************
  11:stm/stm32f4xx/STM32F4xx_HAL_Driver/Src/stm32f4xx_hal_i2c_ex.c ****   * @attention
  12:stm/stm32f4xx/STM32F4xx_HAL_Driver/Src/stm32f4xx_hal_i2c_ex.c ****   *
  13:stm/stm32f4xx/STM32F4xx_HAL_Driver/Src/stm32f4xx_hal_i2c_ex.c ****   * Copyright (c) 2016 STMicroelectronics.
  14:stm/stm32f4xx/STM32F4xx_HAL_Driver/Src/stm32f4xx_hal_i2c_ex.c ****   * All rights reserved.
  15:stm/stm32f4xx/STM32F4xx_HAL_Driver/Src/stm32f4xx_hal_i2c_ex.c ****   *
  16:stm/stm32f4xx/STM32F4xx_HAL_Driver/Src/stm32f4xx_hal_i2c_ex.c ****   * This software is licensed under terms that can be found in the LICENSE file
  17:stm/stm32f4xx/STM32F4xx_HAL_Driver/Src/stm32f4xx_hal_i2c_ex.c ****   * in the root directory of this software component.
  18:stm/stm32f4xx/STM32F4xx_HAL_Driver/Src/stm32f4xx_hal_i2c_ex.c ****   * If no LICENSE file comes with this software, it is provided AS-IS.
  19:stm/stm32f4xx/STM32F4xx_HAL_Driver/Src/stm32f4xx_hal_i2c_ex.c ****   *
  20:stm/stm32f4xx/STM32F4xx_HAL_Driver/Src/stm32f4xx_hal_i2c_ex.c ****   ******************************************************************************
  21:stm/stm32f4xx/STM32F4xx_HAL_Driver/Src/stm32f4xx_hal_i2c_ex.c ****   @verbatim
  22:stm/stm32f4xx/STM32F4xx_HAL_Driver/Src/stm32f4xx_hal_i2c_ex.c ****   ==============================================================================
  23:stm/stm32f4xx/STM32F4xx_HAL_Driver/Src/stm32f4xx_hal_i2c_ex.c ****                ##### I2C peripheral extension features  #####
  24:stm/stm32f4xx/STM32F4xx_HAL_Driver/Src/stm32f4xx_hal_i2c_ex.c ****   ==============================================================================
  25:stm/stm32f4xx/STM32F4xx_HAL_Driver/Src/stm32f4xx_hal_i2c_ex.c **** 
  26:stm/stm32f4xx/STM32F4xx_HAL_Driver/Src/stm32f4xx_hal_i2c_ex.c ****   [..] Comparing to other previous devices, the I2C interface for STM32F427xx/437xx/
  27:stm/stm32f4xx/STM32F4xx_HAL_Driver/Src/stm32f4xx_hal_i2c_ex.c ****        429xx/439xx devices contains the following additional features :
  28:stm/stm32f4xx/STM32F4xx_HAL_Driver/Src/stm32f4xx_hal_i2c_ex.c **** 
  29:stm/stm32f4xx/STM32F4xx_HAL_Driver/Src/stm32f4xx_hal_i2c_ex.c ****        (+) Possibility to disable or enable Analog Noise Filter
ARM GAS  /tmp/ccdRpC35.s 			page 2


  30:stm/stm32f4xx/STM32F4xx_HAL_Driver/Src/stm32f4xx_hal_i2c_ex.c ****        (+) Use of a configured Digital Noise Filter
  31:stm/stm32f4xx/STM32F4xx_HAL_Driver/Src/stm32f4xx_hal_i2c_ex.c **** 
  32:stm/stm32f4xx/STM32F4xx_HAL_Driver/Src/stm32f4xx_hal_i2c_ex.c ****                      ##### How to use this driver #####
  33:stm/stm32f4xx/STM32F4xx_HAL_Driver/Src/stm32f4xx_hal_i2c_ex.c ****   ==============================================================================
  34:stm/stm32f4xx/STM32F4xx_HAL_Driver/Src/stm32f4xx_hal_i2c_ex.c ****   [..] This driver provides functions to configure Noise Filter
  35:stm/stm32f4xx/STM32F4xx_HAL_Driver/Src/stm32f4xx_hal_i2c_ex.c ****     (#) Configure I2C Analog noise filter using the function HAL_I2C_AnalogFilter_Config()
  36:stm/stm32f4xx/STM32F4xx_HAL_Driver/Src/stm32f4xx_hal_i2c_ex.c ****     (#) Configure I2C Digital noise filter using the function HAL_I2C_DigitalFilter_Config()
  37:stm/stm32f4xx/STM32F4xx_HAL_Driver/Src/stm32f4xx_hal_i2c_ex.c **** 
  38:stm/stm32f4xx/STM32F4xx_HAL_Driver/Src/stm32f4xx_hal_i2c_ex.c ****   @endverbatim
  39:stm/stm32f4xx/STM32F4xx_HAL_Driver/Src/stm32f4xx_hal_i2c_ex.c ****   */
  40:stm/stm32f4xx/STM32F4xx_HAL_Driver/Src/stm32f4xx_hal_i2c_ex.c **** 
  41:stm/stm32f4xx/STM32F4xx_HAL_Driver/Src/stm32f4xx_hal_i2c_ex.c **** /* Includes ------------------------------------------------------------------*/
  42:stm/stm32f4xx/STM32F4xx_HAL_Driver/Src/stm32f4xx_hal_i2c_ex.c **** #include "stm32f4xx_hal.h"
  43:stm/stm32f4xx/STM32F4xx_HAL_Driver/Src/stm32f4xx_hal_i2c_ex.c **** 
  44:stm/stm32f4xx/STM32F4xx_HAL_Driver/Src/stm32f4xx_hal_i2c_ex.c **** /** @addtogroup STM32F4xx_HAL_Driver
  45:stm/stm32f4xx/STM32F4xx_HAL_Driver/Src/stm32f4xx_hal_i2c_ex.c ****   * @{
  46:stm/stm32f4xx/STM32F4xx_HAL_Driver/Src/stm32f4xx_hal_i2c_ex.c ****   */
  47:stm/stm32f4xx/STM32F4xx_HAL_Driver/Src/stm32f4xx_hal_i2c_ex.c **** 
  48:stm/stm32f4xx/STM32F4xx_HAL_Driver/Src/stm32f4xx_hal_i2c_ex.c **** /** @defgroup I2CEx I2CEx
  49:stm/stm32f4xx/STM32F4xx_HAL_Driver/Src/stm32f4xx_hal_i2c_ex.c ****   * @brief I2C HAL module driver
  50:stm/stm32f4xx/STM32F4xx_HAL_Driver/Src/stm32f4xx_hal_i2c_ex.c ****   * @{
  51:stm/stm32f4xx/STM32F4xx_HAL_Driver/Src/stm32f4xx_hal_i2c_ex.c ****   */
  52:stm/stm32f4xx/STM32F4xx_HAL_Driver/Src/stm32f4xx_hal_i2c_ex.c **** 
  53:stm/stm32f4xx/STM32F4xx_HAL_Driver/Src/stm32f4xx_hal_i2c_ex.c **** #ifdef HAL_I2C_MODULE_ENABLED
  54:stm/stm32f4xx/STM32F4xx_HAL_Driver/Src/stm32f4xx_hal_i2c_ex.c **** 
  55:stm/stm32f4xx/STM32F4xx_HAL_Driver/Src/stm32f4xx_hal_i2c_ex.c **** #if  defined(I2C_FLTR_ANOFF)&&defined(I2C_FLTR_DNF)
  56:stm/stm32f4xx/STM32F4xx_HAL_Driver/Src/stm32f4xx_hal_i2c_ex.c **** /* Private typedef -----------------------------------------------------------*/
  57:stm/stm32f4xx/STM32F4xx_HAL_Driver/Src/stm32f4xx_hal_i2c_ex.c **** /* Private define ------------------------------------------------------------*/
  58:stm/stm32f4xx/STM32F4xx_HAL_Driver/Src/stm32f4xx_hal_i2c_ex.c **** /* Private macro -------------------------------------------------------------*/
  59:stm/stm32f4xx/STM32F4xx_HAL_Driver/Src/stm32f4xx_hal_i2c_ex.c **** /* Private variables ---------------------------------------------------------*/
  60:stm/stm32f4xx/STM32F4xx_HAL_Driver/Src/stm32f4xx_hal_i2c_ex.c **** /* Private function prototypes -----------------------------------------------*/
  61:stm/stm32f4xx/STM32F4xx_HAL_Driver/Src/stm32f4xx_hal_i2c_ex.c **** /* Exported functions --------------------------------------------------------*/
  62:stm/stm32f4xx/STM32F4xx_HAL_Driver/Src/stm32f4xx_hal_i2c_ex.c **** /** @defgroup I2CEx_Exported_Functions I2C Exported Functions
  63:stm/stm32f4xx/STM32F4xx_HAL_Driver/Src/stm32f4xx_hal_i2c_ex.c ****   * @{
  64:stm/stm32f4xx/STM32F4xx_HAL_Driver/Src/stm32f4xx_hal_i2c_ex.c ****   */
  65:stm/stm32f4xx/STM32F4xx_HAL_Driver/Src/stm32f4xx_hal_i2c_ex.c **** 
  66:stm/stm32f4xx/STM32F4xx_HAL_Driver/Src/stm32f4xx_hal_i2c_ex.c **** 
  67:stm/stm32f4xx/STM32F4xx_HAL_Driver/Src/stm32f4xx_hal_i2c_ex.c **** /** @defgroup I2CEx_Exported_Functions_Group1 Extension features functions
  68:stm/stm32f4xx/STM32F4xx_HAL_Driver/Src/stm32f4xx_hal_i2c_ex.c ****  *  @brief   Extension features functions
  69:stm/stm32f4xx/STM32F4xx_HAL_Driver/Src/stm32f4xx_hal_i2c_ex.c ****  *
  70:stm/stm32f4xx/STM32F4xx_HAL_Driver/Src/stm32f4xx_hal_i2c_ex.c **** @verbatim
  71:stm/stm32f4xx/STM32F4xx_HAL_Driver/Src/stm32f4xx_hal_i2c_ex.c ****  ===============================================================================
  72:stm/stm32f4xx/STM32F4xx_HAL_Driver/Src/stm32f4xx_hal_i2c_ex.c ****                       ##### Extension features functions #####
  73:stm/stm32f4xx/STM32F4xx_HAL_Driver/Src/stm32f4xx_hal_i2c_ex.c ****  ===============================================================================
  74:stm/stm32f4xx/STM32F4xx_HAL_Driver/Src/stm32f4xx_hal_i2c_ex.c ****     [..] This section provides functions allowing to:
  75:stm/stm32f4xx/STM32F4xx_HAL_Driver/Src/stm32f4xx_hal_i2c_ex.c ****       (+) Configure Noise Filters
  76:stm/stm32f4xx/STM32F4xx_HAL_Driver/Src/stm32f4xx_hal_i2c_ex.c **** 
  77:stm/stm32f4xx/STM32F4xx_HAL_Driver/Src/stm32f4xx_hal_i2c_ex.c **** @endverbatim
  78:stm/stm32f4xx/STM32F4xx_HAL_Driver/Src/stm32f4xx_hal_i2c_ex.c ****   * @{
  79:stm/stm32f4xx/STM32F4xx_HAL_Driver/Src/stm32f4xx_hal_i2c_ex.c ****   */
  80:stm/stm32f4xx/STM32F4xx_HAL_Driver/Src/stm32f4xx_hal_i2c_ex.c **** 
  81:stm/stm32f4xx/STM32F4xx_HAL_Driver/Src/stm32f4xx_hal_i2c_ex.c **** /**
  82:stm/stm32f4xx/STM32F4xx_HAL_Driver/Src/stm32f4xx_hal_i2c_ex.c ****   * @brief  Configures I2C Analog noise filter.
  83:stm/stm32f4xx/STM32F4xx_HAL_Driver/Src/stm32f4xx_hal_i2c_ex.c ****   * @param  hi2c pointer to a I2C_HandleTypeDef structure that contains
  84:stm/stm32f4xx/STM32F4xx_HAL_Driver/Src/stm32f4xx_hal_i2c_ex.c ****   *                the configuration information for the specified I2Cx peripheral.
  85:stm/stm32f4xx/STM32F4xx_HAL_Driver/Src/stm32f4xx_hal_i2c_ex.c ****   * @param  AnalogFilter new state of the Analog filter.
  86:stm/stm32f4xx/STM32F4xx_HAL_Driver/Src/stm32f4xx_hal_i2c_ex.c ****   * @retval HAL status
ARM GAS  /tmp/ccdRpC35.s 			page 3


  87:stm/stm32f4xx/STM32F4xx_HAL_Driver/Src/stm32f4xx_hal_i2c_ex.c ****   */
  88:stm/stm32f4xx/STM32F4xx_HAL_Driver/Src/stm32f4xx_hal_i2c_ex.c **** HAL_StatusTypeDef HAL_I2CEx_ConfigAnalogFilter(I2C_HandleTypeDef *hi2c, uint32_t AnalogFilter)
  89:stm/stm32f4xx/STM32F4xx_HAL_Driver/Src/stm32f4xx_hal_i2c_ex.c **** {
  30              		.loc 1 89 1 view -0
  31              		.cfi_startproc
  32              		@ args = 0, pretend = 0, frame = 0
  33              		@ frame_needed = 0, uses_anonymous_args = 0
  34              		@ link register save eliminated.
  90:stm/stm32f4xx/STM32F4xx_HAL_Driver/Src/stm32f4xx_hal_i2c_ex.c ****   /* Check the parameters */
  91:stm/stm32f4xx/STM32F4xx_HAL_Driver/Src/stm32f4xx_hal_i2c_ex.c ****   assert_param(IS_I2C_ALL_INSTANCE(hi2c->Instance));
  35              		.loc 1 91 3 view .LVU1
  92:stm/stm32f4xx/STM32F4xx_HAL_Driver/Src/stm32f4xx_hal_i2c_ex.c ****   assert_param(IS_I2C_ANALOG_FILTER(AnalogFilter));
  36              		.loc 1 92 3 view .LVU2
  93:stm/stm32f4xx/STM32F4xx_HAL_Driver/Src/stm32f4xx_hal_i2c_ex.c **** 
  94:stm/stm32f4xx/STM32F4xx_HAL_Driver/Src/stm32f4xx_hal_i2c_ex.c ****   if (hi2c->State == HAL_I2C_STATE_READY)
  37              		.loc 1 94 3 view .LVU3
  38              		.loc 1 94 11 is_stmt 0 view .LVU4
  39 0000 90F83D30 		ldrb	r3, [r0, #61]	@ zero_extendqisi2
  40 0004 DBB2     		uxtb	r3, r3
  41              		.loc 1 94 6 view .LVU5
  42 0006 202B     		cmp	r3, #32
  43 0008 01D0     		beq	.L4
  95:stm/stm32f4xx/STM32F4xx_HAL_Driver/Src/stm32f4xx_hal_i2c_ex.c ****   {
  96:stm/stm32f4xx/STM32F4xx_HAL_Driver/Src/stm32f4xx_hal_i2c_ex.c ****     hi2c->State = HAL_I2C_STATE_BUSY;
  97:stm/stm32f4xx/STM32F4xx_HAL_Driver/Src/stm32f4xx_hal_i2c_ex.c **** 
  98:stm/stm32f4xx/STM32F4xx_HAL_Driver/Src/stm32f4xx_hal_i2c_ex.c ****     /* Disable the selected I2C peripheral */
  99:stm/stm32f4xx/STM32F4xx_HAL_Driver/Src/stm32f4xx_hal_i2c_ex.c ****     __HAL_I2C_DISABLE(hi2c);
 100:stm/stm32f4xx/STM32F4xx_HAL_Driver/Src/stm32f4xx_hal_i2c_ex.c **** 
 101:stm/stm32f4xx/STM32F4xx_HAL_Driver/Src/stm32f4xx_hal_i2c_ex.c ****     /* Reset I2Cx ANOFF bit */
 102:stm/stm32f4xx/STM32F4xx_HAL_Driver/Src/stm32f4xx_hal_i2c_ex.c ****     hi2c->Instance->FLTR &= ~(I2C_FLTR_ANOFF);
 103:stm/stm32f4xx/STM32F4xx_HAL_Driver/Src/stm32f4xx_hal_i2c_ex.c **** 
 104:stm/stm32f4xx/STM32F4xx_HAL_Driver/Src/stm32f4xx_hal_i2c_ex.c ****     /* Disable the analog filter */
 105:stm/stm32f4xx/STM32F4xx_HAL_Driver/Src/stm32f4xx_hal_i2c_ex.c ****     hi2c->Instance->FLTR |= AnalogFilter;
 106:stm/stm32f4xx/STM32F4xx_HAL_Driver/Src/stm32f4xx_hal_i2c_ex.c **** 
 107:stm/stm32f4xx/STM32F4xx_HAL_Driver/Src/stm32f4xx_hal_i2c_ex.c ****     __HAL_I2C_ENABLE(hi2c);
 108:stm/stm32f4xx/STM32F4xx_HAL_Driver/Src/stm32f4xx_hal_i2c_ex.c **** 
 109:stm/stm32f4xx/STM32F4xx_HAL_Driver/Src/stm32f4xx_hal_i2c_ex.c ****     hi2c->State = HAL_I2C_STATE_READY;
 110:stm/stm32f4xx/STM32F4xx_HAL_Driver/Src/stm32f4xx_hal_i2c_ex.c **** 
 111:stm/stm32f4xx/STM32F4xx_HAL_Driver/Src/stm32f4xx_hal_i2c_ex.c ****     return HAL_OK;
 112:stm/stm32f4xx/STM32F4xx_HAL_Driver/Src/stm32f4xx_hal_i2c_ex.c ****   }
 113:stm/stm32f4xx/STM32F4xx_HAL_Driver/Src/stm32f4xx_hal_i2c_ex.c ****   else
 114:stm/stm32f4xx/STM32F4xx_HAL_Driver/Src/stm32f4xx_hal_i2c_ex.c ****   {
 115:stm/stm32f4xx/STM32F4xx_HAL_Driver/Src/stm32f4xx_hal_i2c_ex.c ****     return HAL_BUSY;
  44              		.loc 1 115 12 view .LVU6
  45 000a 0220     		movs	r0, #2
  46              	.LVL1:
 116:stm/stm32f4xx/STM32F4xx_HAL_Driver/Src/stm32f4xx_hal_i2c_ex.c ****   }
 117:stm/stm32f4xx/STM32F4xx_HAL_Driver/Src/stm32f4xx_hal_i2c_ex.c **** }
  47              		.loc 1 117 1 view .LVU7
  48 000c 7047     		bx	lr
  49              	.LVL2:
  50              	.L4:
  96:stm/stm32f4xx/STM32F4xx_HAL_Driver/Src/stm32f4xx_hal_i2c_ex.c **** 
  51              		.loc 1 96 5 is_stmt 1 view .LVU8
  96:stm/stm32f4xx/STM32F4xx_HAL_Driver/Src/stm32f4xx_hal_i2c_ex.c **** 
  52              		.loc 1 96 17 is_stmt 0 view .LVU9
  53 000e 2423     		movs	r3, #36
ARM GAS  /tmp/ccdRpC35.s 			page 4


  54 0010 80F83D30 		strb	r3, [r0, #61]
  99:stm/stm32f4xx/STM32F4xx_HAL_Driver/Src/stm32f4xx_hal_i2c_ex.c **** 
  55              		.loc 1 99 5 is_stmt 1 view .LVU10
  56 0014 0268     		ldr	r2, [r0]
  57 0016 1368     		ldr	r3, [r2]
  58 0018 23F00103 		bic	r3, r3, #1
  59 001c 1360     		str	r3, [r2]
 102:stm/stm32f4xx/STM32F4xx_HAL_Driver/Src/stm32f4xx_hal_i2c_ex.c **** 
  60              		.loc 1 102 5 view .LVU11
 102:stm/stm32f4xx/STM32F4xx_HAL_Driver/Src/stm32f4xx_hal_i2c_ex.c **** 
  61              		.loc 1 102 9 is_stmt 0 view .LVU12
  62 001e 0268     		ldr	r2, [r0]
 102:stm/stm32f4xx/STM32F4xx_HAL_Driver/Src/stm32f4xx_hal_i2c_ex.c **** 
  63              		.loc 1 102 19 view .LVU13
  64 0020 536A     		ldr	r3, [r2, #36]
 102:stm/stm32f4xx/STM32F4xx_HAL_Driver/Src/stm32f4xx_hal_i2c_ex.c **** 
  65              		.loc 1 102 26 view .LVU14
  66 0022 23F01003 		bic	r3, r3, #16
  67 0026 5362     		str	r3, [r2, #36]
 105:stm/stm32f4xx/STM32F4xx_HAL_Driver/Src/stm32f4xx_hal_i2c_ex.c **** 
  68              		.loc 1 105 5 is_stmt 1 view .LVU15
 105:stm/stm32f4xx/STM32F4xx_HAL_Driver/Src/stm32f4xx_hal_i2c_ex.c **** 
  69              		.loc 1 105 9 is_stmt 0 view .LVU16
  70 0028 0268     		ldr	r2, [r0]
 105:stm/stm32f4xx/STM32F4xx_HAL_Driver/Src/stm32f4xx_hal_i2c_ex.c **** 
  71              		.loc 1 105 19 view .LVU17
  72 002a 536A     		ldr	r3, [r2, #36]
 105:stm/stm32f4xx/STM32F4xx_HAL_Driver/Src/stm32f4xx_hal_i2c_ex.c **** 
  73              		.loc 1 105 26 view .LVU18
  74 002c 0B43     		orrs	r3, r3, r1
  75 002e 5362     		str	r3, [r2, #36]
 107:stm/stm32f4xx/STM32F4xx_HAL_Driver/Src/stm32f4xx_hal_i2c_ex.c **** 
  76              		.loc 1 107 5 is_stmt 1 view .LVU19
  77 0030 0268     		ldr	r2, [r0]
  78 0032 1368     		ldr	r3, [r2]
  79 0034 43F00103 		orr	r3, r3, #1
  80 0038 1360     		str	r3, [r2]
 109:stm/stm32f4xx/STM32F4xx_HAL_Driver/Src/stm32f4xx_hal_i2c_ex.c **** 
  81              		.loc 1 109 5 view .LVU20
 109:stm/stm32f4xx/STM32F4xx_HAL_Driver/Src/stm32f4xx_hal_i2c_ex.c **** 
  82              		.loc 1 109 17 is_stmt 0 view .LVU21
  83 003a 2023     		movs	r3, #32
  84 003c 80F83D30 		strb	r3, [r0, #61]
 111:stm/stm32f4xx/STM32F4xx_HAL_Driver/Src/stm32f4xx_hal_i2c_ex.c ****   }
  85              		.loc 1 111 5 is_stmt 1 view .LVU22
 111:stm/stm32f4xx/STM32F4xx_HAL_Driver/Src/stm32f4xx_hal_i2c_ex.c ****   }
  86              		.loc 1 111 12 is_stmt 0 view .LVU23
  87 0040 0020     		movs	r0, #0
  88              	.LVL3:
 111:stm/stm32f4xx/STM32F4xx_HAL_Driver/Src/stm32f4xx_hal_i2c_ex.c ****   }
  89              		.loc 1 111 12 view .LVU24
  90 0042 7047     		bx	lr
  91              		.cfi_endproc
  92              	.LFE239:
  94              		.section	.text.HAL_I2CEx_ConfigDigitalFilter,"ax",%progbits
  95              		.align	1
  96              		.global	HAL_I2CEx_ConfigDigitalFilter
ARM GAS  /tmp/ccdRpC35.s 			page 5


  97              		.syntax unified
  98              		.thumb
  99              		.thumb_func
 101              	HAL_I2CEx_ConfigDigitalFilter:
 102              	.LVL4:
 103              	.LFB240:
 118:stm/stm32f4xx/STM32F4xx_HAL_Driver/Src/stm32f4xx_hal_i2c_ex.c **** 
 119:stm/stm32f4xx/STM32F4xx_HAL_Driver/Src/stm32f4xx_hal_i2c_ex.c **** /**
 120:stm/stm32f4xx/STM32F4xx_HAL_Driver/Src/stm32f4xx_hal_i2c_ex.c ****   * @brief  Configures I2C Digital noise filter.
 121:stm/stm32f4xx/STM32F4xx_HAL_Driver/Src/stm32f4xx_hal_i2c_ex.c ****   * @param  hi2c pointer to a I2C_HandleTypeDef structure that contains
 122:stm/stm32f4xx/STM32F4xx_HAL_Driver/Src/stm32f4xx_hal_i2c_ex.c ****   *                the configuration information for the specified I2Cx peripheral.
 123:stm/stm32f4xx/STM32F4xx_HAL_Driver/Src/stm32f4xx_hal_i2c_ex.c ****   * @param  DigitalFilter Coefficient of digital noise filter between 0x00 and 0x0F.
 124:stm/stm32f4xx/STM32F4xx_HAL_Driver/Src/stm32f4xx_hal_i2c_ex.c ****   * @retval HAL status
 125:stm/stm32f4xx/STM32F4xx_HAL_Driver/Src/stm32f4xx_hal_i2c_ex.c ****   */
 126:stm/stm32f4xx/STM32F4xx_HAL_Driver/Src/stm32f4xx_hal_i2c_ex.c **** HAL_StatusTypeDef HAL_I2CEx_ConfigDigitalFilter(I2C_HandleTypeDef *hi2c, uint32_t DigitalFilter)
 127:stm/stm32f4xx/STM32F4xx_HAL_Driver/Src/stm32f4xx_hal_i2c_ex.c **** {
 104              		.loc 1 127 1 is_stmt 1 view -0
 105              		.cfi_startproc
 106              		@ args = 0, pretend = 0, frame = 0
 107              		@ frame_needed = 0, uses_anonymous_args = 0
 108              		@ link register save eliminated.
 128:stm/stm32f4xx/STM32F4xx_HAL_Driver/Src/stm32f4xx_hal_i2c_ex.c ****   uint16_t tmpreg = 0;
 109              		.loc 1 128 3 view .LVU26
 129:stm/stm32f4xx/STM32F4xx_HAL_Driver/Src/stm32f4xx_hal_i2c_ex.c **** 
 130:stm/stm32f4xx/STM32F4xx_HAL_Driver/Src/stm32f4xx_hal_i2c_ex.c ****   /* Check the parameters */
 131:stm/stm32f4xx/STM32F4xx_HAL_Driver/Src/stm32f4xx_hal_i2c_ex.c ****   assert_param(IS_I2C_ALL_INSTANCE(hi2c->Instance));
 110              		.loc 1 131 3 view .LVU27
 132:stm/stm32f4xx/STM32F4xx_HAL_Driver/Src/stm32f4xx_hal_i2c_ex.c ****   assert_param(IS_I2C_DIGITAL_FILTER(DigitalFilter));
 111              		.loc 1 132 3 view .LVU28
 133:stm/stm32f4xx/STM32F4xx_HAL_Driver/Src/stm32f4xx_hal_i2c_ex.c **** 
 134:stm/stm32f4xx/STM32F4xx_HAL_Driver/Src/stm32f4xx_hal_i2c_ex.c ****   if (hi2c->State == HAL_I2C_STATE_READY)
 112              		.loc 1 134 3 view .LVU29
 113              		.loc 1 134 11 is_stmt 0 view .LVU30
 114 0000 90F83D30 		ldrb	r3, [r0, #61]	@ zero_extendqisi2
 115 0004 DBB2     		uxtb	r3, r3
 116              		.loc 1 134 6 view .LVU31
 117 0006 202B     		cmp	r3, #32
 118 0008 01D0     		beq	.L8
 135:stm/stm32f4xx/STM32F4xx_HAL_Driver/Src/stm32f4xx_hal_i2c_ex.c ****   {
 136:stm/stm32f4xx/STM32F4xx_HAL_Driver/Src/stm32f4xx_hal_i2c_ex.c ****     hi2c->State = HAL_I2C_STATE_BUSY;
 137:stm/stm32f4xx/STM32F4xx_HAL_Driver/Src/stm32f4xx_hal_i2c_ex.c **** 
 138:stm/stm32f4xx/STM32F4xx_HAL_Driver/Src/stm32f4xx_hal_i2c_ex.c ****     /* Disable the selected I2C peripheral */
 139:stm/stm32f4xx/STM32F4xx_HAL_Driver/Src/stm32f4xx_hal_i2c_ex.c ****     __HAL_I2C_DISABLE(hi2c);
 140:stm/stm32f4xx/STM32F4xx_HAL_Driver/Src/stm32f4xx_hal_i2c_ex.c **** 
 141:stm/stm32f4xx/STM32F4xx_HAL_Driver/Src/stm32f4xx_hal_i2c_ex.c ****     /* Get the old register value */
 142:stm/stm32f4xx/STM32F4xx_HAL_Driver/Src/stm32f4xx_hal_i2c_ex.c ****     tmpreg = hi2c->Instance->FLTR;
 143:stm/stm32f4xx/STM32F4xx_HAL_Driver/Src/stm32f4xx_hal_i2c_ex.c **** 
 144:stm/stm32f4xx/STM32F4xx_HAL_Driver/Src/stm32f4xx_hal_i2c_ex.c ****     /* Reset I2Cx DNF bit [3:0] */
 145:stm/stm32f4xx/STM32F4xx_HAL_Driver/Src/stm32f4xx_hal_i2c_ex.c ****     tmpreg &= ~(I2C_FLTR_DNF);
 146:stm/stm32f4xx/STM32F4xx_HAL_Driver/Src/stm32f4xx_hal_i2c_ex.c **** 
 147:stm/stm32f4xx/STM32F4xx_HAL_Driver/Src/stm32f4xx_hal_i2c_ex.c ****     /* Set I2Cx DNF coefficient */
 148:stm/stm32f4xx/STM32F4xx_HAL_Driver/Src/stm32f4xx_hal_i2c_ex.c ****     tmpreg |= DigitalFilter;
 149:stm/stm32f4xx/STM32F4xx_HAL_Driver/Src/stm32f4xx_hal_i2c_ex.c **** 
 150:stm/stm32f4xx/STM32F4xx_HAL_Driver/Src/stm32f4xx_hal_i2c_ex.c ****     /* Store the new register value */
 151:stm/stm32f4xx/STM32F4xx_HAL_Driver/Src/stm32f4xx_hal_i2c_ex.c ****     hi2c->Instance->FLTR = tmpreg;
 152:stm/stm32f4xx/STM32F4xx_HAL_Driver/Src/stm32f4xx_hal_i2c_ex.c **** 
 153:stm/stm32f4xx/STM32F4xx_HAL_Driver/Src/stm32f4xx_hal_i2c_ex.c ****     __HAL_I2C_ENABLE(hi2c);
ARM GAS  /tmp/ccdRpC35.s 			page 6


 154:stm/stm32f4xx/STM32F4xx_HAL_Driver/Src/stm32f4xx_hal_i2c_ex.c **** 
 155:stm/stm32f4xx/STM32F4xx_HAL_Driver/Src/stm32f4xx_hal_i2c_ex.c ****     hi2c->State = HAL_I2C_STATE_READY;
 156:stm/stm32f4xx/STM32F4xx_HAL_Driver/Src/stm32f4xx_hal_i2c_ex.c **** 
 157:stm/stm32f4xx/STM32F4xx_HAL_Driver/Src/stm32f4xx_hal_i2c_ex.c ****     return HAL_OK;
 158:stm/stm32f4xx/STM32F4xx_HAL_Driver/Src/stm32f4xx_hal_i2c_ex.c ****   }
 159:stm/stm32f4xx/STM32F4xx_HAL_Driver/Src/stm32f4xx_hal_i2c_ex.c ****   else
 160:stm/stm32f4xx/STM32F4xx_HAL_Driver/Src/stm32f4xx_hal_i2c_ex.c ****   {
 161:stm/stm32f4xx/STM32F4xx_HAL_Driver/Src/stm32f4xx_hal_i2c_ex.c ****     return HAL_BUSY;
 119              		.loc 1 161 12 view .LVU32
 120 000a 0220     		movs	r0, #2
 121              	.LVL5:
 162:stm/stm32f4xx/STM32F4xx_HAL_Driver/Src/stm32f4xx_hal_i2c_ex.c ****   }
 163:stm/stm32f4xx/STM32F4xx_HAL_Driver/Src/stm32f4xx_hal_i2c_ex.c **** }
 122              		.loc 1 163 1 view .LVU33
 123 000c 7047     		bx	lr
 124              	.LVL6:
 125              	.L8:
 136:stm/stm32f4xx/STM32F4xx_HAL_Driver/Src/stm32f4xx_hal_i2c_ex.c **** 
 126              		.loc 1 136 5 is_stmt 1 view .LVU34
 136:stm/stm32f4xx/STM32F4xx_HAL_Driver/Src/stm32f4xx_hal_i2c_ex.c **** 
 127              		.loc 1 136 17 is_stmt 0 view .LVU35
 128 000e 2423     		movs	r3, #36
 129 0010 80F83D30 		strb	r3, [r0, #61]
 139:stm/stm32f4xx/STM32F4xx_HAL_Driver/Src/stm32f4xx_hal_i2c_ex.c **** 
 130              		.loc 1 139 5 is_stmt 1 view .LVU36
 131 0014 0268     		ldr	r2, [r0]
 132 0016 1368     		ldr	r3, [r2]
 133 0018 23F00103 		bic	r3, r3, #1
 134 001c 1360     		str	r3, [r2]
 142:stm/stm32f4xx/STM32F4xx_HAL_Driver/Src/stm32f4xx_hal_i2c_ex.c **** 
 135              		.loc 1 142 5 view .LVU37
 142:stm/stm32f4xx/STM32F4xx_HAL_Driver/Src/stm32f4xx_hal_i2c_ex.c **** 
 136              		.loc 1 142 18 is_stmt 0 view .LVU38
 137 001e 0268     		ldr	r2, [r0]
 142:stm/stm32f4xx/STM32F4xx_HAL_Driver/Src/stm32f4xx_hal_i2c_ex.c **** 
 138              		.loc 1 142 28 view .LVU39
 139 0020 536A     		ldr	r3, [r2, #36]
 142:stm/stm32f4xx/STM32F4xx_HAL_Driver/Src/stm32f4xx_hal_i2c_ex.c **** 
 140              		.loc 1 142 12 view .LVU40
 141 0022 9BB2     		uxth	r3, r3
 142              	.LVL7:
 145:stm/stm32f4xx/STM32F4xx_HAL_Driver/Src/stm32f4xx_hal_i2c_ex.c **** 
 143              		.loc 1 145 5 is_stmt 1 view .LVU41
 145:stm/stm32f4xx/STM32F4xx_HAL_Driver/Src/stm32f4xx_hal_i2c_ex.c **** 
 144              		.loc 1 145 12 is_stmt 0 view .LVU42
 145 0024 23F00F03 		bic	r3, r3, #15
 146              	.LVL8:
 148:stm/stm32f4xx/STM32F4xx_HAL_Driver/Src/stm32f4xx_hal_i2c_ex.c **** 
 147              		.loc 1 148 5 is_stmt 1 view .LVU43
 148:stm/stm32f4xx/STM32F4xx_HAL_Driver/Src/stm32f4xx_hal_i2c_ex.c **** 
 148              		.loc 1 148 12 is_stmt 0 view .LVU44
 149 0028 1943     		orrs	r1, r1, r3
 150              	.LVL9:
 148:stm/stm32f4xx/STM32F4xx_HAL_Driver/Src/stm32f4xx_hal_i2c_ex.c **** 
 151              		.loc 1 148 12 view .LVU45
 152 002a 89B2     		uxth	r1, r1
 153              	.LVL10:
ARM GAS  /tmp/ccdRpC35.s 			page 7


 151:stm/stm32f4xx/STM32F4xx_HAL_Driver/Src/stm32f4xx_hal_i2c_ex.c **** 
 154              		.loc 1 151 5 is_stmt 1 view .LVU46
 151:stm/stm32f4xx/STM32F4xx_HAL_Driver/Src/stm32f4xx_hal_i2c_ex.c **** 
 155              		.loc 1 151 26 is_stmt 0 view .LVU47
 156 002c 5162     		str	r1, [r2, #36]
 153:stm/stm32f4xx/STM32F4xx_HAL_Driver/Src/stm32f4xx_hal_i2c_ex.c **** 
 157              		.loc 1 153 5 is_stmt 1 view .LVU48
 158 002e 0268     		ldr	r2, [r0]
 159 0030 1368     		ldr	r3, [r2]
 160 0032 43F00103 		orr	r3, r3, #1
 161 0036 1360     		str	r3, [r2]
 155:stm/stm32f4xx/STM32F4xx_HAL_Driver/Src/stm32f4xx_hal_i2c_ex.c **** 
 162              		.loc 1 155 5 view .LVU49
 155:stm/stm32f4xx/STM32F4xx_HAL_Driver/Src/stm32f4xx_hal_i2c_ex.c **** 
 163              		.loc 1 155 17 is_stmt 0 view .LVU50
 164 0038 2023     		movs	r3, #32
 165 003a 80F83D30 		strb	r3, [r0, #61]
 157:stm/stm32f4xx/STM32F4xx_HAL_Driver/Src/stm32f4xx_hal_i2c_ex.c ****   }
 166              		.loc 1 157 5 is_stmt 1 view .LVU51
 157:stm/stm32f4xx/STM32F4xx_HAL_Driver/Src/stm32f4xx_hal_i2c_ex.c ****   }
 167              		.loc 1 157 12 is_stmt 0 view .LVU52
 168 003e 0020     		movs	r0, #0
 169              	.LVL11:
 157:stm/stm32f4xx/STM32F4xx_HAL_Driver/Src/stm32f4xx_hal_i2c_ex.c ****   }
 170              		.loc 1 157 12 view .LVU53
 171 0040 7047     		bx	lr
 172              		.cfi_endproc
 173              	.LFE240:
 175              		.text
 176              	.Letext0:
 177              		.file 2 "/usr/lib/gcc/arm-none-eabi/13.2.1/include/stdint.h"
 178              		.file 3 "stm/stm32f4xx/CMSIS/Device/ST/STM32F4xx/Include/stm32f446xx.h"
 179              		.file 4 "stm/stm32f4xx/STM32F4xx_HAL_Driver/Inc/stm32f4xx_hal_def.h"
 180              		.file 5 "stm/stm32f4xx/STM32F4xx_HAL_Driver/Inc/stm32f4xx_hal_dma.h"
 181              		.file 6 "stm/stm32f4xx/STM32F4xx_HAL_Driver/Inc/stm32f4xx_hal_i2c.h"
ARM GAS  /tmp/ccdRpC35.s 			page 8


DEFINED SYMBOLS
                            *ABS*:00000000 stm32f4xx_hal_i2c_ex.c
     /tmp/ccdRpC35.s:21     .text.HAL_I2CEx_ConfigAnalogFilter:00000000 $t
     /tmp/ccdRpC35.s:27     .text.HAL_I2CEx_ConfigAnalogFilter:00000000 HAL_I2CEx_ConfigAnalogFilter
     /tmp/ccdRpC35.s:95     .text.HAL_I2CEx_ConfigDigitalFilter:00000000 $t
     /tmp/ccdRpC35.s:101    .text.HAL_I2CEx_ConfigDigitalFilter:00000000 HAL_I2CEx_ConfigDigitalFilter

NO UNDEFINED SYMBOLS
