ARM GAS  /tmp/ccEmX3CN.s 			page 1


   1              		.cpu cortex-m4
   2              		.arch armv7e-m
   3              		.fpu fpv4-sp-d16
   4              		.eabi_attribute 27, 1
   5              		.eabi_attribute 28, 1
   6              		.eabi_attribute 20, 1
   7              		.eabi_attribute 21, 1
   8              		.eabi_attribute 23, 3
   9              		.eabi_attribute 24, 1
  10              		.eabi_attribute 25, 1
  11              		.eabi_attribute 26, 1
  12              		.eabi_attribute 30, 1
  13              		.eabi_attribute 34, 1
  14              		.eabi_attribute 18, 4
  15              		.file	"stm32f4xx_hal_iwdg.c"
  16              		.text
  17              	.Ltext0:
  18              		.cfi_sections	.debug_frame
  19              		.file 1 "stm/stm32f4xx/STM32F4xx_HAL_Driver/Src/stm32f4xx_hal_iwdg.c"
  20              		.section	.text.HAL_IWDG_Init,"ax",%progbits
  21              		.align	1
  22              		.global	HAL_IWDG_Init
  23              		.syntax unified
  24              		.thumb
  25              		.thumb_func
  27              	HAL_IWDG_Init:
  28              	.LVL0:
  29              	.LFB239:
   1:stm/stm32f4xx/STM32F4xx_HAL_Driver/Src/stm32f4xx_hal_iwdg.c **** /**
   2:stm/stm32f4xx/STM32F4xx_HAL_Driver/Src/stm32f4xx_hal_iwdg.c ****   ******************************************************************************
   3:stm/stm32f4xx/STM32F4xx_HAL_Driver/Src/stm32f4xx_hal_iwdg.c ****   * @file    stm32f4xx_hal_iwdg.c
   4:stm/stm32f4xx/STM32F4xx_HAL_Driver/Src/stm32f4xx_hal_iwdg.c ****   * @author  MCD Application Team
   5:stm/stm32f4xx/STM32F4xx_HAL_Driver/Src/stm32f4xx_hal_iwdg.c ****   * @brief   IWDG HAL module driver.
   6:stm/stm32f4xx/STM32F4xx_HAL_Driver/Src/stm32f4xx_hal_iwdg.c ****   *          This file provides firmware functions to manage the following
   7:stm/stm32f4xx/STM32F4xx_HAL_Driver/Src/stm32f4xx_hal_iwdg.c ****   *          functionalities of the Independent Watchdog (IWDG) peripheral:
   8:stm/stm32f4xx/STM32F4xx_HAL_Driver/Src/stm32f4xx_hal_iwdg.c ****   *           + Initialization and Start functions
   9:stm/stm32f4xx/STM32F4xx_HAL_Driver/Src/stm32f4xx_hal_iwdg.c ****   *           + IO operation functions
  10:stm/stm32f4xx/STM32F4xx_HAL_Driver/Src/stm32f4xx_hal_iwdg.c ****   *
  11:stm/stm32f4xx/STM32F4xx_HAL_Driver/Src/stm32f4xx_hal_iwdg.c ****   ******************************************************************************
  12:stm/stm32f4xx/STM32F4xx_HAL_Driver/Src/stm32f4xx_hal_iwdg.c ****   * @attention
  13:stm/stm32f4xx/STM32F4xx_HAL_Driver/Src/stm32f4xx_hal_iwdg.c ****   *
  14:stm/stm32f4xx/STM32F4xx_HAL_Driver/Src/stm32f4xx_hal_iwdg.c ****   * Copyright (c) 2016 STMicroelectronics.
  15:stm/stm32f4xx/STM32F4xx_HAL_Driver/Src/stm32f4xx_hal_iwdg.c ****   * All rights reserved.
  16:stm/stm32f4xx/STM32F4xx_HAL_Driver/Src/stm32f4xx_hal_iwdg.c ****   *
  17:stm/stm32f4xx/STM32F4xx_HAL_Driver/Src/stm32f4xx_hal_iwdg.c ****   * This software is licensed under terms that can be found in the LICENSE file
  18:stm/stm32f4xx/STM32F4xx_HAL_Driver/Src/stm32f4xx_hal_iwdg.c ****   * in the root directory of this software component.
  19:stm/stm32f4xx/STM32F4xx_HAL_Driver/Src/stm32f4xx_hal_iwdg.c ****   * If no LICENSE file comes with this software, it is provided AS-IS.
  20:stm/stm32f4xx/STM32F4xx_HAL_Driver/Src/stm32f4xx_hal_iwdg.c ****   *
  21:stm/stm32f4xx/STM32F4xx_HAL_Driver/Src/stm32f4xx_hal_iwdg.c ****   ******************************************************************************
  22:stm/stm32f4xx/STM32F4xx_HAL_Driver/Src/stm32f4xx_hal_iwdg.c ****   @verbatim
  23:stm/stm32f4xx/STM32F4xx_HAL_Driver/Src/stm32f4xx_hal_iwdg.c ****   ==============================================================================
  24:stm/stm32f4xx/STM32F4xx_HAL_Driver/Src/stm32f4xx_hal_iwdg.c ****                     ##### IWDG Generic features #####
  25:stm/stm32f4xx/STM32F4xx_HAL_Driver/Src/stm32f4xx_hal_iwdg.c ****   ==============================================================================
  26:stm/stm32f4xx/STM32F4xx_HAL_Driver/Src/stm32f4xx_hal_iwdg.c ****   [..]
  27:stm/stm32f4xx/STM32F4xx_HAL_Driver/Src/stm32f4xx_hal_iwdg.c ****     (+) The IWDG can be started by either software or hardware (configurable
  28:stm/stm32f4xx/STM32F4xx_HAL_Driver/Src/stm32f4xx_hal_iwdg.c ****         through option byte).
  29:stm/stm32f4xx/STM32F4xx_HAL_Driver/Src/stm32f4xx_hal_iwdg.c **** 
ARM GAS  /tmp/ccEmX3CN.s 			page 2


  30:stm/stm32f4xx/STM32F4xx_HAL_Driver/Src/stm32f4xx_hal_iwdg.c ****     (+) The IWDG is clocked by the Low-Speed Internal clock (LSI) and thus stays
  31:stm/stm32f4xx/STM32F4xx_HAL_Driver/Src/stm32f4xx_hal_iwdg.c ****         active even if the main clock fails.
  32:stm/stm32f4xx/STM32F4xx_HAL_Driver/Src/stm32f4xx_hal_iwdg.c **** 
  33:stm/stm32f4xx/STM32F4xx_HAL_Driver/Src/stm32f4xx_hal_iwdg.c ****     (+) Once the IWDG is started, the LSI is forced ON and both cannot be
  34:stm/stm32f4xx/STM32F4xx_HAL_Driver/Src/stm32f4xx_hal_iwdg.c ****         disabled. The counter starts counting down from the reset value (0xFFF).
  35:stm/stm32f4xx/STM32F4xx_HAL_Driver/Src/stm32f4xx_hal_iwdg.c ****         When it reaches the end of count value (0x000) a reset signal is
  36:stm/stm32f4xx/STM32F4xx_HAL_Driver/Src/stm32f4xx_hal_iwdg.c ****         generated (IWDG reset).
  37:stm/stm32f4xx/STM32F4xx_HAL_Driver/Src/stm32f4xx_hal_iwdg.c **** 
  38:stm/stm32f4xx/STM32F4xx_HAL_Driver/Src/stm32f4xx_hal_iwdg.c ****     (+) Whenever the key value 0x0000 AAAA is written in the IWDG_KR register,
  39:stm/stm32f4xx/STM32F4xx_HAL_Driver/Src/stm32f4xx_hal_iwdg.c ****         the IWDG_RLR value is reloaded into the counter and the watchdog reset
  40:stm/stm32f4xx/STM32F4xx_HAL_Driver/Src/stm32f4xx_hal_iwdg.c ****         is prevented.
  41:stm/stm32f4xx/STM32F4xx_HAL_Driver/Src/stm32f4xx_hal_iwdg.c **** 
  42:stm/stm32f4xx/STM32F4xx_HAL_Driver/Src/stm32f4xx_hal_iwdg.c ****     (+) The IWDG is implemented in the VDD voltage domain that is still functional
  43:stm/stm32f4xx/STM32F4xx_HAL_Driver/Src/stm32f4xx_hal_iwdg.c ****         in STOP and STANDBY mode (IWDG reset can wake up the CPU from STANDBY).
  44:stm/stm32f4xx/STM32F4xx_HAL_Driver/Src/stm32f4xx_hal_iwdg.c ****         IWDGRST flag in RCC_CSR register can be used to inform when an IWDG
  45:stm/stm32f4xx/STM32F4xx_HAL_Driver/Src/stm32f4xx_hal_iwdg.c ****         reset occurs.
  46:stm/stm32f4xx/STM32F4xx_HAL_Driver/Src/stm32f4xx_hal_iwdg.c **** 
  47:stm/stm32f4xx/STM32F4xx_HAL_Driver/Src/stm32f4xx_hal_iwdg.c ****     (+) Debug mode: When the microcontroller enters debug mode (core halted),
  48:stm/stm32f4xx/STM32F4xx_HAL_Driver/Src/stm32f4xx_hal_iwdg.c ****         the IWDG counter either continues to work normally or stops, depending
  49:stm/stm32f4xx/STM32F4xx_HAL_Driver/Src/stm32f4xx_hal_iwdg.c ****         on DBG_IWDG_STOP configuration bit in DBG module, accessible through
  50:stm/stm32f4xx/STM32F4xx_HAL_Driver/Src/stm32f4xx_hal_iwdg.c ****         __HAL_DBGMCU_FREEZE_IWDG() and __HAL_DBGMCU_UNFREEZE_IWDG() macros.
  51:stm/stm32f4xx/STM32F4xx_HAL_Driver/Src/stm32f4xx_hal_iwdg.c **** 
  52:stm/stm32f4xx/STM32F4xx_HAL_Driver/Src/stm32f4xx_hal_iwdg.c ****     [..] Min-max timeout value @32KHz (LSI): ~125us / ~32.7s
  53:stm/stm32f4xx/STM32F4xx_HAL_Driver/Src/stm32f4xx_hal_iwdg.c ****          The IWDG timeout may vary due to LSI clock frequency dispersion.
  54:stm/stm32f4xx/STM32F4xx_HAL_Driver/Src/stm32f4xx_hal_iwdg.c ****          STM32F4xx devices provide the capability to measure the LSI clock
  55:stm/stm32f4xx/STM32F4xx_HAL_Driver/Src/stm32f4xx_hal_iwdg.c ****          frequency (LSI clock is internally connected to TIM5 CH4 input capture).
  56:stm/stm32f4xx/STM32F4xx_HAL_Driver/Src/stm32f4xx_hal_iwdg.c ****          The measured value can be used to have an IWDG timeout with an
  57:stm/stm32f4xx/STM32F4xx_HAL_Driver/Src/stm32f4xx_hal_iwdg.c ****          acceptable accuracy.
  58:stm/stm32f4xx/STM32F4xx_HAL_Driver/Src/stm32f4xx_hal_iwdg.c **** 
  59:stm/stm32f4xx/STM32F4xx_HAL_Driver/Src/stm32f4xx_hal_iwdg.c ****     [..] Default timeout value (necessary for IWDG_SR status register update):
  60:stm/stm32f4xx/STM32F4xx_HAL_Driver/Src/stm32f4xx_hal_iwdg.c ****          Constant LSI_VALUE is defined based on the nominal LSI clock frequency.
  61:stm/stm32f4xx/STM32F4xx_HAL_Driver/Src/stm32f4xx_hal_iwdg.c ****          This frequency being subject to variations as mentioned above, the
  62:stm/stm32f4xx/STM32F4xx_HAL_Driver/Src/stm32f4xx_hal_iwdg.c ****          default timeout value (defined through constant HAL_IWDG_DEFAULT_TIMEOUT
  63:stm/stm32f4xx/STM32F4xx_HAL_Driver/Src/stm32f4xx_hal_iwdg.c ****          below) may become too short or too long.
  64:stm/stm32f4xx/STM32F4xx_HAL_Driver/Src/stm32f4xx_hal_iwdg.c ****          In such cases, this default timeout value can be tuned by redefining
  65:stm/stm32f4xx/STM32F4xx_HAL_Driver/Src/stm32f4xx_hal_iwdg.c ****          the constant LSI_VALUE at user-application level (based, for instance,
  66:stm/stm32f4xx/STM32F4xx_HAL_Driver/Src/stm32f4xx_hal_iwdg.c ****          on the measured LSI clock frequency as explained above).
  67:stm/stm32f4xx/STM32F4xx_HAL_Driver/Src/stm32f4xx_hal_iwdg.c **** 
  68:stm/stm32f4xx/STM32F4xx_HAL_Driver/Src/stm32f4xx_hal_iwdg.c ****                      ##### How to use this driver #####
  69:stm/stm32f4xx/STM32F4xx_HAL_Driver/Src/stm32f4xx_hal_iwdg.c ****   ==============================================================================
  70:stm/stm32f4xx/STM32F4xx_HAL_Driver/Src/stm32f4xx_hal_iwdg.c ****   [..]
  71:stm/stm32f4xx/STM32F4xx_HAL_Driver/Src/stm32f4xx_hal_iwdg.c ****     (#) Use IWDG using HAL_IWDG_Init() function to :
  72:stm/stm32f4xx/STM32F4xx_HAL_Driver/Src/stm32f4xx_hal_iwdg.c ****       (++) Enable instance by writing Start keyword in IWDG_KEY register. LSI
  73:stm/stm32f4xx/STM32F4xx_HAL_Driver/Src/stm32f4xx_hal_iwdg.c ****            clock is forced ON and IWDG counter starts counting down.
  74:stm/stm32f4xx/STM32F4xx_HAL_Driver/Src/stm32f4xx_hal_iwdg.c ****       (++) Enable write access to configuration registers:
  75:stm/stm32f4xx/STM32F4xx_HAL_Driver/Src/stm32f4xx_hal_iwdg.c ****           IWDG_PR and IWDG_RLR.
  76:stm/stm32f4xx/STM32F4xx_HAL_Driver/Src/stm32f4xx_hal_iwdg.c ****       (++) Configure the IWDG prescaler and counter reload value. This reload
  77:stm/stm32f4xx/STM32F4xx_HAL_Driver/Src/stm32f4xx_hal_iwdg.c ****            value will be loaded in the IWDG counter each time the watchdog is
  78:stm/stm32f4xx/STM32F4xx_HAL_Driver/Src/stm32f4xx_hal_iwdg.c ****            reloaded, then the IWDG will start counting down from this value.
  79:stm/stm32f4xx/STM32F4xx_HAL_Driver/Src/stm32f4xx_hal_iwdg.c ****       (++) Wait for status flags to be reset.
  80:stm/stm32f4xx/STM32F4xx_HAL_Driver/Src/stm32f4xx_hal_iwdg.c **** 
  81:stm/stm32f4xx/STM32F4xx_HAL_Driver/Src/stm32f4xx_hal_iwdg.c ****     (#) Then the application program must refresh the IWDG counter at regular
  82:stm/stm32f4xx/STM32F4xx_HAL_Driver/Src/stm32f4xx_hal_iwdg.c ****         intervals during normal operation to prevent an MCU reset, using
  83:stm/stm32f4xx/STM32F4xx_HAL_Driver/Src/stm32f4xx_hal_iwdg.c ****         HAL_IWDG_Refresh() function.
  84:stm/stm32f4xx/STM32F4xx_HAL_Driver/Src/stm32f4xx_hal_iwdg.c **** 
  85:stm/stm32f4xx/STM32F4xx_HAL_Driver/Src/stm32f4xx_hal_iwdg.c ****      *** IWDG HAL driver macros list ***
  86:stm/stm32f4xx/STM32F4xx_HAL_Driver/Src/stm32f4xx_hal_iwdg.c ****      ====================================
ARM GAS  /tmp/ccEmX3CN.s 			page 3


  87:stm/stm32f4xx/STM32F4xx_HAL_Driver/Src/stm32f4xx_hal_iwdg.c ****      [..]
  88:stm/stm32f4xx/STM32F4xx_HAL_Driver/Src/stm32f4xx_hal_iwdg.c ****        Below the list of most used macros in IWDG HAL driver:
  89:stm/stm32f4xx/STM32F4xx_HAL_Driver/Src/stm32f4xx_hal_iwdg.c ****       (+) __HAL_IWDG_START: Enable the IWDG peripheral
  90:stm/stm32f4xx/STM32F4xx_HAL_Driver/Src/stm32f4xx_hal_iwdg.c ****       (+) __HAL_IWDG_RELOAD_COUNTER: Reloads IWDG counter with value defined in
  91:stm/stm32f4xx/STM32F4xx_HAL_Driver/Src/stm32f4xx_hal_iwdg.c ****           the reload register
  92:stm/stm32f4xx/STM32F4xx_HAL_Driver/Src/stm32f4xx_hal_iwdg.c **** 
  93:stm/stm32f4xx/STM32F4xx_HAL_Driver/Src/stm32f4xx_hal_iwdg.c ****   @endverbatim
  94:stm/stm32f4xx/STM32F4xx_HAL_Driver/Src/stm32f4xx_hal_iwdg.c ****   */
  95:stm/stm32f4xx/STM32F4xx_HAL_Driver/Src/stm32f4xx_hal_iwdg.c **** 
  96:stm/stm32f4xx/STM32F4xx_HAL_Driver/Src/stm32f4xx_hal_iwdg.c **** /* Includes ------------------------------------------------------------------*/
  97:stm/stm32f4xx/STM32F4xx_HAL_Driver/Src/stm32f4xx_hal_iwdg.c **** #include "stm32f4xx_hal.h"
  98:stm/stm32f4xx/STM32F4xx_HAL_Driver/Src/stm32f4xx_hal_iwdg.c **** 
  99:stm/stm32f4xx/STM32F4xx_HAL_Driver/Src/stm32f4xx_hal_iwdg.c **** /** @addtogroup STM32F4xx_HAL_Driver
 100:stm/stm32f4xx/STM32F4xx_HAL_Driver/Src/stm32f4xx_hal_iwdg.c ****   * @{
 101:stm/stm32f4xx/STM32F4xx_HAL_Driver/Src/stm32f4xx_hal_iwdg.c ****   */
 102:stm/stm32f4xx/STM32F4xx_HAL_Driver/Src/stm32f4xx_hal_iwdg.c **** 
 103:stm/stm32f4xx/STM32F4xx_HAL_Driver/Src/stm32f4xx_hal_iwdg.c **** #ifdef HAL_IWDG_MODULE_ENABLED
 104:stm/stm32f4xx/STM32F4xx_HAL_Driver/Src/stm32f4xx_hal_iwdg.c **** /** @addtogroup IWDG
 105:stm/stm32f4xx/STM32F4xx_HAL_Driver/Src/stm32f4xx_hal_iwdg.c ****   * @brief IWDG HAL module driver.
 106:stm/stm32f4xx/STM32F4xx_HAL_Driver/Src/stm32f4xx_hal_iwdg.c ****   * @{
 107:stm/stm32f4xx/STM32F4xx_HAL_Driver/Src/stm32f4xx_hal_iwdg.c ****   */
 108:stm/stm32f4xx/STM32F4xx_HAL_Driver/Src/stm32f4xx_hal_iwdg.c **** 
 109:stm/stm32f4xx/STM32F4xx_HAL_Driver/Src/stm32f4xx_hal_iwdg.c **** /* Private typedef -----------------------------------------------------------*/
 110:stm/stm32f4xx/STM32F4xx_HAL_Driver/Src/stm32f4xx_hal_iwdg.c **** /* Private define ------------------------------------------------------------*/
 111:stm/stm32f4xx/STM32F4xx_HAL_Driver/Src/stm32f4xx_hal_iwdg.c **** /** @defgroup IWDG_Private_Defines IWDG Private Defines
 112:stm/stm32f4xx/STM32F4xx_HAL_Driver/Src/stm32f4xx_hal_iwdg.c ****   * @{
 113:stm/stm32f4xx/STM32F4xx_HAL_Driver/Src/stm32f4xx_hal_iwdg.c ****   */
 114:stm/stm32f4xx/STM32F4xx_HAL_Driver/Src/stm32f4xx_hal_iwdg.c **** /* Status register needs up to 5 LSI clock periods divided by the clock
 115:stm/stm32f4xx/STM32F4xx_HAL_Driver/Src/stm32f4xx_hal_iwdg.c ****    prescaler to be updated. The number of LSI clock periods is upper-rounded to
 116:stm/stm32f4xx/STM32F4xx_HAL_Driver/Src/stm32f4xx_hal_iwdg.c ****    6 for the timeout value calculation.
 117:stm/stm32f4xx/STM32F4xx_HAL_Driver/Src/stm32f4xx_hal_iwdg.c ****    The timeout value is calculated using the highest prescaler (256) and
 118:stm/stm32f4xx/STM32F4xx_HAL_Driver/Src/stm32f4xx_hal_iwdg.c ****    the LSI_VALUE constant. The value of this constant can be changed by the user
 119:stm/stm32f4xx/STM32F4xx_HAL_Driver/Src/stm32f4xx_hal_iwdg.c ****    to take into account possible LSI clock period variations.
 120:stm/stm32f4xx/STM32F4xx_HAL_Driver/Src/stm32f4xx_hal_iwdg.c ****    The timeout value is multiplied by 1000 to be converted in milliseconds.
 121:stm/stm32f4xx/STM32F4xx_HAL_Driver/Src/stm32f4xx_hal_iwdg.c ****    LSI startup time is also considered here by adding LSI_STARTUP_TIME
 122:stm/stm32f4xx/STM32F4xx_HAL_Driver/Src/stm32f4xx_hal_iwdg.c ****    converted in milliseconds. */
 123:stm/stm32f4xx/STM32F4xx_HAL_Driver/Src/stm32f4xx_hal_iwdg.c **** #define HAL_IWDG_DEFAULT_TIMEOUT        (((6UL * 256UL * 1000UL) / LSI_VALUE) + ((LSI_STARTUP_TIME 
 124:stm/stm32f4xx/STM32F4xx_HAL_Driver/Src/stm32f4xx_hal_iwdg.c **** #define IWDG_KERNEL_UPDATE_FLAGS        (IWDG_SR_RVU | IWDG_SR_PVU)
 125:stm/stm32f4xx/STM32F4xx_HAL_Driver/Src/stm32f4xx_hal_iwdg.c **** /**
 126:stm/stm32f4xx/STM32F4xx_HAL_Driver/Src/stm32f4xx_hal_iwdg.c ****   * @}
 127:stm/stm32f4xx/STM32F4xx_HAL_Driver/Src/stm32f4xx_hal_iwdg.c ****   */
 128:stm/stm32f4xx/STM32F4xx_HAL_Driver/Src/stm32f4xx_hal_iwdg.c **** 
 129:stm/stm32f4xx/STM32F4xx_HAL_Driver/Src/stm32f4xx_hal_iwdg.c **** /* Private macro -------------------------------------------------------------*/
 130:stm/stm32f4xx/STM32F4xx_HAL_Driver/Src/stm32f4xx_hal_iwdg.c **** /* Private variables ---------------------------------------------------------*/
 131:stm/stm32f4xx/STM32F4xx_HAL_Driver/Src/stm32f4xx_hal_iwdg.c **** /* Private function prototypes -----------------------------------------------*/
 132:stm/stm32f4xx/STM32F4xx_HAL_Driver/Src/stm32f4xx_hal_iwdg.c **** /* Exported functions --------------------------------------------------------*/
 133:stm/stm32f4xx/STM32F4xx_HAL_Driver/Src/stm32f4xx_hal_iwdg.c **** 
 134:stm/stm32f4xx/STM32F4xx_HAL_Driver/Src/stm32f4xx_hal_iwdg.c **** /** @addtogroup IWDG_Exported_Functions
 135:stm/stm32f4xx/STM32F4xx_HAL_Driver/Src/stm32f4xx_hal_iwdg.c ****   * @{
 136:stm/stm32f4xx/STM32F4xx_HAL_Driver/Src/stm32f4xx_hal_iwdg.c ****   */
 137:stm/stm32f4xx/STM32F4xx_HAL_Driver/Src/stm32f4xx_hal_iwdg.c **** 
 138:stm/stm32f4xx/STM32F4xx_HAL_Driver/Src/stm32f4xx_hal_iwdg.c **** /** @addtogroup IWDG_Exported_Functions_Group1
 139:stm/stm32f4xx/STM32F4xx_HAL_Driver/Src/stm32f4xx_hal_iwdg.c ****   *  @brief    Initialization and Start functions.
 140:stm/stm32f4xx/STM32F4xx_HAL_Driver/Src/stm32f4xx_hal_iwdg.c ****   *
 141:stm/stm32f4xx/STM32F4xx_HAL_Driver/Src/stm32f4xx_hal_iwdg.c **** @verbatim
 142:stm/stm32f4xx/STM32F4xx_HAL_Driver/Src/stm32f4xx_hal_iwdg.c ****  ===============================================================================
 143:stm/stm32f4xx/STM32F4xx_HAL_Driver/Src/stm32f4xx_hal_iwdg.c ****           ##### Initialization and Start functions #####
ARM GAS  /tmp/ccEmX3CN.s 			page 4


 144:stm/stm32f4xx/STM32F4xx_HAL_Driver/Src/stm32f4xx_hal_iwdg.c ****  ===============================================================================
 145:stm/stm32f4xx/STM32F4xx_HAL_Driver/Src/stm32f4xx_hal_iwdg.c ****  [..]  This section provides functions allowing to:
 146:stm/stm32f4xx/STM32F4xx_HAL_Driver/Src/stm32f4xx_hal_iwdg.c ****       (+) Initialize the IWDG according to the specified parameters in the
 147:stm/stm32f4xx/STM32F4xx_HAL_Driver/Src/stm32f4xx_hal_iwdg.c ****           IWDG_InitTypeDef of associated handle.
 148:stm/stm32f4xx/STM32F4xx_HAL_Driver/Src/stm32f4xx_hal_iwdg.c ****       (+) Once initialization is performed in HAL_IWDG_Init function, Watchdog
 149:stm/stm32f4xx/STM32F4xx_HAL_Driver/Src/stm32f4xx_hal_iwdg.c ****           is reloaded in order to exit function with correct time base.
 150:stm/stm32f4xx/STM32F4xx_HAL_Driver/Src/stm32f4xx_hal_iwdg.c **** 
 151:stm/stm32f4xx/STM32F4xx_HAL_Driver/Src/stm32f4xx_hal_iwdg.c **** @endverbatim
 152:stm/stm32f4xx/STM32F4xx_HAL_Driver/Src/stm32f4xx_hal_iwdg.c ****   * @{
 153:stm/stm32f4xx/STM32F4xx_HAL_Driver/Src/stm32f4xx_hal_iwdg.c ****   */
 154:stm/stm32f4xx/STM32F4xx_HAL_Driver/Src/stm32f4xx_hal_iwdg.c **** 
 155:stm/stm32f4xx/STM32F4xx_HAL_Driver/Src/stm32f4xx_hal_iwdg.c **** /**
 156:stm/stm32f4xx/STM32F4xx_HAL_Driver/Src/stm32f4xx_hal_iwdg.c ****   * @brief  Initialize the IWDG according to the specified parameters in the
 157:stm/stm32f4xx/STM32F4xx_HAL_Driver/Src/stm32f4xx_hal_iwdg.c ****   *         IWDG_InitTypeDef and start watchdog. Before exiting function,
 158:stm/stm32f4xx/STM32F4xx_HAL_Driver/Src/stm32f4xx_hal_iwdg.c ****   *         watchdog is refreshed in order to have correct time base.
 159:stm/stm32f4xx/STM32F4xx_HAL_Driver/Src/stm32f4xx_hal_iwdg.c ****   * @param  hiwdg  pointer to a IWDG_HandleTypeDef structure that contains
 160:stm/stm32f4xx/STM32F4xx_HAL_Driver/Src/stm32f4xx_hal_iwdg.c ****   *                the configuration information for the specified IWDG module.
 161:stm/stm32f4xx/STM32F4xx_HAL_Driver/Src/stm32f4xx_hal_iwdg.c ****   * @retval HAL status
 162:stm/stm32f4xx/STM32F4xx_HAL_Driver/Src/stm32f4xx_hal_iwdg.c ****   */
 163:stm/stm32f4xx/STM32F4xx_HAL_Driver/Src/stm32f4xx_hal_iwdg.c **** HAL_StatusTypeDef HAL_IWDG_Init(IWDG_HandleTypeDef *hiwdg)
 164:stm/stm32f4xx/STM32F4xx_HAL_Driver/Src/stm32f4xx_hal_iwdg.c **** {
  30              		.loc 1 164 1 view -0
  31              		.cfi_startproc
  32              		@ args = 0, pretend = 0, frame = 0
  33              		@ frame_needed = 0, uses_anonymous_args = 0
 165:stm/stm32f4xx/STM32F4xx_HAL_Driver/Src/stm32f4xx_hal_iwdg.c ****   uint32_t tickstart;
  34              		.loc 1 165 3 view .LVU1
 166:stm/stm32f4xx/STM32F4xx_HAL_Driver/Src/stm32f4xx_hal_iwdg.c **** 
 167:stm/stm32f4xx/STM32F4xx_HAL_Driver/Src/stm32f4xx_hal_iwdg.c ****   /* Check the IWDG handle allocation */
 168:stm/stm32f4xx/STM32F4xx_HAL_Driver/Src/stm32f4xx_hal_iwdg.c ****   if (hiwdg == NULL)
  35              		.loc 1 168 3 view .LVU2
  36              		.loc 1 168 6 is_stmt 0 view .LVU3
  37 0000 40B3     		cbz	r0, .L5
 164:stm/stm32f4xx/STM32F4xx_HAL_Driver/Src/stm32f4xx_hal_iwdg.c ****   uint32_t tickstart;
  38              		.loc 1 164 1 view .LVU4
  39 0002 38B5     		push	{r3, r4, r5, lr}
  40              	.LCFI0:
  41              		.cfi_def_cfa_offset 16
  42              		.cfi_offset 3, -16
  43              		.cfi_offset 4, -12
  44              		.cfi_offset 5, -8
  45              		.cfi_offset 14, -4
  46 0004 0446     		mov	r4, r0
 169:stm/stm32f4xx/STM32F4xx_HAL_Driver/Src/stm32f4xx_hal_iwdg.c ****   {
 170:stm/stm32f4xx/STM32F4xx_HAL_Driver/Src/stm32f4xx_hal_iwdg.c ****     return HAL_ERROR;
 171:stm/stm32f4xx/STM32F4xx_HAL_Driver/Src/stm32f4xx_hal_iwdg.c ****   }
 172:stm/stm32f4xx/STM32F4xx_HAL_Driver/Src/stm32f4xx_hal_iwdg.c **** 
 173:stm/stm32f4xx/STM32F4xx_HAL_Driver/Src/stm32f4xx_hal_iwdg.c ****   /* Check the parameters */
 174:stm/stm32f4xx/STM32F4xx_HAL_Driver/Src/stm32f4xx_hal_iwdg.c ****   assert_param(IS_IWDG_ALL_INSTANCE(hiwdg->Instance));
  47              		.loc 1 174 3 is_stmt 1 view .LVU5
 175:stm/stm32f4xx/STM32F4xx_HAL_Driver/Src/stm32f4xx_hal_iwdg.c ****   assert_param(IS_IWDG_PRESCALER(hiwdg->Init.Prescaler));
  48              		.loc 1 175 3 view .LVU6
 176:stm/stm32f4xx/STM32F4xx_HAL_Driver/Src/stm32f4xx_hal_iwdg.c ****   assert_param(IS_IWDG_RELOAD(hiwdg->Init.Reload));
  49              		.loc 1 176 3 view .LVU7
 177:stm/stm32f4xx/STM32F4xx_HAL_Driver/Src/stm32f4xx_hal_iwdg.c **** 
 178:stm/stm32f4xx/STM32F4xx_HAL_Driver/Src/stm32f4xx_hal_iwdg.c ****   /* Enable IWDG. LSI is turned on automatically */
 179:stm/stm32f4xx/STM32F4xx_HAL_Driver/Src/stm32f4xx_hal_iwdg.c ****   __HAL_IWDG_START(hiwdg);
ARM GAS  /tmp/ccEmX3CN.s 			page 5


  50              		.loc 1 179 3 view .LVU8
  51 0006 0368     		ldr	r3, [r0]
  52 0008 4CF6CC42 		movw	r2, #52428
  53 000c 1A60     		str	r2, [r3]
 180:stm/stm32f4xx/STM32F4xx_HAL_Driver/Src/stm32f4xx_hal_iwdg.c **** 
 181:stm/stm32f4xx/STM32F4xx_HAL_Driver/Src/stm32f4xx_hal_iwdg.c ****   /* Enable write access to IWDG_PR and IWDG_RLR registers by writing
 182:stm/stm32f4xx/STM32F4xx_HAL_Driver/Src/stm32f4xx_hal_iwdg.c ****   0x5555 in KR */
 183:stm/stm32f4xx/STM32F4xx_HAL_Driver/Src/stm32f4xx_hal_iwdg.c ****   IWDG_ENABLE_WRITE_ACCESS(hiwdg);
  54              		.loc 1 183 3 view .LVU9
  55 000e 0368     		ldr	r3, [r0]
  56 0010 45F25552 		movw	r2, #21845
  57 0014 1A60     		str	r2, [r3]
 184:stm/stm32f4xx/STM32F4xx_HAL_Driver/Src/stm32f4xx_hal_iwdg.c **** 
 185:stm/stm32f4xx/STM32F4xx_HAL_Driver/Src/stm32f4xx_hal_iwdg.c ****   /* Write to IWDG registers the Prescaler & Reload values to work with */
 186:stm/stm32f4xx/STM32F4xx_HAL_Driver/Src/stm32f4xx_hal_iwdg.c ****   hiwdg->Instance->PR = hiwdg->Init.Prescaler;
  58              		.loc 1 186 3 view .LVU10
  59              		.loc 1 186 8 is_stmt 0 view .LVU11
  60 0016 0368     		ldr	r3, [r0]
  61              		.loc 1 186 36 view .LVU12
  62 0018 4268     		ldr	r2, [r0, #4]
  63              		.loc 1 186 23 view .LVU13
  64 001a 5A60     		str	r2, [r3, #4]
 187:stm/stm32f4xx/STM32F4xx_HAL_Driver/Src/stm32f4xx_hal_iwdg.c ****   hiwdg->Instance->RLR = hiwdg->Init.Reload;
  65              		.loc 1 187 3 is_stmt 1 view .LVU14
  66              		.loc 1 187 8 is_stmt 0 view .LVU15
  67 001c 0368     		ldr	r3, [r0]
  68              		.loc 1 187 37 view .LVU16
  69 001e 8268     		ldr	r2, [r0, #8]
  70              		.loc 1 187 24 view .LVU17
  71 0020 9A60     		str	r2, [r3, #8]
 188:stm/stm32f4xx/STM32F4xx_HAL_Driver/Src/stm32f4xx_hal_iwdg.c **** 
 189:stm/stm32f4xx/STM32F4xx_HAL_Driver/Src/stm32f4xx_hal_iwdg.c ****   /* Check pending flag, if previous update not done, return timeout */
 190:stm/stm32f4xx/STM32F4xx_HAL_Driver/Src/stm32f4xx_hal_iwdg.c ****   tickstart = HAL_GetTick();
  72              		.loc 1 190 3 is_stmt 1 view .LVU18
  73              		.loc 1 190 15 is_stmt 0 view .LVU19
  74 0022 FFF7FEFF 		bl	HAL_GetTick
  75              	.LVL1:
  76              		.loc 1 190 15 view .LVU20
  77 0026 0546     		mov	r5, r0
  78              	.LVL2:
 191:stm/stm32f4xx/STM32F4xx_HAL_Driver/Src/stm32f4xx_hal_iwdg.c **** 
 192:stm/stm32f4xx/STM32F4xx_HAL_Driver/Src/stm32f4xx_hal_iwdg.c ****   /* Wait for register to be updated */
 193:stm/stm32f4xx/STM32F4xx_HAL_Driver/Src/stm32f4xx_hal_iwdg.c ****   while ((hiwdg->Instance->SR & IWDG_KERNEL_UPDATE_FLAGS) != 0x00u)
  79              		.loc 1 193 3 is_stmt 1 view .LVU21
  80              	.L3:
  81              		.loc 1 193 59 view .LVU22
  82              		.loc 1 193 16 is_stmt 0 view .LVU23
  83 0028 2368     		ldr	r3, [r4]
  84              		.loc 1 193 26 view .LVU24
  85 002a DA68     		ldr	r2, [r3, #12]
  86              		.loc 1 193 59 view .LVU25
  87 002c 12F0030F 		tst	r2, #3
  88 0030 0BD0     		beq	.L11
 194:stm/stm32f4xx/STM32F4xx_HAL_Driver/Src/stm32f4xx_hal_iwdg.c ****   {
 195:stm/stm32f4xx/STM32F4xx_HAL_Driver/Src/stm32f4xx_hal_iwdg.c ****     if ((HAL_GetTick() - tickstart) > HAL_IWDG_DEFAULT_TIMEOUT)
  89              		.loc 1 195 5 is_stmt 1 view .LVU26
  90              		.loc 1 195 10 is_stmt 0 view .LVU27
ARM GAS  /tmp/ccEmX3CN.s 			page 6


  91 0032 FFF7FEFF 		bl	HAL_GetTick
  92              	.LVL3:
  93              		.loc 1 195 24 discriminator 1 view .LVU28
  94 0036 401B     		subs	r0, r0, r5
  95              		.loc 1 195 8 discriminator 1 view .LVU29
  96 0038 3128     		cmp	r0, #49
  97 003a F5D9     		bls	.L3
 196:stm/stm32f4xx/STM32F4xx_HAL_Driver/Src/stm32f4xx_hal_iwdg.c ****     {
 197:stm/stm32f4xx/STM32F4xx_HAL_Driver/Src/stm32f4xx_hal_iwdg.c ****       if ((hiwdg->Instance->SR & IWDG_KERNEL_UPDATE_FLAGS) != 0x00u)
  98              		.loc 1 197 7 is_stmt 1 view .LVU30
  99              		.loc 1 197 17 is_stmt 0 view .LVU31
 100 003c 2368     		ldr	r3, [r4]
 101              		.loc 1 197 27 view .LVU32
 102 003e DB68     		ldr	r3, [r3, #12]
 103              		.loc 1 197 10 view .LVU33
 104 0040 13F0030F 		tst	r3, #3
 105 0044 F0D0     		beq	.L3
 198:stm/stm32f4xx/STM32F4xx_HAL_Driver/Src/stm32f4xx_hal_iwdg.c ****       {
 199:stm/stm32f4xx/STM32F4xx_HAL_Driver/Src/stm32f4xx_hal_iwdg.c ****         return HAL_TIMEOUT;
 106              		.loc 1 199 16 view .LVU34
 107 0046 0320     		movs	r0, #3
 108 0048 03E0     		b	.L2
 109              	.L11:
 200:stm/stm32f4xx/STM32F4xx_HAL_Driver/Src/stm32f4xx_hal_iwdg.c ****       }
 201:stm/stm32f4xx/STM32F4xx_HAL_Driver/Src/stm32f4xx_hal_iwdg.c ****     }
 202:stm/stm32f4xx/STM32F4xx_HAL_Driver/Src/stm32f4xx_hal_iwdg.c ****   }
 203:stm/stm32f4xx/STM32F4xx_HAL_Driver/Src/stm32f4xx_hal_iwdg.c **** 
 204:stm/stm32f4xx/STM32F4xx_HAL_Driver/Src/stm32f4xx_hal_iwdg.c ****   /* Reload IWDG counter with value defined in the reload register */
 205:stm/stm32f4xx/STM32F4xx_HAL_Driver/Src/stm32f4xx_hal_iwdg.c ****   __HAL_IWDG_RELOAD_COUNTER(hiwdg);
 110              		.loc 1 205 3 is_stmt 1 view .LVU35
 111 004a 4AF6AA22 		movw	r2, #43690
 112 004e 1A60     		str	r2, [r3]
 206:stm/stm32f4xx/STM32F4xx_HAL_Driver/Src/stm32f4xx_hal_iwdg.c **** 
 207:stm/stm32f4xx/STM32F4xx_HAL_Driver/Src/stm32f4xx_hal_iwdg.c ****   /* Return function status */
 208:stm/stm32f4xx/STM32F4xx_HAL_Driver/Src/stm32f4xx_hal_iwdg.c ****   return HAL_OK;
 113              		.loc 1 208 3 view .LVU36
 114              		.loc 1 208 10 is_stmt 0 view .LVU37
 115 0050 0020     		movs	r0, #0
 116              	.L2:
 209:stm/stm32f4xx/STM32F4xx_HAL_Driver/Src/stm32f4xx_hal_iwdg.c **** }
 117              		.loc 1 209 1 view .LVU38
 118 0052 38BD     		pop	{r3, r4, r5, pc}
 119              	.LVL4:
 120              	.L5:
 121              	.LCFI1:
 122              		.cfi_def_cfa_offset 0
 123              		.cfi_restore 3
 124              		.cfi_restore 4
 125              		.cfi_restore 5
 126              		.cfi_restore 14
 170:stm/stm32f4xx/STM32F4xx_HAL_Driver/Src/stm32f4xx_hal_iwdg.c ****   }
 127              		.loc 1 170 12 view .LVU39
 128 0054 0120     		movs	r0, #1
 129              	.LVL5:
 130              		.loc 1 209 1 view .LVU40
 131 0056 7047     		bx	lr
 132              		.cfi_endproc
ARM GAS  /tmp/ccEmX3CN.s 			page 7


 133              	.LFE239:
 135              		.section	.text.HAL_IWDG_Refresh,"ax",%progbits
 136              		.align	1
 137              		.global	HAL_IWDG_Refresh
 138              		.syntax unified
 139              		.thumb
 140              		.thumb_func
 142              	HAL_IWDG_Refresh:
 143              	.LVL6:
 144              	.LFB240:
 210:stm/stm32f4xx/STM32F4xx_HAL_Driver/Src/stm32f4xx_hal_iwdg.c **** 
 211:stm/stm32f4xx/STM32F4xx_HAL_Driver/Src/stm32f4xx_hal_iwdg.c **** 
 212:stm/stm32f4xx/STM32F4xx_HAL_Driver/Src/stm32f4xx_hal_iwdg.c **** /**
 213:stm/stm32f4xx/STM32F4xx_HAL_Driver/Src/stm32f4xx_hal_iwdg.c ****   * @}
 214:stm/stm32f4xx/STM32F4xx_HAL_Driver/Src/stm32f4xx_hal_iwdg.c ****   */
 215:stm/stm32f4xx/STM32F4xx_HAL_Driver/Src/stm32f4xx_hal_iwdg.c **** 
 216:stm/stm32f4xx/STM32F4xx_HAL_Driver/Src/stm32f4xx_hal_iwdg.c **** 
 217:stm/stm32f4xx/STM32F4xx_HAL_Driver/Src/stm32f4xx_hal_iwdg.c **** /** @addtogroup IWDG_Exported_Functions_Group2
 218:stm/stm32f4xx/STM32F4xx_HAL_Driver/Src/stm32f4xx_hal_iwdg.c ****   *  @brief   IO operation functions
 219:stm/stm32f4xx/STM32F4xx_HAL_Driver/Src/stm32f4xx_hal_iwdg.c ****   *
 220:stm/stm32f4xx/STM32F4xx_HAL_Driver/Src/stm32f4xx_hal_iwdg.c **** @verbatim
 221:stm/stm32f4xx/STM32F4xx_HAL_Driver/Src/stm32f4xx_hal_iwdg.c ****  ===============================================================================
 222:stm/stm32f4xx/STM32F4xx_HAL_Driver/Src/stm32f4xx_hal_iwdg.c ****                       ##### IO operation functions #####
 223:stm/stm32f4xx/STM32F4xx_HAL_Driver/Src/stm32f4xx_hal_iwdg.c ****  ===============================================================================
 224:stm/stm32f4xx/STM32F4xx_HAL_Driver/Src/stm32f4xx_hal_iwdg.c ****  [..]  This section provides functions allowing to:
 225:stm/stm32f4xx/STM32F4xx_HAL_Driver/Src/stm32f4xx_hal_iwdg.c ****       (+) Refresh the IWDG.
 226:stm/stm32f4xx/STM32F4xx_HAL_Driver/Src/stm32f4xx_hal_iwdg.c **** 
 227:stm/stm32f4xx/STM32F4xx_HAL_Driver/Src/stm32f4xx_hal_iwdg.c **** @endverbatim
 228:stm/stm32f4xx/STM32F4xx_HAL_Driver/Src/stm32f4xx_hal_iwdg.c ****   * @{
 229:stm/stm32f4xx/STM32F4xx_HAL_Driver/Src/stm32f4xx_hal_iwdg.c ****   */
 230:stm/stm32f4xx/STM32F4xx_HAL_Driver/Src/stm32f4xx_hal_iwdg.c **** 
 231:stm/stm32f4xx/STM32F4xx_HAL_Driver/Src/stm32f4xx_hal_iwdg.c **** /**
 232:stm/stm32f4xx/STM32F4xx_HAL_Driver/Src/stm32f4xx_hal_iwdg.c ****   * @brief  Refresh the IWDG.
 233:stm/stm32f4xx/STM32F4xx_HAL_Driver/Src/stm32f4xx_hal_iwdg.c ****   * @param  hiwdg  pointer to a IWDG_HandleTypeDef structure that contains
 234:stm/stm32f4xx/STM32F4xx_HAL_Driver/Src/stm32f4xx_hal_iwdg.c ****   *                the configuration information for the specified IWDG module.
 235:stm/stm32f4xx/STM32F4xx_HAL_Driver/Src/stm32f4xx_hal_iwdg.c ****   * @retval HAL status
 236:stm/stm32f4xx/STM32F4xx_HAL_Driver/Src/stm32f4xx_hal_iwdg.c ****   */
 237:stm/stm32f4xx/STM32F4xx_HAL_Driver/Src/stm32f4xx_hal_iwdg.c **** HAL_StatusTypeDef HAL_IWDG_Refresh(IWDG_HandleTypeDef *hiwdg)
 238:stm/stm32f4xx/STM32F4xx_HAL_Driver/Src/stm32f4xx_hal_iwdg.c **** {
 145              		.loc 1 238 1 is_stmt 1 view -0
 146              		.cfi_startproc
 147              		@ args = 0, pretend = 0, frame = 0
 148              		@ frame_needed = 0, uses_anonymous_args = 0
 149              		@ link register save eliminated.
 239:stm/stm32f4xx/STM32F4xx_HAL_Driver/Src/stm32f4xx_hal_iwdg.c ****   /* Reload IWDG counter with value defined in the reload register */
 240:stm/stm32f4xx/STM32F4xx_HAL_Driver/Src/stm32f4xx_hal_iwdg.c ****   __HAL_IWDG_RELOAD_COUNTER(hiwdg);
 150              		.loc 1 240 3 view .LVU42
 151 0000 0368     		ldr	r3, [r0]
 152 0002 4AF6AA22 		movw	r2, #43690
 153 0006 1A60     		str	r2, [r3]
 241:stm/stm32f4xx/STM32F4xx_HAL_Driver/Src/stm32f4xx_hal_iwdg.c **** 
 242:stm/stm32f4xx/STM32F4xx_HAL_Driver/Src/stm32f4xx_hal_iwdg.c ****   /* Return function status */
 243:stm/stm32f4xx/STM32F4xx_HAL_Driver/Src/stm32f4xx_hal_iwdg.c ****   return HAL_OK;
 154              		.loc 1 243 3 view .LVU43
 244:stm/stm32f4xx/STM32F4xx_HAL_Driver/Src/stm32f4xx_hal_iwdg.c **** }
 155              		.loc 1 244 1 is_stmt 0 view .LVU44
 156 0008 0020     		movs	r0, #0
ARM GAS  /tmp/ccEmX3CN.s 			page 8


 157              	.LVL7:
 158              		.loc 1 244 1 view .LVU45
 159 000a 7047     		bx	lr
 160              		.cfi_endproc
 161              	.LFE240:
 163              		.text
 164              	.Letext0:
 165              		.file 2 "stm/stm32f4xx/CMSIS/Device/ST/STM32F4xx/Include/stm32f446xx.h"
 166              		.file 3 "/usr/lib/gcc/arm-none-eabi/13.2.1/include/stdint.h"
 167              		.file 4 "stm/stm32f4xx/STM32F4xx_HAL_Driver/Inc/stm32f4xx_hal_def.h"
 168              		.file 5 "stm/stm32f4xx/STM32F4xx_HAL_Driver/Inc/stm32f4xx_hal_iwdg.h"
 169              		.file 6 "stm/stm32f4xx/STM32F4xx_HAL_Driver/Inc/stm32f4xx_hal.h"
ARM GAS  /tmp/ccEmX3CN.s 			page 9


DEFINED SYMBOLS
                            *ABS*:00000000 stm32f4xx_hal_iwdg.c
     /tmp/ccEmX3CN.s:21     .text.HAL_IWDG_Init:00000000 $t
     /tmp/ccEmX3CN.s:27     .text.HAL_IWDG_Init:00000000 HAL_IWDG_Init
     /tmp/ccEmX3CN.s:136    .text.HAL_IWDG_Refresh:00000000 $t
     /tmp/ccEmX3CN.s:142    .text.HAL_IWDG_Refresh:00000000 HAL_IWDG_Refresh

UNDEFINED SYMBOLS
HAL_GetTick
