Archive member included to satisfy reference by file (symbol)

/usr/lib/gcc/arm-none-eabi/13.2.1/../../../arm-none-eabi/lib/thumb/v7e-m+fp/hard/libc_nano.a(libc_a-init.o)
                              /usr/lib/gcc/arm-none-eabi/13.2.1/../../../arm-none-eabi/lib/thumb/v7e-m+fp/hard/crt0.o (__libc_init_array)
/usr/lib/gcc/arm-none-eabi/13.2.1/../../../arm-none-eabi/lib/thumb/v7e-m+fp/hard/libc_nano.a(libc_a-puts.o)
                              /home/pani_/LHRS/VCAT-Dashboard/firmware/build/main.o (puts)
/usr/lib/gcc/arm-none-eabi/13.2.1/../../../arm-none-eabi/lib/thumb/v7e-m+fp/hard/libc_nano.a(libc_a-findfp.o)
                              /usr/lib/gcc/arm-none-eabi/13.2.1/../../../arm-none-eabi/lib/thumb/v7e-m+fp/hard/libc_nano.a(libc_a-puts.o) (__sinit)
/usr/lib/gcc/arm-none-eabi/13.2.1/../../../arm-none-eabi/lib/thumb/v7e-m+fp/hard/libc_nano.a(libc_a-memset.o)
                              /usr/lib/gcc/arm-none-eabi/13.2.1/../../../arm-none-eabi/lib/thumb/v7e-m+fp/hard/crt0.o (memset)
/usr/lib/gcc/arm-none-eabi/13.2.1/../../../arm-none-eabi/lib/thumb/v7e-m+fp/hard/libc_nano.a(libc_a-fflush.o)
                              /usr/lib/gcc/arm-none-eabi/13.2.1/../../../arm-none-eabi/lib/thumb/v7e-m+fp/hard/libc_nano.a(libc_a-findfp.o) (_fflush_r)
/usr/lib/gcc/arm-none-eabi/13.2.1/../../../arm-none-eabi/lib/thumb/v7e-m+fp/hard/libc_nano.a(libc_a-errno.o)
                              /home/pani_/LHRS/VCAT-Dashboard/firmware/build/syscalls.o (__errno)
/usr/lib/gcc/arm-none-eabi/13.2.1/../../../arm-none-eabi/lib/thumb/v7e-m+fp/hard/libc_nano.a(libc_a-nano-vfprintf_float.o)
                              (_printf_float)
/usr/lib/gcc/arm-none-eabi/13.2.1/../../../arm-none-eabi/lib/thumb/v7e-m+fp/hard/libc_nano.a(libc_a-mallocr.o)
                              /usr/lib/gcc/arm-none-eabi/13.2.1/../../../arm-none-eabi/lib/thumb/v7e-m+fp/hard/libc_nano.a(libc_a-findfp.o) (_malloc_r)
/usr/lib/gcc/arm-none-eabi/13.2.1/../../../arm-none-eabi/lib/thumb/v7e-m+fp/hard/libc_nano.a(libc_a-dtoa.o)
                              /usr/lib/gcc/arm-none-eabi/13.2.1/../../../arm-none-eabi/lib/thumb/v7e-m+fp/hard/libc_nano.a(libc_a-nano-vfprintf_float.o) (_dtoa_r)
/usr/lib/gcc/arm-none-eabi/13.2.1/../../../arm-none-eabi/lib/thumb/v7e-m+fp/hard/libc_nano.a(libc_a-freer.o)
                              /usr/lib/gcc/arm-none-eabi/13.2.1/../../../arm-none-eabi/lib/thumb/v7e-m+fp/hard/libc_nano.a(libc_a-fflush.o) (_free_r)
/usr/lib/gcc/arm-none-eabi/13.2.1/../../../arm-none-eabi/lib/thumb/v7e-m+fp/hard/libc_nano.a(libc_a-fwalk.o)
                              /usr/lib/gcc/arm-none-eabi/13.2.1/../../../arm-none-eabi/lib/thumb/v7e-m+fp/hard/libc_nano.a(libc_a-findfp.o) (_fwalk_sglue)
/usr/lib/gcc/arm-none-eabi/13.2.1/../../../arm-none-eabi/lib/thumb/v7e-m+fp/hard/libc_nano.a(libc_a-wsetup.o)
                              /usr/lib/gcc/arm-none-eabi/13.2.1/../../../arm-none-eabi/lib/thumb/v7e-m+fp/hard/libc_nano.a(libc_a-puts.o) (__swsetup_r)
/usr/lib/gcc/arm-none-eabi/13.2.1/../../../arm-none-eabi/lib/thumb/v7e-m+fp/hard/libc_nano.a(libc_a-memcpy.o)
                              /home/pani_/LHRS/VCAT-Dashboard/firmware/build/queue.o (memcpy)
/usr/lib/gcc/arm-none-eabi/13.2.1/../../../arm-none-eabi/lib/thumb/v7e-m+fp/hard/libc_nano.a(libc_a-malloc.o)
                              /usr/lib/gcc/arm-none-eabi/13.2.1/../../../arm-none-eabi/lib/thumb/v7e-m+fp/hard/libc_nano.a(libc_a-dtoa.o) (malloc)
/usr/lib/gcc/arm-none-eabi/13.2.1/../../../arm-none-eabi/lib/thumb/v7e-m+fp/hard/libc_nano.a(libc_a-nano-vfprintf_i.o)
                              /usr/lib/gcc/arm-none-eabi/13.2.1/../../../arm-none-eabi/lib/thumb/v7e-m+fp/hard/libc_nano.a(libc_a-nano-vfprintf_float.o) (_printf_common)
/usr/lib/gcc/arm-none-eabi/13.2.1/../../../arm-none-eabi/lib/thumb/v7e-m+fp/hard/libc_nano.a(libc_a-mlock.o)
                              /usr/lib/gcc/arm-none-eabi/13.2.1/../../../arm-none-eabi/lib/thumb/v7e-m+fp/hard/libc_nano.a(libc_a-mallocr.o) (__malloc_lock)
/usr/lib/gcc/arm-none-eabi/13.2.1/../../../arm-none-eabi/lib/thumb/v7e-m+fp/hard/libc_nano.a(libc_a-makebuf.o)
                              /usr/lib/gcc/arm-none-eabi/13.2.1/../../../arm-none-eabi/lib/thumb/v7e-m+fp/hard/libc_nano.a(libc_a-wsetup.o) (__smakebuf_r)
/usr/lib/gcc/arm-none-eabi/13.2.1/../../../arm-none-eabi/lib/thumb/v7e-m+fp/hard/libc_nano.a(libc_a-exit.o)
                              /usr/lib/gcc/arm-none-eabi/13.2.1/../../../arm-none-eabi/lib/thumb/v7e-m+fp/hard/crt0.o (exit)
/usr/lib/gcc/arm-none-eabi/13.2.1/../../../arm-none-eabi/lib/thumb/v7e-m+fp/hard/libc_nano.a(libc_a-atexit.o)
                              /usr/lib/gcc/arm-none-eabi/13.2.1/../../../arm-none-eabi/lib/thumb/v7e-m+fp/hard/crt0.o (atexit)
/usr/lib/gcc/arm-none-eabi/13.2.1/../../../arm-none-eabi/lib/thumb/v7e-m+fp/hard/libc_nano.a(libc_a-isattyr.o)
                              /usr/lib/gcc/arm-none-eabi/13.2.1/../../../arm-none-eabi/lib/thumb/v7e-m+fp/hard/libc_nano.a(libc_a-makebuf.o) (_isatty_r)
[...]
Memory Configuration

Name             Origin             Length             Attributes
RAM              0x20000000         0x00020000         xrw
FLASH            0x08000000         0x00080000         xr
*default*        0x00000000         0xffffffff

Linker script and memory map

LOAD /usr/lib/gcc/arm-none-eabi/13.2.1/thumb/v7e-m+fp/hard/crti.o
LOAD /usr/lib/gcc/arm-none-eabi/13.2.1/thumb/v7e-m+fp/hard/crtbegin.o
LOAD /usr/lib/gcc/arm-none-eabi/13.2.1/../../../arm-none-eabi/lib/thumb/v7e-m+fp/hard/crt0.o
LOAD /home/pani_/LHRS/VCAT-Dashboard/firmware/build/main.o
LOAD /home/pani_/LHRS/VCAT-Dashboard/firmware/build/stm32f4xx_hal.o
LOAD /home/pani_/LHRS/VCAT-Dashboard/firmware/build/stm32f4xx_hal_adc.o
LOAD /home/pani_/LHRS/VCAT-Dashboard/firmware/build/stm32f4xx_hal_adc_ex.o
LOAD /home/pani_/LHRS/VCAT-Dashboard/firmware/build/stm32f4xx_hal_can.o
LOAD /home/pani_/LHRS/VCAT-Dashboard/firmware/build/stm32f4xx_hal_cec.o
LOAD /home/pani_/LHRS/VCAT-Dashboard/firmware/build/stm32f4xx_hal_cortex.o
LOAD /home/pani_/LHRS/VCAT-Dashboard/firmware/build/stm32f4xx_hal_crc.o
LOAD /home/pani_/LHRS/VCAT-Dashboard/firmware/build/stm32f4xx_hal_cryp.o
LOAD /home/pani_/LHRS/VCAT-Dashboard/firmware/build/stm32f4xx_hal_cryp_ex.o
LOAD /home/pani_/LHRS/VCAT-Dashboard/firmware/build/stm32f4xx_hal_dac.o
LOAD /home/pani_/LHRS/VCAT-Dashboard/firmware/build/stm32f4xx_hal_dac_ex.o
LOAD /home/pani_/LHRS/VCAT-Dashboard/firmware/build/stm32f4xx_hal_dcmi.o
LOAD /home/pani_/LHRS/VCAT-Dashboard/firmware/build/stm32f4xx_hal_dcmi_ex.o
LOAD /home/pani_/LHRS/VCAT-Dashboard/firmware/build/stm32f4xx_hal_dfsdm.o
LOAD /home/pani_/LHRS/VCAT-Dashboard/firmware/build/stm32f4xx_hal_dma.o
LOAD /home/pani_/LHRS/VCAT-Dashboard/firmware/build/stm32f4xx_hal_dma2d.o
LOAD /home/pani_/LHRS/VCAT-Dashboard/firmware/build/stm32f4xx_hal_dma_ex.o
LOAD /home/pani_/LHRS/VCAT-Dashboard/firmware/build/stm32f4xx_hal_dsi.o
LOAD /home/pani_/LHRS/VCAT-Dashboard/firmware/build/stm32f4xx_hal_eth.o
LOAD /home/pani_/LHRS/VCAT-Dashboard/firmware/build/stm32f4xx_hal_exti.o
LOAD /home/pani_/LHRS/VCAT-Dashboard/firmware/build/stm32f4xx_hal_flash.o
LOAD /home/pani_/LHRS/VCAT-Dashboard/firmware/build/stm32f4xx_hal_flash_ex.o
LOAD /home/pani_/LHRS/VCAT-Dashboard/firmware/build/stm32f4xx_hal_flash_ramfunc.o
LOAD /home/pani_/LHRS/VCAT-Dashboard/firmware/build/stm32f4xx_hal_fmpi2c.o
LOAD /home/pani_/LHRS/VCAT-Dashboard/firmware/build/stm32f4xx_hal_fmpi2c_ex.o
LOAD /home/pani_/LHRS/VCAT-Dashboard/firmware/build/stm32f4xx_hal_fmpsmbus.o
LOAD /home/pani_/LHRS/VCAT-Dashboard/firmware/build/stm32f4xx_hal_fmpsmbus_ex.o
LOAD /home/pani_/LHRS/VCAT-Dashboard/firmware/build/stm32f4xx_hal_gpio.o
LOAD /home/pani_/LHRS/VCAT-Dashboard/firmware/build/stm32f4xx_hal_hash.o
LOAD /home/pani_/LHRS/VCAT-Dashboard/firmware/build/stm32f4xx_hal_hash_ex.o
LOAD /home/pani_/LHRS/VCAT-Dashboard/firmware/build/stm32f4xx_hal_hcd.o
LOAD /home/pani_/LHRS/VCAT-Dashboard/firmware/build/stm32f4xx_hal_i2c.o
LOAD /home/pani_/LHRS/VCAT-Dashboard/firmware/build/stm32f4xx_hal_i2c_ex.o
LOAD /home/pani_/LHRS/VCAT-Dashboard/firmware/build/stm32f4xx_hal_i2s.o
LOAD /home/pani_/LHRS/VCAT-Dashboard/firmware/build/stm32f4xx_hal_i2s_ex.o
LOAD /home/pani_/LHRS/VCAT-Dashboard/firmware/build/stm32f4xx_hal_irda.o
LOAD /home/pani_/LHRS/VCAT-Dashboard/firmware/build/stm32f4xx_hal_iwdg.o
LOAD /home/pani_/LHRS/VCAT-Dashboard/firmware/build/stm32f4xx_hal_lptim.o
LOAD /home/pani_/LHRS/VCAT-Dashboard/firmware/build/stm32f4xx_hal_ltdc.o
LOAD /home/pani_/LHRS/VCAT-Dashboard/firmware/build/stm32f4xx_hal_ltdc_ex.o
LOAD /home/pani_/LHRS/VCAT-Dashboard/firmware/build/stm32f4xx_hal_mmc.o
LOAD /home/pani_/LHRS/VCAT-Dashboard/firmware/build/stm32f4xx_hal_nand.o
LOAD /home/pani_/LHRS/VCAT-Dashboard/firmware/build/stm32f4xx_hal_nor.o
LOAD /home/pani_/LHRS/VCAT-Dashboard/firmware/build/stm32f4xx_hal_pccard.o
LOAD /home/pani_/LHRS/VCAT-Dashboard/firmware/build/stm32f4xx_hal_pcd.o
LOAD /home/pani_/LHRS/VCAT-Dashboard/firmware/build/stm32f4xx_hal_pcd_ex.o
LOAD /home/pani_/LHRS/VCAT-Dashboard/firmware/build/stm32f4xx_hal_pwr.o
LOAD /home/pani_/LHRS/VCAT-Dashboard/firmware/build/stm32f4xx_hal_pwr_ex.o
LOAD /home/pani_/LHRS/VCAT-Dashboard/firmware/build/stm32f4xx_hal_qspi.o
LOAD /home/pani_/LHRS/VCAT-Dashboard/firmware/build/stm32f4xx_hal_rcc.o
LOAD /home/pani_/LHRS/VCAT-Dashboard/firmware/build/stm32f4xx_hal_rcc_ex.o
LOAD /home/pani_/LHRS/VCAT-Dashboard/firmware/build/stm32f4xx_hal_rng.o
LOAD /home/pani_/LHRS/VCAT-Dashboard/firmware/build/stm32f4xx_hal_rtc.o
LOAD /home/pani_/LHRS/VCAT-Dashboard/firmware/build/stm32f4xx_hal_rtc_ex.o
LOAD /home/pani_/LHRS/VCAT-Dashboard/firmware/build/stm32f4xx_hal_sai.o
LOAD /home/pani_/LHRS/VCAT-Dashboard/firmware/build/stm32f4xx_hal_sai_ex.o
LOAD /home/pani_/LHRS/VCAT-Dashboard/firmware/build/stm32f4xx_hal_sd.o
LOAD /home/pani_/LHRS/VCAT-Dashboard/firmware/build/stm32f4xx_hal_sdram.o
LOAD /home/pani_/LHRS/VCAT-Dashboard/firmware/build/stm32f4xx_hal_smartcard.o
LOAD /home/pani_/LHRS/VCAT-Dashboard/firmware/build/stm32f4xx_hal_smbus.o
LOAD /home/pani_/LHRS/VCAT-Dashboard/firmware/build/stm32f4xx_hal_spdifrx.o
LOAD /home/pani_/LHRS/VCAT-Dashboard/firmware/build/stm32f4xx_hal_spi.o
LOAD /home/pani_/LHRS/VCAT-Dashboard/firmware/build/stm32f4xx_hal_sram.o
LOAD /home/pani_/LHRS/VCAT-Dashboard/firmware/build/stm32f4xx_hal_tim.o
LOAD /home/pani_/LHRS/VCAT-Dashboard/firmware/build/stm32f4xx_hal_tim_ex.o
LOAD /home/pani_/LHRS/VCAT-Dashboard/firmware/build/stm32f4xx_hal_uart.o
LOAD /home/pani_/LHRS/VCAT-Dashboard/firmware/build/stm32f4xx_hal_usart.o
LOAD /home/pani_/LHRS/VCAT-Dashboard/firmware/build/stm32f4xx_hal_wwdg.o
LOAD /home/pani_/LHRS/VCAT-Dashboard/firmware/build/stm32f4xx_ll_adc.o
LOAD /home/pani_/LHRS/VCAT-Dashboard/firmware/build/stm32f4xx_ll_crc.o
LOAD /home/pani_/LHRS/VCAT-Dashboard/firmware/build/stm32f4xx_ll_dac.o
LOAD /home/pani_/LHRS/VCAT-Dashboard/firmware/build/stm32f4xx_ll_dma.o
LOAD /home/pani_/LHRS/VCAT-Dashboard/firmware/build/stm32f4xx_ll_dma2d.o
LOAD /home/pani_/LHRS/VCAT-Dashboard/firmware/build/stm32f4xx_ll_exti.o
LOAD /home/pani_/LHRS/VCAT-Dashboard/firmware/build/stm32f4xx_ll_fmc.o
LOAD /home/pani_/LHRS/VCAT-Dashboard/firmware/build/stm32f4xx_ll_fmpi2c.o
LOAD /home/pani_/LHRS/VCAT-Dashboard/firmware/build/stm32f4xx_ll_fsmc.o
LOAD /home/pani_/LHRS/VCAT-Dashboard/firmware/build/stm32f4xx_ll_gpio.o
LOAD /home/pani_/LHRS/VCAT-Dashboard/firmware/build/stm32f4xx_ll_i2c.o
LOAD /home/pani_/LHRS/VCAT-Dashboard/firmware/build/stm32f4xx_ll_lptim.o
LOAD /home/pani_/LHRS/VCAT-Dashboard/firmware/build/stm32f4xx_ll_pwr.o
LOAD /home/pani_/LHRS/VCAT-Dashboard/firmware/build/stm32f4xx_ll_rcc.o
LOAD /home/pani_/LHRS/VCAT-Dashboard/firmware/build/stm32f4xx_ll_rng.o
LOAD /home/pani_/LHRS/VCAT-Dashboard/firmware/build/stm32f4xx_ll_rtc.o
LOAD /home/pani_/LHRS/VCAT-Dashboard/firmware/build/stm32f4xx_ll_sdmmc.o
LOAD /home/pani_/LHRS/VCAT-Dashboard/firmware/build/stm32f4xx_ll_spi.o
LOAD /home/pani_/LHRS/VCAT-Dashboard/firmware/build/stm32f4xx_ll_tim.o
LOAD /home/pani_/LHRS/VCAT-Dashboard/firmware/build/stm32f4xx_ll_usart.o
LOAD /home/pani_/LHRS/VCAT-Dashboard/firmware/build/stm32f4xx_ll_usb.o
LOAD /home/pani_/LHRS/VCAT-Dashboard/firmware/build/stm32f4xx_ll_utils.o
LOAD /home/pani_/LHRS/VCAT-Dashboard/firmware/build/system_stm32f4xx.o
LOAD /home/pani_/LHRS/VCAT-Dashboard/firmware/build/stm32f4xx_hal_init.o
LOAD /home/pani_/LHRS/VCAT-Dashboard/firmware/build/stm32f4xx_hal_timebase_tim.o
LOAD /home/pani_/LHRS/VCAT-Dashboard/firmware/build/croutine.o
LOAD /home/pani_/LHRS/VCAT-Dashboard/firmware/build/event_groups.o
LOAD /home/pani_/LHRS/VCAT-Dashboard/firmware/build/list.o
LOAD /home/pani_/LHRS/VCAT-Dashboard/firmware/build/queue.o
LOAD /home/pani_/LHRS/VCAT-Dashboard/firmware/build/stream_buffer.o
LOAD /home/pani_/LHRS/VCAT-Dashboard/firmware/build/tasks.o
LOAD /home/pani_/LHRS/VCAT-Dashboard/firmware/build/timers.o
LOAD /home/pani_/LHRS/VCAT-Dashboard/firmware/build/port.o
LOAD /home/pani_/LHRS/VCAT-Dashboard/firmware/build/freertos.o
LOAD /home/pani_/LHRS/VCAT-Dashboard/firmware/build/syscalls.o
LOAD /home/pani_/LHRS/VCAT-Dashboard/firmware/build/sysmem.o
LOAD /home/pani_/LHRS/VCAT-Dashboard/firmware/build/EMC2305.o
LOAD /home/pani_/LHRS/VCAT-Dashboard/firmware/build/SevenSegment.o
LOAD /home/pani_/LHRS/VCAT-Dashboard/firmware/build/printf.o
LOAD /home/pani_/LHRS/VCAT-Dashboard/firmware/build/ADC.o
LOAD /home/pani_/LHRS/VCAT-Dashboard/firmware/build/CAN.o
LOAD /home/pani_/LHRS/VCAT-Dashboard/firmware/build/UART.o
LOAD /home/pani_/LHRS/VCAT-Dashboard/firmware/build/startup_stm32f446xx.o
LOAD /usr/lib/gcc/arm-none-eabi/13.2.1/../../../arm-none-eabi/lib/thumb/v7e-m+fp/hard/libc_nano.a
LOAD /usr/lib/gcc/arm-none-eabi/13.2.1/../../../arm-none-eabi/lib/thumb/v7e-m+fp/hard/librdimon_nano.a
LOAD /usr/lib/gcc/arm-none-eabi/13.2.1/../../../arm-none-eabi/lib/thumb/v7e-m+fp/hard/libc_nano.a
LOAD /usr/lib/gcc/arm-none-eabi/13.2.1/../../../arm-none-eabi/lib/thumb/v7e-m+fp/hard/libm.a
LOAD /usr/lib/gcc/arm-none-eabi/13.2.1/../../../arm-none-eabi/lib/thumb/v7e-m+fp/hard/libnosys.a
START GROUP
LOAD /usr/lib/gcc/arm-none-eabi/13.2.1/thumb/v7e-m+fp/hard/libgcc.a
LOAD /usr/lib/gcc/arm-none-eabi/13.2.1/../../../arm-none-eabi/lib/thumb/v7e-m+fp/hard/libc_nano.a
END GROUP
START GROUP
LOAD /usr/lib/gcc/arm-none-eabi/13.2.1/thumb/v7e-m+fp/hard/libgcc.a
LOAD /usr/lib/gcc/arm-none-eabi/13.2.1/../../../arm-none-eabi/lib/thumb/v7e-m+fp/hard/libc_nano.a
END GROUP
LOAD /usr/lib/gcc/arm-none-eabi/13.2.1/thumb/v7e-m+fp/hard/crtend.o
LOAD /usr/lib/gcc/arm-none-eabi/13.2.1/thumb/v7e-m+fp/hard/crtn.o
                0x20020000                        _estack = (ORIGIN (RAM) + LENGTH (RAM))
                0x00000200                        _Min_Heap_Size = 0x200
                0x00000400                        _Min_Stack_Size = 0x400

.isr_vector     0x08000000      0x1c4
                0x08000000                        . = ALIGN (0x4)
 *(.isr_vector)
 .isr_vector    0x08000000      0x1c4 /home/pani_/LHRS/VCAT-Dashboard/firmware/build/startup_stm32f446xx.o
                0x08000000                g_pfnVectors
                0x080001c4                        . = ALIGN (0x4)

.text           0x08000200     0x6f34
                0x08000200                        . = ALIGN (0x4)
 *(.text)
 .text          0x08000200       0x88 /usr/lib/gcc/arm-none-eabi/13.2.1/thumb/v7e-m+fp/hard/crtbegin.o
 .text          0x08000288       0x50 /usr/lib/gcc/arm-none-eabi/13.2.1/../../../arm-none-eabi/lib/thumb/v7e-m+fp/hard/libc_nano.a(libc_a-init.o)
                0x08000288                __libc_init_array
 .text          0x080002d8       0xa0 /usr/lib/gcc/arm-none-eabi/13.2.1/../../../arm-none-eabi/lib/thumb/v7e-m+fp/hard/libc_nano.a(libc_a-puts.o)
                0x080002d8                _puts_r
                0x08000368                puts
 .text          0x08000378      0x224 /usr/lib/gcc/arm-none-eabi/13.2.1/../../../arm-none-eabi/lib/thumb/v7e-m+fp/hard/libc_nano.a(libc_a-findfp.o)
                0x080004a8                __sfp
                0x0800054c                __sinit
                0x0800056c                __sfp_lock_acquire
                0x08000570                __sfp_lock_release
                0x08000574                __fp_lock_all
                0x08000588                __fp_unlock_all
 .text          0x0800059c       0xa4 /usr/lib/gcc/arm-none-eabi/13.2.1/../../../arm-none-eabi/lib/thumb/v7e-m+fp/hard/libc_nano.a(libc_a-memset.o)
                0x0800059c                memset
 .text          0x08000640      0x1a8 /usr/lib/gcc/arm-none-eabi/13.2.1/../../../arm-none-eabi/lib/thumb/v7e-m+fp/hard/libc_nano.a(libc_a-fflush.o)
                0x08000640                __sflush_r
                0x08000764                _fflush_r
                0x0800079c                fflush
 .text          0x080007e8        0xc /usr/lib/gcc/arm-none-eabi/13.2.1/../../../arm-none-eabi/lib/thumb/v7e-m+fp/hard/libc_nano.a(libc_a-errno.o)
                0x080007e8                __errno
 .text          0x080007f4      0x6b0 /usr/lib/gcc/arm-none-eabi/13.2.1/../../../arm-none-eabi/lib/thumb/v7e-m+fp/hard/libc_nano.a(libc_a-nano-vfprintf_float.o)
                0x080007f4                __cvt
                0x08000904                __exponent
                0x08000988                _printf_float
 .text          0x08000ea4      0x148 /usr/lib/gcc/arm-none-eabi/13.2.1/../../../arm-none-eabi/lib/thumb/v7e-m+fp/hard/libc_nano.a(libc_a-mallocr.o)
                0x08000eec                _malloc_r
 *fill*         0x08000fec        0x4 
 .text          0x08000ff0      0xfdc /usr/lib/gcc/arm-none-eabi/13.2.1/../../../arm-none-eabi/lib/thumb/v7e-m+fp/hard/libc_nano.a(libc_a-dtoa.o)
                0x0800111c                _dtoa_r
 .text          0x08001fcc       0xbc /usr/lib/gcc/arm-none-eabi/13.2.1/../../../arm-none-eabi/lib/thumb/v7e-m+fp/hard/libc_nano.a(libc_a-freer.o)
                0x08001fcc                _free_r
 .text          0x08002088       0x44 /usr/lib/gcc/arm-none-eabi/13.2.1/../../../arm-none-eabi/lib/thumb/v7e-m+fp/hard/libc_nano.a(libc_a-fwalk.o)
                0x08002088                _fwalk_sglue
 .text          0x080020cc       0xc4 /usr/lib/gcc/arm-none-eabi/13.2.1/../../../arm-none-eabi/lib/thumb/v7e-m+fp/hard/libc_nano.a(libc_a-wsetup.o)
                0x080020cc                __swsetup_r
 .text          0x08002190      0x134 /usr/lib/gcc/arm-none-eabi/13.2.1/../../../arm-none-eabi/lib/thumb/v7e-m+fp/hard/libc_nano.a(libc_a-memcpy.o)
                0x08002190                memcpy
 .text          0x080022c4       0x20 /usr/lib/gcc/arm-none-eabi/13.2.1/../../../arm-none-eabi/lib/thumb/v7e-m+fp/hard/libc_nano.a(libc_a-malloc.o)
                0x080022c4                malloc
                0x080022d4                free
 .text          0x080022e4      0x3a8 /usr/lib/gcc/arm-none-eabi/13.2.1/../../../arm-none-eabi/lib/thumb/v7e-m+fp/hard/libc_nano.a(libc_a-nano-vfprintf_i.o)
                0x080022e4                _printf_common
                0x08002408                _printf_i
 .text          0x0800268c        0x8 /usr/lib/gcc/arm-none-eabi/13.2.1/../../../arm-none-eabi/lib/thumb/v7e-m+fp/hard/libc_nano.a(libc_a-mlock.o)
                0x0800268c                __malloc_lock
                0x08002690                __malloc_unlock
 .text          0x08002694      0x114 /usr/lib/gcc/arm-none-eabi/13.2.1/../../../arm-none-eabi/lib/thumb/v7e-m+fp/hard/libc_nano.a(libc_a-makebuf.o)
                0x08002694                __smakebuf_r
                0x08002758                __swhatbuf_r
 .text          0x080027a8       0x24 /usr/lib/gcc/arm-none-eabi/13.2.1/../../../arm-none-eabi/lib/thumb/v7e-m+fp/hard/libc_nano.a(libc_a-isattyr.o)
                0x080027a8                _isatty_r
 .text          0x080027cc       0xa0 /usr/lib/gcc/arm-none-eabi/13.2.1/../../../arm-none-eabi/lib/thumb/v7e-m+fp/hard/libc_nano.a(libc_a-wbuf.o)
                0x080027cc                __swbuf_r
                0x08002854                __swbuf
 .text          0x0800286c       0x4c /usr/lib/gcc/arm-none-eabi/13.2.1/../../../arm-none-eabi/lib/thumb/v7e-m+fp/hard/libc_nano.a(libc_a-assert.o)
                0x0800286c                __assert_func
                0x080028ac                __assert
 .text          0x080028b8      0xb10 /usr/lib/gcc/arm-none-eabi/13.2.1/../../../arm-none-eabi/lib/thumb/v7e-m+fp/hard/libc_nano.a(libc_a-mprec.o)
                0x080028b8                _Balloc
                0x08002938                _Bfree
                0x08002980                __multadd
                0x08002a1c                __s2b
                0x08002ad0                __hi0bits
                0x08002b14                __lo0bits
                0x08002b74                __i2b
                0x08002ba0                __multiply
                0x08002d0c                __pow5mult
                0x08002dec                __lshift
                0x08002ed4                __mcmp
                0x08002f18                __mdiff
                0x08003090                __ulp
                0x080030f4                __b2d
                0x080031b0                __d2b
                0x08003270                __ratio
                0x080032d0                _mprec_log10
                0x08003310                __copybits
                0x0800336c                __any_on
 .text          0x080033c8       0x24 /usr/lib/gcc/arm-none-eabi/13.2.1/../../../arm-none-eabi/lib/thumb/v7e-m+fp/hard/libc_nano.a(libc_a-sbrkr.o)
                0x080033c8                _sbrk_r
 .text          0x080033ec       0x94 /usr/lib/gcc/arm-none-eabi/13.2.1/../../../arm-none-eabi/lib/thumb/v7e-m+fp/hard/libc_nano.a(libc_a-stdio.o)
                0x080033ec                __sread
                0x08003410                __seofread
                0x08003414                __swrite
                0x08003454                __sseek
                0x08003478                __sclose
 .text          0x08003480       0x14 /usr/lib/gcc/arm-none-eabi/13.2.1/../../../arm-none-eabi/lib/thumb/v7e-m+fp/hard/libc_nano.a(libc_a-localeconv.o)
                0x08003480                __localeconv_l
                0x08003484                _localeconv_r
                0x0800348c                localeconv
 .text          0x08003494       0x10 /usr/lib/gcc/arm-none-eabi/13.2.1/../../../arm-none-eabi/lib/thumb/v7e-m+fp/hard/libc_nano.a(libc_a-abort.o)
                0x08003494                abort
 .text          0x080034a4       0x24 /usr/lib/gcc/arm-none-eabi/13.2.1/../../../arm-none-eabi/lib/thumb/v7e-m+fp/hard/libc_nano.a(libc_a-closer.o)
                0x080034a4                _close_r
 *fill*         0x080034c8       0x38 
 .text          0x08003500       0xd8 /usr/lib/gcc/arm-none-eabi/13.2.1/../../../arm-none-eabi/lib/thumb/v7e-m+fp/hard/libc_nano.a(libc_a-strlen.o)
                0x08003500                strlen
 .text          0x080035d8       0x28 /usr/lib/gcc/arm-none-eabi/13.2.1/../../../arm-none-eabi/lib/thumb/v7e-m+fp/hard/libc_nano.a(libc_a-callocr.o)
                0x080035d8                _calloc_r
 .text          0x08003600       0x30 /usr/lib/gcc/arm-none-eabi/13.2.1/../../../arm-none-eabi/lib/thumb/v7e-m+fp/hard/libc_nano.a(libc_a-wctomb_r.o)
                0x08003600                _wctomb_r
                0x08003614                __ascii_wctomb
 .text          0x08003630       0xa0 /usr/lib/gcc/arm-none-eabi/13.2.1/../../../arm-none-eabi/lib/thumb/v7e-m+fp/hard/libc_nano.a(libc_a-memchr.o)
                0x08003630                memchr
 .text          0x080036d0       0x2c /usr/lib/gcc/arm-none-eabi/13.2.1/../../../arm-none-eabi/lib/thumb/v7e-m+fp/hard/libc_nano.a(libc_a-readr.o)
                0x080036d0                _read_r
 .text          0x080036fc       0x44 /usr/lib/gcc/arm-none-eabi/13.2.1/../../../arm-none-eabi/lib/thumb/v7e-m+fp/hard/libc_nano.a(libc_a-fprintf.o)
                0x080036fc                _fprintf_r
                0x080036fc                _fiprintf_r
                0x08003718                fprintf
                0x08003718                fiprintf
 .text          0x08003740       0x2c /usr/lib/gcc/arm-none-eabi/13.2.1/../../../arm-none-eabi/lib/thumb/v7e-m+fp/hard/libc_nano.a(libc_a-fstatr.o)
                0x08003740                _fstat_r
 .text          0x0800376c       0x2c /usr/lib/gcc/arm-none-eabi/13.2.1/../../../arm-none-eabi/lib/thumb/v7e-m+fp/hard/libc_nano.a(libc_a-lseekr.o)
                0x0800376c                _lseek_r
 .text          0x08003798       0x2c /usr/lib/gcc/arm-none-eabi/13.2.1/../../../arm-none-eabi/lib/thumb/v7e-m+fp/hard/libc_nano.a(libc_a-writer.o)
                0x08003798                _write_r
 .text          0x080037c4      0x314 /usr/lib/gcc/arm-none-eabi/13.2.1/../../../arm-none-eabi/lib/thumb/v7e-m+fp/hard/libc_nano.a(libc_a-nano-vfprintf.o)
                0x08003800                __sfputs_r
                0x08003830                __sprint_r
                0x08003850                _vfiprintf_r
                0x08003850                _vfprintf_r
                0x08003abc                vfiprintf
                0x08003abc                vfprintf
 .text          0x08003ad8      0x300 /usr/lib/gcc/arm-none-eabi/13.2.1/../../../arm-none-eabi/lib/thumb/v7e-m+fp/hard/libc_nano.a(libc_a-fvwrite.o)
                0x08003ad8                __sfvwrite_r
 .text          0x08003dd8       0x40 /usr/lib/gcc/arm-none-eabi/13.2.1/../../../arm-none-eabi/lib/thumb/v7e-m+fp/hard/libc_nano.a(libc_a-mbtowc_r.o)
                0x08003dd8                _mbtowc_r
                0x08003dec                __ascii_mbtowc
 .text          0x08003e18      0x260 /usr/lib/gcc/arm-none-eabi/13.2.1/../../../arm-none-eabi/lib/thumb/v7e-m+fp/hard/libc_nano.a(libc_a-signal.o)
                0x08003e18                _init_signal_r
                0x08003e44                _signal_r
                0x08003e90                _raise_r
                0x08003ee0                __sigtramp_r
                0x08003f40                raise
                0x08003f94                signal
                0x08003fe0                _init_signal
                0x08004014                __sigtramp
 .text          0x08004078      0x100 /usr/lib/gcc/arm-none-eabi/13.2.1/../../../arm-none-eabi/lib/thumb/v7e-m+fp/hard/libc_nano.a(libc_a-memmove.o)
                0x08004078                memmove
 .text          0x08004178       0x64 /usr/lib/gcc/arm-none-eabi/13.2.1/../../../arm-none-eabi/lib/thumb/v7e-m+fp/hard/libc_nano.a(libc_a-reallocr.o)
                0x08004178                _realloc_r
 .text          0x080041dc       0x10 /usr/lib/gcc/arm-none-eabi/13.2.1/../../../arm-none-eabi/lib/thumb/v7e-m+fp/hard/libc_nano.a(libc_a-msizer.o)
                0x080041dc                _malloc_usable_size_r
 .text          0x080041ec       0x30 /usr/lib/gcc/arm-none-eabi/13.2.1/../../../arm-none-eabi/lib/thumb/v7e-m+fp/hard/libc_nano.a(libc_a-signalr.o)
                0x080041ec                _kill_r
                0x08004218                _getpid_r
 .text          0x0800421c      0x378 /usr/lib/gcc/arm-none-eabi/13.2.1/thumb/v7e-m+fp/hard/libgcc.a(_arm_addsubdf3.o)
                0x0800421c                __aeabi_drsub
                0x08004224                __aeabi_dsub
                0x08004224                __subdf3
                0x08004228                __adddf3
                0x08004228                __aeabi_dadd
                0x080044a0                __aeabi_ui2d
                0x080044a0                __floatunsidf
                0x080044c0                __floatsidf
                0x080044c0                __aeabi_i2d
                0x080044e4                __extendsfdf2
                0x080044e4                __aeabi_f2d
                0x08004528                __aeabi_ul2d
                0x08004528                __floatundidf
                0x08004538                __floatdidf
                0x08004538                __aeabi_l2d
 .text          0x08004594      0x424 /usr/lib/gcc/arm-none-eabi/13.2.1/thumb/v7e-m+fp/hard/libgcc.a(_arm_muldivdf3.o)
                0x08004594                __aeabi_dmul
                0x08004594                __muldf3
                0x080047e8                __aeabi_ddiv
                0x080047e8                __divdf3
 .text          0x080049b8      0x110 /usr/lib/gcc/arm-none-eabi/13.2.1/thumb/v7e-m+fp/hard/libgcc.a(_arm_cmpdf2.o)
                0x080049b8                __gtdf2
                0x080049b8                __gedf2
                0x080049c0                __ltdf2
                0x080049c0                __ledf2
                0x080049c8                __cmpdf2
                0x080049c8                __eqdf2
                0x080049c8                __nedf2
                0x08004a44                __aeabi_cdrcmple
                0x08004a54                __aeabi_cdcmple
                0x08004a54                __aeabi_cdcmpeq
                0x08004a64                __aeabi_dcmpeq
                0x08004a78                __aeabi_dcmplt
                0x08004a8c                __aeabi_dcmple
                0x08004aa0                __aeabi_dcmpge
                0x08004ab4                __aeabi_dcmpgt
 .text          0x08004ac8       0x2c /usr/lib/gcc/arm-none-eabi/13.2.1/thumb/v7e-m+fp/hard/libgcc.a(_arm_unorddf2.o)
                0x08004ac8                __aeabi_dcmpun
                0x08004ac8                __unorddf2
 .text          0x08004af4       0x50 /usr/lib/gcc/arm-none-eabi/13.2.1/thumb/v7e-m+fp/hard/libgcc.a(_arm_fixdfsi.o)
                0x08004af4                __fixdfsi
                0x08004af4                __aeabi_d2iz
 *(.text*)
 .text.main     0x08004b44       0x10 /home/pani_/LHRS/VCAT-Dashboard/firmware/build/main.o
                0x08004b44                main
 .text.HAL_IncTick
                0x08004b54       0x18 /home/pani_/LHRS/VCAT-Dashboard/firmware/build/stm32f4xx_hal.o
                0x08004b54                HAL_IncTick
 .text.HAL_GetTick
                0x08004b6c        0xc /home/pani_/LHRS/VCAT-Dashboard/firmware/build/stm32f4xx_hal.o
                0x08004b6c                HAL_GetTick
 .text.HAL_ADC_Start_IT
                0x08004b78      0x150 /home/pani_/LHRS/VCAT-Dashboard/firmware/build/stm32f4xx_hal_adc.o
                0x08004b78                HAL_ADC_Start_IT
 .text.HAL_ADC_Stop_IT
                0x08004cc8       0x4c /home/pani_/LHRS/VCAT-Dashboard/firmware/build/stm32f4xx_hal_adc.o
                0x08004cc8                HAL_ADC_Stop_IT
 .text.HAL_ADC_GetValue
                0x08004d14        0x6 /home/pani_/LHRS/VCAT-Dashboard/firmware/build/stm32f4xx_hal_adc.o
                0x08004d14                HAL_ADC_GetValue
 .text.HAL_ADC_LevelOutOfWindowCallback
                0x08004d1a        0x2 /home/pani_/LHRS/VCAT-Dashboard/firmware/build/stm32f4xx_hal_adc.o
                0x08004d1a                HAL_ADC_LevelOutOfWindowCallback
 .text.HAL_ADC_IRQHandler
                0x08004d1c      0x142 /home/pani_/LHRS/VCAT-Dashboard/firmware/build/stm32f4xx_hal_adc.o
                0x08004d1c                HAL_ADC_IRQHandler
 .text.HAL_ADC_GetError
                0x08004e5e        0x4 /home/pani_/LHRS/VCAT-Dashboard/firmware/build/stm32f4xx_hal_adc.o
                0x08004e5e                HAL_ADC_GetError
 .text.HAL_ADCEx_InjectedConvCpltCallback
                0x08004e62        0x2 /home/pani_/LHRS/VCAT-Dashboard/firmware/build/stm32f4xx_hal_adc_ex.o
                0x08004e62                HAL_ADCEx_InjectedConvCpltCallback
 .text.HAL_CAN_AddTxMessage
                0x08004e64       0xea /home/pani_/LHRS/VCAT-Dashboard/firmware/build/stm32f4xx_hal_can.o
                0x08004e64                HAL_CAN_AddTxMessage
 .text.HAL_CAN_GetRxMessage
                0x08004f4e      0x16a /home/pani_/LHRS/VCAT-Dashboard/firmware/build/stm32f4xx_hal_can.o
                0x08004f4e                HAL_CAN_GetRxMessage
 .text.HAL_CAN_TxMailbox0AbortCallback
                0x080050b8        0x2 /home/pani_/LHRS/VCAT-Dashboard/firmware/build/stm32f4xx_hal_can.o
                0x080050b8                HAL_CAN_TxMailbox0AbortCallback
 .text.HAL_CAN_TxMailbox1AbortCallback
                0x080050ba        0x2 /home/pani_/LHRS/VCAT-Dashboard/firmware/build/stm32f4xx_hal_can.o
                0x080050ba                HAL_CAN_TxMailbox1AbortCallback
 .text.HAL_CAN_TxMailbox2AbortCallback
                0x080050bc        0x2 /home/pani_/LHRS/VCAT-Dashboard/firmware/build/stm32f4xx_hal_can.o
                0x080050bc                HAL_CAN_TxMailbox2AbortCallback
 .text.HAL_CAN_RxFifo0FullCallback
                0x080050be        0x2 /home/pani_/LHRS/VCAT-Dashboard/firmware/build/stm32f4xx_hal_can.o
                0x080050be                HAL_CAN_RxFifo0FullCallback
 .text.HAL_CAN_RxFifo1MsgPendingCallback
                0x080050c0        0x2 /home/pani_/LHRS/VCAT-Dashboard/firmware/build/stm32f4xx_hal_can.o
                0x080050c0                HAL_CAN_RxFifo1MsgPendingCallback
 .text.HAL_CAN_RxFifo1FullCallback
                0x080050c2        0x2 /home/pani_/LHRS/VCAT-Dashboard/firmware/build/stm32f4xx_hal_can.o
                0x080050c2                HAL_CAN_RxFifo1FullCallback
 .text.HAL_CAN_SleepCallback
                0x080050c4        0x2 /home/pani_/LHRS/VCAT-Dashboard/firmware/build/stm32f4xx_hal_can.o
                0x080050c4                HAL_CAN_SleepCallback
 .text.HAL_CAN_WakeUpFromRxMsgCallback
                0x080050c6        0x2 /home/pani_/LHRS/VCAT-Dashboard/firmware/build/stm32f4xx_hal_can.o
                0x080050c6                HAL_CAN_WakeUpFromRxMsgCallback
 .text.HAL_CAN_ErrorCallback
                0x080050c8        0x2 /home/pani_/LHRS/VCAT-Dashboard/firmware/build/stm32f4xx_hal_can.o
                0x080050c8                HAL_CAN_ErrorCallback
 .text.HAL_CAN_IRQHandler
                0x080050ca      0x250 /home/pani_/LHRS/VCAT-Dashboard/firmware/build/stm32f4xx_hal_can.o
                0x080050ca                HAL_CAN_IRQHandler
 .text.HAL_DMA_Abort
                0x0800531a       0x94 /home/pani_/LHRS/VCAT-Dashboard/firmware/build/stm32f4xx_hal_dma.o
                0x0800531a                HAL_DMA_Abort
 .text.HAL_DMA_Abort_IT
                0x080053ae       0x26 /home/pani_/LHRS/VCAT-Dashboard/firmware/build/stm32f4xx_hal_dma.o
                0x080053ae                HAL_DMA_Abort_IT
 .text.HAL_TIM_OC_DelayElapsedCallback
                0x080053d4        0x2 /home/pani_/LHRS/VCAT-Dashboard/firmware/build/stm32f4xx_hal_tim.o
                0x080053d4                HAL_TIM_OC_DelayElapsedCallback
 .text.HAL_TIM_IC_CaptureCallback
                0x080053d6        0x2 /home/pani_/LHRS/VCAT-Dashboard/firmware/build/stm32f4xx_hal_tim.o
                0x080053d6                HAL_TIM_IC_CaptureCallback
 .text.HAL_TIM_PWM_PulseFinishedCallback
                0x080053d8        0x2 /home/pani_/LHRS/VCAT-Dashboard/firmware/build/stm32f4xx_hal_tim.o
                0x080053d8                HAL_TIM_PWM_PulseFinishedCallback
 .text.HAL_TIM_TriggerCallback
                0x080053da        0x2 /home/pani_/LHRS/VCAT-Dashboard/firmware/build/stm32f4xx_hal_tim.o
                0x080053da                HAL_TIM_TriggerCallback
 .text.HAL_TIM_IRQHandler
                0x080053dc      0x15e /home/pani_/LHRS/VCAT-Dashboard/firmware/build/stm32f4xx_hal_tim.o
                0x080053dc                HAL_TIM_IRQHandler
 .text.HAL_TIMEx_CommutCallback
                0x0800553a        0x2 /home/pani_/LHRS/VCAT-Dashboard/firmware/build/stm32f4xx_hal_tim_ex.o
                0x0800553a                HAL_TIMEx_CommutCallback
 .text.HAL_TIMEx_BreakCallback
                0x0800553c        0x2 /home/pani_/LHRS/VCAT-Dashboard/firmware/build/stm32f4xx_hal_tim_ex.o
                0x0800553c                HAL_TIMEx_BreakCallback
 .text.UART_EndRxTransfer
                0x0800553e       0x5c /home/pani_/LHRS/VCAT-Dashboard/firmware/build/stm32f4xx_hal_uart.o
 .text.UART_Transmit_IT
                0x0800559a       0x60 /home/pani_/LHRS/VCAT-Dashboard/firmware/build/stm32f4xx_hal_uart.o
 .text.HAL_UART_Transmit_IT
                0x080055fa       0x38 /home/pani_/LHRS/VCAT-Dashboard/firmware/build/stm32f4xx_hal_uart.o
                0x080055fa                HAL_UART_Transmit_IT
 .text.UART_EndTransmit_IT
                0x08005632       0x1a /home/pani_/LHRS/VCAT-Dashboard/firmware/build/stm32f4xx_hal_uart.o
 .text.HAL_UART_ErrorCallback
                0x0800564c        0x2 /home/pani_/LHRS/VCAT-Dashboard/firmware/build/stm32f4xx_hal_uart.o
                0x0800564c                HAL_UART_ErrorCallback
 .text.UART_DMAAbortOnError
                0x0800564e       0x10 /home/pani_/LHRS/VCAT-Dashboard/firmware/build/stm32f4xx_hal_uart.o
 .text.HAL_UARTEx_RxEventCallback
                0x0800565e        0x2 /home/pani_/LHRS/VCAT-Dashboard/firmware/build/stm32f4xx_hal_uart.o
                0x0800565e                HAL_UARTEx_RxEventCallback
 .text.UART_Receive_IT
                0x08005660       0xe6 /home/pani_/LHRS/VCAT-Dashboard/firmware/build/stm32f4xx_hal_uart.o
 *fill*         0x08005746        0x2 
 .text.HAL_UART_IRQHandler
                0x08005748      0x284 /home/pani_/LHRS/VCAT-Dashboard/firmware/build/stm32f4xx_hal_uart.o
                0x08005748                HAL_UART_IRQHandler
 .text.HAL_UART_GetState
                0x080059cc        0xc /home/pani_/LHRS/VCAT-Dashboard/firmware/build/stm32f4xx_hal_uart.o
                0x080059cc                HAL_UART_GetState
 .text.UART_Start_Receive_IT
                0x080059d8       0x36 /home/pani_/LHRS/VCAT-Dashboard/firmware/build/stm32f4xx_hal_uart.o
                0x080059d8                UART_Start_Receive_IT
 .text.HAL_UART_Receive_IT
                0x08005a0e       0x26 /home/pani_/LHRS/VCAT-Dashboard/firmware/build/stm32f4xx_hal_uart.o
                0x08005a0e                HAL_UART_Receive_IT
 .text.SystemInit
                0x08005a34       0x14 /home/pani_/LHRS/VCAT-Dashboard/firmware/build/system_stm32f4xx.o
                0x08005a34                SystemInit
 .text.HAL_TIM_PeriodElapsedCallback
                0x08005a48       0x18 /home/pani_/LHRS/VCAT-Dashboard/firmware/build/stm32f4xx_hal_timebase_tim.o
                0x08005a48                HAL_TIM_PeriodElapsedCallback
 .text.TIM1_UP_TIM10_IRQHandler
                0x08005a60       0x10 /home/pani_/LHRS/VCAT-Dashboard/firmware/build/stm32f4xx_hal_timebase_tim.o
                0x08005a60                TIM1_UP_TIM10_IRQHandler
 .text.vListInsert
                0x08005a70       0x32 /home/pani_/LHRS/VCAT-Dashboard/firmware/build/list.o
                0x08005a70                vListInsert
 .text.uxListRemove
                0x08005aa2       0x24 /home/pani_/LHRS/VCAT-Dashboard/firmware/build/list.o
                0x08005aa2                uxListRemove
 .text.prvIsQueueFull
                0x08005ac6       0x1e /home/pani_/LHRS/VCAT-Dashboard/firmware/build/queue.o
 .text.prvIsQueueEmpty
                0x08005ae4       0x1a /home/pani_/LHRS/VCAT-Dashboard/firmware/build/queue.o
 .text.prvCopyDataToQueue
                0x08005afe       0x76 /home/pani_/LHRS/VCAT-Dashboard/firmware/build/queue.o
 .text.prvCopyDataFromQueue
                0x08005b74       0x24 /home/pani_/LHRS/VCAT-Dashboard/firmware/build/queue.o
 .text.prvUnlockQueue
                0x08005b98       0x6e /home/pani_/LHRS/VCAT-Dashboard/firmware/build/queue.o
 .text.xQueueGenericSend
                0x08005c06      0x188 /home/pani_/LHRS/VCAT-Dashboard/firmware/build/queue.o
                0x08005c06                xQueueGenericSend
 .text.xQueueGenericSendFromISR
                0x08005d8e       0xf2 /home/pani_/LHRS/VCAT-Dashboard/firmware/build/queue.o
                0x08005d8e                xQueueGenericSendFromISR
 .text.xQueueReceive
                0x08005e80      0x15e /home/pani_/LHRS/VCAT-Dashboard/firmware/build/queue.o
                0x08005e80                xQueueReceive
 .text.xQueueReceiveFromISR
                0x08005fde       0xd2 /home/pani_/LHRS/VCAT-Dashboard/firmware/build/queue.o
                0x08005fde                xQueueReceiveFromISR
 .text.uxQueueMessagesWaiting
                0x080060b0       0x26 /home/pani_/LHRS/VCAT-Dashboard/firmware/build/queue.o
                0x080060b0                uxQueueMessagesWaiting
 *fill*         0x080060d6        0x2 
 .text.prvResetNextTaskUnblockTime
                0x080060d8       0x28 /home/pani_/LHRS/VCAT-Dashboard/firmware/build/tasks.o
 .text.prvAddCurrentTaskToDelayedList
                0x08006100       0xbc /home/pani_/LHRS/VCAT-Dashboard/firmware/build/tasks.o
 .text.vTaskSuspendAll
                0x080061bc       0x10 /home/pani_/LHRS/VCAT-Dashboard/firmware/build/tasks.o
                0x080061bc                vTaskSuspendAll
 .text.uxTaskGetNumberOfTasks
                0x080061cc        0xc /home/pani_/LHRS/VCAT-Dashboard/firmware/build/tasks.o
                0x080061cc                uxTaskGetNumberOfTasks
 .text.xTaskIncrementTick
                0x080061d8      0x178 /home/pani_/LHRS/VCAT-Dashboard/firmware/build/tasks.o
                0x080061d8                xTaskIncrementTick
 .text.xTaskResumeAll
                0x08006350      0x158 /home/pani_/LHRS/VCAT-Dashboard/firmware/build/tasks.o
                0x08006350                xTaskResumeAll
 .text.vTaskSwitchContext
                0x080064a8       0x98 /home/pani_/LHRS/VCAT-Dashboard/firmware/build/tasks.o
                0x080064a8                vTaskSwitchContext
 .text.vTaskPlaceOnEventList
                0x08006540       0x30 /home/pani_/LHRS/VCAT-Dashboard/firmware/build/tasks.o
                0x08006540                vTaskPlaceOnEventList
 .text.xTaskRemoveFromEventList
                0x08006570       0xf8 /home/pani_/LHRS/VCAT-Dashboard/firmware/build/tasks.o
                0x08006570                xTaskRemoveFromEventList
 .text.vTaskInternalSetTimeOutState
                0x08006668       0x18 /home/pani_/LHRS/VCAT-Dashboard/firmware/build/tasks.o
                0x08006668                vTaskInternalSetTimeOutState
 .text.xTaskCheckForTimeOut
                0x08006680       0x88 /home/pani_/LHRS/VCAT-Dashboard/firmware/build/tasks.o
                0x08006680                xTaskCheckForTimeOut
 .text.vTaskMissedYield
                0x08006708        0xc /home/pani_/LHRS/VCAT-Dashboard/firmware/build/tasks.o
                0x08006708                vTaskMissedYield
 .text.xTaskGetSchedulerState
                0x08006714       0x20 /home/pani_/LHRS/VCAT-Dashboard/firmware/build/tasks.o
                0x08006714                xTaskGetSchedulerState
 .text.xTaskPriorityDisinherit
                0x08006734       0xc4 /home/pani_/LHRS/VCAT-Dashboard/firmware/build/tasks.o
                0x08006734                xTaskPriorityDisinherit
 *fill*         0x080067f8        0x8 
 .text.SVC_Handler
                0x08006800       0x24 /home/pani_/LHRS/VCAT-Dashboard/firmware/build/port.o
                0x08006800                SVC_Handler
 *fill*         0x08006824        0xc 
 .text.PendSV_Handler
                0x08006830       0x64 /home/pani_/LHRS/VCAT-Dashboard/firmware/build/port.o
                0x08006830                PendSV_Handler
 .text.vPortEnterCritical
                0x08006894       0x44 /home/pani_/LHRS/VCAT-Dashboard/firmware/build/port.o
                0x08006894                vPortEnterCritical
 .text.vPortExitCritical
                0x080068d8       0x2c /home/pani_/LHRS/VCAT-Dashboard/firmware/build/port.o
                0x080068d8                vPortExitCritical
 .text.SysTick_Handler
                0x08006904       0x2c /home/pani_/LHRS/VCAT-Dashboard/firmware/build/port.o
                0x08006904                SysTick_Handler
 .text.vPortValidateInterruptPriority
                0x08006930       0x5c /home/pani_/LHRS/VCAT-Dashboard/firmware/build/port.o
                0x08006930                vPortValidateInterruptPriority
 .text._getpid  0x0800698c        0x4 /home/pani_/LHRS/VCAT-Dashboard/firmware/build/syscalls.o
                0x0800698c                _getpid
 .text._kill    0x08006990       0x10 /home/pani_/LHRS/VCAT-Dashboard/firmware/build/syscalls.o
                0x08006990                _kill
 .text._exit    0x080069a0        0xc /home/pani_/LHRS/VCAT-Dashboard/firmware/build/syscalls.o
                0x080069a0                _exit
 .text._read    0x080069ac       0x20 /home/pani_/LHRS/VCAT-Dashboard/firmware/build/syscalls.o
                0x080069ac                _read
 .text._write   0x080069cc       0x1c /home/pani_/LHRS/VCAT-Dashboard/firmware/build/syscalls.o
                0x080069cc                _write
 .text._close   0x080069e8        0x6 /home/pani_/LHRS/VCAT-Dashboard/firmware/build/syscalls.o
                0x080069e8                _close
 .text._fstat   0x080069ee        0xa /home/pani_/LHRS/VCAT-Dashboard/firmware/build/syscalls.o
                0x080069ee                _fstat
 .text._isatty  0x080069f8        0x4 /home/pani_/LHRS/VCAT-Dashboard/firmware/build/syscalls.o
                0x080069f8                _isatty
 .text._lseek   0x080069fc        0x4 /home/pani_/LHRS/VCAT-Dashboard/firmware/build/syscalls.o
                0x080069fc                _lseek
 .text._sbrk    0x08006a00       0x48 /home/pani_/LHRS/VCAT-Dashboard/firmware/build/sysmem.o
                0x08006a00                _sbrk
 .text.__io_getchar
                0x08006a48       0x38 /home/pani_/LHRS/VCAT-Dashboard/firmware/build/printf.o
                0x08006a48                __io_getchar
 .text.__io_putchar
                0x08006a80       0x34 /home/pani_/LHRS/VCAT-Dashboard/firmware/build/printf.o
                0x08006a80                __io_putchar
 .text.HAL_ADC_ConvCpltCallback
                0x08006ab4       0x78 /home/pani_/LHRS/VCAT-Dashboard/firmware/build/ADC.o
                0x08006ab4                HAL_ADC_ConvCpltCallback
 .text.ADC_IRQHandler
                0x08006b2c       0x58 /home/pani_/LHRS/VCAT-Dashboard/firmware/build/ADC.o
                0x08006b2c                ADC_IRQHandler
 .text.HAL_ADC_ErrorCallback
                0x08006b84       0x20 /home/pani_/LHRS/VCAT-Dashboard/firmware/build/ADC.o
                0x08006b84                HAL_ADC_ErrorCallback
 .text.transmit
                0x08006ba4       0x80 /home/pani_/LHRS/VCAT-Dashboard/firmware/build/CAN.o
 .text.HAL_CAN_TxMailbox0CompleteCallback
                0x08006c24        0x8 /home/pani_/LHRS/VCAT-Dashboard/firmware/build/CAN.o
                0x08006c24                HAL_CAN_TxMailbox0CompleteCallback
 .text.HAL_CAN_TxMailbox1CompleteCallback
                0x08006c2c        0x8 /home/pani_/LHRS/VCAT-Dashboard/firmware/build/CAN.o
                0x08006c2c                HAL_CAN_TxMailbox1CompleteCallback
 .text.HAL_CAN_TxMailbox2CompleteCallback
                0x08006c34        0x8 /home/pani_/LHRS/VCAT-Dashboard/firmware/build/CAN.o
                0x08006c34                HAL_CAN_TxMailbox2CompleteCallback
 .text.HAL_CAN_RxFifo0MsgPendingCallback
                0x08006c3c       0x24 /home/pani_/LHRS/VCAT-Dashboard/firmware/build/CAN.o
                0x08006c3c                HAL_CAN_RxFifo0MsgPendingCallback
 .text.CAN1_TX_IRQHandler
                0x08006c60       0x10 /home/pani_/LHRS/VCAT-Dashboard/firmware/build/CAN.o
                0x08006c60                CAN1_TX_IRQHandler
 .text.CAN1_RX0_IRQHandler
                0x08006c70       0x10 /home/pani_/LHRS/VCAT-Dashboard/firmware/build/CAN.o
                0x08006c70                CAN1_RX0_IRQHandler
 .text.CAN2_TX_IRQHandler
                0x08006c80       0x10 /home/pani_/LHRS/VCAT-Dashboard/firmware/build/CAN.o
                0x08006c80                CAN2_TX_IRQHandler
 .text.CAN2_RX0_IRQHandler
                0x08006c90       0x10 /home/pani_/LHRS/VCAT-Dashboard/firmware/build/CAN.o
                0x08006c90                CAN2_RX0_IRQHandler
 .text.is_uart_initialized
                0x08006ca0        0xc /home/pani_/LHRS/VCAT-Dashboard/firmware/build/UART.o
 .text.uart_send
                0x08006cac      0x140 /home/pani_/LHRS/VCAT-Dashboard/firmware/build/UART.o
                0x08006cac                uart_send
 .text.uart_recv
                0x08006dec       0xe0 /home/pani_/LHRS/VCAT-Dashboard/firmware/build/UART.o
                0x08006dec                uart_recv
 .text.HAL_UART_TxCpltCallback
                0x08006ecc       0xdc /home/pani_/LHRS/VCAT-Dashboard/firmware/build/UART.o
                0x08006ecc                HAL_UART_TxCpltCallback
 .text.HAL_UART_RxCpltCallback
                0x08006fa8       0xd0 /home/pani_/LHRS/VCAT-Dashboard/firmware/build/UART.o
                0x08006fa8                HAL_UART_RxCpltCallback
 .text.UART4_IRQHandler
                0x08007078       0x10 /home/pani_/LHRS/VCAT-Dashboard/firmware/build/UART.o
                0x08007078                UART4_IRQHandler
 .text.UART5_IRQHandler
                0x08007088       0x10 /home/pani_/LHRS/VCAT-Dashboard/firmware/build/UART.o
                0x08007088                UART5_IRQHandler
 .text.USART1_IRQHandler
                0x08007098       0x10 /home/pani_/LHRS/VCAT-Dashboard/firmware/build/UART.o
                0x08007098                USART1_IRQHandler
 .text.USART2_IRQHandler
                0x080070a8       0x10 /home/pani_/LHRS/VCAT-Dashboard/firmware/build/UART.o
                0x080070a8                USART2_IRQHandler
 .text.USART3_IRQHandler
                0x080070b8       0x10 /home/pani_/LHRS/VCAT-Dashboard/firmware/build/UART.o
                0x080070b8                USART3_IRQHandler
 .text.Reset_Handler
                0x080070c8       0x50 /home/pani_/LHRS/VCAT-Dashboard/firmware/build/startup_stm32f446xx.o
                0x080070c8                Reset_Handler
 .text.Default_Handler
                0x08007118        0x2 /home/pani_/LHRS/VCAT-Dashboard/firmware/build/startup_stm32f446xx.o
                0x08007118                RTC_Alarm_IRQHandler
                0x08007118                EXTI2_IRQHandler
                0x08007118                TIM8_CC_IRQHandler
                0x08007118                DebugMon_Handler
                0x08007118                FMPI2C1_EV_IRQHandler
                0x08007118                SPI4_IRQHandler
                0x08007118                TIM1_CC_IRQHandler
                0x08007118                DMA2_Stream5_IRQHandler
                0x08007118                HardFault_Handler
                0x08007118                DMA1_Stream5_IRQHandler
                0x08007118                PVD_IRQHandler
                0x08007118                SDIO_IRQHandler
                0x08007118                TAMP_STAMP_IRQHandler
                0x08007118                NMI_Handler
                0x08007118                CAN2_RX1_IRQHandler
                0x08007118                EXTI3_IRQHandler
                0x08007118                TIM8_TRG_COM_TIM14_IRQHandler
                0x08007118                TIM8_UP_TIM13_IRQHandler
                0x08007118                I2C3_ER_IRQHandler
                0x08007118                EXTI0_IRQHandler
                0x08007118                I2C2_EV_IRQHandler
                0x08007118                DMA1_Stream2_IRQHandler
                0x08007118                FPU_IRQHandler
                0x08007118                OTG_HS_WKUP_IRQHandler
                0x08007118                UsageFault_Handler
                0x08007118                CAN2_SCE_IRQHandler
                0x08007118                DMA2_Stream2_IRQHandler
                0x08007118                SPI1_IRQHandler
                0x08007118                TIM6_DAC_IRQHandler
                0x08007118                TIM1_BRK_TIM9_IRQHandler
                0x08007118                DCMI_IRQHandler
                0x08007118                DMA2_Stream3_IRQHandler
                0x08007118                SAI2_IRQHandler
                0x08007118                USART6_IRQHandler
                0x08007118                CAN1_RX1_IRQHandler
                0x08007118                DMA2_Stream0_IRQHandler
                0x08007118                TIM4_IRQHandler
                0x08007118                QUADSPI_IRQHandler
                0x08007118                I2C1_EV_IRQHandler
                0x08007118                DMA1_Stream6_IRQHandler
                0x08007118                DMA1_Stream1_IRQHandler
                0x08007118                TIM3_IRQHandler
                0x08007118                RCC_IRQHandler
                0x08007118                TIM8_BRK_TIM12_IRQHandler
                0x08007118                Default_Handler
                0x08007118                CEC_IRQHandler
                0x08007118                EXTI15_10_IRQHandler
                0x08007118                DMA1_Stream7_IRQHandler
                0x08007118                TIM7_IRQHandler
                0x08007118                TIM5_IRQHandler
                0x08007118                DMA2_Stream7_IRQHandler
                0x08007118                I2C3_EV_IRQHandler
                0x08007118                EXTI9_5_IRQHandler
                0x08007118                RTC_WKUP_IRQHandler
                0x08007118                SPDIF_RX_IRQHandler
                0x08007118                SPI2_IRQHandler
                0x08007118                OTG_HS_EP1_IN_IRQHandler
                0x08007118                MemManage_Handler
                0x08007118                DMA1_Stream0_IRQHandler
                0x08007118                FMPI2C1_ER_IRQHandler
                0x08007118                EXTI4_IRQHandler
                0x08007118                OTG_HS_EP1_OUT_IRQHandler
                0x08007118                WWDG_IRQHandler
                0x08007118                TIM2_IRQHandler
                0x08007118                OTG_FS_WKUP_IRQHandler
                0x08007118                TIM1_TRG_COM_TIM11_IRQHandler
                0x08007118                OTG_HS_IRQHandler
                0x08007118                EXTI1_IRQHandler
                0x08007118                I2C2_ER_IRQHandler
                0x08007118                DMA2_Stream1_IRQHandler
                0x08007118                CAN1_SCE_IRQHandler
                0x08007118                FLASH_IRQHandler
                0x08007118                DMA2_Stream4_IRQHandler
                0x08007118                BusFault_Handler
                0x08007118                OTG_FS_IRQHandler
                0x08007118                SPI3_IRQHandler
                0x08007118                DMA1_Stream4_IRQHandler
                0x08007118                I2C1_ER_IRQHandler
                0x08007118                FMC_IRQHandler
                0x08007118                DMA2_Stream6_IRQHandler
                0x08007118                SAI1_IRQHandler
                0x08007118                DMA1_Stream3_IRQHandler
 *(.glue_7)
 .glue_7        0x0800711a        0x0 linker stubs
 *(.glue_7t)
 .glue_7t       0x0800711a        0x0 linker stubs
 *(.eh_frame)
 *fill*         0x0800711a        0x2 
 .eh_frame      0x0800711c        0x0 /usr/lib/gcc/arm-none-eabi/13.2.1/thumb/v7e-m+fp/hard/crtbegin.o
 *(.init)
 .init          0x0800711c        0x4 /usr/lib/gcc/arm-none-eabi/13.2.1/thumb/v7e-m+fp/hard/crti.o
                0x0800711c                _init
 .init          0x08007120        0x8 /usr/lib/gcc/arm-none-eabi/13.2.1/thumb/v7e-m+fp/hard/crtn.o
 *(.fini)
 .fini          0x08007128        0x4 /usr/lib/gcc/arm-none-eabi/13.2.1/thumb/v7e-m+fp/hard/crti.o
                0x08007128                _fini
 .fini          0x0800712c        0x8 /usr/lib/gcc/arm-none-eabi/13.2.1/thumb/v7e-m+fp/hard/crtn.o
                0x08007134                        . = ALIGN (0x4)
                0x08007134                        _etext = .

.vfp11_veneer   0x08007134        0x0
 .vfp11_veneer  0x08007134        0x0 linker stubs

.v4_bx          0x08007134        0x0
 .v4_bx         0x08007134        0x0 linker stubs

.iplt           0x08007134        0x0
 .iplt          0x08007134        0x0 /usr/lib/gcc/arm-none-eabi/13.2.1/thumb/v7e-m+fp/hard/crtbegin.o

.rodata         0x08007138      0x378
                0x08007138                        . = ALIGN (0x4)
 *(.rodata)
 .rodata        0x08007138      0x128 /usr/lib/gcc/arm-none-eabi/13.2.1/../../../arm-none-eabi/lib/thumb/v7e-m+fp/hard/libc_nano.a(libc_a-mprec.o)
                0x08007148                __mprec_tens
                0x08007210                __mprec_tinytens
                0x08007238                __mprec_bigtens
 .rodata        0x08007260      0x101 /usr/lib/gcc/arm-none-eabi/13.2.1/../../../arm-none-eabi/lib/thumb/v7e-m+fp/hard/libc_nano.a(libc_a-ctype_.o)
                0x08007260                _ctype_
 *(.rodata*)
 *fill*         0x08007361        0x3 
 .rodata.main.str1.4
                0x08007364      0x14b /home/pani_/LHRS/VCAT-Dashboard/firmware/build/main.o
                                 0x13 (size before relaxing)
 .rodata.str1.4
                0x080074af       0x12 /usr/lib/gcc/arm-none-eabi/13.2.1/../../../arm-none-eabi/lib/thumb/v7e-m+fp/hard/libc_nano.a(libc_a-nano-vfprintf_float.o)
 .rodata.str1.4
                0x080074af       0x69 /usr/lib/gcc/arm-none-eabi/13.2.1/../../../arm-none-eabi/lib/thumb/v7e-m+fp/hard/libc_nano.a(libc_a-dtoa.o)
 .rodata.str1.4
                0x080074af       0x25 /usr/lib/gcc/arm-none-eabi/13.2.1/../../../arm-none-eabi/lib/thumb/v7e-m+fp/hard/libc_nano.a(libc_a-nano-vfprintf_i.o)
 .rodata.str1.4
                0x080074af       0x43 /usr/lib/gcc/arm-none-eabi/13.2.1/../../../arm-none-eabi/lib/thumb/v7e-m+fp/hard/libc_nano.a(libc_a-assert.o)
 .rodata.str1.4
                0x080074af       0x59 /usr/lib/gcc/arm-none-eabi/13.2.1/../../../arm-none-eabi/lib/thumb/v7e-m+fp/hard/libc_nano.a(libc_a-mprec.o)
 .rodata.str1.4
                0x080074af       0x12 /usr/lib/gcc/arm-none-eabi/13.2.1/../../../arm-none-eabi/lib/thumb/v7e-m+fp/hard/libc_nano.a(libc_a-locale.o)
 .rodata.str1.4
                0x080074af       0x13 /usr/lib/gcc/arm-none-eabi/13.2.1/../../../arm-none-eabi/lib/thumb/v7e-m+fp/hard/libc_nano.a(libc_a-nano-vfprintf.o)
                0x08007518                        . = ALIGN (0x4)
 *fill*         0x080074af        0x1 

.ARM.extab
 *(.ARM.extab* .gnu.linkonce.armextab.*)

.ARM            0x080074b0        0x8
                0x080074b0                        __exidx_start = .
 *(.ARM.exidx*)
 .ARM.exidx     0x080074b0        0x8 /usr/lib/gcc/arm-none-eabi/13.2.1/../../../arm-none-eabi/lib/thumb/v7e-m+fp/hard/libc_nano.a(libc_a-memcpy.o)
 .ARM.exidx     0x080074b8        0x0 /usr/lib/gcc/arm-none-eabi/13.2.1/../../../arm-none-eabi/lib/thumb/v7e-m+fp/hard/libc_nano.a(libc_a-strlen.o)
                                  0x8 (size before relaxing)
 .ARM.exidx     0x080074b8        0x0 /usr/lib/gcc/arm-none-eabi/13.2.1/../../../arm-none-eabi/lib/thumb/v7e-m+fp/hard/libc_nano.a(libc_a-memchr.o)
                                  0x8 (size before relaxing)
                0x080074b8                        __exidx_end = .

.rel.dyn        0x080074b8        0x0
 .rel.iplt      0x080074b8        0x0 /usr/lib/gcc/arm-none-eabi/13.2.1/thumb/v7e-m+fp/hard/crtbegin.o

.preinit_array  0x080074b8        0x0
                0x080074b8                        PROVIDE (__preinit_array_start = .)
 *(.preinit_array*)
                0x080074b8                        PROVIDE (__preinit_array_end = .)

.init_array     0x080074b8        0x4
                0x080074b8                        PROVIDE (__init_array_start = .)
 *(SORT_BY_NAME(.init_array.*))
 *(.init_array*)
 .init_array    0x080074b8        0x4 /usr/lib/gcc/arm-none-eabi/13.2.1/thumb/v7e-m+fp/hard/crtbegin.o
                0x080074bc                        PROVIDE (__init_array_end = .)

.fini_array     0x080074bc        0x4
                0x080074bc                        PROVIDE (__fini_array_start = .)
 *(SORT_BY_NAME(.fini_array.*))
 *(.fini_array*)
 .fini_array    0x080074bc        0x4 /usr/lib/gcc/arm-none-eabi/13.2.1/thumb/v7e-m+fp/hard/crtbegin.o
                0x080074c0                        PROVIDE (__fini_array_end = .)
                0x080074c0                        _sidata = LOADADDR (.data)

.data           0x20000000      0x48c load address 0x080074c0
                0x20000000                        . = ALIGN (0x4)
                0x20000000                        _sdata = .
 *(.data)
 .data          0x20000000        0xc /usr/lib/gcc/arm-none-eabi/13.2.1/../../../arm-none-eabi/lib/thumb/v7e-m+fp/hard/libc_nano.a(libc_a-findfp.o)
                0x20000000                __sglue
 .data          0x2000000c       0x50 /usr/lib/gcc/arm-none-eabi/13.2.1/../../../arm-none-eabi/lib/thumb/v7e-m+fp/hard/libc_nano.a(libc_a-impure.o)
                0x2000000c                _impure_ptr
                0x20000010                _impure_data
 .data          0x2000005c      0x16c /usr/lib/gcc/arm-none-eabi/13.2.1/../../../arm-none-eabi/lib/thumb/v7e-m+fp/hard/libc_nano.a(libc_a-locale.o)
                0x2000005c                __global_locale
 *(.data*)
 .data.uwTickFreq
                0x200001c8        0x1 /home/pani_/LHRS/VCAT-Dashboard/firmware/build/stm32f4xx_hal.o
                0x200001c8                uwTickFreq
 *fill*         0x200001c9        0x3 
 .data.SystemCoreClock
                0x200001cc        0x4 /home/pani_/LHRS/VCAT-Dashboard/firmware/build/system_stm32f4xx.o
                0x200001cc                SystemCoreClock
 .data.uxCriticalNesting
                0x200001d0        0x4 /home/pani_/LHRS/VCAT-Dashboard/firmware/build/port.o
 .data.hadc3    0x200001d4        0x4 /home/pani_/LHRS/VCAT-Dashboard/firmware/build/ADC.o
                0x200001d4                hadc3
 .data.hadc3_   0x200001d8       0x48 /home/pani_/LHRS/VCAT-Dashboard/firmware/build/ADC.o
 .data.hadc2    0x20000220        0x4 /home/pani_/LHRS/VCAT-Dashboard/firmware/build/ADC.o
                0x20000220                hadc2
 .data.hadc2_   0x20000224       0x48 /home/pani_/LHRS/VCAT-Dashboard/firmware/build/ADC.o
 .data.hadc1    0x2000026c        0x4 /home/pani_/LHRS/VCAT-Dashboard/firmware/build/ADC.o
                0x2000026c                hadc1
 .data.hadc1_   0x20000270       0x48 /home/pani_/LHRS/VCAT-Dashboard/firmware/build/ADC.o
 .data.hcan2    0x200002b8        0x4 /home/pani_/LHRS/VCAT-Dashboard/firmware/build/CAN.o
                0x200002b8                hcan2
 .data.hcan2_   0x200002bc       0x28 /home/pani_/LHRS/VCAT-Dashboard/firmware/build/CAN.o
 .data.hcan1    0x200002e4        0x4 /home/pani_/LHRS/VCAT-Dashboard/firmware/build/CAN.o
                0x200002e4                hcan1
 .data.hcan1_   0x200002e8       0x28 /home/pani_/LHRS/VCAT-Dashboard/firmware/build/CAN.o
 .data.husart3  0x20000310        0x4 /home/pani_/LHRS/VCAT-Dashboard/firmware/build/UART.o
                0x20000310                husart3
 .data.husart3_
                0x20000314       0x48 /home/pani_/LHRS/VCAT-Dashboard/firmware/build/UART.o
 .data.husart2  0x2000035c        0x4 /home/pani_/LHRS/VCAT-Dashboard/firmware/build/UART.o
                0x2000035c                husart2
 .data.husart2_
                0x20000360       0x48 /home/pani_/LHRS/VCAT-Dashboard/firmware/build/UART.o
 .data.husart1  0x200003a8        0x4 /home/pani_/LHRS/VCAT-Dashboard/firmware/build/UART.o
                0x200003a8                husart1
 .data.husart1_
                0x200003ac       0x48 /home/pani_/LHRS/VCAT-Dashboard/firmware/build/UART.o
 .data.huart5   0x200003f4        0x4 /home/pani_/LHRS/VCAT-Dashboard/firmware/build/UART.o
                0x200003f4                huart5
 .data.huart5_  0x200003f8       0x48 /home/pani_/LHRS/VCAT-Dashboard/firmware/build/UART.o
 .data.huart4   0x20000440        0x4 /home/pani_/LHRS/VCAT-Dashboard/firmware/build/UART.o
                0x20000440                huart4
 .data.huart4_  0x20000444       0x48 /home/pani_/LHRS/VCAT-Dashboard/firmware/build/UART.o
                0x2000048c                        . = ALIGN (0x4)
                0x2000048c                        _edata = .

.tm_clone_table
                0x2000048c        0x0 load address 0x0800794c
 .tm_clone_table
                0x2000048c        0x0 /usr/lib/gcc/arm-none-eabi/13.2.1/thumb/v7e-m+fp/hard/crtbegin.o
 .tm_clone_table
                0x2000048c        0x0 /usr/lib/gcc/arm-none-eabi/13.2.1/thumb/v7e-m+fp/hard/crtend.o

.igot.plt       0x2000048c        0x0 load address 0x0800794c
 .igot.plt      0x2000048c        0x0 /usr/lib/gcc/arm-none-eabi/13.2.1/thumb/v7e-m+fp/hard/crtbegin.o
                0x2000048c                        . = ALIGN (0x4)

.bss            0x2000048c      0x334 load address 0x0800794c
                0x2000048c                        _sbss = .
                0x2000048c                        __bss_start__ = _sbss
 *(.bss)
 .bss           0x2000048c       0x1c /usr/lib/gcc/arm-none-eabi/13.2.1/thumb/v7e-m+fp/hard/crtbegin.o
 .bss           0x200004a8      0x13c /usr/lib/gcc/arm-none-eabi/13.2.1/../../../arm-none-eabi/lib/thumb/v7e-m+fp/hard/libc_nano.a(libc_a-findfp.o)
                0x200004a8                __sf
                0x200005e0                __stdio_exit_handler
 .bss           0x200005e4        0x8 /usr/lib/gcc/arm-none-eabi/13.2.1/../../../arm-none-eabi/lib/thumb/v7e-m+fp/hard/libc_nano.a(libc_a-mallocr.o)
                0x200005e4                __malloc_sbrk_start
                0x200005e8                __malloc_free_list
 .bss           0x200005ec        0x4 /usr/lib/gcc/arm-none-eabi/13.2.1/../../../arm-none-eabi/lib/thumb/v7e-m+fp/hard/libc_nano.a(libc_a-reent.o)
                0x200005ec                errno
 *(.bss*)
 .bss.uwTick    0x200005f0        0x4 /home/pani_/LHRS/VCAT-Dashboard/firmware/build/stm32f4xx_hal.o
                0x200005f0                uwTick
 .bss.htim1     0x200005f4       0x48 /home/pani_/LHRS/VCAT-Dashboard/firmware/build/stm32f4xx_hal_timebase_tim.o
                0x200005f4                htim1
 .bss.uxSchedulerSuspended
                0x2000063c        0x4 /home/pani_/LHRS/VCAT-Dashboard/firmware/build/tasks.o
 .bss.xNextTaskUnblockTime
                0x20000640        0x4 /home/pani_/LHRS/VCAT-Dashboard/firmware/build/tasks.o
 .bss.xNumOfOverflows
                0x20000644        0x4 /home/pani_/LHRS/VCAT-Dashboard/firmware/build/tasks.o
 .bss.xYieldPendings
                0x20000648        0x4 /home/pani_/LHRS/VCAT-Dashboard/firmware/build/tasks.o
 .bss.xPendedTicks
                0x2000064c        0x4 /home/pani_/LHRS/VCAT-Dashboard/firmware/build/tasks.o
 .bss.xSchedulerRunning
                0x20000650        0x4 /home/pani_/LHRS/VCAT-Dashboard/firmware/build/tasks.o
 .bss.uxTopReadyPriority
                0x20000654        0x4 /home/pani_/LHRS/VCAT-Dashboard/firmware/build/tasks.o
 .bss.xTickCount
                0x20000658        0x4 /home/pani_/LHRS/VCAT-Dashboard/firmware/build/tasks.o
 .bss.uxCurrentNumberOfTasks
                0x2000065c        0x4 /home/pani_/LHRS/VCAT-Dashboard/firmware/build/tasks.o
 .bss.xSuspendedTaskList
                0x20000660       0x14 /home/pani_/LHRS/VCAT-Dashboard/firmware/build/tasks.o
 .bss.xPendingReadyList
                0x20000674       0x14 /home/pani_/LHRS/VCAT-Dashboard/firmware/build/tasks.o
 .bss.pxOverflowDelayedTaskList
                0x20000688        0x4 /home/pani_/LHRS/VCAT-Dashboard/firmware/build/tasks.o
 .bss.pxDelayedTaskList
                0x2000068c        0x4 /home/pani_/LHRS/VCAT-Dashboard/firmware/build/tasks.o
 .bss.pxReadyTasksLists
                0x20000690       0x8c /home/pani_/LHRS/VCAT-Dashboard/firmware/build/tasks.o
 .bss.pxCurrentTCB
                0x2000071c        0x4 /home/pani_/LHRS/VCAT-Dashboard/firmware/build/tasks.o
                0x2000071c                pxCurrentTCB
 .bss.ulMaxPRIGROUPValue
                0x20000720        0x4 /home/pani_/LHRS/VCAT-Dashboard/firmware/build/port.o
 .bss.ucMaxSysCallPriority
                0x20000724        0x1 /home/pani_/LHRS/VCAT-Dashboard/firmware/build/port.o
 *fill*         0x20000725        0x3 
 .bss.__sbrk_heap_end
                0x20000728        0x4 /home/pani_/LHRS/VCAT-Dashboard/firmware/build/sysmem.o
 .bss.printf_huart
                0x2000072c        0x4 /home/pani_/LHRS/VCAT-Dashboard/firmware/build/printf.o
                0x2000072c                printf_huart
 .bss.adc_err_code
                0x20000730        0x4 /home/pani_/LHRS/VCAT-Dashboard/firmware/build/ADC.o
                0x20000730                adc_err_code
 .bss.adc3_q    0x20000734        0x4 /home/pani_/LHRS/VCAT-Dashboard/firmware/build/ADC.o
                0x20000734                adc3_q
 .bss.adc2_q    0x20000738        0x4 /home/pani_/LHRS/VCAT-Dashboard/firmware/build/ADC.o
                0x20000738                adc2_q
 .bss.adc1_q    0x2000073c        0x4 /home/pani_/LHRS/VCAT-Dashboard/firmware/build/ADC.o
                0x2000073c                adc1_q
 .bss.can2_send_queue
                0x20000740        0x4 /home/pani_/LHRS/VCAT-Dashboard/firmware/build/CAN.o
 .bss.can1_send_queue
                0x20000744        0x4 /home/pani_/LHRS/VCAT-Dashboard/firmware/build/CAN.o
 .bss.usart3_tx_buffer
                0x20000748        0xa /home/pani_/LHRS/VCAT-Dashboard/firmware/build/UART.o
 *fill*         0x20000752        0x2 
 .bss.usart2_tx_buffer
                0x20000754        0xa /home/pani_/LHRS/VCAT-Dashboard/firmware/build/UART.o
 *fill*         0x2000075e        0x2 
 .bss.usart1_tx_buffer
                0x20000760        0xa /home/pani_/LHRS/VCAT-Dashboard/firmware/build/UART.o
 *fill*         0x2000076a        0x2 
 .bss.uart5_tx_buffer
                0x2000076c        0xa /home/pani_/LHRS/VCAT-Dashboard/firmware/build/UART.o
 *fill*         0x20000776        0x2 
 .bss.uart4_tx_buffer
                0x20000778        0xa /home/pani_/LHRS/VCAT-Dashboard/firmware/build/UART.o
 *fill*         0x20000782        0x2 
 .bss.usart3_rx_buffer
                0x20000784        0x1 /home/pani_/LHRS/VCAT-Dashboard/firmware/build/UART.o
 *fill*         0x20000785        0x3 
 .bss.usart3_rx_queue
                0x20000788        0x4 /home/pani_/LHRS/VCAT-Dashboard/firmware/build/UART.o
 .bss.usart3_tx_queue
                0x2000078c        0x4 /home/pani_/LHRS/VCAT-Dashboard/firmware/build/UART.o
 .bss.usart2_rx_buffer
                0x20000790        0x1 /home/pani_/LHRS/VCAT-Dashboard/firmware/build/UART.o
 *fill*         0x20000791        0x3 
 .bss.usart2_rx_queue
                0x20000794        0x4 /home/pani_/LHRS/VCAT-Dashboard/firmware/build/UART.o
 .bss.usart2_tx_queue
                0x20000798        0x4 /home/pani_/LHRS/VCAT-Dashboard/firmware/build/UART.o
 .bss.usart1_rx_buffer
                0x2000079c        0x1 /home/pani_/LHRS/VCAT-Dashboard/firmware/build/UART.o
 *fill*         0x2000079d        0x3 
 .bss.usart1_rx_queue
                0x200007a0        0x4 /home/pani_/LHRS/VCAT-Dashboard/firmware/build/UART.o
 .bss.usart1_tx_queue
                0x200007a4        0x4 /home/pani_/LHRS/VCAT-Dashboard/firmware/build/UART.o
 .bss.uart5_rx_buffer
                0x200007a8        0x1 /home/pani_/LHRS/VCAT-Dashboard/firmware/build/UART.o
 *fill*         0x200007a9        0x3 
 .bss.uart5_rx_queue
                0x200007ac        0x4 /home/pani_/LHRS/VCAT-Dashboard/firmware/build/UART.o
 .bss.uart5_tx_queue
                0x200007b0        0x4 /home/pani_/LHRS/VCAT-Dashboard/firmware/build/UART.o
 .bss.uart4_rx_buffer
                0x200007b4        0x1 /home/pani_/LHRS/VCAT-Dashboard/firmware/build/UART.o
 *fill*         0x200007b5        0x3 
 .bss.uart4_rx_queue
                0x200007b8        0x4 /home/pani_/LHRS/VCAT-Dashboard/firmware/build/UART.o
 .bss.uart4_tx_queue
                0x200007bc        0x4 /home/pani_/LHRS/VCAT-Dashboard/firmware/build/UART.o
 *(COMMON)
                0x200007c0                        . = ALIGN (0x4)
                0x200007c0                        _ebss = .
                0x200007c0                        __bss_end__ = _ebss

._user_heap_stack
                0x200007c0      0x600 load address 0x0800794c
                0x200007c0                        . = ALIGN (0x8)
                [!provide]                        PROVIDE (end = .)
                0x200007c0                        PROVIDE (_end = .)
                0x200009c0                        . = (. + _Min_Heap_Size)
 *fill*         0x200007c0      0x200 
                0x20000dc0                        . = (. + _Min_Stack_Size)
 *fill*         0x200009c0      0x400 
                0x20000dc0                        . = ALIGN (0x8)

/DISCARD/
 libc.a(*)
 libm.a(*)
 libgcc.a(*)

.ARM.attributes
                0x00000000       0x30
 *(.ARM.attributes)
 .ARM.attributes
                0x00000000       0x22 /usr/lib/gcc/arm-none-eabi/13.2.1/thumb/v7e-m+fp/hard/crti.o
 .ARM.attributes
                0x00000022       0x34 /usr/lib/gcc/arm-none-eabi/13.2.1/thumb/v7e-m+fp/hard/crtbegin.o
 .ARM.attributes
                0x00000056       0x34 /home/pani_/LHRS/VCAT-Dashboard/firmware/build/main.o
 .ARM.attributes
                0x0000008a       0x34 /home/pani_/LHRS/VCAT-Dashboard/firmware/build/stm32f4xx_hal.o
 .ARM.attributes
                0x000000be       0x34 /home/pani_/LHRS/VCAT-Dashboard/firmware/build/stm32f4xx_hal_adc.o
 .ARM.attributes
                0x000000f2       0x34 /home/pani_/LHRS/VCAT-Dashboard/firmware/build/stm32f4xx_hal_adc_ex.o
 .ARM.attributes
                0x00000126       0x34 /home/pani_/LHRS/VCAT-Dashboard/firmware/build/stm32f4xx_hal_can.o
 .ARM.attributes
                0x0000015a       0x34 /home/pani_/LHRS/VCAT-Dashboard/firmware/build/stm32f4xx_hal_dma.o
 .ARM.attributes
                0x0000018e       0x34 /home/pani_/LHRS/VCAT-Dashboard/firmware/build/stm32f4xx_hal_tim.o
 .ARM.attributes
                0x000001c2       0x34 /home/pani_/LHRS/VCAT-Dashboard/firmware/build/stm32f4xx_hal_tim_ex.o
 .ARM.attributes
                0x000001f6       0x34 /home/pani_/LHRS/VCAT-Dashboard/firmware/build/stm32f4xx_hal_uart.o
 .ARM.attributes
                0x0000022a       0x34 /home/pani_/LHRS/VCAT-Dashboard/firmware/build/system_stm32f4xx.o
 .ARM.attributes
                0x0000025e       0x34 /home/pani_/LHRS/VCAT-Dashboard/firmware/build/stm32f4xx_hal_timebase_tim.o
 .ARM.attributes
                0x00000292       0x34 /home/pani_/LHRS/VCAT-Dashboard/firmware/build/list.o
 .ARM.attributes
                0x000002c6       0x34 /home/pani_/LHRS/VCAT-Dashboard/firmware/build/queue.o
 .ARM.attributes
                0x000002fa       0x34 /home/pani_/LHRS/VCAT-Dashboard/firmware/build/tasks.o
 .ARM.attributes
                0x0000032e       0x34 /home/pani_/LHRS/VCAT-Dashboard/firmware/build/port.o
 .ARM.attributes
                0x00000362       0x34 /home/pani_/LHRS/VCAT-Dashboard/firmware/build/syscalls.o
 .ARM.attributes
                0x00000396       0x34 /home/pani_/LHRS/VCAT-Dashboard/firmware/build/sysmem.o
 .ARM.attributes
                0x000003ca       0x34 /home/pani_/LHRS/VCAT-Dashboard/firmware/build/printf.o
 .ARM.attributes
                0x000003fe       0x34 /home/pani_/LHRS/VCAT-Dashboard/firmware/build/ADC.o
 .ARM.attributes
                0x00000432       0x34 /home/pani_/LHRS/VCAT-Dashboard/firmware/build/CAN.o
 .ARM.attributes
                0x00000466       0x34 /home/pani_/LHRS/VCAT-Dashboard/firmware/build/UART.o
 .ARM.attributes
                0x0000049a       0x21 /home/pani_/LHRS/VCAT-Dashboard/firmware/build/startup_stm32f446xx.o
 .ARM.attributes
                0x000004bb       0x34 /usr/lib/gcc/arm-none-eabi/13.2.1/../../../arm-none-eabi/lib/thumb/v7e-m+fp/hard/libc_nano.a(libc_a-init.o)
 .ARM.attributes
                0x000004ef       0x34 /usr/lib/gcc/arm-none-eabi/13.2.1/../../../arm-none-eabi/lib/thumb/v7e-m+fp/hard/libc_nano.a(libc_a-puts.o)
 .ARM.attributes
                0x00000523       0x34 /usr/lib/gcc/arm-none-eabi/13.2.1/../../../arm-none-eabi/lib/thumb/v7e-m+fp/hard/libc_nano.a(libc_a-findfp.o)
 .ARM.attributes
                0x00000557       0x34 /usr/lib/gcc/arm-none-eabi/13.2.1/../../../arm-none-eabi/lib/thumb/v7e-m+fp/hard/libc_nano.a(libc_a-memset.o)
 .ARM.attributes
                0x0000058b       0x34 /usr/lib/gcc/arm-none-eabi/13.2.1/../../../arm-none-eabi/lib/thumb/v7e-m+fp/hard/libc_nano.a(libc_a-fflush.o)
 .ARM.attributes
                0x000005bf       0x34 /usr/lib/gcc/arm-none-eabi/13.2.1/../../../arm-none-eabi/lib/thumb/v7e-m+fp/hard/libc_nano.a(libc_a-errno.o)
 .ARM.attributes
                0x000005f3       0x34 /usr/lib/gcc/arm-none-eabi/13.2.1/../../../arm-none-eabi/lib/thumb/v7e-m+fp/hard/libc_nano.a(libc_a-nano-vfprintf_float.o)
 .ARM.attributes
                0x00000627       0x34 /usr/lib/gcc/arm-none-eabi/13.2.1/../../../arm-none-eabi/lib/thumb/v7e-m+fp/hard/libc_nano.a(libc_a-mallocr.o)
 .ARM.attributes
                0x0000065b       0x34 /usr/lib/gcc/arm-none-eabi/13.2.1/../../../arm-none-eabi/lib/thumb/v7e-m+fp/hard/libc_nano.a(libc_a-dtoa.o)
 .ARM.attributes
                0x0000068f       0x34 /usr/lib/gcc/arm-none-eabi/13.2.1/../../../arm-none-eabi/lib/thumb/v7e-m+fp/hard/libc_nano.a(libc_a-freer.o)
 .ARM.attributes
                0x000006c3       0x34 /usr/lib/gcc/arm-none-eabi/13.2.1/../../../arm-none-eabi/lib/thumb/v7e-m+fp/hard/libc_nano.a(libc_a-fwalk.o)
 .ARM.attributes
                0x000006f7       0x34 /usr/lib/gcc/arm-none-eabi/13.2.1/../../../arm-none-eabi/lib/thumb/v7e-m+fp/hard/libc_nano.a(libc_a-wsetup.o)
 .ARM.attributes
                0x0000072b       0x20 /usr/lib/gcc/arm-none-eabi/13.2.1/../../../arm-none-eabi/lib/thumb/v7e-m+fp/hard/libc_nano.a(libc_a-memcpy.o)
 .ARM.attributes
                0x0000074b       0x34 /usr/lib/gcc/arm-none-eabi/13.2.1/../../../arm-none-eabi/lib/thumb/v7e-m+fp/hard/libc_nano.a(libc_a-malloc.o)
 .ARM.attributes
                0x0000077f       0x34 /usr/lib/gcc/arm-none-eabi/13.2.1/../../../arm-none-eabi/lib/thumb/v7e-m+fp/hard/libc_nano.a(libc_a-nano-vfprintf_i.o)
 .ARM.attributes
                0x000007b3       0x34 /usr/lib/gcc/arm-none-eabi/13.2.1/../../../arm-none-eabi/lib/thumb/v7e-m+fp/hard/libc_nano.a(libc_a-mlock.o)
 .ARM.attributes
                0x000007e7       0x34 /usr/lib/gcc/arm-none-eabi/13.2.1/../../../arm-none-eabi/lib/thumb/v7e-m+fp/hard/libc_nano.a(libc_a-makebuf.o)
 .ARM.attributes
                0x0000081b       0x34 /usr/lib/gcc/arm-none-eabi/13.2.1/../../../arm-none-eabi/lib/thumb/v7e-m+fp/hard/libc_nano.a(libc_a-isattyr.o)
 .ARM.attributes
                0x0000084f       0x34 /usr/lib/gcc/arm-none-eabi/13.2.1/../../../arm-none-eabi/lib/thumb/v7e-m+fp/hard/libc_nano.a(libc_a-wbuf.o)
 .ARM.attributes
                0x00000883       0x34 /usr/lib/gcc/arm-none-eabi/13.2.1/../../../arm-none-eabi/lib/thumb/v7e-m+fp/hard/libc_nano.a(libc_a-assert.o)
 .ARM.attributes
                0x000008b7       0x34 /usr/lib/gcc/arm-none-eabi/13.2.1/../../../arm-none-eabi/lib/thumb/v7e-m+fp/hard/libc_nano.a(libc_a-mprec.o)
 .ARM.attributes
                0x000008eb       0x34 /usr/lib/gcc/arm-none-eabi/13.2.1/../../../arm-none-eabi/lib/thumb/v7e-m+fp/hard/libc_nano.a(libc_a-sbrkr.o)
 .ARM.attributes
                0x0000091f       0x34 /usr/lib/gcc/arm-none-eabi/13.2.1/../../../arm-none-eabi/lib/thumb/v7e-m+fp/hard/libc_nano.a(libc_a-stdio.o)
 .ARM.attributes
                0x00000953       0x34 /usr/lib/gcc/arm-none-eabi/13.2.1/../../../arm-none-eabi/lib/thumb/v7e-m+fp/hard/libc_nano.a(libc_a-impure.o)
 .ARM.attributes
                0x00000987       0x34 /usr/lib/gcc/arm-none-eabi/13.2.1/../../../arm-none-eabi/lib/thumb/v7e-m+fp/hard/libc_nano.a(libc_a-localeconv.o)
 .ARM.attributes
                0x000009bb       0x34 /usr/lib/gcc/arm-none-eabi/13.2.1/../../../arm-none-eabi/lib/thumb/v7e-m+fp/hard/libc_nano.a(libc_a-abort.o)
 .ARM.attributes
                0x000009ef       0x34 /usr/lib/gcc/arm-none-eabi/13.2.1/../../../arm-none-eabi/lib/thumb/v7e-m+fp/hard/libc_nano.a(libc_a-closer.o)
 .ARM.attributes
                0x00000a23       0x1c /usr/lib/gcc/arm-none-eabi/13.2.1/../../../arm-none-eabi/lib/thumb/v7e-m+fp/hard/libc_nano.a(libc_a-strlen.o)
 .ARM.attributes
                0x00000a3f       0x34 /usr/lib/gcc/arm-none-eabi/13.2.1/../../../arm-none-eabi/lib/thumb/v7e-m+fp/hard/libc_nano.a(libc_a-callocr.o)
 .ARM.attributes
                0x00000a73       0x34 /usr/lib/gcc/arm-none-eabi/13.2.1/../../../arm-none-eabi/lib/thumb/v7e-m+fp/hard/libc_nano.a(libc_a-locale.o)
 .ARM.attributes
                0x00000aa7       0x34 /usr/lib/gcc/arm-none-eabi/13.2.1/../../../arm-none-eabi/lib/thumb/v7e-m+fp/hard/libc_nano.a(libc_a-wctomb_r.o)
 .ARM.attributes
                0x00000adb       0x1c /usr/lib/gcc/arm-none-eabi/13.2.1/../../../arm-none-eabi/lib/thumb/v7e-m+fp/hard/libc_nano.a(libc_a-memchr.o)
 .ARM.attributes
                0x00000af7       0x34 /usr/lib/gcc/arm-none-eabi/13.2.1/../../../arm-none-eabi/lib/thumb/v7e-m+fp/hard/libc_nano.a(libc_a-readr.o)
 .ARM.attributes
                0x00000b2b       0x34 /usr/lib/gcc/arm-none-eabi/13.2.1/../../../arm-none-eabi/lib/thumb/v7e-m+fp/hard/libc_nano.a(libc_a-fprintf.o)
 .ARM.attributes
                0x00000b5f       0x34 /usr/lib/gcc/arm-none-eabi/13.2.1/../../../arm-none-eabi/lib/thumb/v7e-m+fp/hard/libc_nano.a(libc_a-reent.o)
 .ARM.attributes
                0x00000b93       0x34 /usr/lib/gcc/arm-none-eabi/13.2.1/../../../arm-none-eabi/lib/thumb/v7e-m+fp/hard/libc_nano.a(libc_a-fstatr.o)
 .ARM.attributes
                0x00000bc7       0x34 /usr/lib/gcc/arm-none-eabi/13.2.1/../../../arm-none-eabi/lib/thumb/v7e-m+fp/hard/libc_nano.a(libc_a-lseekr.o)
 .ARM.attributes
                0x00000bfb       0x34 /usr/lib/gcc/arm-none-eabi/13.2.1/../../../arm-none-eabi/lib/thumb/v7e-m+fp/hard/libc_nano.a(libc_a-ctype_.o)
 .ARM.attributes
                0x00000c2f       0x34 /usr/lib/gcc/arm-none-eabi/13.2.1/../../../arm-none-eabi/lib/thumb/v7e-m+fp/hard/libc_nano.a(libc_a-writer.o)
 .ARM.attributes
                0x00000c63       0x34 /usr/lib/gcc/arm-none-eabi/13.2.1/../../../arm-none-eabi/lib/thumb/v7e-m+fp/hard/libc_nano.a(libc_a-nano-vfprintf.o)
 .ARM.attributes
                0x00000c97       0x34 /usr/lib/gcc/arm-none-eabi/13.2.1/../../../arm-none-eabi/lib/thumb/v7e-m+fp/hard/libc_nano.a(libc_a-fvwrite.o)
 .ARM.attributes
                0x00000ccb       0x34 /usr/lib/gcc/arm-none-eabi/13.2.1/../../../arm-none-eabi/lib/thumb/v7e-m+fp/hard/libc_nano.a(libc_a-mbtowc_r.o)
 .ARM.attributes
                0x00000cff       0x34 /usr/lib/gcc/arm-none-eabi/13.2.1/../../../arm-none-eabi/lib/thumb/v7e-m+fp/hard/libc_nano.a(libc_a-signal.o)
 .ARM.attributes
                0x00000d33       0x34 /usr/lib/gcc/arm-none-eabi/13.2.1/../../../arm-none-eabi/lib/thumb/v7e-m+fp/hard/libc_nano.a(libc_a-memmove.o)
 .ARM.attributes
                0x00000d67       0x34 /usr/lib/gcc/arm-none-eabi/13.2.1/../../../arm-none-eabi/lib/thumb/v7e-m+fp/hard/libc_nano.a(libc_a-reallocr.o)
 .ARM.attributes
                0x00000d9b       0x34 /usr/lib/gcc/arm-none-eabi/13.2.1/../../../arm-none-eabi/lib/thumb/v7e-m+fp/hard/libc_nano.a(libc_a-msizer.o)
 .ARM.attributes
                0x00000dcf       0x34 /usr/lib/gcc/arm-none-eabi/13.2.1/../../../arm-none-eabi/lib/thumb/v7e-m+fp/hard/libc_nano.a(libc_a-signalr.o)
 .ARM.attributes
                0x00000e03       0x22 /usr/lib/gcc/arm-none-eabi/13.2.1/thumb/v7e-m+fp/hard/libgcc.a(_arm_addsubdf3.o)
 .ARM.attributes
                0x00000e25       0x22 /usr/lib/gcc/arm-none-eabi/13.2.1/thumb/v7e-m+fp/hard/libgcc.a(_arm_muldivdf3.o)
 .ARM.attributes
                0x00000e47       0x22 /usr/lib/gcc/arm-none-eabi/13.2.1/thumb/v7e-m+fp/hard/libgcc.a(_arm_cmpdf2.o)
 .ARM.attributes
                0x00000e69       0x22 /usr/lib/gcc/arm-none-eabi/13.2.1/thumb/v7e-m+fp/hard/libgcc.a(_arm_unorddf2.o)
 .ARM.attributes
                0x00000e8b       0x22 /usr/lib/gcc/arm-none-eabi/13.2.1/thumb/v7e-m+fp/hard/libgcc.a(_arm_fixdfsi.o)
 .ARM.attributes
                0x00000ead       0x34 /usr/lib/gcc/arm-none-eabi/13.2.1/thumb/v7e-m+fp/hard/crtend.o
 .ARM.attributes
                0x00000ee1       0x22 /usr/lib/gcc/arm-none-eabi/13.2.1/thumb/v7e-m+fp/hard/crtn.o
OUTPUT(/home/pani_/LHRS/VCAT-Dashboard/firmware/build/stm32f446ret.elf elf32-littlearm)
LOAD linker stubs
LOAD /usr/lib/gcc/arm-none-eabi/13.2.1/../../../arm-none-eabi/lib/thumb/v7e-m+fp/hard/libc.a
LOAD /usr/lib/gcc/arm-none-eabi/13.2.1/../../../arm-none-eabi/lib/thumb/v7e-m+fp/hard/libm.a
LOAD /usr/lib/gcc/arm-none-eabi/13.2.1/thumb/v7e-m+fp/hard/libgcc.a

.comment        0x00000000       0x26
 .comment       0x00000000       0x26 /usr/lib/gcc/arm-none-eabi/13.2.1/thumb/v7e-m+fp/hard/crtbegin.o
                                 0x27 (size before relaxing)
 .comment       0x00000026       0x27 /home/pani_/LHRS/VCAT-Dashboard/firmware/build/main.o
 .comment       0x00000026       0x27 /home/pani_/LHRS/VCAT-Dashboard/firmware/build/stm32f4xx_hal.o
 .comment       0x00000026       0x27 /home/pani_/LHRS/VCAT-Dashboard/firmware/build/stm32f4xx_hal_adc.o
 .comment       0x00000026       0x27 /home/pani_/LHRS/VCAT-Dashboard/firmware/build/stm32f4xx_hal_adc_ex.o
 .comment       0x00000026       0x27 /home/pani_/LHRS/VCAT-Dashboard/firmware/build/stm32f4xx_hal_can.o
 .comment       0x00000026       0x27 /home/pani_/LHRS/VCAT-Dashboard/firmware/build/stm32f4xx_hal_dma.o
 .comment       0x00000026       0x27 /home/pani_/LHRS/VCAT-Dashboard/firmware/build/stm32f4xx_hal_tim.o
 .comment       0x00000026       0x27 /home/pani_/LHRS/VCAT-Dashboard/firmware/build/stm32f4xx_hal_tim_ex.o
 .comment       0x00000026       0x27 /home/pani_/LHRS/VCAT-Dashboard/firmware/build/stm32f4xx_hal_uart.o
 .comment       0x00000026       0x27 /home/pani_/LHRS/VCAT-Dashboard/firmware/build/system_stm32f4xx.o
 .comment       0x00000026       0x27 /home/pani_/LHRS/VCAT-Dashboard/firmware/build/stm32f4xx_hal_timebase_tim.o
 .comment       0x00000026       0x27 /home/pani_/LHRS/VCAT-Dashboard/firmware/build/list.o
 .comment       0x00000026       0x27 /home/pani_/LHRS/VCAT-Dashboard/firmware/build/queue.o
 .comment       0x00000026       0x27 /home/pani_/LHRS/VCAT-Dashboard/firmware/build/tasks.o
 .comment       0x00000026       0x27 /home/pani_/LHRS/VCAT-Dashboard/firmware/build/port.o
 .comment       0x00000026       0x27 /home/pani_/LHRS/VCAT-Dashboard/firmware/build/syscalls.o
 .comment       0x00000026       0x27 /home/pani_/LHRS/VCAT-Dashboard/firmware/build/sysmem.o
 .comment       0x00000026       0x27 /home/pani_/LHRS/VCAT-Dashboard/firmware/build/printf.o
 .comment       0x00000026       0x27 /home/pani_/LHRS/VCAT-Dashboard/firmware/build/ADC.o
 .comment       0x00000026       0x27 /home/pani_/LHRS/VCAT-Dashboard/firmware/build/CAN.o
 .comment       0x00000026       0x27 /home/pani_/LHRS/VCAT-Dashboard/firmware/build/UART.o
 .comment       0x00000026       0x27 /usr/lib/gcc/arm-none-eabi/13.2.1/../../../arm-none-eabi/lib/thumb/v7e-m+fp/hard/libc_nano.a(libc_a-init.o)
 .comment       0x00000026       0x27 /usr/lib/gcc/arm-none-eabi/13.2.1/../../../arm-none-eabi/lib/thumb/v7e-m+fp/hard/libc_nano.a(libc_a-puts.o)
 .comment       0x00000026       0x27 /usr/lib/gcc/arm-none-eabi/13.2.1/../../../arm-none-eabi/lib/thumb/v7e-m+fp/hard/libc_nano.a(libc_a-findfp.o)
 .comment       0x00000026       0x27 /usr/lib/gcc/arm-none-eabi/13.2.1/../../../arm-none-eabi/lib/thumb/v7e-m+fp/hard/libc_nano.a(libc_a-memset.o)
 .comment       0x00000026       0x27 /usr/lib/gcc/arm-none-eabi/13.2.1/../../../arm-none-eabi/lib/thumb/v7e-m+fp/hard/libc_nano.a(libc_a-fflush.o)
 .comment       0x00000026       0x27 /usr/lib/gcc/arm-none-eabi/13.2.1/../../../arm-none-eabi/lib/thumb/v7e-m+fp/hard/libc_nano.a(libc_a-errno.o)
 .comment       0x00000026       0x27 /usr/lib/gcc/arm-none-eabi/13.2.1/../../../arm-none-eabi/lib/thumb/v7e-m+fp/hard/libc_nano.a(libc_a-nano-vfprintf_float.o)
 .comment       0x00000026       0x27 /usr/lib/gcc/arm-none-eabi/13.2.1/../../../arm-none-eabi/lib/thumb/v7e-m+fp/hard/libc_nano.a(libc_a-mallocr.o)
 .comment       0x00000026       0x27 /usr/lib/gcc/arm-none-eabi/13.2.1/../../../arm-none-eabi/lib/thumb/v7e-m+fp/hard/libc_nano.a(libc_a-dtoa.o)
 .comment       0x00000026       0x27 /usr/lib/gcc/arm-none-eabi/13.2.1/../../../arm-none-eabi/lib/thumb/v7e-m+fp/hard/libc_nano.a(libc_a-freer.o)
 .comment       0x00000026       0x27 /usr/lib/gcc/arm-none-eabi/13.2.1/../../../arm-none-eabi/lib/thumb/v7e-m+fp/hard/libc_nano.a(libc_a-fwalk.o)
 .comment       0x00000026       0x27 /usr/lib/gcc/arm-none-eabi/13.2.1/../../../arm-none-eabi/lib/thumb/v7e-m+fp/hard/libc_nano.a(libc_a-wsetup.o)
 .comment       0x00000026       0x27 /usr/lib/gcc/arm-none-eabi/13.2.1/../../../arm-none-eabi/lib/thumb/v7e-m+fp/hard/libc_nano.a(libc_a-malloc.o)
 .comment       0x00000026       0x27 /usr/lib/gcc/arm-none-eabi/13.2.1/../../../arm-none-eabi/lib/thumb/v7e-m+fp/hard/libc_nano.a(libc_a-nano-vfprintf_i.o)
 .comment       0x00000026       0x27 /usr/lib/gcc/arm-none-eabi/13.2.1/../../../arm-none-eabi/lib/thumb/v7e-m+fp/hard/libc_nano.a(libc_a-mlock.o)
 .comment       0x00000026       0x27 /usr/lib/gcc/arm-none-eabi/13.2.1/../../../arm-none-eabi/lib/thumb/v7e-m+fp/hard/libc_nano.a(libc_a-makebuf.o)
 .comment       0x00000026       0x27 /usr/lib/gcc/arm-none-eabi/13.2.1/../../../arm-none-eabi/lib/thumb/v7e-m+fp/hard/libc_nano.a(libc_a-isattyr.o)
 .comment       0x00000026       0x27 /usr/lib/gcc/arm-none-eabi/13.2.1/../../../arm-none-eabi/lib/thumb/v7e-m+fp/hard/libc_nano.a(libc_a-wbuf.o)
 .comment       0x00000026       0x27 /usr/lib/gcc/arm-none-eabi/13.2.1/../../../arm-none-eabi/lib/thumb/v7e-m+fp/hard/libc_nano.a(libc_a-assert.o)
 .comment       0x00000026       0x27 /usr/lib/gcc/arm-none-eabi/13.2.1/../../../arm-none-eabi/lib/thumb/v7e-m+fp/hard/libc_nano.a(libc_a-mprec.o)
 .comment       0x00000026       0x27 /usr/lib/gcc/arm-none-eabi/13.2.1/../../../arm-none-eabi/lib/thumb/v7e-m+fp/hard/libc_nano.a(libc_a-sbrkr.o)
 .comment       0x00000026       0x27 /usr/lib/gcc/arm-none-eabi/13.2.1/../../../arm-none-eabi/lib/thumb/v7e-m+fp/hard/libc_nano.a(libc_a-stdio.o)
 .comment       0x00000026       0x27 /usr/lib/gcc/arm-none-eabi/13.2.1/../../../arm-none-eabi/lib/thumb/v7e-m+fp/hard/libc_nano.a(libc_a-impure.o)
 .comment       0x00000026       0x27 /usr/lib/gcc/arm-none-eabi/13.2.1/../../../arm-none-eabi/lib/thumb/v7e-m+fp/hard/libc_nano.a(libc_a-localeconv.o)
 .comment       0x00000026       0x27 /usr/lib/gcc/arm-none-eabi/13.2.1/../../../arm-none-eabi/lib/thumb/v7e-m+fp/hard/libc_nano.a(libc_a-abort.o)
 .comment       0x00000026       0x27 /usr/lib/gcc/arm-none-eabi/13.2.1/../../../arm-none-eabi/lib/thumb/v7e-m+fp/hard/libc_nano.a(libc_a-closer.o)
 .comment       0x00000026       0x27 /usr/lib/gcc/arm-none-eabi/13.2.1/../../../arm-none-eabi/lib/thumb/v7e-m+fp/hard/libc_nano.a(libc_a-callocr.o)
 .comment       0x00000026       0x27 /usr/lib/gcc/arm-none-eabi/13.2.1/../../../arm-none-eabi/lib/thumb/v7e-m+fp/hard/libc_nano.a(libc_a-locale.o)
 .comment       0x00000026       0x27 /usr/lib/gcc/arm-none-eabi/13.2.1/../../../arm-none-eabi/lib/thumb/v7e-m+fp/hard/libc_nano.a(libc_a-wctomb_r.o)
 .comment       0x00000026       0x27 /usr/lib/gcc/arm-none-eabi/13.2.1/../../../arm-none-eabi/lib/thumb/v7e-m+fp/hard/libc_nano.a(libc_a-readr.o)
 .comment       0x00000026       0x27 /usr/lib/gcc/arm-none-eabi/13.2.1/../../../arm-none-eabi/lib/thumb/v7e-m+fp/hard/libc_nano.a(libc_a-fprintf.o)
 .comment       0x00000026       0x27 /usr/lib/gcc/arm-none-eabi/13.2.1/../../../arm-none-eabi/lib/thumb/v7e-m+fp/hard/libc_nano.a(libc_a-reent.o)
 .comment       0x00000026       0x27 /usr/lib/gcc/arm-none-eabi/13.2.1/../../../arm-none-eabi/lib/thumb/v7e-m+fp/hard/libc_nano.a(libc_a-fstatr.o)
 .comment       0x00000026       0x27 /usr/lib/gcc/arm-none-eabi/13.2.1/../../../arm-none-eabi/lib/thumb/v7e-m+fp/hard/libc_nano.a(libc_a-lseekr.o)
 .comment       0x00000026       0x27 /usr/lib/gcc/arm-none-eabi/13.2.1/../../../arm-none-eabi/lib/thumb/v7e-m+fp/hard/libc_nano.a(libc_a-ctype_.o)
 .comment       0x00000026       0x27 /usr/lib/gcc/arm-none-eabi/13.2.1/../../../arm-none-eabi/lib/thumb/v7e-m+fp/hard/libc_nano.a(libc_a-writer.o)
 .comment       0x00000026       0x27 /usr/lib/gcc/arm-none-eabi/13.2.1/../../../arm-none-eabi/lib/thumb/v7e-m+fp/hard/libc_nano.a(libc_a-nano-vfprintf.o)
 .comment       0x00000026       0x27 /usr/lib/gcc/arm-none-eabi/13.2.1/../../../arm-none-eabi/lib/thumb/v7e-m+fp/hard/libc_nano.a(libc_a-fvwrite.o)
 .comment       0x00000026       0x27 /usr/lib/gcc/arm-none-eabi/13.2.1/../../../arm-none-eabi/lib/thumb/v7e-m+fp/hard/libc_nano.a(libc_a-mbtowc_r.o)
 .comment       0x00000026       0x27 /usr/lib/gcc/arm-none-eabi/13.2.1/../../../arm-none-eabi/lib/thumb/v7e-m+fp/hard/libc_nano.a(libc_a-signal.o)
 .comment       0x00000026       0x27 /usr/lib/gcc/arm-none-eabi/13.2.1/../../../arm-none-eabi/lib/thumb/v7e-m+fp/hard/libc_nano.a(libc_a-memmove.o)
 .comment       0x00000026       0x27 /usr/lib/gcc/arm-none-eabi/13.2.1/../../../arm-none-eabi/lib/thumb/v7e-m+fp/hard/libc_nano.a(libc_a-reallocr.o)
 .comment       0x00000026       0x27 /usr/lib/gcc/arm-none-eabi/13.2.1/../../../arm-none-eabi/lib/thumb/v7e-m+fp/hard/libc_nano.a(libc_a-msizer.o)
 .comment       0x00000026       0x27 /usr/lib/gcc/arm-none-eabi/13.2.1/../../../arm-none-eabi/lib/thumb/v7e-m+fp/hard/libc_nano.a(libc_a-signalr.o)
 .comment       0x00000026       0x27 /usr/lib/gcc/arm-none-eabi/13.2.1/thumb/v7e-m+fp/hard/crtend.o

.debug_info     0x00000000    0x36ed2
 .debug_info    0x00000000       0xf7 /home/pani_/LHRS/VCAT-Dashboard/firmware/build/main.o
 .debug_info    0x000000f7      0xb50 /home/pani_/LHRS/VCAT-Dashboard/firmware/build/stm32f4xx_hal.o
 .debug_info    0x00000c47     0x1021 /home/pani_/LHRS/VCAT-Dashboard/firmware/build/stm32f4xx_hal_adc.o
 .debug_info    0x00001c68      0xdcc /home/pani_/LHRS/VCAT-Dashboard/firmware/build/stm32f4xx_hal_adc_ex.o
 .debug_info    0x00002a34     0x13c1 /home/pani_/LHRS/VCAT-Dashboard/firmware/build/stm32f4xx_hal_can.o
 .debug_info    0x00003df5      0xbb6 /home/pani_/LHRS/VCAT-Dashboard/firmware/build/stm32f4xx_hal_dma.o
 .debug_info    0x000049ab     0x4188 /home/pani_/LHRS/VCAT-Dashboard/firmware/build/stm32f4xx_hal_tim.o
 .debug_info    0x00008b33     0x1d8d /home/pani_/LHRS/VCAT-Dashboard/firmware/build/stm32f4xx_hal_tim_ex.o
 .debug_info    0x0000a8c0     0x436d /home/pani_/LHRS/VCAT-Dashboard/firmware/build/stm32f4xx_hal_uart.o
 .debug_info    0x0000ec2d      0x5df /home/pani_/LHRS/VCAT-Dashboard/firmware/build/system_stm32f4xx.o
 .debug_info    0x0000f20c      0xea4 /home/pani_/LHRS/VCAT-Dashboard/firmware/build/stm32f4xx_hal_timebase_tim.o
 .debug_info    0x000100b0      0x2fe /home/pani_/LHRS/VCAT-Dashboard/firmware/build/list.o
 .debug_info    0x000103ae     0x27fb /home/pani_/LHRS/VCAT-Dashboard/firmware/build/queue.o
 .debug_info    0x00012ba9     0x34b0 /home/pani_/LHRS/VCAT-Dashboard/firmware/build/tasks.o
 .debug_info    0x00016059      0x657 /home/pani_/LHRS/VCAT-Dashboard/firmware/build/port.o
 .debug_info    0x000166b0      0x833 /home/pani_/LHRS/VCAT-Dashboard/firmware/build/syscalls.o
 .debug_info    0x00016ee3      0x174 /home/pani_/LHRS/VCAT-Dashboard/firmware/build/sysmem.o
 .debug_info    0x00017057      0x7e7 /home/pani_/LHRS/VCAT-Dashboard/firmware/build/printf.o
 .debug_info    0x0001783e     0x13c4 /home/pani_/LHRS/VCAT-Dashboard/firmware/build/ADC.o
 .debug_info    0x00018c02     0x1e17 /home/pani_/LHRS/VCAT-Dashboard/firmware/build/CAN.o
 .debug_info    0x0001aa19     0x20e9 /home/pani_/LHRS/VCAT-Dashboard/firmware/build/UART.o
 .debug_info    0x0001cb02       0x30 /home/pani_/LHRS/VCAT-Dashboard/firmware/build/startup_stm32f446xx.o
 .debug_info    0x0001cb32      0x10b /usr/lib/gcc/arm-none-eabi/13.2.1/../../../arm-none-eabi/lib/thumb/v7e-m+fp/hard/libc_nano.a(libc_a-init.o)
 .debug_info    0x0001cc3d      0x8f8 /usr/lib/gcc/arm-none-eabi/13.2.1/../../../arm-none-eabi/lib/thumb/v7e-m+fp/hard/libc_nano.a(libc_a-puts.o)
 .debug_info    0x0001d535      0xe8c /usr/lib/gcc/arm-none-eabi/13.2.1/../../../arm-none-eabi/lib/thumb/v7e-m+fp/hard/libc_nano.a(libc_a-findfp.o)
 .debug_info    0x0001e3c1      0x135 /usr/lib/gcc/arm-none-eabi/13.2.1/../../../arm-none-eabi/lib/thumb/v7e-m+fp/hard/libc_nano.a(libc_a-memset.o)
 .debug_info    0x0001e4f6      0xa33 /usr/lib/gcc/arm-none-eabi/13.2.1/../../../arm-none-eabi/lib/thumb/v7e-m+fp/hard/libc_nano.a(libc_a-fflush.o)
 .debug_info    0x0001ef29      0x6f1 /usr/lib/gcc/arm-none-eabi/13.2.1/../../../arm-none-eabi/lib/thumb/v7e-m+fp/hard/libc_nano.a(libc_a-errno.o)
 .debug_info    0x0001f61a     0x13f9 /usr/lib/gcc/arm-none-eabi/13.2.1/../../../arm-none-eabi/lib/thumb/v7e-m+fp/hard/libc_nano.a(libc_a-nano-vfprintf_float.o)
 .debug_info    0x00020a13      0x9b6 /usr/lib/gcc/arm-none-eabi/13.2.1/../../../arm-none-eabi/lib/thumb/v7e-m+fp/hard/libc_nano.a(libc_a-mallocr.o)
 .debug_info    0x000213c9     0x1952 /usr/lib/gcc/arm-none-eabi/13.2.1/../../../arm-none-eabi/lib/thumb/v7e-m+fp/hard/libc_nano.a(libc_a-dtoa.o)
 .debug_info    0x00022d1b      0x87f /usr/lib/gcc/arm-none-eabi/13.2.1/../../../arm-none-eabi/lib/thumb/v7e-m+fp/hard/libc_nano.a(libc_a-freer.o)
 .debug_info    0x0002359a      0x7c8 /usr/lib/gcc/arm-none-eabi/13.2.1/../../../arm-none-eabi/lib/thumb/v7e-m+fp/hard/libc_nano.a(libc_a-fwalk.o)
 .debug_info    0x00023d62      0x7b1 /usr/lib/gcc/arm-none-eabi/13.2.1/../../../arm-none-eabi/lib/thumb/v7e-m+fp/hard/libc_nano.a(libc_a-wsetup.o)
 .debug_info    0x00024513       0x33 /usr/lib/gcc/arm-none-eabi/13.2.1/../../../arm-none-eabi/lib/thumb/v7e-m+fp/hard/libc_nano.a(libc_a-memcpy.o)
 .debug_info    0x00024546      0x796 /usr/lib/gcc/arm-none-eabi/13.2.1/../../../arm-none-eabi/lib/thumb/v7e-m+fp/hard/libc_nano.a(libc_a-malloc.o)
 .debug_info    0x00024cdc      0xdd7 /usr/lib/gcc/arm-none-eabi/13.2.1/../../../arm-none-eabi/lib/thumb/v7e-m+fp/hard/libc_nano.a(libc_a-nano-vfprintf_i.o)
 .debug_info    0x00025ab3      0x71c /usr/lib/gcc/arm-none-eabi/13.2.1/../../../arm-none-eabi/lib/thumb/v7e-m+fp/hard/libc_nano.a(libc_a-mlock.o)
 .debug_info    0x000261cf      0xbe6 /usr/lib/gcc/arm-none-eabi/13.2.1/../../../arm-none-eabi/lib/thumb/v7e-m+fp/hard/libc_nano.a(libc_a-makebuf.o)
 .debug_info    0x00026db5      0x752 /usr/lib/gcc/arm-none-eabi/13.2.1/../../../arm-none-eabi/lib/thumb/v7e-m+fp/hard/libc_nano.a(libc_a-isattyr.o)
 .debug_info    0x00027507      0x863 /usr/lib/gcc/arm-none-eabi/13.2.1/../../../arm-none-eabi/lib/thumb/v7e-m+fp/hard/libc_nano.a(libc_a-wbuf.o)
 .debug_info    0x00027d6a      0x825 /usr/lib/gcc/arm-none-eabi/13.2.1/../../../arm-none-eabi/lib/thumb/v7e-m+fp/hard/libc_nano.a(libc_a-assert.o)
 .debug_info    0x0002858f     0x1f25 /usr/lib/gcc/arm-none-eabi/13.2.1/../../../arm-none-eabi/lib/thumb/v7e-m+fp/hard/libc_nano.a(libc_a-mprec.o)
 .debug_info    0x0002a4b4      0x778 /usr/lib/gcc/arm-none-eabi/13.2.1/../../../arm-none-eabi/lib/thumb/v7e-m+fp/hard/libc_nano.a(libc_a-sbrkr.o)
 .debug_info    0x0002ac2c      0xa80 /usr/lib/gcc/arm-none-eabi/13.2.1/../../../arm-none-eabi/lib/thumb/v7e-m+fp/hard/libc_nano.a(libc_a-stdio.o)
 .debug_info    0x0002b6ac      0x70b /usr/lib/gcc/arm-none-eabi/13.2.1/../../../arm-none-eabi/lib/thumb/v7e-m+fp/hard/libc_nano.a(libc_a-impure.o)
 .debug_info    0x0002bdb7      0xa0e /usr/lib/gcc/arm-none-eabi/13.2.1/../../../arm-none-eabi/lib/thumb/v7e-m+fp/hard/libc_nano.a(libc_a-localeconv.o)
 .debug_info    0x0002c7c5       0xd8 /usr/lib/gcc/arm-none-eabi/13.2.1/../../../arm-none-eabi/lib/thumb/v7e-m+fp/hard/libc_nano.a(libc_a-abort.o)