ARM GAS  /tmp/ccEh4ZOr.s 			page 1


   1              		.cpu cortex-m4
   2              		.arch armv7e-m
   3              		.fpu fpv4-sp-d16
   4              		.eabi_attribute 27, 1
   5              		.eabi_attribute 28, 1
   6              		.eabi_attribute 20, 1
   7              		.eabi_attribute 21, 1
   8              		.eabi_attribute 23, 3
   9              		.eabi_attribute 24, 1
  10              		.eabi_attribute 25, 1
  11              		.eabi_attribute 26, 1
  12              		.eabi_attribute 30, 1
  13              		.eabi_attribute 34, 1
  14              		.eabi_attribute 18, 4
  15              		.file	"stm32f4xx_hal_init.c"
  16              		.text
  17              	.Ltext0:
  18              		.cfi_sections	.debug_frame
  19              		.file 1 "stm/stm32f4xx/stm32f4xx_hal_init.c"
  20              		.section	.text.Error_Handler,"ax",%progbits
  21              		.align	1
  22              		.weak	Error_Handler
  23              		.syntax unified
  24              		.thumb
  25              		.thumb_func
  27              	Error_Handler:
  28              	.LFB239:
   1:stm/stm32f4xx/stm32f4xx_hal_init.c **** #include "stm32f4xx_hal.h"
   2:stm/stm32f4xx/stm32f4xx_hal_init.c **** 
   3:stm/stm32f4xx/stm32f4xx_hal_init.c **** /**
   4:stm/stm32f4xx/stm32f4xx_hal_init.c ****  * @brief This function is executed in case of error occurrence.
   5:stm/stm32f4xx/stm32f4xx_hal_init.c ****  *
   6:stm/stm32f4xx/stm32f4xx_hal_init.c ****  */
   7:stm/stm32f4xx/stm32f4xx_hal_init.c **** __weak void Error_Handler(void) {
  29              		.loc 1 7 33 view -0
  30              		.cfi_startproc
  31              		@ args = 0, pretend = 0, frame = 0
  32              		@ frame_needed = 0, uses_anonymous_args = 0
  33              		@ link register save eliminated.
   8:stm/stm32f4xx/stm32f4xx_hal_init.c ****   __disable_irq();
  34              		.loc 1 8 3 view .LVU1
  35              	.LBB4:
  36              	.LBI4:
  37              		.file 2 "stm/stm32f4xx/CMSIS/Include/cmsis_gcc.h"
   1:stm/stm32f4xx/CMSIS/Include/cmsis_gcc.h **** /**************************************************************************//**
   2:stm/stm32f4xx/CMSIS/Include/cmsis_gcc.h ****  * @file     cmsis_gcc.h
   3:stm/stm32f4xx/CMSIS/Include/cmsis_gcc.h ****  * @brief    CMSIS compiler GCC header file
   4:stm/stm32f4xx/CMSIS/Include/cmsis_gcc.h ****  * @version  V5.4.1
   5:stm/stm32f4xx/CMSIS/Include/cmsis_gcc.h ****  * @date     27. May 2021
   6:stm/stm32f4xx/CMSIS/Include/cmsis_gcc.h ****  ******************************************************************************/
   7:stm/stm32f4xx/CMSIS/Include/cmsis_gcc.h **** /*
   8:stm/stm32f4xx/CMSIS/Include/cmsis_gcc.h ****  * Copyright (c) 2009-2021 Arm Limited. All rights reserved.
   9:stm/stm32f4xx/CMSIS/Include/cmsis_gcc.h ****  *
  10:stm/stm32f4xx/CMSIS/Include/cmsis_gcc.h ****  * SPDX-License-Identifier: Apache-2.0
  11:stm/stm32f4xx/CMSIS/Include/cmsis_gcc.h ****  *
  12:stm/stm32f4xx/CMSIS/Include/cmsis_gcc.h ****  * Licensed under the Apache License, Version 2.0 (the License); you may
  13:stm/stm32f4xx/CMSIS/Include/cmsis_gcc.h ****  * not use this file except in compliance with the License.
ARM GAS  /tmp/ccEh4ZOr.s 			page 2


  14:stm/stm32f4xx/CMSIS/Include/cmsis_gcc.h ****  * You may obtain a copy of the License at
  15:stm/stm32f4xx/CMSIS/Include/cmsis_gcc.h ****  *
  16:stm/stm32f4xx/CMSIS/Include/cmsis_gcc.h ****  * www.apache.org/licenses/LICENSE-2.0
  17:stm/stm32f4xx/CMSIS/Include/cmsis_gcc.h ****  *
  18:stm/stm32f4xx/CMSIS/Include/cmsis_gcc.h ****  * Unless required by applicable law or agreed to in writing, software
  19:stm/stm32f4xx/CMSIS/Include/cmsis_gcc.h ****  * distributed under the License is distributed on an AS IS BASIS, WITHOUT
  20:stm/stm32f4xx/CMSIS/Include/cmsis_gcc.h ****  * WARRANTIES OR CONDITIONS OF ANY KIND, either express or implied.
  21:stm/stm32f4xx/CMSIS/Include/cmsis_gcc.h ****  * See the License for the specific language governing permissions and
  22:stm/stm32f4xx/CMSIS/Include/cmsis_gcc.h ****  * limitations under the License.
  23:stm/stm32f4xx/CMSIS/Include/cmsis_gcc.h ****  */
  24:stm/stm32f4xx/CMSIS/Include/cmsis_gcc.h **** 
  25:stm/stm32f4xx/CMSIS/Include/cmsis_gcc.h **** #ifndef __CMSIS_GCC_H
  26:stm/stm32f4xx/CMSIS/Include/cmsis_gcc.h **** #define __CMSIS_GCC_H
  27:stm/stm32f4xx/CMSIS/Include/cmsis_gcc.h **** 
  28:stm/stm32f4xx/CMSIS/Include/cmsis_gcc.h **** /* ignore some GCC warnings */
  29:stm/stm32f4xx/CMSIS/Include/cmsis_gcc.h **** #pragma GCC diagnostic push
  30:stm/stm32f4xx/CMSIS/Include/cmsis_gcc.h **** #pragma GCC diagnostic ignored "-Wsign-conversion"
  31:stm/stm32f4xx/CMSIS/Include/cmsis_gcc.h **** #pragma GCC diagnostic ignored "-Wconversion"
  32:stm/stm32f4xx/CMSIS/Include/cmsis_gcc.h **** #pragma GCC diagnostic ignored "-Wunused-parameter"
  33:stm/stm32f4xx/CMSIS/Include/cmsis_gcc.h **** 
  34:stm/stm32f4xx/CMSIS/Include/cmsis_gcc.h **** /* Fallback for __has_builtin */
  35:stm/stm32f4xx/CMSIS/Include/cmsis_gcc.h **** #ifndef __has_builtin
  36:stm/stm32f4xx/CMSIS/Include/cmsis_gcc.h ****   #define __has_builtin(x) (0)
  37:stm/stm32f4xx/CMSIS/Include/cmsis_gcc.h **** #endif
  38:stm/stm32f4xx/CMSIS/Include/cmsis_gcc.h **** 
  39:stm/stm32f4xx/CMSIS/Include/cmsis_gcc.h **** /* CMSIS compiler specific defines */
  40:stm/stm32f4xx/CMSIS/Include/cmsis_gcc.h **** #ifndef   __ASM
  41:stm/stm32f4xx/CMSIS/Include/cmsis_gcc.h ****   #define __ASM                                  __asm
  42:stm/stm32f4xx/CMSIS/Include/cmsis_gcc.h **** #endif
  43:stm/stm32f4xx/CMSIS/Include/cmsis_gcc.h **** #ifndef   __INLINE
  44:stm/stm32f4xx/CMSIS/Include/cmsis_gcc.h ****   #define __INLINE                               inline
  45:stm/stm32f4xx/CMSIS/Include/cmsis_gcc.h **** #endif
  46:stm/stm32f4xx/CMSIS/Include/cmsis_gcc.h **** #ifndef   __STATIC_INLINE
  47:stm/stm32f4xx/CMSIS/Include/cmsis_gcc.h ****   #define __STATIC_INLINE                        static inline
  48:stm/stm32f4xx/CMSIS/Include/cmsis_gcc.h **** #endif
  49:stm/stm32f4xx/CMSIS/Include/cmsis_gcc.h **** #ifndef   __STATIC_FORCEINLINE
  50:stm/stm32f4xx/CMSIS/Include/cmsis_gcc.h ****   #define __STATIC_FORCEINLINE                   __attribute__((always_inline)) static inline
  51:stm/stm32f4xx/CMSIS/Include/cmsis_gcc.h **** #endif
  52:stm/stm32f4xx/CMSIS/Include/cmsis_gcc.h **** #ifndef   __NO_RETURN
  53:stm/stm32f4xx/CMSIS/Include/cmsis_gcc.h ****   #define __NO_RETURN                            __attribute__((__noreturn__))
  54:stm/stm32f4xx/CMSIS/Include/cmsis_gcc.h **** #endif
  55:stm/stm32f4xx/CMSIS/Include/cmsis_gcc.h **** #ifndef   __USED
  56:stm/stm32f4xx/CMSIS/Include/cmsis_gcc.h ****   #define __USED                                 __attribute__((used))
  57:stm/stm32f4xx/CMSIS/Include/cmsis_gcc.h **** #endif
  58:stm/stm32f4xx/CMSIS/Include/cmsis_gcc.h **** #ifndef   __WEAK
  59:stm/stm32f4xx/CMSIS/Include/cmsis_gcc.h ****   #define __WEAK                                 __attribute__((weak))
  60:stm/stm32f4xx/CMSIS/Include/cmsis_gcc.h **** #endif
  61:stm/stm32f4xx/CMSIS/Include/cmsis_gcc.h **** #ifndef   __PACKED
  62:stm/stm32f4xx/CMSIS/Include/cmsis_gcc.h ****   #define __PACKED                               __attribute__((packed, aligned(1)))
  63:stm/stm32f4xx/CMSIS/Include/cmsis_gcc.h **** #endif
  64:stm/stm32f4xx/CMSIS/Include/cmsis_gcc.h **** #ifndef   __PACKED_STRUCT
  65:stm/stm32f4xx/CMSIS/Include/cmsis_gcc.h ****   #define __PACKED_STRUCT                        struct __attribute__((packed, aligned(1)))
  66:stm/stm32f4xx/CMSIS/Include/cmsis_gcc.h **** #endif
  67:stm/stm32f4xx/CMSIS/Include/cmsis_gcc.h **** #ifndef   __PACKED_UNION
  68:stm/stm32f4xx/CMSIS/Include/cmsis_gcc.h ****   #define __PACKED_UNION                         union __attribute__((packed, aligned(1)))
  69:stm/stm32f4xx/CMSIS/Include/cmsis_gcc.h **** #endif
  70:stm/stm32f4xx/CMSIS/Include/cmsis_gcc.h **** #ifndef   __UNALIGNED_UINT32        /* deprecated */
ARM GAS  /tmp/ccEh4ZOr.s 			page 3


  71:stm/stm32f4xx/CMSIS/Include/cmsis_gcc.h ****   #pragma GCC diagnostic push
  72:stm/stm32f4xx/CMSIS/Include/cmsis_gcc.h ****   #pragma GCC diagnostic ignored "-Wpacked"
  73:stm/stm32f4xx/CMSIS/Include/cmsis_gcc.h ****   #pragma GCC diagnostic ignored "-Wattributes"
  74:stm/stm32f4xx/CMSIS/Include/cmsis_gcc.h ****   struct __attribute__((packed)) T_UINT32 { uint32_t v; };
  75:stm/stm32f4xx/CMSIS/Include/cmsis_gcc.h ****   #pragma GCC diagnostic pop
  76:stm/stm32f4xx/CMSIS/Include/cmsis_gcc.h ****   #define __UNALIGNED_UINT32(x)                  (((struct T_UINT32 *)(x))->v)
  77:stm/stm32f4xx/CMSIS/Include/cmsis_gcc.h **** #endif
  78:stm/stm32f4xx/CMSIS/Include/cmsis_gcc.h **** #ifndef   __UNALIGNED_UINT16_WRITE
  79:stm/stm32f4xx/CMSIS/Include/cmsis_gcc.h ****   #pragma GCC diagnostic push
  80:stm/stm32f4xx/CMSIS/Include/cmsis_gcc.h ****   #pragma GCC diagnostic ignored "-Wpacked"
  81:stm/stm32f4xx/CMSIS/Include/cmsis_gcc.h ****   #pragma GCC diagnostic ignored "-Wattributes"
  82:stm/stm32f4xx/CMSIS/Include/cmsis_gcc.h ****   __PACKED_STRUCT T_UINT16_WRITE { uint16_t v; };
  83:stm/stm32f4xx/CMSIS/Include/cmsis_gcc.h ****   #pragma GCC diagnostic pop
  84:stm/stm32f4xx/CMSIS/Include/cmsis_gcc.h ****   #define __UNALIGNED_UINT16_WRITE(addr, val)    (void)((((struct T_UINT16_WRITE *)(void *)(addr))-
  85:stm/stm32f4xx/CMSIS/Include/cmsis_gcc.h **** #endif
  86:stm/stm32f4xx/CMSIS/Include/cmsis_gcc.h **** #ifndef   __UNALIGNED_UINT16_READ
  87:stm/stm32f4xx/CMSIS/Include/cmsis_gcc.h ****   #pragma GCC diagnostic push
  88:stm/stm32f4xx/CMSIS/Include/cmsis_gcc.h ****   #pragma GCC diagnostic ignored "-Wpacked"
  89:stm/stm32f4xx/CMSIS/Include/cmsis_gcc.h ****   #pragma GCC diagnostic ignored "-Wattributes"
  90:stm/stm32f4xx/CMSIS/Include/cmsis_gcc.h ****   __PACKED_STRUCT T_UINT16_READ { uint16_t v; };
  91:stm/stm32f4xx/CMSIS/Include/cmsis_gcc.h ****   #pragma GCC diagnostic pop
  92:stm/stm32f4xx/CMSIS/Include/cmsis_gcc.h ****   #define __UNALIGNED_UINT16_READ(addr)          (((const struct T_UINT16_READ *)(const void *)(add
  93:stm/stm32f4xx/CMSIS/Include/cmsis_gcc.h **** #endif
  94:stm/stm32f4xx/CMSIS/Include/cmsis_gcc.h **** #ifndef   __UNALIGNED_UINT32_WRITE
  95:stm/stm32f4xx/CMSIS/Include/cmsis_gcc.h ****   #pragma GCC diagnostic push
  96:stm/stm32f4xx/CMSIS/Include/cmsis_gcc.h ****   #pragma GCC diagnostic ignored "-Wpacked"
  97:stm/stm32f4xx/CMSIS/Include/cmsis_gcc.h ****   #pragma GCC diagnostic ignored "-Wattributes"
  98:stm/stm32f4xx/CMSIS/Include/cmsis_gcc.h ****   __PACKED_STRUCT T_UINT32_WRITE { uint32_t v; };
  99:stm/stm32f4xx/CMSIS/Include/cmsis_gcc.h ****   #pragma GCC diagnostic pop
 100:stm/stm32f4xx/CMSIS/Include/cmsis_gcc.h ****   #define __UNALIGNED_UINT32_WRITE(addr, val)    (void)((((struct T_UINT32_WRITE *)(void *)(addr))-
 101:stm/stm32f4xx/CMSIS/Include/cmsis_gcc.h **** #endif
 102:stm/stm32f4xx/CMSIS/Include/cmsis_gcc.h **** #ifndef   __UNALIGNED_UINT32_READ
 103:stm/stm32f4xx/CMSIS/Include/cmsis_gcc.h ****   #pragma GCC diagnostic push
 104:stm/stm32f4xx/CMSIS/Include/cmsis_gcc.h ****   #pragma GCC diagnostic ignored "-Wpacked"
 105:stm/stm32f4xx/CMSIS/Include/cmsis_gcc.h ****   #pragma GCC diagnostic ignored "-Wattributes"
 106:stm/stm32f4xx/CMSIS/Include/cmsis_gcc.h ****   __PACKED_STRUCT T_UINT32_READ { uint32_t v; };
 107:stm/stm32f4xx/CMSIS/Include/cmsis_gcc.h ****   #pragma GCC diagnostic pop
 108:stm/stm32f4xx/CMSIS/Include/cmsis_gcc.h ****   #define __UNALIGNED_UINT32_READ(addr)          (((const struct T_UINT32_READ *)(const void *)(add
 109:stm/stm32f4xx/CMSIS/Include/cmsis_gcc.h **** #endif
 110:stm/stm32f4xx/CMSIS/Include/cmsis_gcc.h **** #ifndef   __ALIGNED
 111:stm/stm32f4xx/CMSIS/Include/cmsis_gcc.h ****   #define __ALIGNED(x)                           __attribute__((aligned(x)))
 112:stm/stm32f4xx/CMSIS/Include/cmsis_gcc.h **** #endif
 113:stm/stm32f4xx/CMSIS/Include/cmsis_gcc.h **** #ifndef   __RESTRICT
 114:stm/stm32f4xx/CMSIS/Include/cmsis_gcc.h ****   #define __RESTRICT                             __restrict
 115:stm/stm32f4xx/CMSIS/Include/cmsis_gcc.h **** #endif
 116:stm/stm32f4xx/CMSIS/Include/cmsis_gcc.h **** #ifndef   __COMPILER_BARRIER
 117:stm/stm32f4xx/CMSIS/Include/cmsis_gcc.h ****   #define __COMPILER_BARRIER()                   __ASM volatile("":::"memory")
 118:stm/stm32f4xx/CMSIS/Include/cmsis_gcc.h **** #endif
 119:stm/stm32f4xx/CMSIS/Include/cmsis_gcc.h **** 
 120:stm/stm32f4xx/CMSIS/Include/cmsis_gcc.h **** /* #########################  Startup and Lowlevel Init  ######################## */
 121:stm/stm32f4xx/CMSIS/Include/cmsis_gcc.h **** 
 122:stm/stm32f4xx/CMSIS/Include/cmsis_gcc.h **** #ifndef __PROGRAM_START
 123:stm/stm32f4xx/CMSIS/Include/cmsis_gcc.h **** 
 124:stm/stm32f4xx/CMSIS/Include/cmsis_gcc.h **** /**
 125:stm/stm32f4xx/CMSIS/Include/cmsis_gcc.h ****   \brief   Initializes data and bss sections
 126:stm/stm32f4xx/CMSIS/Include/cmsis_gcc.h ****   \details This default implementations initialized all data and additional bss
 127:stm/stm32f4xx/CMSIS/Include/cmsis_gcc.h ****            sections relying on .copy.table and .zero.table specified properly
ARM GAS  /tmp/ccEh4ZOr.s 			page 4


 128:stm/stm32f4xx/CMSIS/Include/cmsis_gcc.h ****            in the used linker script.
 129:stm/stm32f4xx/CMSIS/Include/cmsis_gcc.h **** 
 130:stm/stm32f4xx/CMSIS/Include/cmsis_gcc.h ****  */
 131:stm/stm32f4xx/CMSIS/Include/cmsis_gcc.h **** __STATIC_FORCEINLINE __NO_RETURN void __cmsis_start(void)
 132:stm/stm32f4xx/CMSIS/Include/cmsis_gcc.h **** {
 133:stm/stm32f4xx/CMSIS/Include/cmsis_gcc.h ****   extern void _start(void) __NO_RETURN;
 134:stm/stm32f4xx/CMSIS/Include/cmsis_gcc.h **** 
 135:stm/stm32f4xx/CMSIS/Include/cmsis_gcc.h ****   typedef struct {
 136:stm/stm32f4xx/CMSIS/Include/cmsis_gcc.h ****     uint32_t const* src;
 137:stm/stm32f4xx/CMSIS/Include/cmsis_gcc.h ****     uint32_t* dest;
 138:stm/stm32f4xx/CMSIS/Include/cmsis_gcc.h ****     uint32_t  wlen;
 139:stm/stm32f4xx/CMSIS/Include/cmsis_gcc.h ****   } __copy_table_t;
 140:stm/stm32f4xx/CMSIS/Include/cmsis_gcc.h **** 
 141:stm/stm32f4xx/CMSIS/Include/cmsis_gcc.h ****   typedef struct {
 142:stm/stm32f4xx/CMSIS/Include/cmsis_gcc.h ****     uint32_t* dest;
 143:stm/stm32f4xx/CMSIS/Include/cmsis_gcc.h ****     uint32_t  wlen;
 144:stm/stm32f4xx/CMSIS/Include/cmsis_gcc.h ****   } __zero_table_t;
 145:stm/stm32f4xx/CMSIS/Include/cmsis_gcc.h **** 
 146:stm/stm32f4xx/CMSIS/Include/cmsis_gcc.h ****   extern const __copy_table_t __copy_table_start__;
 147:stm/stm32f4xx/CMSIS/Include/cmsis_gcc.h ****   extern const __copy_table_t __copy_table_end__;
 148:stm/stm32f4xx/CMSIS/Include/cmsis_gcc.h ****   extern const __zero_table_t __zero_table_start__;
 149:stm/stm32f4xx/CMSIS/Include/cmsis_gcc.h ****   extern const __zero_table_t __zero_table_end__;
 150:stm/stm32f4xx/CMSIS/Include/cmsis_gcc.h **** 
 151:stm/stm32f4xx/CMSIS/Include/cmsis_gcc.h ****   for (__copy_table_t const* pTable = &__copy_table_start__; pTable < &__copy_table_end__; ++pTable
 152:stm/stm32f4xx/CMSIS/Include/cmsis_gcc.h ****     for(uint32_t i=0u; i<pTable->wlen; ++i) {
 153:stm/stm32f4xx/CMSIS/Include/cmsis_gcc.h ****       pTable->dest[i] = pTable->src[i];
 154:stm/stm32f4xx/CMSIS/Include/cmsis_gcc.h ****     }
 155:stm/stm32f4xx/CMSIS/Include/cmsis_gcc.h ****   }
 156:stm/stm32f4xx/CMSIS/Include/cmsis_gcc.h **** 
 157:stm/stm32f4xx/CMSIS/Include/cmsis_gcc.h ****   for (__zero_table_t const* pTable = &__zero_table_start__; pTable < &__zero_table_end__; ++pTable
 158:stm/stm32f4xx/CMSIS/Include/cmsis_gcc.h ****     for(uint32_t i=0u; i<pTable->wlen; ++i) {
 159:stm/stm32f4xx/CMSIS/Include/cmsis_gcc.h ****       pTable->dest[i] = 0u;
 160:stm/stm32f4xx/CMSIS/Include/cmsis_gcc.h ****     }
 161:stm/stm32f4xx/CMSIS/Include/cmsis_gcc.h ****   }
 162:stm/stm32f4xx/CMSIS/Include/cmsis_gcc.h **** 
 163:stm/stm32f4xx/CMSIS/Include/cmsis_gcc.h ****   _start();
 164:stm/stm32f4xx/CMSIS/Include/cmsis_gcc.h **** }
 165:stm/stm32f4xx/CMSIS/Include/cmsis_gcc.h **** 
 166:stm/stm32f4xx/CMSIS/Include/cmsis_gcc.h **** #define __PROGRAM_START           __cmsis_start
 167:stm/stm32f4xx/CMSIS/Include/cmsis_gcc.h **** #endif
 168:stm/stm32f4xx/CMSIS/Include/cmsis_gcc.h **** 
 169:stm/stm32f4xx/CMSIS/Include/cmsis_gcc.h **** #ifndef __INITIAL_SP
 170:stm/stm32f4xx/CMSIS/Include/cmsis_gcc.h **** #define __INITIAL_SP              __StackTop
 171:stm/stm32f4xx/CMSIS/Include/cmsis_gcc.h **** #endif
 172:stm/stm32f4xx/CMSIS/Include/cmsis_gcc.h **** 
 173:stm/stm32f4xx/CMSIS/Include/cmsis_gcc.h **** #ifndef __STACK_LIMIT
 174:stm/stm32f4xx/CMSIS/Include/cmsis_gcc.h **** #define __STACK_LIMIT             __StackLimit
 175:stm/stm32f4xx/CMSIS/Include/cmsis_gcc.h **** #endif
 176:stm/stm32f4xx/CMSIS/Include/cmsis_gcc.h **** 
 177:stm/stm32f4xx/CMSIS/Include/cmsis_gcc.h **** #ifndef __VECTOR_TABLE
 178:stm/stm32f4xx/CMSIS/Include/cmsis_gcc.h **** #define __VECTOR_TABLE            __Vectors
 179:stm/stm32f4xx/CMSIS/Include/cmsis_gcc.h **** #endif
 180:stm/stm32f4xx/CMSIS/Include/cmsis_gcc.h **** 
 181:stm/stm32f4xx/CMSIS/Include/cmsis_gcc.h **** #ifndef __VECTOR_TABLE_ATTRIBUTE
 182:stm/stm32f4xx/CMSIS/Include/cmsis_gcc.h **** #define __VECTOR_TABLE_ATTRIBUTE  __attribute__((used, section(".vectors")))
 183:stm/stm32f4xx/CMSIS/Include/cmsis_gcc.h **** #endif
 184:stm/stm32f4xx/CMSIS/Include/cmsis_gcc.h **** 
ARM GAS  /tmp/ccEh4ZOr.s 			page 5


 185:stm/stm32f4xx/CMSIS/Include/cmsis_gcc.h **** #if defined (__ARM_FEATURE_CMSE) && (__ARM_FEATURE_CMSE == 3U)
 186:stm/stm32f4xx/CMSIS/Include/cmsis_gcc.h **** #ifndef __STACK_SEAL
 187:stm/stm32f4xx/CMSIS/Include/cmsis_gcc.h **** #define __STACK_SEAL              __StackSeal
 188:stm/stm32f4xx/CMSIS/Include/cmsis_gcc.h **** #endif
 189:stm/stm32f4xx/CMSIS/Include/cmsis_gcc.h **** 
 190:stm/stm32f4xx/CMSIS/Include/cmsis_gcc.h **** #ifndef __TZ_STACK_SEAL_SIZE
 191:stm/stm32f4xx/CMSIS/Include/cmsis_gcc.h **** #define __TZ_STACK_SEAL_SIZE      8U
 192:stm/stm32f4xx/CMSIS/Include/cmsis_gcc.h **** #endif
 193:stm/stm32f4xx/CMSIS/Include/cmsis_gcc.h **** 
 194:stm/stm32f4xx/CMSIS/Include/cmsis_gcc.h **** #ifndef __TZ_STACK_SEAL_VALUE
 195:stm/stm32f4xx/CMSIS/Include/cmsis_gcc.h **** #define __TZ_STACK_SEAL_VALUE     0xFEF5EDA5FEF5EDA5ULL
 196:stm/stm32f4xx/CMSIS/Include/cmsis_gcc.h **** #endif
 197:stm/stm32f4xx/CMSIS/Include/cmsis_gcc.h **** 
 198:stm/stm32f4xx/CMSIS/Include/cmsis_gcc.h **** 
 199:stm/stm32f4xx/CMSIS/Include/cmsis_gcc.h **** __STATIC_FORCEINLINE void __TZ_set_STACKSEAL_S (uint32_t* stackTop) {
 200:stm/stm32f4xx/CMSIS/Include/cmsis_gcc.h ****   *((uint64_t *)stackTop) = __TZ_STACK_SEAL_VALUE;
 201:stm/stm32f4xx/CMSIS/Include/cmsis_gcc.h **** }
 202:stm/stm32f4xx/CMSIS/Include/cmsis_gcc.h **** #endif
 203:stm/stm32f4xx/CMSIS/Include/cmsis_gcc.h **** 
 204:stm/stm32f4xx/CMSIS/Include/cmsis_gcc.h **** 
 205:stm/stm32f4xx/CMSIS/Include/cmsis_gcc.h **** /* ##########################  Core Instruction Access  ######################### */
 206:stm/stm32f4xx/CMSIS/Include/cmsis_gcc.h **** /** \defgroup CMSIS_Core_InstructionInterface CMSIS Core Instruction Interface
 207:stm/stm32f4xx/CMSIS/Include/cmsis_gcc.h ****   Access to dedicated instructions
 208:stm/stm32f4xx/CMSIS/Include/cmsis_gcc.h ****   @{
 209:stm/stm32f4xx/CMSIS/Include/cmsis_gcc.h **** */
 210:stm/stm32f4xx/CMSIS/Include/cmsis_gcc.h **** 
 211:stm/stm32f4xx/CMSIS/Include/cmsis_gcc.h **** /* Define macros for porting to both thumb1 and thumb2.
 212:stm/stm32f4xx/CMSIS/Include/cmsis_gcc.h ****  * For thumb1, use low register (r0-r7), specified by constraint "l"
 213:stm/stm32f4xx/CMSIS/Include/cmsis_gcc.h ****  * Otherwise, use general registers, specified by constraint "r" */
 214:stm/stm32f4xx/CMSIS/Include/cmsis_gcc.h **** #if defined (__thumb__) && !defined (__thumb2__)
 215:stm/stm32f4xx/CMSIS/Include/cmsis_gcc.h **** #define __CMSIS_GCC_OUT_REG(r) "=l" (r)
 216:stm/stm32f4xx/CMSIS/Include/cmsis_gcc.h **** #define __CMSIS_GCC_RW_REG(r) "+l" (r)
 217:stm/stm32f4xx/CMSIS/Include/cmsis_gcc.h **** #define __CMSIS_GCC_USE_REG(r) "l" (r)
 218:stm/stm32f4xx/CMSIS/Include/cmsis_gcc.h **** #else
 219:stm/stm32f4xx/CMSIS/Include/cmsis_gcc.h **** #define __CMSIS_GCC_OUT_REG(r) "=r" (r)
 220:stm/stm32f4xx/CMSIS/Include/cmsis_gcc.h **** #define __CMSIS_GCC_RW_REG(r) "+r" (r)
 221:stm/stm32f4xx/CMSIS/Include/cmsis_gcc.h **** #define __CMSIS_GCC_USE_REG(r) "r" (r)
 222:stm/stm32f4xx/CMSIS/Include/cmsis_gcc.h **** #endif
 223:stm/stm32f4xx/CMSIS/Include/cmsis_gcc.h **** 
 224:stm/stm32f4xx/CMSIS/Include/cmsis_gcc.h **** /**
 225:stm/stm32f4xx/CMSIS/Include/cmsis_gcc.h ****   \brief   No Operation
 226:stm/stm32f4xx/CMSIS/Include/cmsis_gcc.h ****   \details No Operation does nothing. This instruction can be used for code alignment purposes.
 227:stm/stm32f4xx/CMSIS/Include/cmsis_gcc.h ****  */
 228:stm/stm32f4xx/CMSIS/Include/cmsis_gcc.h **** #define __NOP()                             __ASM volatile ("nop")
 229:stm/stm32f4xx/CMSIS/Include/cmsis_gcc.h **** 
 230:stm/stm32f4xx/CMSIS/Include/cmsis_gcc.h **** /**
 231:stm/stm32f4xx/CMSIS/Include/cmsis_gcc.h ****   \brief   Wait For Interrupt
 232:stm/stm32f4xx/CMSIS/Include/cmsis_gcc.h ****   \details Wait For Interrupt is a hint instruction that suspends execution until one of a number o
 233:stm/stm32f4xx/CMSIS/Include/cmsis_gcc.h ****  */
 234:stm/stm32f4xx/CMSIS/Include/cmsis_gcc.h **** #define __WFI()                             __ASM volatile ("wfi":::"memory")
 235:stm/stm32f4xx/CMSIS/Include/cmsis_gcc.h **** 
 236:stm/stm32f4xx/CMSIS/Include/cmsis_gcc.h **** 
 237:stm/stm32f4xx/CMSIS/Include/cmsis_gcc.h **** /**
 238:stm/stm32f4xx/CMSIS/Include/cmsis_gcc.h ****   \brief   Wait For Event
 239:stm/stm32f4xx/CMSIS/Include/cmsis_gcc.h ****   \details Wait For Event is a hint instruction that permits the processor to enter
 240:stm/stm32f4xx/CMSIS/Include/cmsis_gcc.h ****            a low-power state until one of a number of events occurs.
 241:stm/stm32f4xx/CMSIS/Include/cmsis_gcc.h ****  */
ARM GAS  /tmp/ccEh4ZOr.s 			page 6


 242:stm/stm32f4xx/CMSIS/Include/cmsis_gcc.h **** #define __WFE()                             __ASM volatile ("wfe":::"memory")
 243:stm/stm32f4xx/CMSIS/Include/cmsis_gcc.h **** 
 244:stm/stm32f4xx/CMSIS/Include/cmsis_gcc.h **** 
 245:stm/stm32f4xx/CMSIS/Include/cmsis_gcc.h **** /**
 246:stm/stm32f4xx/CMSIS/Include/cmsis_gcc.h ****   \brief   Send Event
 247:stm/stm32f4xx/CMSIS/Include/cmsis_gcc.h ****   \details Send Event is a hint instruction. It causes an event to be signaled to the CPU.
 248:stm/stm32f4xx/CMSIS/Include/cmsis_gcc.h ****  */
 249:stm/stm32f4xx/CMSIS/Include/cmsis_gcc.h **** #define __SEV()                             __ASM volatile ("sev")
 250:stm/stm32f4xx/CMSIS/Include/cmsis_gcc.h **** 
 251:stm/stm32f4xx/CMSIS/Include/cmsis_gcc.h **** 
 252:stm/stm32f4xx/CMSIS/Include/cmsis_gcc.h **** /**
 253:stm/stm32f4xx/CMSIS/Include/cmsis_gcc.h ****   \brief   Instruction Synchronization Barrier
 254:stm/stm32f4xx/CMSIS/Include/cmsis_gcc.h ****   \details Instruction Synchronization Barrier flushes the pipeline in the processor,
 255:stm/stm32f4xx/CMSIS/Include/cmsis_gcc.h ****            so that all instructions following the ISB are fetched from cache or memory,
 256:stm/stm32f4xx/CMSIS/Include/cmsis_gcc.h ****            after the instruction has been completed.
 257:stm/stm32f4xx/CMSIS/Include/cmsis_gcc.h ****  */
 258:stm/stm32f4xx/CMSIS/Include/cmsis_gcc.h **** __STATIC_FORCEINLINE void __ISB(void)
 259:stm/stm32f4xx/CMSIS/Include/cmsis_gcc.h **** {
 260:stm/stm32f4xx/CMSIS/Include/cmsis_gcc.h ****   __ASM volatile ("isb 0xF":::"memory");
 261:stm/stm32f4xx/CMSIS/Include/cmsis_gcc.h **** }
 262:stm/stm32f4xx/CMSIS/Include/cmsis_gcc.h **** 
 263:stm/stm32f4xx/CMSIS/Include/cmsis_gcc.h **** 
 264:stm/stm32f4xx/CMSIS/Include/cmsis_gcc.h **** /**
 265:stm/stm32f4xx/CMSIS/Include/cmsis_gcc.h ****   \brief   Data Synchronization Barrier
 266:stm/stm32f4xx/CMSIS/Include/cmsis_gcc.h ****   \details Acts as a special kind of Data Memory Barrier.
 267:stm/stm32f4xx/CMSIS/Include/cmsis_gcc.h ****            It completes when all explicit memory accesses before this instruction complete.
 268:stm/stm32f4xx/CMSIS/Include/cmsis_gcc.h ****  */
 269:stm/stm32f4xx/CMSIS/Include/cmsis_gcc.h **** __STATIC_FORCEINLINE void __DSB(void)
 270:stm/stm32f4xx/CMSIS/Include/cmsis_gcc.h **** {
 271:stm/stm32f4xx/CMSIS/Include/cmsis_gcc.h ****   __ASM volatile ("dsb 0xF":::"memory");
 272:stm/stm32f4xx/CMSIS/Include/cmsis_gcc.h **** }
 273:stm/stm32f4xx/CMSIS/Include/cmsis_gcc.h **** 
 274:stm/stm32f4xx/CMSIS/Include/cmsis_gcc.h **** 
 275:stm/stm32f4xx/CMSIS/Include/cmsis_gcc.h **** /**
 276:stm/stm32f4xx/CMSIS/Include/cmsis_gcc.h ****   \brief   Data Memory Barrier
 277:stm/stm32f4xx/CMSIS/Include/cmsis_gcc.h ****   \details Ensures the apparent order of the explicit memory operations before
 278:stm/stm32f4xx/CMSIS/Include/cmsis_gcc.h ****            and after the instruction, without ensuring their completion.
 279:stm/stm32f4xx/CMSIS/Include/cmsis_gcc.h ****  */
 280:stm/stm32f4xx/CMSIS/Include/cmsis_gcc.h **** __STATIC_FORCEINLINE void __DMB(void)
 281:stm/stm32f4xx/CMSIS/Include/cmsis_gcc.h **** {
 282:stm/stm32f4xx/CMSIS/Include/cmsis_gcc.h ****   __ASM volatile ("dmb 0xF":::"memory");
 283:stm/stm32f4xx/CMSIS/Include/cmsis_gcc.h **** }
 284:stm/stm32f4xx/CMSIS/Include/cmsis_gcc.h **** 
 285:stm/stm32f4xx/CMSIS/Include/cmsis_gcc.h **** 
 286:stm/stm32f4xx/CMSIS/Include/cmsis_gcc.h **** /**
 287:stm/stm32f4xx/CMSIS/Include/cmsis_gcc.h ****   \brief   Reverse byte order (32 bit)
 288:stm/stm32f4xx/CMSIS/Include/cmsis_gcc.h ****   \details Reverses the byte order in unsigned integer value. For example, 0x12345678 becomes 0x785
 289:stm/stm32f4xx/CMSIS/Include/cmsis_gcc.h ****   \param [in]    value  Value to reverse
 290:stm/stm32f4xx/CMSIS/Include/cmsis_gcc.h ****   \return               Reversed value
 291:stm/stm32f4xx/CMSIS/Include/cmsis_gcc.h ****  */
 292:stm/stm32f4xx/CMSIS/Include/cmsis_gcc.h **** __STATIC_FORCEINLINE uint32_t __REV(uint32_t value)
 293:stm/stm32f4xx/CMSIS/Include/cmsis_gcc.h **** {
 294:stm/stm32f4xx/CMSIS/Include/cmsis_gcc.h **** #if (__GNUC__ > 4) || (__GNUC__ == 4 && __GNUC_MINOR__ >= 5)
 295:stm/stm32f4xx/CMSIS/Include/cmsis_gcc.h ****   return __builtin_bswap32(value);
 296:stm/stm32f4xx/CMSIS/Include/cmsis_gcc.h **** #else
 297:stm/stm32f4xx/CMSIS/Include/cmsis_gcc.h ****   uint32_t result;
 298:stm/stm32f4xx/CMSIS/Include/cmsis_gcc.h **** 
ARM GAS  /tmp/ccEh4ZOr.s 			page 7


 299:stm/stm32f4xx/CMSIS/Include/cmsis_gcc.h ****   __ASM ("rev %0, %1" : __CMSIS_GCC_OUT_REG (result) : __CMSIS_GCC_USE_REG (value) );
 300:stm/stm32f4xx/CMSIS/Include/cmsis_gcc.h ****   return result;
 301:stm/stm32f4xx/CMSIS/Include/cmsis_gcc.h **** #endif
 302:stm/stm32f4xx/CMSIS/Include/cmsis_gcc.h **** }
 303:stm/stm32f4xx/CMSIS/Include/cmsis_gcc.h **** 
 304:stm/stm32f4xx/CMSIS/Include/cmsis_gcc.h **** 
 305:stm/stm32f4xx/CMSIS/Include/cmsis_gcc.h **** /**
 306:stm/stm32f4xx/CMSIS/Include/cmsis_gcc.h ****   \brief   Reverse byte order (16 bit)
 307:stm/stm32f4xx/CMSIS/Include/cmsis_gcc.h ****   \details Reverses the byte order within each halfword of a word. For example, 0x12345678 becomes 
 308:stm/stm32f4xx/CMSIS/Include/cmsis_gcc.h ****   \param [in]    value  Value to reverse
 309:stm/stm32f4xx/CMSIS/Include/cmsis_gcc.h ****   \return               Reversed value
 310:stm/stm32f4xx/CMSIS/Include/cmsis_gcc.h ****  */
 311:stm/stm32f4xx/CMSIS/Include/cmsis_gcc.h **** __STATIC_FORCEINLINE uint32_t __REV16(uint32_t value)
 312:stm/stm32f4xx/CMSIS/Include/cmsis_gcc.h **** {
 313:stm/stm32f4xx/CMSIS/Include/cmsis_gcc.h ****   uint32_t result;
 314:stm/stm32f4xx/CMSIS/Include/cmsis_gcc.h **** 
 315:stm/stm32f4xx/CMSIS/Include/cmsis_gcc.h ****   __ASM ("rev16 %0, %1" : __CMSIS_GCC_OUT_REG (result) : __CMSIS_GCC_USE_REG (value) );
 316:stm/stm32f4xx/CMSIS/Include/cmsis_gcc.h ****   return result;
 317:stm/stm32f4xx/CMSIS/Include/cmsis_gcc.h **** }
 318:stm/stm32f4xx/CMSIS/Include/cmsis_gcc.h **** 
 319:stm/stm32f4xx/CMSIS/Include/cmsis_gcc.h **** 
 320:stm/stm32f4xx/CMSIS/Include/cmsis_gcc.h **** /**
 321:stm/stm32f4xx/CMSIS/Include/cmsis_gcc.h ****   \brief   Reverse byte order (16 bit)
 322:stm/stm32f4xx/CMSIS/Include/cmsis_gcc.h ****   \details Reverses the byte order in a 16-bit value and returns the signed 16-bit result. For exam
 323:stm/stm32f4xx/CMSIS/Include/cmsis_gcc.h ****   \param [in]    value  Value to reverse
 324:stm/stm32f4xx/CMSIS/Include/cmsis_gcc.h ****   \return               Reversed value
 325:stm/stm32f4xx/CMSIS/Include/cmsis_gcc.h ****  */
 326:stm/stm32f4xx/CMSIS/Include/cmsis_gcc.h **** __STATIC_FORCEINLINE int16_t __REVSH(int16_t value)
 327:stm/stm32f4xx/CMSIS/Include/cmsis_gcc.h **** {
 328:stm/stm32f4xx/CMSIS/Include/cmsis_gcc.h **** #if (__GNUC__ > 4) || (__GNUC__ == 4 && __GNUC_MINOR__ >= 8)
 329:stm/stm32f4xx/CMSIS/Include/cmsis_gcc.h ****   return (int16_t)__builtin_bswap16(value);
 330:stm/stm32f4xx/CMSIS/Include/cmsis_gcc.h **** #else
 331:stm/stm32f4xx/CMSIS/Include/cmsis_gcc.h ****   int16_t result;
 332:stm/stm32f4xx/CMSIS/Include/cmsis_gcc.h **** 
 333:stm/stm32f4xx/CMSIS/Include/cmsis_gcc.h ****   __ASM ("revsh %0, %1" : __CMSIS_GCC_OUT_REG (result) : __CMSIS_GCC_USE_REG (value) );
 334:stm/stm32f4xx/CMSIS/Include/cmsis_gcc.h ****   return result;
 335:stm/stm32f4xx/CMSIS/Include/cmsis_gcc.h **** #endif
 336:stm/stm32f4xx/CMSIS/Include/cmsis_gcc.h **** }
 337:stm/stm32f4xx/CMSIS/Include/cmsis_gcc.h **** 
 338:stm/stm32f4xx/CMSIS/Include/cmsis_gcc.h **** 
 339:stm/stm32f4xx/CMSIS/Include/cmsis_gcc.h **** /**
 340:stm/stm32f4xx/CMSIS/Include/cmsis_gcc.h ****   \brief   Rotate Right in unsigned value (32 bit)
 341:stm/stm32f4xx/CMSIS/Include/cmsis_gcc.h ****   \details Rotate Right (immediate) provides the value of the contents of a register rotated by a v
 342:stm/stm32f4xx/CMSIS/Include/cmsis_gcc.h ****   \param [in]    op1  Value to rotate
 343:stm/stm32f4xx/CMSIS/Include/cmsis_gcc.h ****   \param [in]    op2  Number of Bits to rotate
 344:stm/stm32f4xx/CMSIS/Include/cmsis_gcc.h ****   \return               Rotated value
 345:stm/stm32f4xx/CMSIS/Include/cmsis_gcc.h ****  */
 346:stm/stm32f4xx/CMSIS/Include/cmsis_gcc.h **** __STATIC_FORCEINLINE uint32_t __ROR(uint32_t op1, uint32_t op2)
 347:stm/stm32f4xx/CMSIS/Include/cmsis_gcc.h **** {
 348:stm/stm32f4xx/CMSIS/Include/cmsis_gcc.h ****   op2 %= 32U;
 349:stm/stm32f4xx/CMSIS/Include/cmsis_gcc.h ****   if (op2 == 0U)
 350:stm/stm32f4xx/CMSIS/Include/cmsis_gcc.h ****   {
 351:stm/stm32f4xx/CMSIS/Include/cmsis_gcc.h ****     return op1;
 352:stm/stm32f4xx/CMSIS/Include/cmsis_gcc.h ****   }
 353:stm/stm32f4xx/CMSIS/Include/cmsis_gcc.h ****   return (op1 >> op2) | (op1 << (32U - op2));
 354:stm/stm32f4xx/CMSIS/Include/cmsis_gcc.h **** }
 355:stm/stm32f4xx/CMSIS/Include/cmsis_gcc.h **** 
ARM GAS  /tmp/ccEh4ZOr.s 			page 8


 356:stm/stm32f4xx/CMSIS/Include/cmsis_gcc.h **** 
 357:stm/stm32f4xx/CMSIS/Include/cmsis_gcc.h **** /**
 358:stm/stm32f4xx/CMSIS/Include/cmsis_gcc.h ****   \brief   Breakpoint
 359:stm/stm32f4xx/CMSIS/Include/cmsis_gcc.h ****   \details Causes the processor to enter Debug state.
 360:stm/stm32f4xx/CMSIS/Include/cmsis_gcc.h ****            Debug tools can use this to investigate system state when the instruction at a particula
 361:stm/stm32f4xx/CMSIS/Include/cmsis_gcc.h ****   \param [in]    value  is ignored by the processor.
 362:stm/stm32f4xx/CMSIS/Include/cmsis_gcc.h ****                  If required, a debugger can use it to store additional information about the break
 363:stm/stm32f4xx/CMSIS/Include/cmsis_gcc.h ****  */
 364:stm/stm32f4xx/CMSIS/Include/cmsis_gcc.h **** #define __BKPT(value)                       __ASM volatile ("bkpt "#value)
 365:stm/stm32f4xx/CMSIS/Include/cmsis_gcc.h **** 
 366:stm/stm32f4xx/CMSIS/Include/cmsis_gcc.h **** 
 367:stm/stm32f4xx/CMSIS/Include/cmsis_gcc.h **** /**
 368:stm/stm32f4xx/CMSIS/Include/cmsis_gcc.h ****   \brief   Reverse bit order of value
 369:stm/stm32f4xx/CMSIS/Include/cmsis_gcc.h ****   \details Reverses the bit order of the given value.
 370:stm/stm32f4xx/CMSIS/Include/cmsis_gcc.h ****   \param [in]    value  Value to reverse
 371:stm/stm32f4xx/CMSIS/Include/cmsis_gcc.h ****   \return               Reversed value
 372:stm/stm32f4xx/CMSIS/Include/cmsis_gcc.h ****  */
 373:stm/stm32f4xx/CMSIS/Include/cmsis_gcc.h **** __STATIC_FORCEINLINE uint32_t __RBIT(uint32_t value)
 374:stm/stm32f4xx/CMSIS/Include/cmsis_gcc.h **** {
 375:stm/stm32f4xx/CMSIS/Include/cmsis_gcc.h ****   uint32_t result;
 376:stm/stm32f4xx/CMSIS/Include/cmsis_gcc.h **** 
 377:stm/stm32f4xx/CMSIS/Include/cmsis_gcc.h **** #if ((defined (__ARM_ARCH_7M__      ) && (__ARM_ARCH_7M__      == 1)) || \
 378:stm/stm32f4xx/CMSIS/Include/cmsis_gcc.h ****      (defined (__ARM_ARCH_7EM__     ) && (__ARM_ARCH_7EM__     == 1)) || \
 379:stm/stm32f4xx/CMSIS/Include/cmsis_gcc.h ****      (defined (__ARM_ARCH_8M_MAIN__ ) && (__ARM_ARCH_8M_MAIN__ == 1))    )
 380:stm/stm32f4xx/CMSIS/Include/cmsis_gcc.h ****    __ASM ("rbit %0, %1" : "=r" (result) : "r" (value) );
 381:stm/stm32f4xx/CMSIS/Include/cmsis_gcc.h **** #else
 382:stm/stm32f4xx/CMSIS/Include/cmsis_gcc.h ****   uint32_t s = (4U /*sizeof(v)*/ * 8U) - 1U; /* extra shift needed at end */
 383:stm/stm32f4xx/CMSIS/Include/cmsis_gcc.h **** 
 384:stm/stm32f4xx/CMSIS/Include/cmsis_gcc.h ****   result = value;                      /* r will be reversed bits of v; first get LSB of v */
 385:stm/stm32f4xx/CMSIS/Include/cmsis_gcc.h ****   for (value >>= 1U; value != 0U; value >>= 1U)
 386:stm/stm32f4xx/CMSIS/Include/cmsis_gcc.h ****   {
 387:stm/stm32f4xx/CMSIS/Include/cmsis_gcc.h ****     result <<= 1U;
 388:stm/stm32f4xx/CMSIS/Include/cmsis_gcc.h ****     result |= value & 1U;
 389:stm/stm32f4xx/CMSIS/Include/cmsis_gcc.h ****     s--;
 390:stm/stm32f4xx/CMSIS/Include/cmsis_gcc.h ****   }
 391:stm/stm32f4xx/CMSIS/Include/cmsis_gcc.h ****   result <<= s;                        /* shift when v's highest bits are zero */
 392:stm/stm32f4xx/CMSIS/Include/cmsis_gcc.h **** #endif
 393:stm/stm32f4xx/CMSIS/Include/cmsis_gcc.h ****   return result;
 394:stm/stm32f4xx/CMSIS/Include/cmsis_gcc.h **** }
 395:stm/stm32f4xx/CMSIS/Include/cmsis_gcc.h **** 
 396:stm/stm32f4xx/CMSIS/Include/cmsis_gcc.h **** 
 397:stm/stm32f4xx/CMSIS/Include/cmsis_gcc.h **** /**
 398:stm/stm32f4xx/CMSIS/Include/cmsis_gcc.h ****   \brief   Count leading zeros
 399:stm/stm32f4xx/CMSIS/Include/cmsis_gcc.h ****   \details Counts the number of leading zeros of a data value.
 400:stm/stm32f4xx/CMSIS/Include/cmsis_gcc.h ****   \param [in]  value  Value to count the leading zeros
 401:stm/stm32f4xx/CMSIS/Include/cmsis_gcc.h ****   \return             number of leading zeros in value
 402:stm/stm32f4xx/CMSIS/Include/cmsis_gcc.h ****  */
 403:stm/stm32f4xx/CMSIS/Include/cmsis_gcc.h **** __STATIC_FORCEINLINE uint8_t __CLZ(uint32_t value)
 404:stm/stm32f4xx/CMSIS/Include/cmsis_gcc.h **** {
 405:stm/stm32f4xx/CMSIS/Include/cmsis_gcc.h ****   /* Even though __builtin_clz produces a CLZ instruction on ARM, formally
 406:stm/stm32f4xx/CMSIS/Include/cmsis_gcc.h ****      __builtin_clz(0) is undefined behaviour, so handle this case specially.
 407:stm/stm32f4xx/CMSIS/Include/cmsis_gcc.h ****      This guarantees ARM-compatible results if happening to compile on a non-ARM
 408:stm/stm32f4xx/CMSIS/Include/cmsis_gcc.h ****      target, and ensures the compiler doesn't decide to activate any
 409:stm/stm32f4xx/CMSIS/Include/cmsis_gcc.h ****      optimisations using the logic "value was passed to __builtin_clz, so it
 410:stm/stm32f4xx/CMSIS/Include/cmsis_gcc.h ****      is non-zero".
 411:stm/stm32f4xx/CMSIS/Include/cmsis_gcc.h ****      ARM GCC 7.3 and possibly earlier will optimise this test away, leaving a
 412:stm/stm32f4xx/CMSIS/Include/cmsis_gcc.h ****      single CLZ instruction.
ARM GAS  /tmp/ccEh4ZOr.s 			page 9


 413:stm/stm32f4xx/CMSIS/Include/cmsis_gcc.h ****    */
 414:stm/stm32f4xx/CMSIS/Include/cmsis_gcc.h ****   if (value == 0U)
 415:stm/stm32f4xx/CMSIS/Include/cmsis_gcc.h ****   {
 416:stm/stm32f4xx/CMSIS/Include/cmsis_gcc.h ****     return 32U;
 417:stm/stm32f4xx/CMSIS/Include/cmsis_gcc.h ****   }
 418:stm/stm32f4xx/CMSIS/Include/cmsis_gcc.h ****   return __builtin_clz(value);
 419:stm/stm32f4xx/CMSIS/Include/cmsis_gcc.h **** }
 420:stm/stm32f4xx/CMSIS/Include/cmsis_gcc.h **** 
 421:stm/stm32f4xx/CMSIS/Include/cmsis_gcc.h **** 
 422:stm/stm32f4xx/CMSIS/Include/cmsis_gcc.h **** #if ((defined (__ARM_ARCH_7M__      ) && (__ARM_ARCH_7M__      == 1)) || \
 423:stm/stm32f4xx/CMSIS/Include/cmsis_gcc.h ****      (defined (__ARM_ARCH_7EM__     ) && (__ARM_ARCH_7EM__     == 1)) || \
 424:stm/stm32f4xx/CMSIS/Include/cmsis_gcc.h ****      (defined (__ARM_ARCH_8M_MAIN__ ) && (__ARM_ARCH_8M_MAIN__ == 1)) || \
 425:stm/stm32f4xx/CMSIS/Include/cmsis_gcc.h ****      (defined (__ARM_ARCH_8M_BASE__ ) && (__ARM_ARCH_8M_BASE__ == 1))    )
 426:stm/stm32f4xx/CMSIS/Include/cmsis_gcc.h **** /**
 427:stm/stm32f4xx/CMSIS/Include/cmsis_gcc.h ****   \brief   LDR Exclusive (8 bit)
 428:stm/stm32f4xx/CMSIS/Include/cmsis_gcc.h ****   \details Executes a exclusive LDR instruction for 8 bit value.
 429:stm/stm32f4xx/CMSIS/Include/cmsis_gcc.h ****   \param [in]    ptr  Pointer to data
 430:stm/stm32f4xx/CMSIS/Include/cmsis_gcc.h ****   \return             value of type uint8_t at (*ptr)
 431:stm/stm32f4xx/CMSIS/Include/cmsis_gcc.h ****  */
 432:stm/stm32f4xx/CMSIS/Include/cmsis_gcc.h **** __STATIC_FORCEINLINE uint8_t __LDREXB(volatile uint8_t *addr)
 433:stm/stm32f4xx/CMSIS/Include/cmsis_gcc.h **** {
 434:stm/stm32f4xx/CMSIS/Include/cmsis_gcc.h ****     uint32_t result;
 435:stm/stm32f4xx/CMSIS/Include/cmsis_gcc.h **** 
 436:stm/stm32f4xx/CMSIS/Include/cmsis_gcc.h **** #if (__GNUC__ > 4) || (__GNUC__ == 4 && __GNUC_MINOR__ >= 8)
 437:stm/stm32f4xx/CMSIS/Include/cmsis_gcc.h ****    __ASM volatile ("ldrexb %0, %1" : "=r" (result) : "Q" (*addr) );
 438:stm/stm32f4xx/CMSIS/Include/cmsis_gcc.h **** #else
 439:stm/stm32f4xx/CMSIS/Include/cmsis_gcc.h ****     /* Prior to GCC 4.8, "Q" will be expanded to [rx, #0] which is not
 440:stm/stm32f4xx/CMSIS/Include/cmsis_gcc.h ****        accepted by assembler. So has to use following less efficient pattern.
 441:stm/stm32f4xx/CMSIS/Include/cmsis_gcc.h ****     */
 442:stm/stm32f4xx/CMSIS/Include/cmsis_gcc.h ****    __ASM volatile ("ldrexb %0, [%1]" : "=r" (result) : "r" (addr) : "memory" );
 443:stm/stm32f4xx/CMSIS/Include/cmsis_gcc.h **** #endif
 444:stm/stm32f4xx/CMSIS/Include/cmsis_gcc.h ****    return ((uint8_t) result);    /* Add explicit type cast here */
 445:stm/stm32f4xx/CMSIS/Include/cmsis_gcc.h **** }
 446:stm/stm32f4xx/CMSIS/Include/cmsis_gcc.h **** 
 447:stm/stm32f4xx/CMSIS/Include/cmsis_gcc.h **** 
 448:stm/stm32f4xx/CMSIS/Include/cmsis_gcc.h **** /**
 449:stm/stm32f4xx/CMSIS/Include/cmsis_gcc.h ****   \brief   LDR Exclusive (16 bit)
 450:stm/stm32f4xx/CMSIS/Include/cmsis_gcc.h ****   \details Executes a exclusive LDR instruction for 16 bit values.
 451:stm/stm32f4xx/CMSIS/Include/cmsis_gcc.h ****   \param [in]    ptr  Pointer to data
 452:stm/stm32f4xx/CMSIS/Include/cmsis_gcc.h ****   \return        value of type uint16_t at (*ptr)
 453:stm/stm32f4xx/CMSIS/Include/cmsis_gcc.h ****  */
 454:stm/stm32f4xx/CMSIS/Include/cmsis_gcc.h **** __STATIC_FORCEINLINE uint16_t __LDREXH(volatile uint16_t *addr)
 455:stm/stm32f4xx/CMSIS/Include/cmsis_gcc.h **** {
 456:stm/stm32f4xx/CMSIS/Include/cmsis_gcc.h ****     uint32_t result;
 457:stm/stm32f4xx/CMSIS/Include/cmsis_gcc.h **** 
 458:stm/stm32f4xx/CMSIS/Include/cmsis_gcc.h **** #if (__GNUC__ > 4) || (__GNUC__ == 4 && __GNUC_MINOR__ >= 8)
 459:stm/stm32f4xx/CMSIS/Include/cmsis_gcc.h ****    __ASM volatile ("ldrexh %0, %1" : "=r" (result) : "Q" (*addr) );
 460:stm/stm32f4xx/CMSIS/Include/cmsis_gcc.h **** #else
 461:stm/stm32f4xx/CMSIS/Include/cmsis_gcc.h ****     /* Prior to GCC 4.8, "Q" will be expanded to [rx, #0] which is not
 462:stm/stm32f4xx/CMSIS/Include/cmsis_gcc.h ****        accepted by assembler. So has to use following less efficient pattern.
 463:stm/stm32f4xx/CMSIS/Include/cmsis_gcc.h ****     */
 464:stm/stm32f4xx/CMSIS/Include/cmsis_gcc.h ****    __ASM volatile ("ldrexh %0, [%1]" : "=r" (result) : "r" (addr) : "memory" );
 465:stm/stm32f4xx/CMSIS/Include/cmsis_gcc.h **** #endif
 466:stm/stm32f4xx/CMSIS/Include/cmsis_gcc.h ****    return ((uint16_t) result);    /* Add explicit type cast here */
 467:stm/stm32f4xx/CMSIS/Include/cmsis_gcc.h **** }
 468:stm/stm32f4xx/CMSIS/Include/cmsis_gcc.h **** 
 469:stm/stm32f4xx/CMSIS/Include/cmsis_gcc.h **** 
ARM GAS  /tmp/ccEh4ZOr.s 			page 10


 470:stm/stm32f4xx/CMSIS/Include/cmsis_gcc.h **** /**
 471:stm/stm32f4xx/CMSIS/Include/cmsis_gcc.h ****   \brief   LDR Exclusive (32 bit)
 472:stm/stm32f4xx/CMSIS/Include/cmsis_gcc.h ****   \details Executes a exclusive LDR instruction for 32 bit values.
 473:stm/stm32f4xx/CMSIS/Include/cmsis_gcc.h ****   \param [in]    ptr  Pointer to data
 474:stm/stm32f4xx/CMSIS/Include/cmsis_gcc.h ****   \return        value of type uint32_t at (*ptr)
 475:stm/stm32f4xx/CMSIS/Include/cmsis_gcc.h ****  */
 476:stm/stm32f4xx/CMSIS/Include/cmsis_gcc.h **** __STATIC_FORCEINLINE uint32_t __LDREXW(volatile uint32_t *addr)
 477:stm/stm32f4xx/CMSIS/Include/cmsis_gcc.h **** {
 478:stm/stm32f4xx/CMSIS/Include/cmsis_gcc.h ****     uint32_t result;
 479:stm/stm32f4xx/CMSIS/Include/cmsis_gcc.h **** 
 480:stm/stm32f4xx/CMSIS/Include/cmsis_gcc.h ****    __ASM volatile ("ldrex %0, %1" : "=r" (result) : "Q" (*addr) );
 481:stm/stm32f4xx/CMSIS/Include/cmsis_gcc.h ****    return(result);
 482:stm/stm32f4xx/CMSIS/Include/cmsis_gcc.h **** }
 483:stm/stm32f4xx/CMSIS/Include/cmsis_gcc.h **** 
 484:stm/stm32f4xx/CMSIS/Include/cmsis_gcc.h **** 
 485:stm/stm32f4xx/CMSIS/Include/cmsis_gcc.h **** /**
 486:stm/stm32f4xx/CMSIS/Include/cmsis_gcc.h ****   \brief   STR Exclusive (8 bit)
 487:stm/stm32f4xx/CMSIS/Include/cmsis_gcc.h ****   \details Executes a exclusive STR instruction for 8 bit values.
 488:stm/stm32f4xx/CMSIS/Include/cmsis_gcc.h ****   \param [in]  value  Value to store
 489:stm/stm32f4xx/CMSIS/Include/cmsis_gcc.h ****   \param [in]    ptr  Pointer to location
 490:stm/stm32f4xx/CMSIS/Include/cmsis_gcc.h ****   \return          0  Function succeeded
 491:stm/stm32f4xx/CMSIS/Include/cmsis_gcc.h ****   \return          1  Function failed
 492:stm/stm32f4xx/CMSIS/Include/cmsis_gcc.h ****  */
 493:stm/stm32f4xx/CMSIS/Include/cmsis_gcc.h **** __STATIC_FORCEINLINE uint32_t __STREXB(uint8_t value, volatile uint8_t *addr)
 494:stm/stm32f4xx/CMSIS/Include/cmsis_gcc.h **** {
 495:stm/stm32f4xx/CMSIS/Include/cmsis_gcc.h ****    uint32_t result;
 496:stm/stm32f4xx/CMSIS/Include/cmsis_gcc.h **** 
 497:stm/stm32f4xx/CMSIS/Include/cmsis_gcc.h ****    __ASM volatile ("strexb %0, %2, %1" : "=&r" (result), "=Q" (*addr) : "r" ((uint32_t)value) );
 498:stm/stm32f4xx/CMSIS/Include/cmsis_gcc.h ****    return(result);
 499:stm/stm32f4xx/CMSIS/Include/cmsis_gcc.h **** }
 500:stm/stm32f4xx/CMSIS/Include/cmsis_gcc.h **** 
 501:stm/stm32f4xx/CMSIS/Include/cmsis_gcc.h **** 
 502:stm/stm32f4xx/CMSIS/Include/cmsis_gcc.h **** /**
 503:stm/stm32f4xx/CMSIS/Include/cmsis_gcc.h ****   \brief   STR Exclusive (16 bit)
 504:stm/stm32f4xx/CMSIS/Include/cmsis_gcc.h ****   \details Executes a exclusive STR instruction for 16 bit values.
 505:stm/stm32f4xx/CMSIS/Include/cmsis_gcc.h ****   \param [in]  value  Value to store
 506:stm/stm32f4xx/CMSIS/Include/cmsis_gcc.h ****   \param [in]    ptr  Pointer to location
 507:stm/stm32f4xx/CMSIS/Include/cmsis_gcc.h ****   \return          0  Function succeeded
 508:stm/stm32f4xx/CMSIS/Include/cmsis_gcc.h ****   \return          1  Function failed
 509:stm/stm32f4xx/CMSIS/Include/cmsis_gcc.h ****  */
 510:stm/stm32f4xx/CMSIS/Include/cmsis_gcc.h **** __STATIC_FORCEINLINE uint32_t __STREXH(uint16_t value, volatile uint16_t *addr)
 511:stm/stm32f4xx/CMSIS/Include/cmsis_gcc.h **** {
 512:stm/stm32f4xx/CMSIS/Include/cmsis_gcc.h ****    uint32_t result;
 513:stm/stm32f4xx/CMSIS/Include/cmsis_gcc.h **** 
 514:stm/stm32f4xx/CMSIS/Include/cmsis_gcc.h ****    __ASM volatile ("strexh %0, %2, %1" : "=&r" (result), "=Q" (*addr) : "r" ((uint32_t)value) );
 515:stm/stm32f4xx/CMSIS/Include/cmsis_gcc.h ****    return(result);
 516:stm/stm32f4xx/CMSIS/Include/cmsis_gcc.h **** }
 517:stm/stm32f4xx/CMSIS/Include/cmsis_gcc.h **** 
 518:stm/stm32f4xx/CMSIS/Include/cmsis_gcc.h **** 
 519:stm/stm32f4xx/CMSIS/Include/cmsis_gcc.h **** /**
 520:stm/stm32f4xx/CMSIS/Include/cmsis_gcc.h ****   \brief   STR Exclusive (32 bit)
 521:stm/stm32f4xx/CMSIS/Include/cmsis_gcc.h ****   \details Executes a exclusive STR instruction for 32 bit values.
 522:stm/stm32f4xx/CMSIS/Include/cmsis_gcc.h ****   \param [in]  value  Value to store
 523:stm/stm32f4xx/CMSIS/Include/cmsis_gcc.h ****   \param [in]    ptr  Pointer to location
 524:stm/stm32f4xx/CMSIS/Include/cmsis_gcc.h ****   \return          0  Function succeeded
 525:stm/stm32f4xx/CMSIS/Include/cmsis_gcc.h ****   \return          1  Function failed
 526:stm/stm32f4xx/CMSIS/Include/cmsis_gcc.h ****  */
ARM GAS  /tmp/ccEh4ZOr.s 			page 11


 527:stm/stm32f4xx/CMSIS/Include/cmsis_gcc.h **** __STATIC_FORCEINLINE uint32_t __STREXW(uint32_t value, volatile uint32_t *addr)
 528:stm/stm32f4xx/CMSIS/Include/cmsis_gcc.h **** {
 529:stm/stm32f4xx/CMSIS/Include/cmsis_gcc.h ****    uint32_t result;
 530:stm/stm32f4xx/CMSIS/Include/cmsis_gcc.h **** 
 531:stm/stm32f4xx/CMSIS/Include/cmsis_gcc.h ****    __ASM volatile ("strex %0, %2, %1" : "=&r" (result), "=Q" (*addr) : "r" (value) );
 532:stm/stm32f4xx/CMSIS/Include/cmsis_gcc.h ****    return(result);
 533:stm/stm32f4xx/CMSIS/Include/cmsis_gcc.h **** }
 534:stm/stm32f4xx/CMSIS/Include/cmsis_gcc.h **** 
 535:stm/stm32f4xx/CMSIS/Include/cmsis_gcc.h **** 
 536:stm/stm32f4xx/CMSIS/Include/cmsis_gcc.h **** /**
 537:stm/stm32f4xx/CMSIS/Include/cmsis_gcc.h ****   \brief   Remove the exclusive lock
 538:stm/stm32f4xx/CMSIS/Include/cmsis_gcc.h ****   \details Removes the exclusive lock which is created by LDREX.
 539:stm/stm32f4xx/CMSIS/Include/cmsis_gcc.h ****  */
 540:stm/stm32f4xx/CMSIS/Include/cmsis_gcc.h **** __STATIC_FORCEINLINE void __CLREX(void)
 541:stm/stm32f4xx/CMSIS/Include/cmsis_gcc.h **** {
 542:stm/stm32f4xx/CMSIS/Include/cmsis_gcc.h ****   __ASM volatile ("clrex" ::: "memory");
 543:stm/stm32f4xx/CMSIS/Include/cmsis_gcc.h **** }
 544:stm/stm32f4xx/CMSIS/Include/cmsis_gcc.h **** 
 545:stm/stm32f4xx/CMSIS/Include/cmsis_gcc.h **** #endif /* ((defined (__ARM_ARCH_7M__      ) && (__ARM_ARCH_7M__      == 1)) || \
 546:stm/stm32f4xx/CMSIS/Include/cmsis_gcc.h ****            (defined (__ARM_ARCH_7EM__     ) && (__ARM_ARCH_7EM__     == 1)) || \
 547:stm/stm32f4xx/CMSIS/Include/cmsis_gcc.h ****            (defined (__ARM_ARCH_8M_MAIN__ ) && (__ARM_ARCH_8M_MAIN__ == 1)) || \
 548:stm/stm32f4xx/CMSIS/Include/cmsis_gcc.h ****            (defined (__ARM_ARCH_8M_BASE__ ) && (__ARM_ARCH_8M_BASE__ == 1))    ) */
 549:stm/stm32f4xx/CMSIS/Include/cmsis_gcc.h **** 
 550:stm/stm32f4xx/CMSIS/Include/cmsis_gcc.h **** 
 551:stm/stm32f4xx/CMSIS/Include/cmsis_gcc.h **** #if ((defined (__ARM_ARCH_7M__      ) && (__ARM_ARCH_7M__      == 1)) || \
 552:stm/stm32f4xx/CMSIS/Include/cmsis_gcc.h ****      (defined (__ARM_ARCH_7EM__     ) && (__ARM_ARCH_7EM__     == 1)) || \
 553:stm/stm32f4xx/CMSIS/Include/cmsis_gcc.h ****      (defined (__ARM_ARCH_8M_MAIN__ ) && (__ARM_ARCH_8M_MAIN__ == 1))    )
 554:stm/stm32f4xx/CMSIS/Include/cmsis_gcc.h **** /**
 555:stm/stm32f4xx/CMSIS/Include/cmsis_gcc.h ****   \brief   Signed Saturate
 556:stm/stm32f4xx/CMSIS/Include/cmsis_gcc.h ****   \details Saturates a signed value.
 557:stm/stm32f4xx/CMSIS/Include/cmsis_gcc.h ****   \param [in]  ARG1  Value to be saturated
 558:stm/stm32f4xx/CMSIS/Include/cmsis_gcc.h ****   \param [in]  ARG2  Bit position to saturate to (1..32)
 559:stm/stm32f4xx/CMSIS/Include/cmsis_gcc.h ****   \return             Saturated value
 560:stm/stm32f4xx/CMSIS/Include/cmsis_gcc.h ****  */
 561:stm/stm32f4xx/CMSIS/Include/cmsis_gcc.h **** #define __SSAT(ARG1, ARG2) \
 562:stm/stm32f4xx/CMSIS/Include/cmsis_gcc.h **** __extension__ \
 563:stm/stm32f4xx/CMSIS/Include/cmsis_gcc.h **** ({                          \
 564:stm/stm32f4xx/CMSIS/Include/cmsis_gcc.h ****   int32_t __RES, __ARG1 = (ARG1); \
 565:stm/stm32f4xx/CMSIS/Include/cmsis_gcc.h ****   __ASM volatile ("ssat %0, %1, %2" : "=r" (__RES) :  "I" (ARG2), "r" (__ARG1) : "cc" ); \
 566:stm/stm32f4xx/CMSIS/Include/cmsis_gcc.h ****   __RES; \
 567:stm/stm32f4xx/CMSIS/Include/cmsis_gcc.h ****  })
 568:stm/stm32f4xx/CMSIS/Include/cmsis_gcc.h **** 
 569:stm/stm32f4xx/CMSIS/Include/cmsis_gcc.h **** 
 570:stm/stm32f4xx/CMSIS/Include/cmsis_gcc.h **** /**
 571:stm/stm32f4xx/CMSIS/Include/cmsis_gcc.h ****   \brief   Unsigned Saturate
 572:stm/stm32f4xx/CMSIS/Include/cmsis_gcc.h ****   \details Saturates an unsigned value.
 573:stm/stm32f4xx/CMSIS/Include/cmsis_gcc.h ****   \param [in]  ARG1  Value to be saturated
 574:stm/stm32f4xx/CMSIS/Include/cmsis_gcc.h ****   \param [in]  ARG2  Bit position to saturate to (0..31)
 575:stm/stm32f4xx/CMSIS/Include/cmsis_gcc.h ****   \return             Saturated value
 576:stm/stm32f4xx/CMSIS/Include/cmsis_gcc.h ****  */
 577:stm/stm32f4xx/CMSIS/Include/cmsis_gcc.h **** #define __USAT(ARG1, ARG2) \
 578:stm/stm32f4xx/CMSIS/Include/cmsis_gcc.h **** __extension__ \
 579:stm/stm32f4xx/CMSIS/Include/cmsis_gcc.h **** ({                          \
 580:stm/stm32f4xx/CMSIS/Include/cmsis_gcc.h ****   uint32_t __RES, __ARG1 = (ARG1); \
 581:stm/stm32f4xx/CMSIS/Include/cmsis_gcc.h ****   __ASM volatile ("usat %0, %1, %2" : "=r" (__RES) :  "I" (ARG2), "r" (__ARG1) : "cc" ); \
 582:stm/stm32f4xx/CMSIS/Include/cmsis_gcc.h ****   __RES; \
 583:stm/stm32f4xx/CMSIS/Include/cmsis_gcc.h ****  })
ARM GAS  /tmp/ccEh4ZOr.s 			page 12


 584:stm/stm32f4xx/CMSIS/Include/cmsis_gcc.h **** 
 585:stm/stm32f4xx/CMSIS/Include/cmsis_gcc.h **** 
 586:stm/stm32f4xx/CMSIS/Include/cmsis_gcc.h **** /**
 587:stm/stm32f4xx/CMSIS/Include/cmsis_gcc.h ****   \brief   Rotate Right with Extend (32 bit)
 588:stm/stm32f4xx/CMSIS/Include/cmsis_gcc.h ****   \details Moves each bit of a bitstring right by one bit.
 589:stm/stm32f4xx/CMSIS/Include/cmsis_gcc.h ****            The carry input is shifted in at the left end of the bitstring.
 590:stm/stm32f4xx/CMSIS/Include/cmsis_gcc.h ****   \param [in]    value  Value to rotate
 591:stm/stm32f4xx/CMSIS/Include/cmsis_gcc.h ****   \return               Rotated value
 592:stm/stm32f4xx/CMSIS/Include/cmsis_gcc.h ****  */
 593:stm/stm32f4xx/CMSIS/Include/cmsis_gcc.h **** __STATIC_FORCEINLINE uint32_t __RRX(uint32_t value)
 594:stm/stm32f4xx/CMSIS/Include/cmsis_gcc.h **** {
 595:stm/stm32f4xx/CMSIS/Include/cmsis_gcc.h ****   uint32_t result;
 596:stm/stm32f4xx/CMSIS/Include/cmsis_gcc.h **** 
 597:stm/stm32f4xx/CMSIS/Include/cmsis_gcc.h ****   __ASM volatile ("rrx %0, %1" : __CMSIS_GCC_OUT_REG (result) : __CMSIS_GCC_USE_REG (value) );
 598:stm/stm32f4xx/CMSIS/Include/cmsis_gcc.h ****   return(result);
 599:stm/stm32f4xx/CMSIS/Include/cmsis_gcc.h **** }
 600:stm/stm32f4xx/CMSIS/Include/cmsis_gcc.h **** 
 601:stm/stm32f4xx/CMSIS/Include/cmsis_gcc.h **** 
 602:stm/stm32f4xx/CMSIS/Include/cmsis_gcc.h **** /**
 603:stm/stm32f4xx/CMSIS/Include/cmsis_gcc.h ****   \brief   LDRT Unprivileged (8 bit)
 604:stm/stm32f4xx/CMSIS/Include/cmsis_gcc.h ****   \details Executes a Unprivileged LDRT instruction for 8 bit value.
 605:stm/stm32f4xx/CMSIS/Include/cmsis_gcc.h ****   \param [in]    ptr  Pointer to data
 606:stm/stm32f4xx/CMSIS/Include/cmsis_gcc.h ****   \return             value of type uint8_t at (*ptr)
 607:stm/stm32f4xx/CMSIS/Include/cmsis_gcc.h ****  */
 608:stm/stm32f4xx/CMSIS/Include/cmsis_gcc.h **** __STATIC_FORCEINLINE uint8_t __LDRBT(volatile uint8_t *ptr)
 609:stm/stm32f4xx/CMSIS/Include/cmsis_gcc.h **** {
 610:stm/stm32f4xx/CMSIS/Include/cmsis_gcc.h ****     uint32_t result;
 611:stm/stm32f4xx/CMSIS/Include/cmsis_gcc.h **** 
 612:stm/stm32f4xx/CMSIS/Include/cmsis_gcc.h **** #if (__GNUC__ > 4) || (__GNUC__ == 4 && __GNUC_MINOR__ >= 8)
 613:stm/stm32f4xx/CMSIS/Include/cmsis_gcc.h ****    __ASM volatile ("ldrbt %0, %1" : "=r" (result) : "Q" (*ptr) );
 614:stm/stm32f4xx/CMSIS/Include/cmsis_gcc.h **** #else
 615:stm/stm32f4xx/CMSIS/Include/cmsis_gcc.h ****     /* Prior to GCC 4.8, "Q" will be expanded to [rx, #0] which is not
 616:stm/stm32f4xx/CMSIS/Include/cmsis_gcc.h ****        accepted by assembler. So has to use following less efficient pattern.
 617:stm/stm32f4xx/CMSIS/Include/cmsis_gcc.h ****     */
 618:stm/stm32f4xx/CMSIS/Include/cmsis_gcc.h ****    __ASM volatile ("ldrbt %0, [%1]" : "=r" (result) : "r" (ptr) : "memory" );
 619:stm/stm32f4xx/CMSIS/Include/cmsis_gcc.h **** #endif
 620:stm/stm32f4xx/CMSIS/Include/cmsis_gcc.h ****    return ((uint8_t) result);    /* Add explicit type cast here */
 621:stm/stm32f4xx/CMSIS/Include/cmsis_gcc.h **** }
 622:stm/stm32f4xx/CMSIS/Include/cmsis_gcc.h **** 
 623:stm/stm32f4xx/CMSIS/Include/cmsis_gcc.h **** 
 624:stm/stm32f4xx/CMSIS/Include/cmsis_gcc.h **** /**
 625:stm/stm32f4xx/CMSIS/Include/cmsis_gcc.h ****   \brief   LDRT Unprivileged (16 bit)
 626:stm/stm32f4xx/CMSIS/Include/cmsis_gcc.h ****   \details Executes a Unprivileged LDRT instruction for 16 bit values.
 627:stm/stm32f4xx/CMSIS/Include/cmsis_gcc.h ****   \param [in]    ptr  Pointer to data
 628:stm/stm32f4xx/CMSIS/Include/cmsis_gcc.h ****   \return        value of type uint16_t at (*ptr)
 629:stm/stm32f4xx/CMSIS/Include/cmsis_gcc.h ****  */
 630:stm/stm32f4xx/CMSIS/Include/cmsis_gcc.h **** __STATIC_FORCEINLINE uint16_t __LDRHT(volatile uint16_t *ptr)
 631:stm/stm32f4xx/CMSIS/Include/cmsis_gcc.h **** {
 632:stm/stm32f4xx/CMSIS/Include/cmsis_gcc.h ****     uint32_t result;
 633:stm/stm32f4xx/CMSIS/Include/cmsis_gcc.h **** 
 634:stm/stm32f4xx/CMSIS/Include/cmsis_gcc.h **** #if (__GNUC__ > 4) || (__GNUC__ == 4 && __GNUC_MINOR__ >= 8)
 635:stm/stm32f4xx/CMSIS/Include/cmsis_gcc.h ****    __ASM volatile ("ldrht %0, %1" : "=r" (result) : "Q" (*ptr) );
 636:stm/stm32f4xx/CMSIS/Include/cmsis_gcc.h **** #else
 637:stm/stm32f4xx/CMSIS/Include/cmsis_gcc.h ****     /* Prior to GCC 4.8, "Q" will be expanded to [rx, #0] which is not
 638:stm/stm32f4xx/CMSIS/Include/cmsis_gcc.h ****        accepted by assembler. So has to use following less efficient pattern.
 639:stm/stm32f4xx/CMSIS/Include/cmsis_gcc.h ****     */
 640:stm/stm32f4xx/CMSIS/Include/cmsis_gcc.h ****    __ASM volatile ("ldrht %0, [%1]" : "=r" (result) : "r" (ptr) : "memory" );
ARM GAS  /tmp/ccEh4ZOr.s 			page 13


 641:stm/stm32f4xx/CMSIS/Include/cmsis_gcc.h **** #endif
 642:stm/stm32f4xx/CMSIS/Include/cmsis_gcc.h ****    return ((uint16_t) result);    /* Add explicit type cast here */
 643:stm/stm32f4xx/CMSIS/Include/cmsis_gcc.h **** }
 644:stm/stm32f4xx/CMSIS/Include/cmsis_gcc.h **** 
 645:stm/stm32f4xx/CMSIS/Include/cmsis_gcc.h **** 
 646:stm/stm32f4xx/CMSIS/Include/cmsis_gcc.h **** /**
 647:stm/stm32f4xx/CMSIS/Include/cmsis_gcc.h ****   \brief   LDRT Unprivileged (32 bit)
 648:stm/stm32f4xx/CMSIS/Include/cmsis_gcc.h ****   \details Executes a Unprivileged LDRT instruction for 32 bit values.
 649:stm/stm32f4xx/CMSIS/Include/cmsis_gcc.h ****   \param [in]    ptr  Pointer to data
 650:stm/stm32f4xx/CMSIS/Include/cmsis_gcc.h ****   \return        value of type uint32_t at (*ptr)
 651:stm/stm32f4xx/CMSIS/Include/cmsis_gcc.h ****  */
 652:stm/stm32f4xx/CMSIS/Include/cmsis_gcc.h **** __STATIC_FORCEINLINE uint32_t __LDRT(volatile uint32_t *ptr)
 653:stm/stm32f4xx/CMSIS/Include/cmsis_gcc.h **** {
 654:stm/stm32f4xx/CMSIS/Include/cmsis_gcc.h ****     uint32_t result;
 655:stm/stm32f4xx/CMSIS/Include/cmsis_gcc.h **** 
 656:stm/stm32f4xx/CMSIS/Include/cmsis_gcc.h ****    __ASM volatile ("ldrt %0, %1" : "=r" (result) : "Q" (*ptr) );
 657:stm/stm32f4xx/CMSIS/Include/cmsis_gcc.h ****    return(result);
 658:stm/stm32f4xx/CMSIS/Include/cmsis_gcc.h **** }
 659:stm/stm32f4xx/CMSIS/Include/cmsis_gcc.h **** 
 660:stm/stm32f4xx/CMSIS/Include/cmsis_gcc.h **** 
 661:stm/stm32f4xx/CMSIS/Include/cmsis_gcc.h **** /**
 662:stm/stm32f4xx/CMSIS/Include/cmsis_gcc.h ****   \brief   STRT Unprivileged (8 bit)
 663:stm/stm32f4xx/CMSIS/Include/cmsis_gcc.h ****   \details Executes a Unprivileged STRT instruction for 8 bit values.
 664:stm/stm32f4xx/CMSIS/Include/cmsis_gcc.h ****   \param [in]  value  Value to store
 665:stm/stm32f4xx/CMSIS/Include/cmsis_gcc.h ****   \param [in]    ptr  Pointer to location
 666:stm/stm32f4xx/CMSIS/Include/cmsis_gcc.h ****  */
 667:stm/stm32f4xx/CMSIS/Include/cmsis_gcc.h **** __STATIC_FORCEINLINE void __STRBT(uint8_t value, volatile uint8_t *ptr)
 668:stm/stm32f4xx/CMSIS/Include/cmsis_gcc.h **** {
 669:stm/stm32f4xx/CMSIS/Include/cmsis_gcc.h ****    __ASM volatile ("strbt %1, %0" : "=Q" (*ptr) : "r" ((uint32_t)value) );
 670:stm/stm32f4xx/CMSIS/Include/cmsis_gcc.h **** }
 671:stm/stm32f4xx/CMSIS/Include/cmsis_gcc.h **** 
 672:stm/stm32f4xx/CMSIS/Include/cmsis_gcc.h **** 
 673:stm/stm32f4xx/CMSIS/Include/cmsis_gcc.h **** /**
 674:stm/stm32f4xx/CMSIS/Include/cmsis_gcc.h ****   \brief   STRT Unprivileged (16 bit)
 675:stm/stm32f4xx/CMSIS/Include/cmsis_gcc.h ****   \details Executes a Unprivileged STRT instruction for 16 bit values.
 676:stm/stm32f4xx/CMSIS/Include/cmsis_gcc.h ****   \param [in]  value  Value to store
 677:stm/stm32f4xx/CMSIS/Include/cmsis_gcc.h ****   \param [in]    ptr  Pointer to location
 678:stm/stm32f4xx/CMSIS/Include/cmsis_gcc.h ****  */
 679:stm/stm32f4xx/CMSIS/Include/cmsis_gcc.h **** __STATIC_FORCEINLINE void __STRHT(uint16_t value, volatile uint16_t *ptr)
 680:stm/stm32f4xx/CMSIS/Include/cmsis_gcc.h **** {
 681:stm/stm32f4xx/CMSIS/Include/cmsis_gcc.h ****    __ASM volatile ("strht %1, %0" : "=Q" (*ptr) : "r" ((uint32_t)value) );
 682:stm/stm32f4xx/CMSIS/Include/cmsis_gcc.h **** }
 683:stm/stm32f4xx/CMSIS/Include/cmsis_gcc.h **** 
 684:stm/stm32f4xx/CMSIS/Include/cmsis_gcc.h **** 
 685:stm/stm32f4xx/CMSIS/Include/cmsis_gcc.h **** /**
 686:stm/stm32f4xx/CMSIS/Include/cmsis_gcc.h ****   \brief   STRT Unprivileged (32 bit)
 687:stm/stm32f4xx/CMSIS/Include/cmsis_gcc.h ****   \details Executes a Unprivileged STRT instruction for 32 bit values.
 688:stm/stm32f4xx/CMSIS/Include/cmsis_gcc.h ****   \param [in]  value  Value to store
 689:stm/stm32f4xx/CMSIS/Include/cmsis_gcc.h ****   \param [in]    ptr  Pointer to location
 690:stm/stm32f4xx/CMSIS/Include/cmsis_gcc.h ****  */
 691:stm/stm32f4xx/CMSIS/Include/cmsis_gcc.h **** __STATIC_FORCEINLINE void __STRT(uint32_t value, volatile uint32_t *ptr)
 692:stm/stm32f4xx/CMSIS/Include/cmsis_gcc.h **** {
 693:stm/stm32f4xx/CMSIS/Include/cmsis_gcc.h ****    __ASM volatile ("strt %1, %0" : "=Q" (*ptr) : "r" (value) );
 694:stm/stm32f4xx/CMSIS/Include/cmsis_gcc.h **** }
 695:stm/stm32f4xx/CMSIS/Include/cmsis_gcc.h **** 
 696:stm/stm32f4xx/CMSIS/Include/cmsis_gcc.h **** #else  /* ((defined (__ARM_ARCH_7M__      ) && (__ARM_ARCH_7M__      == 1)) || \
 697:stm/stm32f4xx/CMSIS/Include/cmsis_gcc.h ****            (defined (__ARM_ARCH_7EM__     ) && (__ARM_ARCH_7EM__     == 1)) || \
ARM GAS  /tmp/ccEh4ZOr.s 			page 14


 698:stm/stm32f4xx/CMSIS/Include/cmsis_gcc.h ****            (defined (__ARM_ARCH_8M_MAIN__ ) && (__ARM_ARCH_8M_MAIN__ == 1))    ) */
 699:stm/stm32f4xx/CMSIS/Include/cmsis_gcc.h **** 
 700:stm/stm32f4xx/CMSIS/Include/cmsis_gcc.h **** /**
 701:stm/stm32f4xx/CMSIS/Include/cmsis_gcc.h ****   \brief   Signed Saturate
 702:stm/stm32f4xx/CMSIS/Include/cmsis_gcc.h ****   \details Saturates a signed value.
 703:stm/stm32f4xx/CMSIS/Include/cmsis_gcc.h ****   \param [in]  value  Value to be saturated
 704:stm/stm32f4xx/CMSIS/Include/cmsis_gcc.h ****   \param [in]    sat  Bit position to saturate to (1..32)
 705:stm/stm32f4xx/CMSIS/Include/cmsis_gcc.h ****   \return             Saturated value
 706:stm/stm32f4xx/CMSIS/Include/cmsis_gcc.h ****  */
 707:stm/stm32f4xx/CMSIS/Include/cmsis_gcc.h **** __STATIC_FORCEINLINE int32_t __SSAT(int32_t val, uint32_t sat)
 708:stm/stm32f4xx/CMSIS/Include/cmsis_gcc.h **** {
 709:stm/stm32f4xx/CMSIS/Include/cmsis_gcc.h ****   if ((sat >= 1U) && (sat <= 32U))
 710:stm/stm32f4xx/CMSIS/Include/cmsis_gcc.h ****   {
 711:stm/stm32f4xx/CMSIS/Include/cmsis_gcc.h ****     const int32_t max = (int32_t)((1U << (sat - 1U)) - 1U);
 712:stm/stm32f4xx/CMSIS/Include/cmsis_gcc.h ****     const int32_t min = -1 - max ;
 713:stm/stm32f4xx/CMSIS/Include/cmsis_gcc.h ****     if (val > max)
 714:stm/stm32f4xx/CMSIS/Include/cmsis_gcc.h ****     {
 715:stm/stm32f4xx/CMSIS/Include/cmsis_gcc.h ****       return max;
 716:stm/stm32f4xx/CMSIS/Include/cmsis_gcc.h ****     }
 717:stm/stm32f4xx/CMSIS/Include/cmsis_gcc.h ****     else if (val < min)
 718:stm/stm32f4xx/CMSIS/Include/cmsis_gcc.h ****     {
 719:stm/stm32f4xx/CMSIS/Include/cmsis_gcc.h ****       return min;
 720:stm/stm32f4xx/CMSIS/Include/cmsis_gcc.h ****     }
 721:stm/stm32f4xx/CMSIS/Include/cmsis_gcc.h ****   }
 722:stm/stm32f4xx/CMSIS/Include/cmsis_gcc.h ****   return val;
 723:stm/stm32f4xx/CMSIS/Include/cmsis_gcc.h **** }
 724:stm/stm32f4xx/CMSIS/Include/cmsis_gcc.h **** 
 725:stm/stm32f4xx/CMSIS/Include/cmsis_gcc.h **** /**
 726:stm/stm32f4xx/CMSIS/Include/cmsis_gcc.h ****   \brief   Unsigned Saturate
 727:stm/stm32f4xx/CMSIS/Include/cmsis_gcc.h ****   \details Saturates an unsigned value.
 728:stm/stm32f4xx/CMSIS/Include/cmsis_gcc.h ****   \param [in]  value  Value to be saturated
 729:stm/stm32f4xx/CMSIS/Include/cmsis_gcc.h ****   \param [in]    sat  Bit position to saturate to (0..31)
 730:stm/stm32f4xx/CMSIS/Include/cmsis_gcc.h ****   \return             Saturated value
 731:stm/stm32f4xx/CMSIS/Include/cmsis_gcc.h ****  */
 732:stm/stm32f4xx/CMSIS/Include/cmsis_gcc.h **** __STATIC_FORCEINLINE uint32_t __USAT(int32_t val, uint32_t sat)
 733:stm/stm32f4xx/CMSIS/Include/cmsis_gcc.h **** {
 734:stm/stm32f4xx/CMSIS/Include/cmsis_gcc.h ****   if (sat <= 31U)
 735:stm/stm32f4xx/CMSIS/Include/cmsis_gcc.h ****   {
 736:stm/stm32f4xx/CMSIS/Include/cmsis_gcc.h ****     const uint32_t max = ((1U << sat) - 1U);
 737:stm/stm32f4xx/CMSIS/Include/cmsis_gcc.h ****     if (val > (int32_t)max)
 738:stm/stm32f4xx/CMSIS/Include/cmsis_gcc.h ****     {
 739:stm/stm32f4xx/CMSIS/Include/cmsis_gcc.h ****       return max;
 740:stm/stm32f4xx/CMSIS/Include/cmsis_gcc.h ****     }
 741:stm/stm32f4xx/CMSIS/Include/cmsis_gcc.h ****     else if (val < 0)
 742:stm/stm32f4xx/CMSIS/Include/cmsis_gcc.h ****     {
 743:stm/stm32f4xx/CMSIS/Include/cmsis_gcc.h ****       return 0U;
 744:stm/stm32f4xx/CMSIS/Include/cmsis_gcc.h ****     }
 745:stm/stm32f4xx/CMSIS/Include/cmsis_gcc.h ****   }
 746:stm/stm32f4xx/CMSIS/Include/cmsis_gcc.h ****   return (uint32_t)val;
 747:stm/stm32f4xx/CMSIS/Include/cmsis_gcc.h **** }
 748:stm/stm32f4xx/CMSIS/Include/cmsis_gcc.h **** 
 749:stm/stm32f4xx/CMSIS/Include/cmsis_gcc.h **** #endif /* ((defined (__ARM_ARCH_7M__      ) && (__ARM_ARCH_7M__      == 1)) || \
 750:stm/stm32f4xx/CMSIS/Include/cmsis_gcc.h ****            (defined (__ARM_ARCH_7EM__     ) && (__ARM_ARCH_7EM__     == 1)) || \
 751:stm/stm32f4xx/CMSIS/Include/cmsis_gcc.h ****            (defined (__ARM_ARCH_8M_MAIN__ ) && (__ARM_ARCH_8M_MAIN__ == 1))    ) */
 752:stm/stm32f4xx/CMSIS/Include/cmsis_gcc.h **** 
 753:stm/stm32f4xx/CMSIS/Include/cmsis_gcc.h **** 
 754:stm/stm32f4xx/CMSIS/Include/cmsis_gcc.h **** #if ((defined (__ARM_ARCH_8M_MAIN__ ) && (__ARM_ARCH_8M_MAIN__ == 1)) || \
ARM GAS  /tmp/ccEh4ZOr.s 			page 15


 755:stm/stm32f4xx/CMSIS/Include/cmsis_gcc.h ****      (defined (__ARM_ARCH_8M_BASE__ ) && (__ARM_ARCH_8M_BASE__ == 1))    )
 756:stm/stm32f4xx/CMSIS/Include/cmsis_gcc.h **** /**
 757:stm/stm32f4xx/CMSIS/Include/cmsis_gcc.h ****   \brief   Load-Acquire (8 bit)
 758:stm/stm32f4xx/CMSIS/Include/cmsis_gcc.h ****   \details Executes a LDAB instruction for 8 bit value.
 759:stm/stm32f4xx/CMSIS/Include/cmsis_gcc.h ****   \param [in]    ptr  Pointer to data
 760:stm/stm32f4xx/CMSIS/Include/cmsis_gcc.h ****   \return             value of type uint8_t at (*ptr)
 761:stm/stm32f4xx/CMSIS/Include/cmsis_gcc.h ****  */
 762:stm/stm32f4xx/CMSIS/Include/cmsis_gcc.h **** __STATIC_FORCEINLINE uint8_t __LDAB(volatile uint8_t *ptr)
 763:stm/stm32f4xx/CMSIS/Include/cmsis_gcc.h **** {
 764:stm/stm32f4xx/CMSIS/Include/cmsis_gcc.h ****     uint32_t result;
 765:stm/stm32f4xx/CMSIS/Include/cmsis_gcc.h **** 
 766:stm/stm32f4xx/CMSIS/Include/cmsis_gcc.h ****    __ASM volatile ("ldab %0, %1" : "=r" (result) : "Q" (*ptr) : "memory" );
 767:stm/stm32f4xx/CMSIS/Include/cmsis_gcc.h ****    return ((uint8_t) result);
 768:stm/stm32f4xx/CMSIS/Include/cmsis_gcc.h **** }
 769:stm/stm32f4xx/CMSIS/Include/cmsis_gcc.h **** 
 770:stm/stm32f4xx/CMSIS/Include/cmsis_gcc.h **** 
 771:stm/stm32f4xx/CMSIS/Include/cmsis_gcc.h **** /**
 772:stm/stm32f4xx/CMSIS/Include/cmsis_gcc.h ****   \brief   Load-Acquire (16 bit)
 773:stm/stm32f4xx/CMSIS/Include/cmsis_gcc.h ****   \details Executes a LDAH instruction for 16 bit values.
 774:stm/stm32f4xx/CMSIS/Include/cmsis_gcc.h ****   \param [in]    ptr  Pointer to data
 775:stm/stm32f4xx/CMSIS/Include/cmsis_gcc.h ****   \return        value of type uint16_t at (*ptr)
 776:stm/stm32f4xx/CMSIS/Include/cmsis_gcc.h ****  */
 777:stm/stm32f4xx/CMSIS/Include/cmsis_gcc.h **** __STATIC_FORCEINLINE uint16_t __LDAH(volatile uint16_t *ptr)
 778:stm/stm32f4xx/CMSIS/Include/cmsis_gcc.h **** {
 779:stm/stm32f4xx/CMSIS/Include/cmsis_gcc.h ****     uint32_t result;
 780:stm/stm32f4xx/CMSIS/Include/cmsis_gcc.h **** 
 781:stm/stm32f4xx/CMSIS/Include/cmsis_gcc.h ****    __ASM volatile ("ldah %0, %1" : "=r" (result) : "Q" (*ptr) : "memory" );
 782:stm/stm32f4xx/CMSIS/Include/cmsis_gcc.h ****    return ((uint16_t) result);
 783:stm/stm32f4xx/CMSIS/Include/cmsis_gcc.h **** }
 784:stm/stm32f4xx/CMSIS/Include/cmsis_gcc.h **** 
 785:stm/stm32f4xx/CMSIS/Include/cmsis_gcc.h **** 
 786:stm/stm32f4xx/CMSIS/Include/cmsis_gcc.h **** /**
 787:stm/stm32f4xx/CMSIS/Include/cmsis_gcc.h ****   \brief   Load-Acquire (32 bit)
 788:stm/stm32f4xx/CMSIS/Include/cmsis_gcc.h ****   \details Executes a LDA instruction for 32 bit values.
 789:stm/stm32f4xx/CMSIS/Include/cmsis_gcc.h ****   \param [in]    ptr  Pointer to data
 790:stm/stm32f4xx/CMSIS/Include/cmsis_gcc.h ****   \return        value of type uint32_t at (*ptr)
 791:stm/stm32f4xx/CMSIS/Include/cmsis_gcc.h ****  */
 792:stm/stm32f4xx/CMSIS/Include/cmsis_gcc.h **** __STATIC_FORCEINLINE uint32_t __LDA(volatile uint32_t *ptr)
 793:stm/stm32f4xx/CMSIS/Include/cmsis_gcc.h **** {
 794:stm/stm32f4xx/CMSIS/Include/cmsis_gcc.h ****     uint32_t result;
 795:stm/stm32f4xx/CMSIS/Include/cmsis_gcc.h **** 
 796:stm/stm32f4xx/CMSIS/Include/cmsis_gcc.h ****    __ASM volatile ("lda %0, %1" : "=r" (result) : "Q" (*ptr) : "memory" );
 797:stm/stm32f4xx/CMSIS/Include/cmsis_gcc.h ****    return(result);
 798:stm/stm32f4xx/CMSIS/Include/cmsis_gcc.h **** }
 799:stm/stm32f4xx/CMSIS/Include/cmsis_gcc.h **** 
 800:stm/stm32f4xx/CMSIS/Include/cmsis_gcc.h **** 
 801:stm/stm32f4xx/CMSIS/Include/cmsis_gcc.h **** /**
 802:stm/stm32f4xx/CMSIS/Include/cmsis_gcc.h ****   \brief   Store-Release (8 bit)
 803:stm/stm32f4xx/CMSIS/Include/cmsis_gcc.h ****   \details Executes a STLB instruction for 8 bit values.
 804:stm/stm32f4xx/CMSIS/Include/cmsis_gcc.h ****   \param [in]  value  Value to store
 805:stm/stm32f4xx/CMSIS/Include/cmsis_gcc.h ****   \param [in]    ptr  Pointer to location
 806:stm/stm32f4xx/CMSIS/Include/cmsis_gcc.h ****  */
 807:stm/stm32f4xx/CMSIS/Include/cmsis_gcc.h **** __STATIC_FORCEINLINE void __STLB(uint8_t value, volatile uint8_t *ptr)
 808:stm/stm32f4xx/CMSIS/Include/cmsis_gcc.h **** {
 809:stm/stm32f4xx/CMSIS/Include/cmsis_gcc.h ****    __ASM volatile ("stlb %1, %0" : "=Q" (*ptr) : "r" ((uint32_t)value) : "memory" );
 810:stm/stm32f4xx/CMSIS/Include/cmsis_gcc.h **** }
 811:stm/stm32f4xx/CMSIS/Include/cmsis_gcc.h **** 
ARM GAS  /tmp/ccEh4ZOr.s 			page 16


 812:stm/stm32f4xx/CMSIS/Include/cmsis_gcc.h **** 
 813:stm/stm32f4xx/CMSIS/Include/cmsis_gcc.h **** /**
 814:stm/stm32f4xx/CMSIS/Include/cmsis_gcc.h ****   \brief   Store-Release (16 bit)
 815:stm/stm32f4xx/CMSIS/Include/cmsis_gcc.h ****   \details Executes a STLH instruction for 16 bit values.
 816:stm/stm32f4xx/CMSIS/Include/cmsis_gcc.h ****   \param [in]  value  Value to store
 817:stm/stm32f4xx/CMSIS/Include/cmsis_gcc.h ****   \param [in]    ptr  Pointer to location
 818:stm/stm32f4xx/CMSIS/Include/cmsis_gcc.h ****  */
 819:stm/stm32f4xx/CMSIS/Include/cmsis_gcc.h **** __STATIC_FORCEINLINE void __STLH(uint16_t value, volatile uint16_t *ptr)
 820:stm/stm32f4xx/CMSIS/Include/cmsis_gcc.h **** {
 821:stm/stm32f4xx/CMSIS/Include/cmsis_gcc.h ****    __ASM volatile ("stlh %1, %0" : "=Q" (*ptr) : "r" ((uint32_t)value) : "memory" );
 822:stm/stm32f4xx/CMSIS/Include/cmsis_gcc.h **** }
 823:stm/stm32f4xx/CMSIS/Include/cmsis_gcc.h **** 
 824:stm/stm32f4xx/CMSIS/Include/cmsis_gcc.h **** 
 825:stm/stm32f4xx/CMSIS/Include/cmsis_gcc.h **** /**
 826:stm/stm32f4xx/CMSIS/Include/cmsis_gcc.h ****   \brief   Store-Release (32 bit)
 827:stm/stm32f4xx/CMSIS/Include/cmsis_gcc.h ****   \details Executes a STL instruction for 32 bit values.
 828:stm/stm32f4xx/CMSIS/Include/cmsis_gcc.h ****   \param [in]  value  Value to store
 829:stm/stm32f4xx/CMSIS/Include/cmsis_gcc.h ****   \param [in]    ptr  Pointer to location
 830:stm/stm32f4xx/CMSIS/Include/cmsis_gcc.h ****  */
 831:stm/stm32f4xx/CMSIS/Include/cmsis_gcc.h **** __STATIC_FORCEINLINE void __STL(uint32_t value, volatile uint32_t *ptr)
 832:stm/stm32f4xx/CMSIS/Include/cmsis_gcc.h **** {
 833:stm/stm32f4xx/CMSIS/Include/cmsis_gcc.h ****    __ASM volatile ("stl %1, %0" : "=Q" (*ptr) : "r" ((uint32_t)value) : "memory" );
 834:stm/stm32f4xx/CMSIS/Include/cmsis_gcc.h **** }
 835:stm/stm32f4xx/CMSIS/Include/cmsis_gcc.h **** 
 836:stm/stm32f4xx/CMSIS/Include/cmsis_gcc.h **** 
 837:stm/stm32f4xx/CMSIS/Include/cmsis_gcc.h **** /**
 838:stm/stm32f4xx/CMSIS/Include/cmsis_gcc.h ****   \brief   Load-Acquire Exclusive (8 bit)
 839:stm/stm32f4xx/CMSIS/Include/cmsis_gcc.h ****   \details Executes a LDAB exclusive instruction for 8 bit value.
 840:stm/stm32f4xx/CMSIS/Include/cmsis_gcc.h ****   \param [in]    ptr  Pointer to data
 841:stm/stm32f4xx/CMSIS/Include/cmsis_gcc.h ****   \return             value of type uint8_t at (*ptr)
 842:stm/stm32f4xx/CMSIS/Include/cmsis_gcc.h ****  */
 843:stm/stm32f4xx/CMSIS/Include/cmsis_gcc.h **** __STATIC_FORCEINLINE uint8_t __LDAEXB(volatile uint8_t *ptr)
 844:stm/stm32f4xx/CMSIS/Include/cmsis_gcc.h **** {
 845:stm/stm32f4xx/CMSIS/Include/cmsis_gcc.h ****     uint32_t result;
 846:stm/stm32f4xx/CMSIS/Include/cmsis_gcc.h **** 
 847:stm/stm32f4xx/CMSIS/Include/cmsis_gcc.h ****    __ASM volatile ("ldaexb %0, %1" : "=r" (result) : "Q" (*ptr) : "memory" );
 848:stm/stm32f4xx/CMSIS/Include/cmsis_gcc.h ****    return ((uint8_t) result);
 849:stm/stm32f4xx/CMSIS/Include/cmsis_gcc.h **** }
 850:stm/stm32f4xx/CMSIS/Include/cmsis_gcc.h **** 
 851:stm/stm32f4xx/CMSIS/Include/cmsis_gcc.h **** 
 852:stm/stm32f4xx/CMSIS/Include/cmsis_gcc.h **** /**
 853:stm/stm32f4xx/CMSIS/Include/cmsis_gcc.h ****   \brief   Load-Acquire Exclusive (16 bit)
 854:stm/stm32f4xx/CMSIS/Include/cmsis_gcc.h ****   \details Executes a LDAH exclusive instruction for 16 bit values.
 855:stm/stm32f4xx/CMSIS/Include/cmsis_gcc.h ****   \param [in]    ptr  Pointer to data
 856:stm/stm32f4xx/CMSIS/Include/cmsis_gcc.h ****   \return        value of type uint16_t at (*ptr)
 857:stm/stm32f4xx/CMSIS/Include/cmsis_gcc.h ****  */
 858:stm/stm32f4xx/CMSIS/Include/cmsis_gcc.h **** __STATIC_FORCEINLINE uint16_t __LDAEXH(volatile uint16_t *ptr)
 859:stm/stm32f4xx/CMSIS/Include/cmsis_gcc.h **** {
 860:stm/stm32f4xx/CMSIS/Include/cmsis_gcc.h ****     uint32_t result;
 861:stm/stm32f4xx/CMSIS/Include/cmsis_gcc.h **** 
 862:stm/stm32f4xx/CMSIS/Include/cmsis_gcc.h ****    __ASM volatile ("ldaexh %0, %1" : "=r" (result) : "Q" (*ptr) : "memory" );
 863:stm/stm32f4xx/CMSIS/Include/cmsis_gcc.h ****    return ((uint16_t) result);
 864:stm/stm32f4xx/CMSIS/Include/cmsis_gcc.h **** }
 865:stm/stm32f4xx/CMSIS/Include/cmsis_gcc.h **** 
 866:stm/stm32f4xx/CMSIS/Include/cmsis_gcc.h **** 
 867:stm/stm32f4xx/CMSIS/Include/cmsis_gcc.h **** /**
 868:stm/stm32f4xx/CMSIS/Include/cmsis_gcc.h ****   \brief   Load-Acquire Exclusive (32 bit)
ARM GAS  /tmp/ccEh4ZOr.s 			page 17


 869:stm/stm32f4xx/CMSIS/Include/cmsis_gcc.h ****   \details Executes a LDA exclusive instruction for 32 bit values.
 870:stm/stm32f4xx/CMSIS/Include/cmsis_gcc.h ****   \param [in]    ptr  Pointer to data
 871:stm/stm32f4xx/CMSIS/Include/cmsis_gcc.h ****   \return        value of type uint32_t at (*ptr)
 872:stm/stm32f4xx/CMSIS/Include/cmsis_gcc.h ****  */
 873:stm/stm32f4xx/CMSIS/Include/cmsis_gcc.h **** __STATIC_FORCEINLINE uint32_t __LDAEX(volatile uint32_t *ptr)
 874:stm/stm32f4xx/CMSIS/Include/cmsis_gcc.h **** {
 875:stm/stm32f4xx/CMSIS/Include/cmsis_gcc.h ****     uint32_t result;
 876:stm/stm32f4xx/CMSIS/Include/cmsis_gcc.h **** 
 877:stm/stm32f4xx/CMSIS/Include/cmsis_gcc.h ****    __ASM volatile ("ldaex %0, %1" : "=r" (result) : "Q" (*ptr) : "memory" );
 878:stm/stm32f4xx/CMSIS/Include/cmsis_gcc.h ****    return(result);
 879:stm/stm32f4xx/CMSIS/Include/cmsis_gcc.h **** }
 880:stm/stm32f4xx/CMSIS/Include/cmsis_gcc.h **** 
 881:stm/stm32f4xx/CMSIS/Include/cmsis_gcc.h **** 
 882:stm/stm32f4xx/CMSIS/Include/cmsis_gcc.h **** /**
 883:stm/stm32f4xx/CMSIS/Include/cmsis_gcc.h ****   \brief   Store-Release Exclusive (8 bit)
 884:stm/stm32f4xx/CMSIS/Include/cmsis_gcc.h ****   \details Executes a STLB exclusive instruction for 8 bit values.
 885:stm/stm32f4xx/CMSIS/Include/cmsis_gcc.h ****   \param [in]  value  Value to store
 886:stm/stm32f4xx/CMSIS/Include/cmsis_gcc.h ****   \param [in]    ptr  Pointer to location
 887:stm/stm32f4xx/CMSIS/Include/cmsis_gcc.h ****   \return          0  Function succeeded
 888:stm/stm32f4xx/CMSIS/Include/cmsis_gcc.h ****   \return          1  Function failed
 889:stm/stm32f4xx/CMSIS/Include/cmsis_gcc.h ****  */
 890:stm/stm32f4xx/CMSIS/Include/cmsis_gcc.h **** __STATIC_FORCEINLINE uint32_t __STLEXB(uint8_t value, volatile uint8_t *ptr)
 891:stm/stm32f4xx/CMSIS/Include/cmsis_gcc.h **** {
 892:stm/stm32f4xx/CMSIS/Include/cmsis_gcc.h ****    uint32_t result;
 893:stm/stm32f4xx/CMSIS/Include/cmsis_gcc.h **** 
 894:stm/stm32f4xx/CMSIS/Include/cmsis_gcc.h ****    __ASM volatile ("stlexb %0, %2, %1" : "=&r" (result), "=Q" (*ptr) : "r" ((uint32_t)value) : "mem
 895:stm/stm32f4xx/CMSIS/Include/cmsis_gcc.h ****    return(result);
 896:stm/stm32f4xx/CMSIS/Include/cmsis_gcc.h **** }
 897:stm/stm32f4xx/CMSIS/Include/cmsis_gcc.h **** 
 898:stm/stm32f4xx/CMSIS/Include/cmsis_gcc.h **** 
 899:stm/stm32f4xx/CMSIS/Include/cmsis_gcc.h **** /**
 900:stm/stm32f4xx/CMSIS/Include/cmsis_gcc.h ****   \brief   Store-Release Exclusive (16 bit)
 901:stm/stm32f4xx/CMSIS/Include/cmsis_gcc.h ****   \details Executes a STLH exclusive instruction for 16 bit values.
 902:stm/stm32f4xx/CMSIS/Include/cmsis_gcc.h ****   \param [in]  value  Value to store
 903:stm/stm32f4xx/CMSIS/Include/cmsis_gcc.h ****   \param [in]    ptr  Pointer to location
 904:stm/stm32f4xx/CMSIS/Include/cmsis_gcc.h ****   \return          0  Function succeeded
 905:stm/stm32f4xx/CMSIS/Include/cmsis_gcc.h ****   \return          1  Function failed
 906:stm/stm32f4xx/CMSIS/Include/cmsis_gcc.h ****  */
 907:stm/stm32f4xx/CMSIS/Include/cmsis_gcc.h **** __STATIC_FORCEINLINE uint32_t __STLEXH(uint16_t value, volatile uint16_t *ptr)
 908:stm/stm32f4xx/CMSIS/Include/cmsis_gcc.h **** {
 909:stm/stm32f4xx/CMSIS/Include/cmsis_gcc.h ****    uint32_t result;
 910:stm/stm32f4xx/CMSIS/Include/cmsis_gcc.h **** 
 911:stm/stm32f4xx/CMSIS/Include/cmsis_gcc.h ****    __ASM volatile ("stlexh %0, %2, %1" : "=&r" (result), "=Q" (*ptr) : "r" ((uint32_t)value) : "mem
 912:stm/stm32f4xx/CMSIS/Include/cmsis_gcc.h ****    return(result);
 913:stm/stm32f4xx/CMSIS/Include/cmsis_gcc.h **** }
 914:stm/stm32f4xx/CMSIS/Include/cmsis_gcc.h **** 
 915:stm/stm32f4xx/CMSIS/Include/cmsis_gcc.h **** 
 916:stm/stm32f4xx/CMSIS/Include/cmsis_gcc.h **** /**
 917:stm/stm32f4xx/CMSIS/Include/cmsis_gcc.h ****   \brief   Store-Release Exclusive (32 bit)
 918:stm/stm32f4xx/CMSIS/Include/cmsis_gcc.h ****   \details Executes a STL exclusive instruction for 32 bit values.
 919:stm/stm32f4xx/CMSIS/Include/cmsis_gcc.h ****   \param [in]  value  Value to store
 920:stm/stm32f4xx/CMSIS/Include/cmsis_gcc.h ****   \param [in]    ptr  Pointer to location
 921:stm/stm32f4xx/CMSIS/Include/cmsis_gcc.h ****   \return          0  Function succeeded
 922:stm/stm32f4xx/CMSIS/Include/cmsis_gcc.h ****   \return          1  Function failed
 923:stm/stm32f4xx/CMSIS/Include/cmsis_gcc.h ****  */
 924:stm/stm32f4xx/CMSIS/Include/cmsis_gcc.h **** __STATIC_FORCEINLINE uint32_t __STLEX(uint32_t value, volatile uint32_t *ptr)
 925:stm/stm32f4xx/CMSIS/Include/cmsis_gcc.h **** {
ARM GAS  /tmp/ccEh4ZOr.s 			page 18


 926:stm/stm32f4xx/CMSIS/Include/cmsis_gcc.h ****    uint32_t result;
 927:stm/stm32f4xx/CMSIS/Include/cmsis_gcc.h **** 
 928:stm/stm32f4xx/CMSIS/Include/cmsis_gcc.h ****    __ASM volatile ("stlex %0, %2, %1" : "=&r" (result), "=Q" (*ptr) : "r" ((uint32_t)value) : "memo
 929:stm/stm32f4xx/CMSIS/Include/cmsis_gcc.h ****    return(result);
 930:stm/stm32f4xx/CMSIS/Include/cmsis_gcc.h **** }
 931:stm/stm32f4xx/CMSIS/Include/cmsis_gcc.h **** 
 932:stm/stm32f4xx/CMSIS/Include/cmsis_gcc.h **** #endif /* ((defined (__ARM_ARCH_8M_MAIN__ ) && (__ARM_ARCH_8M_MAIN__ == 1)) || \
 933:stm/stm32f4xx/CMSIS/Include/cmsis_gcc.h ****            (defined (__ARM_ARCH_8M_BASE__ ) && (__ARM_ARCH_8M_BASE__ == 1))    ) */
 934:stm/stm32f4xx/CMSIS/Include/cmsis_gcc.h **** 
 935:stm/stm32f4xx/CMSIS/Include/cmsis_gcc.h **** /*@}*/ /* end of group CMSIS_Core_InstructionInterface */
 936:stm/stm32f4xx/CMSIS/Include/cmsis_gcc.h **** 
 937:stm/stm32f4xx/CMSIS/Include/cmsis_gcc.h **** 
 938:stm/stm32f4xx/CMSIS/Include/cmsis_gcc.h **** /* ###########################  Core Function Access  ########################### */
 939:stm/stm32f4xx/CMSIS/Include/cmsis_gcc.h **** /** \ingroup  CMSIS_Core_FunctionInterface
 940:stm/stm32f4xx/CMSIS/Include/cmsis_gcc.h ****     \defgroup CMSIS_Core_RegAccFunctions CMSIS Core Register Access Functions
 941:stm/stm32f4xx/CMSIS/Include/cmsis_gcc.h ****   @{
 942:stm/stm32f4xx/CMSIS/Include/cmsis_gcc.h ****  */
 943:stm/stm32f4xx/CMSIS/Include/cmsis_gcc.h **** 
 944:stm/stm32f4xx/CMSIS/Include/cmsis_gcc.h **** /**
 945:stm/stm32f4xx/CMSIS/Include/cmsis_gcc.h ****   \brief   Enable IRQ Interrupts
 946:stm/stm32f4xx/CMSIS/Include/cmsis_gcc.h ****   \details Enables IRQ interrupts by clearing special-purpose register PRIMASK.
 947:stm/stm32f4xx/CMSIS/Include/cmsis_gcc.h ****            Can only be executed in Privileged modes.
 948:stm/stm32f4xx/CMSIS/Include/cmsis_gcc.h ****  */
 949:stm/stm32f4xx/CMSIS/Include/cmsis_gcc.h **** __STATIC_FORCEINLINE void __enable_irq(void)
 950:stm/stm32f4xx/CMSIS/Include/cmsis_gcc.h **** {
 951:stm/stm32f4xx/CMSIS/Include/cmsis_gcc.h ****   __ASM volatile ("cpsie i" : : : "memory");
 952:stm/stm32f4xx/CMSIS/Include/cmsis_gcc.h **** }
 953:stm/stm32f4xx/CMSIS/Include/cmsis_gcc.h **** 
 954:stm/stm32f4xx/CMSIS/Include/cmsis_gcc.h **** 
 955:stm/stm32f4xx/CMSIS/Include/cmsis_gcc.h **** /**
 956:stm/stm32f4xx/CMSIS/Include/cmsis_gcc.h ****   \brief   Disable IRQ Interrupts
 957:stm/stm32f4xx/CMSIS/Include/cmsis_gcc.h ****   \details Disables IRQ interrupts by setting special-purpose register PRIMASK.
 958:stm/stm32f4xx/CMSIS/Include/cmsis_gcc.h ****            Can only be executed in Privileged modes.
 959:stm/stm32f4xx/CMSIS/Include/cmsis_gcc.h ****  */
 960:stm/stm32f4xx/CMSIS/Include/cmsis_gcc.h **** __STATIC_FORCEINLINE void __disable_irq(void)
  38              		.loc 2 960 27 view .LVU2
  39              	.LBB5:
 961:stm/stm32f4xx/CMSIS/Include/cmsis_gcc.h **** {
 962:stm/stm32f4xx/CMSIS/Include/cmsis_gcc.h ****   __ASM volatile ("cpsid i" : : : "memory");
  40              		.loc 2 962 3 view .LVU3
  41              		.syntax unified
  42              	@ 962 "stm/stm32f4xx/CMSIS/Include/cmsis_gcc.h" 1
  43 0000 72B6     		cpsid i
  44              	@ 0 "" 2
  45              		.thumb
  46              		.syntax unified
  47              	.L2:
  48              	.LBE5:
  49              	.LBE4:
   9:stm/stm32f4xx/stm32f4xx_hal_init.c ****   while (1) {
  50              		.loc 1 9 3 view .LVU4
  10:stm/stm32f4xx/stm32f4xx_hal_init.c ****   }
  51              		.loc 1 10 3 view .LVU5
   9:stm/stm32f4xx/stm32f4xx_hal_init.c ****   while (1) {
  52              		.loc 1 9 9 view .LVU6
  53 0002 FEE7     		b	.L2
  54              		.cfi_endproc
ARM GAS  /tmp/ccEh4ZOr.s 			page 19


  55              	.LFE239:
  57              		.section	.text.HAL_MspInit,"ax",%progbits
  58              		.align	1
  59              		.global	HAL_MspInit
  60              		.syntax unified
  61              		.thumb
  62              		.thumb_func
  64              	HAL_MspInit:
  65              	.LFB240:
  11:stm/stm32f4xx/stm32f4xx_hal_init.c **** }
  12:stm/stm32f4xx/stm32f4xx_hal_init.c **** 
  13:stm/stm32f4xx/stm32f4xx_hal_init.c **** /**
  14:stm/stm32f4xx/stm32f4xx_hal_init.c ****  * @brief Initializes the Global MSP.
  15:stm/stm32f4xx/stm32f4xx_hal_init.c ****  *
  16:stm/stm32f4xx/stm32f4xx_hal_init.c ****  */
  17:stm/stm32f4xx/stm32f4xx_hal_init.c **** void HAL_MspInit(void) {
  66              		.loc 1 17 24 view -0
  67              		.cfi_startproc
  68              		@ args = 0, pretend = 0, frame = 8
  69              		@ frame_needed = 0, uses_anonymous_args = 0
  70 0000 00B5     		push	{lr}
  71              	.LCFI0:
  72              		.cfi_def_cfa_offset 4
  73              		.cfi_offset 14, -4
  74 0002 83B0     		sub	sp, sp, #12
  75              	.LCFI1:
  76              		.cfi_def_cfa_offset 16
  18:stm/stm32f4xx/stm32f4xx_hal_init.c ****   __HAL_RCC_SYSCFG_CLK_ENABLE();
  77              		.loc 1 18 3 view .LVU8
  78              	.LBB6:
  79              		.loc 1 18 3 view .LVU9
  80 0004 0022     		movs	r2, #0
  81 0006 0092     		str	r2, [sp]
  82              		.loc 1 18 3 view .LVU10
  83 0008 0D4B     		ldr	r3, .L5
  84 000a 596C     		ldr	r1, [r3, #68]
  85 000c 41F48041 		orr	r1, r1, #16384
  86 0010 5964     		str	r1, [r3, #68]
  87              		.loc 1 18 3 view .LVU11
  88 0012 596C     		ldr	r1, [r3, #68]
  89 0014 01F48041 		and	r1, r1, #16384
  90 0018 0091     		str	r1, [sp]
  91              		.loc 1 18 3 view .LVU12
  92 001a 0099     		ldr	r1, [sp]
  93              	.LBE6:
  94              		.loc 1 18 3 view .LVU13
  19:stm/stm32f4xx/stm32f4xx_hal_init.c ****   __HAL_RCC_PWR_CLK_ENABLE();
  95              		.loc 1 19 3 view .LVU14
  96              	.LBB7:
  97              		.loc 1 19 3 view .LVU15
  98 001c 0192     		str	r2, [sp, #4]
  99              		.loc 1 19 3 view .LVU16
 100 001e 196C     		ldr	r1, [r3, #64]
 101 0020 41F08051 		orr	r1, r1, #268435456
 102 0024 1964     		str	r1, [r3, #64]
 103              		.loc 1 19 3 view .LVU17
 104 0026 1B6C     		ldr	r3, [r3, #64]
ARM GAS  /tmp/ccEh4ZOr.s 			page 20


 105 0028 03F08053 		and	r3, r3, #268435456
 106 002c 0193     		str	r3, [sp, #4]
 107              		.loc 1 19 3 view .LVU18
 108 002e 019B     		ldr	r3, [sp, #4]
 109              	.LBE7:
 110              		.loc 1 19 3 view .LVU19
  20:stm/stm32f4xx/stm32f4xx_hal_init.c **** 
  21:stm/stm32f4xx/stm32f4xx_hal_init.c ****   /* System interrupt init*/
  22:stm/stm32f4xx/stm32f4xx_hal_init.c ****   /* PendSV_IRQn interrupt configuration */
  23:stm/stm32f4xx/stm32f4xx_hal_init.c ****   HAL_NVIC_SetPriority(PendSV_IRQn, 15, 0);
 111              		.loc 1 23 3 view .LVU20
 112 0030 0F21     		movs	r1, #15
 113 0032 6FF00100 		mvn	r0, #1
 114 0036 FFF7FEFF 		bl	HAL_NVIC_SetPriority
 115              	.LVL0:
  24:stm/stm32f4xx/stm32f4xx_hal_init.c **** }
 116              		.loc 1 24 1 is_stmt 0 view .LVU21
 117 003a 03B0     		add	sp, sp, #12
 118              	.LCFI2:
 119              		.cfi_def_cfa_offset 4
 120              		@ sp needed
 121 003c 5DF804FB 		ldr	pc, [sp], #4
 122              	.L6:
 123              		.align	2
 124              	.L5:
 125 0040 00380240 		.word	1073887232
 126              		.cfi_endproc
 127              	.LFE240:
 129              		.section	.text.SystemClock_Config,"ax",%progbits
 130              		.align	1
 131              		.weak	SystemClock_Config
 132              		.syntax unified
 133              		.thumb
 134              		.thumb_func
 136              	SystemClock_Config:
 137              	.LFB241:
  25:stm/stm32f4xx/stm32f4xx_hal_init.c **** 
  26:stm/stm32f4xx/stm32f4xx_hal_init.c **** /**
  27:stm/stm32f4xx/stm32f4xx_hal_init.c ****  * @brief System Clock Configuration
  28:stm/stm32f4xx/stm32f4xx_hal_init.c ****  * @retval None
  29:stm/stm32f4xx/stm32f4xx_hal_init.c ****  */
  30:stm/stm32f4xx/stm32f4xx_hal_init.c **** __weak void SystemClock_Config(void) {
 138              		.loc 1 30 38 is_stmt 1 view -0
 139              		.cfi_startproc
 140              		@ args = 0, pretend = 0, frame = 80
 141              		@ frame_needed = 0, uses_anonymous_args = 0
 142 0000 00B5     		push	{lr}
 143              	.LCFI3:
 144              		.cfi_def_cfa_offset 4
 145              		.cfi_offset 14, -4
 146 0002 95B0     		sub	sp, sp, #84
 147              	.LCFI4:
 148              		.cfi_def_cfa_offset 88
  31:stm/stm32f4xx/stm32f4xx_hal_init.c ****   // Default configuration: Nucleo STM32F446RE
  32:stm/stm32f4xx/stm32f4xx_hal_init.c ****   RCC_OscInitTypeDef RCC_OscInitStruct = {0};
 149              		.loc 1 32 3 view .LVU23
 150              		.loc 1 32 22 is_stmt 0 view .LVU24
ARM GAS  /tmp/ccEh4ZOr.s 			page 21


 151 0004 3422     		movs	r2, #52
 152 0006 0021     		movs	r1, #0
 153 0008 07A8     		add	r0, sp, #28
 154 000a FFF7FEFF 		bl	memset
 155              	.LVL1:
  33:stm/stm32f4xx/stm32f4xx_hal_init.c ****   RCC_ClkInitTypeDef RCC_ClkInitStruct = {0};
 156              		.loc 1 33 3 is_stmt 1 view .LVU25
 157              		.loc 1 33 22 is_stmt 0 view .LVU26
 158 000e 0023     		movs	r3, #0
 159 0010 0293     		str	r3, [sp, #8]
 160 0012 0393     		str	r3, [sp, #12]
 161 0014 0493     		str	r3, [sp, #16]
 162 0016 0593     		str	r3, [sp, #20]
 163 0018 0693     		str	r3, [sp, #24]
  34:stm/stm32f4xx/stm32f4xx_hal_init.c **** 
  35:stm/stm32f4xx/stm32f4xx_hal_init.c ****   /** Configure the main internal regulator output voltage
  36:stm/stm32f4xx/stm32f4xx_hal_init.c ****    */
  37:stm/stm32f4xx/stm32f4xx_hal_init.c ****   __HAL_RCC_PWR_CLK_ENABLE();
 164              		.loc 1 37 3 is_stmt 1 view .LVU27
 165              	.LBB8:
 166              		.loc 1 37 3 view .LVU28
 167 001a 0093     		str	r3, [sp]
 168              		.loc 1 37 3 view .LVU29
 169 001c 204A     		ldr	r2, .L13
 170 001e 116C     		ldr	r1, [r2, #64]
 171 0020 41F08051 		orr	r1, r1, #268435456
 172 0024 1164     		str	r1, [r2, #64]
 173              		.loc 1 37 3 view .LVU30
 174 0026 126C     		ldr	r2, [r2, #64]
 175 0028 02F08052 		and	r2, r2, #268435456
 176 002c 0092     		str	r2, [sp]
 177              		.loc 1 37 3 view .LVU31
 178 002e 009A     		ldr	r2, [sp]
 179              	.LBE8:
 180              		.loc 1 37 3 view .LVU32
  38:stm/stm32f4xx/stm32f4xx_hal_init.c ****   __HAL_PWR_VOLTAGESCALING_CONFIG(PWR_REGULATOR_VOLTAGE_SCALE3);
 181              		.loc 1 38 3 view .LVU33
 182              	.LBB9:
 183              		.loc 1 38 3 view .LVU34
 184 0030 0193     		str	r3, [sp, #4]
 185              		.loc 1 38 3 view .LVU35
 186 0032 1C49     		ldr	r1, .L13+4
 187 0034 0A68     		ldr	r2, [r1]
 188 0036 22F44042 		bic	r2, r2, #49152
 189 003a 42F48042 		orr	r2, r2, #16384
 190 003e 0A60     		str	r2, [r1]
 191              		.loc 1 38 3 view .LVU36
 192 0040 0A68     		ldr	r2, [r1]
 193 0042 02F44042 		and	r2, r2, #49152
 194 0046 0192     		str	r2, [sp, #4]
 195              		.loc 1 38 3 view .LVU37
 196 0048 019A     		ldr	r2, [sp, #4]
 197              	.LBE9:
 198              		.loc 1 38 3 view .LVU38
  39:stm/stm32f4xx/stm32f4xx_hal_init.c **** 
  40:stm/stm32f4xx/stm32f4xx_hal_init.c ****   /** Initializes the RCC Oscillators according to the specified parameters
  41:stm/stm32f4xx/stm32f4xx_hal_init.c ****    * in the RCC_OscInitTypeDef structure.
ARM GAS  /tmp/ccEh4ZOr.s 			page 22


  42:stm/stm32f4xx/stm32f4xx_hal_init.c ****    */
  43:stm/stm32f4xx/stm32f4xx_hal_init.c ****   RCC_OscInitStruct.OscillatorType = RCC_OSCILLATORTYPE_HSI;
 199              		.loc 1 43 3 view .LVU39
 200              		.loc 1 43 36 is_stmt 0 view .LVU40
 201 004a 0222     		movs	r2, #2
 202 004c 0792     		str	r2, [sp, #28]
  44:stm/stm32f4xx/stm32f4xx_hal_init.c ****   RCC_OscInitStruct.HSIState = RCC_HSI_ON;
 203              		.loc 1 44 3 is_stmt 1 view .LVU41
 204              		.loc 1 44 30 is_stmt 0 view .LVU42
 205 004e 0121     		movs	r1, #1
 206 0050 0A91     		str	r1, [sp, #40]
  45:stm/stm32f4xx/stm32f4xx_hal_init.c ****   RCC_OscInitStruct.HSICalibrationValue = RCC_HSICALIBRATION_DEFAULT;
 207              		.loc 1 45 3 is_stmt 1 view .LVU43
 208              		.loc 1 45 41 is_stmt 0 view .LVU44
 209 0052 1021     		movs	r1, #16
 210 0054 0B91     		str	r1, [sp, #44]
  46:stm/stm32f4xx/stm32f4xx_hal_init.c ****   RCC_OscInitStruct.PLL.PLLState = RCC_PLL_ON;
 211              		.loc 1 46 3 is_stmt 1 view .LVU45
 212              		.loc 1 46 34 is_stmt 0 view .LVU46
 213 0056 0D92     		str	r2, [sp, #52]
  47:stm/stm32f4xx/stm32f4xx_hal_init.c ****   RCC_OscInitStruct.PLL.PLLSource = RCC_PLLSOURCE_HSI;
 214              		.loc 1 47 3 is_stmt 1 view .LVU47
 215              		.loc 1 47 35 is_stmt 0 view .LVU48
 216 0058 0E93     		str	r3, [sp, #56]
  48:stm/stm32f4xx/stm32f4xx_hal_init.c ****   RCC_OscInitStruct.PLL.PLLM = 8;
 217              		.loc 1 48 3 is_stmt 1 view .LVU49
 218              		.loc 1 48 30 is_stmt 0 view .LVU50
 219 005a 0823     		movs	r3, #8
 220 005c 0F93     		str	r3, [sp, #60]
  49:stm/stm32f4xx/stm32f4xx_hal_init.c ****   RCC_OscInitStruct.PLL.PLLN = 80;
 221              		.loc 1 49 3 is_stmt 1 view .LVU51
 222              		.loc 1 49 30 is_stmt 0 view .LVU52
 223 005e 5023     		movs	r3, #80
 224 0060 1093     		str	r3, [sp, #64]
  50:stm/stm32f4xx/stm32f4xx_hal_init.c ****   RCC_OscInitStruct.PLL.PLLP = RCC_PLLP_DIV2;
 225              		.loc 1 50 3 is_stmt 1 view .LVU53
 226              		.loc 1 50 30 is_stmt 0 view .LVU54
 227 0062 1192     		str	r2, [sp, #68]
  51:stm/stm32f4xx/stm32f4xx_hal_init.c ****   RCC_OscInitStruct.PLL.PLLQ = 4;
 228              		.loc 1 51 3 is_stmt 1 view .LVU55
 229              		.loc 1 51 30 is_stmt 0 view .LVU56
 230 0064 0423     		movs	r3, #4
 231 0066 1293     		str	r3, [sp, #72]
  52:stm/stm32f4xx/stm32f4xx_hal_init.c ****   if (HAL_RCC_OscConfig(&RCC_OscInitStruct) != HAL_OK) {
 232              		.loc 1 52 3 is_stmt 1 view .LVU57
 233              		.loc 1 52 7 is_stmt 0 view .LVU58
 234 0068 07A8     		add	r0, sp, #28
 235 006a FFF7FEFF 		bl	HAL_RCC_OscConfig
 236              	.LVL2:
 237              		.loc 1 52 6 discriminator 1 view .LVU59
 238 006e 80B9     		cbnz	r0, .L11
 239              	.L8:
  53:stm/stm32f4xx/stm32f4xx_hal_init.c ****     Error_Handler();
  54:stm/stm32f4xx/stm32f4xx_hal_init.c ****   }
  55:stm/stm32f4xx/stm32f4xx_hal_init.c **** 
  56:stm/stm32f4xx/stm32f4xx_hal_init.c ****   /** Initializes the CPU, AHB and APB buses clocks
  57:stm/stm32f4xx/stm32f4xx_hal_init.c ****    */
ARM GAS  /tmp/ccEh4ZOr.s 			page 23


  58:stm/stm32f4xx/stm32f4xx_hal_init.c ****   RCC_ClkInitStruct.ClockType = RCC_CLOCKTYPE_HCLK | RCC_CLOCKTYPE_SYSCLK |
 240              		.loc 1 58 3 is_stmt 1 view .LVU60
 241              		.loc 1 58 31 is_stmt 0 view .LVU61
 242 0070 0F23     		movs	r3, #15
 243 0072 0293     		str	r3, [sp, #8]
  59:stm/stm32f4xx/stm32f4xx_hal_init.c ****                                 RCC_CLOCKTYPE_PCLK1 | RCC_CLOCKTYPE_PCLK2;
  60:stm/stm32f4xx/stm32f4xx_hal_init.c ****   RCC_ClkInitStruct.SYSCLKSource = RCC_SYSCLKSOURCE_PLLCLK;
 244              		.loc 1 60 3 is_stmt 1 view .LVU62
 245              		.loc 1 60 34 is_stmt 0 view .LVU63
 246 0074 0221     		movs	r1, #2
 247 0076 0391     		str	r1, [sp, #12]
  61:stm/stm32f4xx/stm32f4xx_hal_init.c ****   RCC_ClkInitStruct.AHBCLKDivider = RCC_SYSCLK_DIV1;
 248              		.loc 1 61 3 is_stmt 1 view .LVU64
 249              		.loc 1 61 35 is_stmt 0 view .LVU65
 250 0078 0023     		movs	r3, #0
 251 007a 0493     		str	r3, [sp, #16]
  62:stm/stm32f4xx/stm32f4xx_hal_init.c ****   RCC_ClkInitStruct.APB1CLKDivider = RCC_HCLK_DIV2;
 252              		.loc 1 62 3 is_stmt 1 view .LVU66
 253              		.loc 1 62 36 is_stmt 0 view .LVU67
 254 007c 4FF48052 		mov	r2, #4096
 255 0080 0592     		str	r2, [sp, #20]
  63:stm/stm32f4xx/stm32f4xx_hal_init.c ****   RCC_ClkInitStruct.APB2CLKDivider = RCC_HCLK_DIV1;
 256              		.loc 1 63 3 is_stmt 1 view .LVU68
 257              		.loc 1 63 36 is_stmt 0 view .LVU69
 258 0082 0693     		str	r3, [sp, #24]
  64:stm/stm32f4xx/stm32f4xx_hal_init.c **** 
  65:stm/stm32f4xx/stm32f4xx_hal_init.c ****   if (HAL_RCC_ClockConfig(&RCC_ClkInitStruct, FLASH_LATENCY_2) != HAL_OK) {
 259              		.loc 1 65 3 is_stmt 1 view .LVU70
 260              		.loc 1 65 7 is_stmt 0 view .LVU71
 261 0084 02A8     		add	r0, sp, #8
 262 0086 FFF7FEFF 		bl	HAL_RCC_ClockConfig
 263              	.LVL3:
 264              		.loc 1 65 6 discriminator 1 view .LVU72
 265 008a 28B9     		cbnz	r0, .L12
 266              	.L7:
  66:stm/stm32f4xx/stm32f4xx_hal_init.c ****     Error_Handler();
  67:stm/stm32f4xx/stm32f4xx_hal_init.c ****   }
  68:stm/stm32f4xx/stm32f4xx_hal_init.c **** }
 267              		.loc 1 68 1 view .LVU73
 268 008c 15B0     		add	sp, sp, #84
 269              	.LCFI5:
 270              		.cfi_remember_state
 271              		.cfi_def_cfa_offset 4
 272              		@ sp needed
 273 008e 5DF804FB 		ldr	pc, [sp], #4
 274              	.L11:
 275              	.LCFI6:
 276              		.cfi_restore_state
  53:stm/stm32f4xx/stm32f4xx_hal_init.c ****   }
 277              		.loc 1 53 5 is_stmt 1 view .LVU74
 278 0092 FFF7FEFF 		bl	Error_Handler
 279              	.LVL4:
 280 0096 EBE7     		b	.L8
 281              	.L12:
  66:stm/stm32f4xx/stm32f4xx_hal_init.c ****     Error_Handler();
 282              		.loc 1 66 5 view .LVU75
 283 0098 FFF7FEFF 		bl	Error_Handler
ARM GAS  /tmp/ccEh4ZOr.s 			page 24


 284              	.LVL5:
 285              		.loc 1 68 1 is_stmt 0 view .LVU76
 286 009c F6E7     		b	.L7
 287              	.L14:
 288 009e 00BF     		.align	2
 289              	.L13:
 290 00a0 00380240 		.word	1073887232
 291 00a4 00700040 		.word	1073770496
 292              		.cfi_endproc
 293              	.LFE241:
 295              		.text
 296              	.Letext0:
 297              		.file 3 "stm/stm32f4xx/CMSIS/Device/ST/STM32F4xx/Include/stm32f446xx.h"
 298              		.file 4 "/usr/lib/gcc/arm-none-eabi/13.2.1/include/stdint.h"
 299              		.file 5 "stm/stm32f4xx/STM32F4xx_HAL_Driver/Inc/stm32f4xx_hal_def.h"
 300              		.file 6 "stm/stm32f4xx/STM32F4xx_HAL_Driver/Inc/stm32f4xx_hal_rcc_ex.h"
 301              		.file 7 "stm/stm32f4xx/STM32F4xx_HAL_Driver/Inc/stm32f4xx_hal_rcc.h"
 302              		.file 8 "stm/stm32f4xx/STM32F4xx_HAL_Driver/Inc/stm32f4xx_hal_cortex.h"
 303              		.file 9 "<built-in>"
ARM GAS  /tmp/ccEh4ZOr.s 			page 25


DEFINED SYMBOLS
                            *ABS*:00000000 stm32f4xx_hal_init.c
     /tmp/ccEh4ZOr.s:21     .text.Error_Handler:00000000 $t
     /tmp/ccEh4ZOr.s:27     .text.Error_Handler:00000000 Error_Handler
     /tmp/ccEh4ZOr.s:58     .text.HAL_MspInit:00000000 $t
     /tmp/ccEh4ZOr.s:64     .text.HAL_MspInit:00000000 HAL_MspInit
     /tmp/ccEh4ZOr.s:125    .text.HAL_MspInit:00000040 $d
     /tmp/ccEh4ZOr.s:130    .text.SystemClock_Config:00000000 $t
     /tmp/ccEh4ZOr.s:136    .text.SystemClock_Config:00000000 SystemClock_Config
     /tmp/ccEh4ZOr.s:290    .text.SystemClock_Config:000000a0 $d

UNDEFINED SYMBOLS
HAL_NVIC_SetPriority
memset
HAL_RCC_OscConfig
HAL_RCC_ClockConfig
