Archive member included to satisfy reference by file (symbol)

/usr/lib/gcc/arm-none-eabi/13.2.1/../../../arm-none-eabi/lib/thumb/v7e-m+fp/hard/libc_nano.a(libc_a-init.o)
                              /usr/lib/gcc/arm-none-eabi/13.2.1/../../../arm-none-eabi/lib/thumb/v7e-m+fp/hard/crt0.o (__libc_init_array)
/usr/lib/gcc/arm-none-eabi/13.2.1/../../../arm-none-eabi/lib/thumb/v7e-m+fp/hard/libc_nano.a(libc_a-memset.o)
                              /usr/lib/gcc/arm-none-eabi/13.2.1/../../../arm-none-eabi/lib/thumb/v7e-m+fp/hard/crt0.o (memset)
/usr/lib/gcc/arm-none-eabi/13.2.1/../../../arm-none-eabi/lib/thumb/v7e-m+fp/hard/libc_nano.a(libc_a-errno.o)
                              /home/pani_/LHRS/VCAT-Dashboard/firmware/build/syscalls.o (__errno)
/usr/lib/gcc/arm-none-eabi/13.2.1/../../../arm-none-eabi/lib/thumb/v7e-m+fp/hard/libc_nano.a(libc_a-nano-vfprintf_float.o)
                              (_printf_float)
/usr/lib/gcc/arm-none-eabi/13.2.1/../../../arm-none-eabi/lib/thumb/v7e-m+fp/hard/libc_nano.a(libc_a-dtoa.o)
                              /usr/lib/gcc/arm-none-eabi/13.2.1/../../../arm-none-eabi/lib/thumb/v7e-m+fp/hard/libc_nano.a(libc_a-nano-vfprintf_float.o) (_dtoa_r)
/usr/lib/gcc/arm-none-eabi/13.2.1/../../../arm-none-eabi/lib/thumb/v7e-m+fp/hard/libc_nano.a(libc_a-memcpy.o)
                              /home/pani_/LHRS/VCAT-Dashboard/firmware/build/queue.o (memcpy)
/usr/lib/gcc/arm-none-eabi/13.2.1/../../../arm-none-eabi/lib/thumb/v7e-m+fp/hard/libc_nano.a(libc_a-malloc.o)
                              /usr/lib/gcc/arm-none-eabi/13.2.1/../../../arm-none-eabi/lib/thumb/v7e-m+fp/hard/libc_nano.a(libc_a-dtoa.o) (malloc)
/usr/lib/gcc/arm-none-eabi/13.2.1/../../../arm-none-eabi/lib/thumb/v7e-m+fp/hard/libc_nano.a(libc_a-nano-vfprintf_i.o)
                              /usr/lib/gcc/arm-none-eabi/13.2.1/../../../arm-none-eabi/lib/thumb/v7e-m+fp/hard/libc_nano.a(libc_a-nano-vfprintf_float.o) (_printf_common)
/usr/lib/gcc/arm-none-eabi/13.2.1/../../../arm-none-eabi/lib/thumb/v7e-m+fp/hard/libc_nano.a(libc_a-exit.o)
                              /usr/lib/gcc/arm-none-eabi/13.2.1/../../../arm-none-eabi/lib/thumb/v7e-m+fp/hard/crt0.o (exit)
/usr/lib/gcc/arm-none-eabi/13.2.1/../../../arm-none-eabi/lib/thumb/v7e-m+fp/hard/libc_nano.a(libc_a-atexit.o)
                              /usr/lib/gcc/arm-none-eabi/13.2.1/../../../arm-none-eabi/lib/thumb/v7e-m+fp/hard/crt0.o (atexit)
/usr/lib/gcc/arm-none-eabi/13.2.1/../../../arm-none-eabi/lib/thumb/v7e-m+fp/hard/libc_nano.a(libc_a-fini.o)
                              /usr/lib/gcc/arm-none-eabi/13.2.1/../../../arm-none-eabi/lib/thumb/v7e-m+fp/hard/crt0.o (__libc_fini_array)
/usr/lib/gcc/arm-none-eabi/13.2.1/../../../arm-none-eabi/lib/thumb/v7e-m+fp/hard/libc_nano.a(libc_a-assert.o)
                              /usr/lib/gcc/arm-none-eabi/13.2.1/../../../arm-none-eabi/lib/thumb/v7e-m+fp/hard/libc_nano.a(libc_a-dtoa.o) (__assert_func)
/usr/lib/gcc/arm-none-eabi/13.2.1/../../../arm-none-eabi/lib/thumb/v7e-m+fp/hard/libc_nano.a(libc_a-mprec.o)
                              /usr/lib/gcc/arm-none-eabi/13.2.1/../../../arm-none-eabi/lib/thumb/v7e-m+fp/hard/libc_nano.a(libc_a-dtoa.o) (_Balloc)
/usr/lib/gcc/arm-none-eabi/13.2.1/../../../arm-none-eabi/lib/thumb/v7e-m+fp/hard/libc_nano.a(libc_a-impure.o)
                              /usr/lib/gcc/arm-none-eabi/13.2.1/../../../arm-none-eabi/lib/thumb/v7e-m+fp/hard/libc_nano.a(libc_a-errno.o) (_impure_ptr)
/usr/lib/gcc/arm-none-eabi/13.2.1/../../../arm-none-eabi/lib/thumb/v7e-m+fp/hard/libc_nano.a(libc_a-localeconv.o)
                              /usr/lib/gcc/arm-none-eabi/13.2.1/../../../arm-none-eabi/lib/thumb/v7e-m+fp/hard/libc_nano.a(libc_a-nano-vfprintf_float.o) (_localeconv_r)
/usr/lib/gcc/arm-none-eabi/13.2.1/../../../arm-none-eabi/lib/thumb/v7e-m+fp/hard/libc_nano.a(libc_a-findfp.o)
                              /usr/lib/gcc/arm-none-eabi/13.2.1/../../../arm-none-eabi/lib/thumb/v7e-m+fp/hard/libc_nano.a(libc_a-exit.o) (__stdio_exit_handler)
/usr/lib/gcc/arm-none-eabi/13.2.1/../../../arm-none-eabi/lib/thumb/v7e-m+fp/hard/libc_nano.a(libc_a-abort.o)
                              /usr/lib/gcc/arm-none-eabi/13.2.1/../../../arm-none-eabi/lib/thumb/v7e-m+fp/hard/libc_nano.a(libc_a-assert.o) (abort)
/usr/lib/gcc/arm-none-eabi/13.2.1/../../../arm-none-eabi/lib/thumb/v7e-m+fp/hard/libc_nano.a(libc_a-strlen.o)
                              /usr/lib/gcc/arm-none-eabi/13.2.1/../../../arm-none-eabi/lib/thumb/v7e-m+fp/hard/libc_nano.a(libc_a-nano-vfprintf_float.o) (strlen)
/usr/lib/gcc/arm-none-eabi/13.2.1/../../../arm-none-eabi/lib/thumb/v7e-m+fp/hard/libc_nano.a(libc_a-fflush.o)
                              /usr/lib/gcc/arm-none-eabi/13.2.1/../../../arm-none-eabi/lib/thumb/v7e-m+fp/hard/libc_nano.a(libc_a-findfp.o) (_fflush_r)
/usr/lib/gcc/arm-none-eabi/13.2.1/../../../arm-none-eabi/lib/thumb/v7e-m+fp/hard/libc_nano.a(libc_a-callocr.o)
[...]
Memory Configuration

Name             Origin             Length             Attributes
RAM              0x20000000         0x00020000         xrw
FLASH            0x08000000         0x00080000         xr
*default*        0x00000000         0xffffffff

Linker script and memory map

LOAD /usr/lib/gcc/arm-none-eabi/13.2.1/thumb/v7e-m+fp/hard/crti.o
LOAD /usr/lib/gcc/arm-none-eabi/13.2.1/thumb/v7e-m+fp/hard/crtbegin.o
LOAD /usr/lib/gcc/arm-none-eabi/13.2.1/../../../arm-none-eabi/lib/thumb/v7e-m+fp/hard/crt0.o
LOAD /home/pani_/LHRS/VCAT-Dashboard/firmware/build/ISRs.o
LOAD /home/pani_/LHRS/VCAT-Dashboard/firmware/build/init.o
LOAD /home/pani_/LHRS/VCAT-Dashboard/firmware/build/Horn.o
LOAD /home/pani_/LHRS/VCAT-Dashboard/firmware/build/Status_LEDs.o
LOAD /home/pani_/LHRS/VCAT-Dashboard/firmware/build/Switches.o
LOAD /home/pani_/LHRS/VCAT-Dashboard/firmware/build/InitAllTasks.o
LOAD /home/pani_/LHRS/VCAT-Dashboard/firmware/build/Task1.o
LOAD /home/pani_/LHRS/VCAT-Dashboard/firmware/build/Task2.o
LOAD /home/pani_/LHRS/VCAT-Dashboard/firmware/build/Task3.o
LOAD /home/pani_/LHRS/VCAT-Dashboard/firmware/build/Task4.o
LOAD /home/pani_/LHRS/VCAT-Dashboard/firmware/build/Horn_test.o
LOAD /home/pani_/LHRS/VCAT-Dashboard/firmware/build/stm32g4xx_hal.o
LOAD /home/pani_/LHRS/VCAT-Dashboard/firmware/build/stm32g4xx_hal_adc.o
LOAD /home/pani_/LHRS/VCAT-Dashboard/firmware/build/stm32g4xx_hal_adc_ex.o
LOAD /home/pani_/LHRS/VCAT-Dashboard/firmware/build/stm32g4xx_hal_comp.o
LOAD /home/pani_/LHRS/VCAT-Dashboard/firmware/build/stm32g4xx_hal_cordic.o
LOAD /home/pani_/LHRS/VCAT-Dashboard/firmware/build/stm32g4xx_hal_cortex.o
LOAD /home/pani_/LHRS/VCAT-Dashboard/firmware/build/stm32g4xx_hal_crc.o
LOAD /home/pani_/LHRS/VCAT-Dashboard/firmware/build/stm32g4xx_hal_crc_ex.o
LOAD /home/pani_/LHRS/VCAT-Dashboard/firmware/build/stm32g4xx_hal_cryp.o
LOAD /home/pani_/LHRS/VCAT-Dashboard/firmware/build/stm32g4xx_hal_cryp_ex.o
LOAD /home/pani_/LHRS/VCAT-Dashboard/firmware/build/stm32g4xx_hal_dac.o
LOAD /home/pani_/LHRS/VCAT-Dashboard/firmware/build/stm32g4xx_hal_dac_ex.o
LOAD /home/pani_/LHRS/VCAT-Dashboard/firmware/build/stm32g4xx_hal_dma.o
LOAD /home/pani_/LHRS/VCAT-Dashboard/firmware/build/stm32g4xx_hal_dma_ex.o
LOAD /home/pani_/LHRS/VCAT-Dashboard/firmware/build/stm32g4xx_hal_exti.o
LOAD /home/pani_/LHRS/VCAT-Dashboard/firmware/build/stm32g4xx_hal_fdcan.o
LOAD /home/pani_/LHRS/VCAT-Dashboard/firmware/build/stm32g4xx_hal_flash.o
LOAD /home/pani_/LHRS/VCAT-Dashboard/firmware/build/stm32g4xx_hal_flash_ex.o
LOAD /home/pani_/LHRS/VCAT-Dashboard/firmware/build/stm32g4xx_hal_flash_ramfunc.o
LOAD /home/pani_/LHRS/VCAT-Dashboard/firmware/build/stm32g4xx_hal_fmac.o
LOAD /home/pani_/LHRS/VCAT-Dashboard/firmware/build/stm32g4xx_hal_gpio.o
LOAD /home/pani_/LHRS/VCAT-Dashboard/firmware/build/stm32g4xx_hal_hrtim.o
LOAD /home/pani_/LHRS/VCAT-Dashboard/firmware/build/stm32g4xx_hal_i2c.o
LOAD /home/pani_/LHRS/VCAT-Dashboard/firmware/build/stm32g4xx_hal_i2c_ex.o
LOAD /home/pani_/LHRS/VCAT-Dashboard/firmware/build/stm32g4xx_hal_i2s.o
LOAD /home/pani_/LHRS/VCAT-Dashboard/firmware/build/stm32g4xx_hal_irda.o
LOAD /home/pani_/LHRS/VCAT-Dashboard/firmware/build/stm32g4xx_hal_iwdg.o
LOAD /home/pani_/LHRS/VCAT-Dashboard/firmware/build/stm32g4xx_hal_lptim.o
LOAD /home/pani_/LHRS/VCAT-Dashboard/firmware/build/stm32g4xx_hal_nand.o
LOAD /home/pani_/LHRS/VCAT-Dashboard/firmware/build/stm32g4xx_hal_nor.o
LOAD /home/pani_/LHRS/VCAT-Dashboard/firmware/build/stm32g4xx_hal_opamp.o
LOAD /home/pani_/LHRS/VCAT-Dashboard/firmware/build/stm32g4xx_hal_opamp_ex.o
LOAD /home/pani_/LHRS/VCAT-Dashboard/firmware/build/stm32g4xx_hal_pcd.o
LOAD /home/pani_/LHRS/VCAT-Dashboard/firmware/build/stm32g4xx_hal_pcd_ex.o
LOAD /home/pani_/LHRS/VCAT-Dashboard/firmware/build/stm32g4xx_hal_pwr.o
LOAD /home/pani_/LHRS/VCAT-Dashboard/firmware/build/stm32g4xx_hal_pwr_ex.o
LOAD /home/pani_/LHRS/VCAT-Dashboard/firmware/build/stm32g4xx_hal_qspi.o
LOAD /home/pani_/LHRS/VCAT-Dashboard/firmware/build/stm32g4xx_hal_rcc.o
LOAD /home/pani_/LHRS/VCAT-Dashboard/firmware/build/stm32g4xx_hal_rcc_ex.o
LOAD /home/pani_/LHRS/VCAT-Dashboard/firmware/build/stm32g4xx_hal_rng.o
LOAD /home/pani_/LHRS/VCAT-Dashboard/firmware/build/stm32g4xx_hal_rtc.o
LOAD /home/pani_/LHRS/VCAT-Dashboard/firmware/build/stm32g4xx_hal_rtc_ex.o
LOAD /home/pani_/LHRS/VCAT-Dashboard/firmware/build/stm32g4xx_hal_sai.o
LOAD /home/pani_/LHRS/VCAT-Dashboard/firmware/build/stm32g4xx_hal_sai_ex.o
LOAD /home/pani_/LHRS/VCAT-Dashboard/firmware/build/stm32g4xx_hal_smartcard.o
LOAD /home/pani_/LHRS/VCAT-Dashboard/firmware/build/stm32g4xx_hal_smartcard_ex.o
LOAD /home/pani_/LHRS/VCAT-Dashboard/firmware/build/stm32g4xx_hal_smbus.o
LOAD /home/pani_/LHRS/VCAT-Dashboard/firmware/build/stm32g4xx_hal_smbus_ex.o
LOAD /home/pani_/LHRS/VCAT-Dashboard/firmware/build/stm32g4xx_hal_spi.o
LOAD /home/pani_/LHRS/VCAT-Dashboard/firmware/build/stm32g4xx_hal_spi_ex.o
LOAD /home/pani_/LHRS/VCAT-Dashboard/firmware/build/stm32g4xx_hal_sram.o
LOAD /home/pani_/LHRS/VCAT-Dashboard/firmware/build/stm32g4xx_hal_tim.o
LOAD /home/pani_/LHRS/VCAT-Dashboard/firmware/build/stm32g4xx_hal_tim_ex.o
LOAD /home/pani_/LHRS/VCAT-Dashboard/firmware/build/stm32g4xx_hal_uart.o
LOAD /home/pani_/LHRS/VCAT-Dashboard/firmware/build/stm32g4xx_hal_uart_ex.o
LOAD /home/pani_/LHRS/VCAT-Dashboard/firmware/build/stm32g4xx_hal_usart.o
LOAD /home/pani_/LHRS/VCAT-Dashboard/firmware/build/stm32g4xx_hal_usart_ex.o
LOAD /home/pani_/LHRS/VCAT-Dashboard/firmware/build/stm32g4xx_hal_wwdg.o
LOAD /home/pani_/LHRS/VCAT-Dashboard/firmware/build/stm32g4xx_ll_adc.o
LOAD /home/pani_/LHRS/VCAT-Dashboard/firmware/build/stm32g4xx_ll_comp.o
LOAD /home/pani_/LHRS/VCAT-Dashboard/firmware/build/stm32g4xx_ll_cordic.o
LOAD /home/pani_/LHRS/VCAT-Dashboard/firmware/build/stm32g4xx_ll_crc.o
LOAD /home/pani_/LHRS/VCAT-Dashboard/firmware/build/stm32g4xx_ll_crs.o
LOAD /home/pani_/LHRS/VCAT-Dashboard/firmware/build/stm32g4xx_ll_dac.o
LOAD /home/pani_/LHRS/VCAT-Dashboard/firmware/build/stm32g4xx_ll_dma.o
LOAD /home/pani_/LHRS/VCAT-Dashboard/firmware/build/stm32g4xx_ll_exti.o
LOAD /home/pani_/LHRS/VCAT-Dashboard/firmware/build/stm32g4xx_ll_fmac.o
LOAD /home/pani_/LHRS/VCAT-Dashboard/firmware/build/stm32g4xx_ll_fmc.o
LOAD /home/pani_/LHRS/VCAT-Dashboard/firmware/build/stm32g4xx_ll_gpio.o
LOAD /home/pani_/LHRS/VCAT-Dashboard/firmware/build/stm32g4xx_ll_hrtim.o
LOAD /home/pani_/LHRS/VCAT-Dashboard/firmware/build/stm32g4xx_ll_i2c.o
LOAD /home/pani_/LHRS/VCAT-Dashboard/firmware/build/stm32g4xx_ll_lptim.o
LOAD /home/pani_/LHRS/VCAT-Dashboard/firmware/build/stm32g4xx_ll_lpuart.o
LOAD /home/pani_/LHRS/VCAT-Dashboard/firmware/build/stm32g4xx_ll_opamp.o
LOAD /home/pani_/LHRS/VCAT-Dashboard/firmware/build/stm32g4xx_ll_pwr.o
LOAD /home/pani_/LHRS/VCAT-Dashboard/firmware/build/stm32g4xx_ll_rcc.o
LOAD /home/pani_/LHRS/VCAT-Dashboard/firmware/build/stm32g4xx_ll_rng.o
LOAD /home/pani_/LHRS/VCAT-Dashboard/firmware/build/stm32g4xx_ll_rtc.o
LOAD /home/pani_/LHRS/VCAT-Dashboard/firmware/build/stm32g4xx_ll_spi.o
LOAD /home/pani_/LHRS/VCAT-Dashboard/firmware/build/stm32g4xx_ll_tim.o
LOAD /home/pani_/LHRS/VCAT-Dashboard/firmware/build/stm32g4xx_ll_ucpd.o
LOAD /home/pani_/LHRS/VCAT-Dashboard/firmware/build/stm32g4xx_ll_usart.o
LOAD /home/pani_/LHRS/VCAT-Dashboard/firmware/build/stm32g4xx_ll_usb.o
LOAD /home/pani_/LHRS/VCAT-Dashboard/firmware/build/stm32g4xx_ll_utils.o
LOAD /home/pani_/LHRS/VCAT-Dashboard/firmware/build/system_stm32g4xx.o
LOAD /home/pani_/LHRS/VCAT-Dashboard/firmware/build/stm32g4xx_hal_init.o
LOAD /home/pani_/LHRS/VCAT-Dashboard/firmware/build/stm32g4xx_hal_timebase_tim.o
LOAD /home/pani_/LHRS/VCAT-Dashboard/firmware/build/croutine.o
LOAD /home/pani_/LHRS/VCAT-Dashboard/firmware/build/event_groups.o
LOAD /home/pani_/LHRS/VCAT-Dashboard/firmware/build/list.o
LOAD /home/pani_/LHRS/VCAT-Dashboard/firmware/build/queue.o
LOAD /home/pani_/LHRS/VCAT-Dashboard/firmware/build/stream_buffer.o
LOAD /home/pani_/LHRS/VCAT-Dashboard/firmware/build/tasks.o
LOAD /home/pani_/LHRS/VCAT-Dashboard/firmware/build/timers.o
LOAD /home/pani_/LHRS/VCAT-Dashboard/firmware/build/port.o
LOAD /home/pani_/LHRS/VCAT-Dashboard/firmware/build/freertos.o
LOAD /home/pani_/LHRS/VCAT-Dashboard/firmware/build/syscalls.o
LOAD /home/pani_/LHRS/VCAT-Dashboard/firmware/build/sysmem.o
LOAD /home/pani_/LHRS/VCAT-Dashboard/firmware/build/EMC2305.o
LOAD /home/pani_/LHRS/VCAT-Dashboard/firmware/build/SevenSegment.o
LOAD /home/pani_/LHRS/VCAT-Dashboard/firmware/build/printf.o
LOAD /home/pani_/LHRS/VCAT-Dashboard/firmware/build/ADC.o
LOAD /home/pani_/LHRS/VCAT-Dashboard/firmware/build/UART.o
LOAD /home/pani_/LHRS/VCAT-Dashboard/firmware/build/startup_stm32g473xx.o
LOAD /usr/lib/gcc/arm-none-eabi/13.2.1/../../../arm-none-eabi/lib/thumb/v7e-m+fp/hard/libc_nano.a
LOAD /usr/lib/gcc/arm-none-eabi/13.2.1/../../../arm-none-eabi/lib/thumb/v7e-m+fp/hard/librdimon_nano.a
LOAD /usr/lib/gcc/arm-none-eabi/13.2.1/../../../arm-none-eabi/lib/thumb/v7e-m+fp/hard/libc_nano.a
LOAD /usr/lib/gcc/arm-none-eabi/13.2.1/../../../arm-none-eabi/lib/thumb/v7e-m+fp/hard/libm.a
LOAD /usr/lib/gcc/arm-none-eabi/13.2.1/../../../arm-none-eabi/lib/thumb/v7e-m+fp/hard/libnosys.a
START GROUP
LOAD /usr/lib/gcc/arm-none-eabi/13.2.1/thumb/v7e-m+fp/hard/libgcc.a
LOAD /usr/lib/gcc/arm-none-eabi/13.2.1/../../../arm-none-eabi/lib/thumb/v7e-m+fp/hard/libc_nano.a
END GROUP
START GROUP
LOAD /usr/lib/gcc/arm-none-eabi/13.2.1/thumb/v7e-m+fp/hard/libgcc.a
LOAD /usr/lib/gcc/arm-none-eabi/13.2.1/../../../arm-none-eabi/lib/thumb/v7e-m+fp/hard/libc_nano.a
END GROUP
LOAD /usr/lib/gcc/arm-none-eabi/13.2.1/thumb/v7e-m+fp/hard/crtend.o
LOAD /usr/lib/gcc/arm-none-eabi/13.2.1/thumb/v7e-m+fp/hard/crtn.o
                0x20020000                        _estack = (ORIGIN (RAM) + LENGTH (RAM))
                0x00000200                        _Min_Heap_Size = 0x200
                0x00000400                        _Min_Stack_Size = 0x400

.isr_vector     0x08000000      0x1d8
                0x08000000                        . = ALIGN (0x4)
 *(.isr_vector)
 .isr_vector    0x08000000      0x1d8 /home/pani_/LHRS/VCAT-Dashboard/firmware/build/startup_stm32g473xx.o
                0x08000000                g_pfnVectors
                0x080001d8                        . = ALIGN (0x4)

.text           0x08000200     0x74a8
                0x08000200                        . = ALIGN (0x4)
 *(.text)
 .text          0x08000200       0x88 /usr/lib/gcc/arm-none-eabi/13.2.1/thumb/v7e-m+fp/hard/crtbegin.o
 .text          0x08000288       0x50 /usr/lib/gcc/arm-none-eabi/13.2.1/../../../arm-none-eabi/lib/thumb/v7e-m+fp/hard/libc_nano.a(libc_a-init.o)
                0x08000288                __libc_init_array
 .text          0x080002d8       0xa4 /usr/lib/gcc/arm-none-eabi/13.2.1/../../../arm-none-eabi/lib/thumb/v7e-m+fp/hard/libc_nano.a(libc_a-memset.o)
                0x080002d8                memset
 .text          0x0800037c        0xc /usr/lib/gcc/arm-none-eabi/13.2.1/../../../arm-none-eabi/lib/thumb/v7e-m+fp/hard/libc_nano.a(libc_a-errno.o)
                0x0800037c                __errno
 .text          0x08000388      0x6b0 /usr/lib/gcc/arm-none-eabi/13.2.1/../../../arm-none-eabi/lib/thumb/v7e-m+fp/hard/libc_nano.a(libc_a-nano-vfprintf_float.o)
                0x08000388                __cvt
                0x08000498                __exponent
                0x0800051c                _printf_float
 .text          0x08000a38      0xfdc /usr/lib/gcc/arm-none-eabi/13.2.1/../../../arm-none-eabi/lib/thumb/v7e-m+fp/hard/libc_nano.a(libc_a-dtoa.o)
                0x08000b64                _dtoa_r
 .text          0x08001a14      0x134 /usr/lib/gcc/arm-none-eabi/13.2.1/../../../arm-none-eabi/lib/thumb/v7e-m+fp/hard/libc_nano.a(libc_a-memcpy.o)
                0x08001a14                memcpy
 .text          0x08001b48       0x20 /usr/lib/gcc/arm-none-eabi/13.2.1/../../../arm-none-eabi/lib/thumb/v7e-m+fp/hard/libc_nano.a(libc_a-malloc.o)
                0x08001b48                malloc
                0x08001b58                free
 .text          0x08001b68      0x3a8 /usr/lib/gcc/arm-none-eabi/13.2.1/../../../arm-none-eabi/lib/thumb/v7e-m+fp/hard/libc_nano.a(libc_a-nano-vfprintf_i.o)
                0x08001b68                _printf_common
                0x08001c8c                _printf_i
 .text          0x08001f10       0x4c /usr/lib/gcc/arm-none-eabi/13.2.1/../../../arm-none-eabi/lib/thumb/v7e-m+fp/hard/libc_nano.a(libc_a-assert.o)
                0x08001f10                __assert_func
                0x08001f50                __assert
 .text          0x08001f5c      0xb10 /usr/lib/gcc/arm-none-eabi/13.2.1/../../../arm-none-eabi/lib/thumb/v7e-m+fp/hard/libc_nano.a(libc_a-mprec.o)
                0x08001f5c                _Balloc
                0x08001fdc                _Bfree
                0x08002024                __multadd
                0x080020c0                __s2b
                0x08002174                __hi0bits
                0x080021b8                __lo0bits
                0x08002218                __i2b
                0x08002244                __multiply
                0x080023b0                __pow5mult
                0x08002490                __lshift
                0x08002578                __mcmp
                0x080025bc                __mdiff
                0x08002734                __ulp
                0x08002798                __b2d
                0x08002854                __d2b
                0x08002914                __ratio
                0x08002974                _mprec_log10
                0x080029b4                __copybits
                0x08002a10                __any_on
 .text          0x08002a6c       0x14 /usr/lib/gcc/arm-none-eabi/13.2.1/../../../arm-none-eabi/lib/thumb/v7e-m+fp/hard/libc_nano.a(libc_a-localeconv.o)
                0x08002a6c                __localeconv_l
                0x08002a70                _localeconv_r
                0x08002a78                localeconv
 .text          0x08002a80      0x224 /usr/lib/gcc/arm-none-eabi/13.2.1/../../../arm-none-eabi/lib/thumb/v7e-m+fp/hard/libc_nano.a(libc_a-findfp.o)
                0x08002bb0                __sfp
                0x08002c54                __sinit
                0x08002c74                __sfp_lock_acquire
                0x08002c78                __sfp_lock_release
                0x08002c7c                __fp_lock_all
                0x08002c90                __fp_unlock_all
 .text          0x08002ca4       0x10 /usr/lib/gcc/arm-none-eabi/13.2.1/../../../arm-none-eabi/lib/thumb/v7e-m+fp/hard/libc_nano.a(libc_a-abort.o)
                0x08002ca4                abort
 *fill*         0x08002cb4        0xc 
 .text          0x08002cc0       0xd8 /usr/lib/gcc/arm-none-eabi/13.2.1/../../../arm-none-eabi/lib/thumb/v7e-m+fp/hard/libc_nano.a(libc_a-strlen.o)
                0x08002cc0                strlen
 .text          0x08002d98      0x1a8 /usr/lib/gcc/arm-none-eabi/13.2.1/../../../arm-none-eabi/lib/thumb/v7e-m+fp/hard/libc_nano.a(libc_a-fflush.o)
                0x08002d98                __sflush_r
                0x08002ebc                _fflush_r
                0x08002ef4                fflush
 .text          0x08002f40       0x28 /usr/lib/gcc/arm-none-eabi/13.2.1/../../../arm-none-eabi/lib/thumb/v7e-m+fp/hard/libc_nano.a(libc_a-callocr.o)
                0x08002f40                _calloc_r
 .text          0x08002f68      0x148 /usr/lib/gcc/arm-none-eabi/13.2.1/../../../arm-none-eabi/lib/thumb/v7e-m+fp/hard/libc_nano.a(libc_a-mallocr.o)
                0x08002fb0                _malloc_r
 .text          0x080030b0       0xbc /usr/lib/gcc/arm-none-eabi/13.2.1/../../../arm-none-eabi/lib/thumb/v7e-m+fp/hard/libc_nano.a(libc_a-freer.o)
                0x080030b0                _free_r
 .text          0x0800316c       0x44 /usr/lib/gcc/arm-none-eabi/13.2.1/../../../arm-none-eabi/lib/thumb/v7e-m+fp/hard/libc_nano.a(libc_a-fwalk.o)
                0x0800316c                _fwalk_sglue
 .text          0x080031b0       0x30 /usr/lib/gcc/arm-none-eabi/13.2.1/../../../arm-none-eabi/lib/thumb/v7e-m+fp/hard/libc_nano.a(libc_a-wctomb_r.o)
                0x080031b0                _wctomb_r
                0x080031c4                __ascii_wctomb
 .text          0x080031e0       0xa0 /usr/lib/gcc/arm-none-eabi/13.2.1/../../../arm-none-eabi/lib/thumb/v7e-m+fp/hard/libc_nano.a(libc_a-memchr.o)
                0x080031e0                memchr
 .text          0x08003280       0x44 /usr/lib/gcc/arm-none-eabi/13.2.1/../../../arm-none-eabi/lib/thumb/v7e-m+fp/hard/libc_nano.a(libc_a-fprintf.o)
                0x08003280                _fprintf_r
                0x08003280                _fiprintf_r
                0x0800329c                fprintf
                0x0800329c                fiprintf
 .text          0x080032c4        0x8 /usr/lib/gcc/arm-none-eabi/13.2.1/../../../arm-none-eabi/lib/thumb/v7e-m+fp/hard/libc_nano.a(libc_a-mlock.o)
                0x080032c4                __malloc_lock
                0x080032c8                __malloc_unlock
 .text          0x080032cc      0x314 /usr/lib/gcc/arm-none-eabi/13.2.1/../../../arm-none-eabi/lib/thumb/v7e-m+fp/hard/libc_nano.a(libc_a-nano-vfprintf.o)
                0x08003308                __sfputs_r
                0x08003338                __sprint_r
                0x08003358                _vfiprintf_r
                0x08003358                _vfprintf_r
                0x080035c4                vfiprintf
                0x080035c4                vfprintf
 .text          0x080035e0       0xa0 /usr/lib/gcc/arm-none-eabi/13.2.1/../../../arm-none-eabi/lib/thumb/v7e-m+fp/hard/libc_nano.a(libc_a-wbuf.o)
                0x080035e0                __swbuf_r
                0x08003668                __swbuf
 .text          0x08003680       0x24 /usr/lib/gcc/arm-none-eabi/13.2.1/../../../arm-none-eabi/lib/thumb/v7e-m+fp/hard/libc_nano.a(libc_a-sbrkr.o)
                0x08003680                _sbrk_r
 .text          0x080036a4       0x94 /usr/lib/gcc/arm-none-eabi/13.2.1/../../../arm-none-eabi/lib/thumb/v7e-m+fp/hard/libc_nano.a(libc_a-stdio.o)
                0x080036a4                __sread
                0x080036c8                __seofread
                0x080036cc                __swrite
                0x0800370c                __sseek
                0x08003730                __sclose
 .text          0x08003738      0x300 /usr/lib/gcc/arm-none-eabi/13.2.1/../../../arm-none-eabi/lib/thumb/v7e-m+fp/hard/libc_nano.a(libc_a-fvwrite.o)
                0x08003738                __sfvwrite_r
 .text          0x08003a38       0x40 /usr/lib/gcc/arm-none-eabi/13.2.1/../../../arm-none-eabi/lib/thumb/v7e-m+fp/hard/libc_nano.a(libc_a-mbtowc_r.o)
                0x08003a38                _mbtowc_r
                0x08003a4c                __ascii_mbtowc
 .text          0x08003a78      0x260 /usr/lib/gcc/arm-none-eabi/13.2.1/../../../arm-none-eabi/lib/thumb/v7e-m+fp/hard/libc_nano.a(libc_a-signal.o)
                0x08003a78                _init_signal_r
                0x08003aa4                _signal_r
                0x08003af0                _raise_r
                0x08003b40                __sigtramp_r
                0x08003ba0                raise
                0x08003bf4                signal
                0x08003c40                _init_signal
                0x08003c74                __sigtramp
 .text          0x08003cd8       0x24 /usr/lib/gcc/arm-none-eabi/13.2.1/../../../arm-none-eabi/lib/thumb/v7e-m+fp/hard/libc_nano.a(libc_a-closer.o)
                0x08003cd8                _close_r
 .text          0x08003cfc      0x100 /usr/lib/gcc/arm-none-eabi/13.2.1/../../../arm-none-eabi/lib/thumb/v7e-m+fp/hard/libc_nano.a(libc_a-memmove.o)
                0x08003cfc                memmove
 .text          0x08003dfc       0xc4 /usr/lib/gcc/arm-none-eabi/13.2.1/../../../arm-none-eabi/lib/thumb/v7e-m+fp/hard/libc_nano.a(libc_a-wsetup.o)
                0x08003dfc                __swsetup_r
 .text          0x08003ec0       0x2c /usr/lib/gcc/arm-none-eabi/13.2.1/../../../arm-none-eabi/lib/thumb/v7e-m+fp/hard/libc_nano.a(libc_a-readr.o)
                0x08003ec0                _read_r
 .text          0x08003eec       0x64 /usr/lib/gcc/arm-none-eabi/13.2.1/../../../arm-none-eabi/lib/thumb/v7e-m+fp/hard/libc_nano.a(libc_a-reallocr.o)
                0x08003eec                _realloc_r
 .text          0x08003f50      0x114 /usr/lib/gcc/arm-none-eabi/13.2.1/../../../arm-none-eabi/lib/thumb/v7e-m+fp/hard/libc_nano.a(libc_a-makebuf.o)
                0x08003f50                __smakebuf_r
                0x08004014                __swhatbuf_r
 .text          0x08004064       0x2c /usr/lib/gcc/arm-none-eabi/13.2.1/../../../arm-none-eabi/lib/thumb/v7e-m+fp/hard/libc_nano.a(libc_a-lseekr.o)
                0x08004064                _lseek_r
 .text          0x08004090       0x2c /usr/lib/gcc/arm-none-eabi/13.2.1/../../../arm-none-eabi/lib/thumb/v7e-m+fp/hard/libc_nano.a(libc_a-writer.o)
                0x08004090                _write_r
 .text          0x080040bc       0x24 /usr/lib/gcc/arm-none-eabi/13.2.1/../../../arm-none-eabi/lib/thumb/v7e-m+fp/hard/libc_nano.a(libc_a-isattyr.o)
                0x080040bc                _isatty_r
 .text          0x080040e0       0x10 /usr/lib/gcc/arm-none-eabi/13.2.1/../../../arm-none-eabi/lib/thumb/v7e-m+fp/hard/libc_nano.a(libc_a-msizer.o)
                0x080040e0                _malloc_usable_size_r
 .text          0x080040f0       0x30 /usr/lib/gcc/arm-none-eabi/13.2.1/../../../arm-none-eabi/lib/thumb/v7e-m+fp/hard/libc_nano.a(libc_a-signalr.o)
                0x080040f0                _kill_r
                0x0800411c                _getpid_r
 .text          0x08004120       0x2c /usr/lib/gcc/arm-none-eabi/13.2.1/../../../arm-none-eabi/lib/thumb/v7e-m+fp/hard/libc_nano.a(libc_a-fstatr.o)
                0x08004120                _fstat_r
 .text          0x0800414c      0x378 /usr/lib/gcc/arm-none-eabi/13.2.1/thumb/v7e-m+fp/hard/libgcc.a(_arm_addsubdf3.o)
                0x0800414c                __aeabi_drsub
                0x08004154                __aeabi_dsub
                0x08004154                __subdf3
                0x08004158                __adddf3
                0x08004158                __aeabi_dadd
                0x080043d0                __aeabi_ui2d
                0x080043d0                __floatunsidf
                0x080043f0                __floatsidf
                0x080043f0                __aeabi_i2d
                0x08004414                __extendsfdf2
                0x08004414                __aeabi_f2d
                0x08004458                __aeabi_ul2d
                0x08004458                __floatundidf
                0x08004468                __floatdidf
                0x08004468                __aeabi_l2d
 .text          0x080044c4      0x424 /usr/lib/gcc/arm-none-eabi/13.2.1/thumb/v7e-m+fp/hard/libgcc.a(_arm_muldivdf3.o)
                0x080044c4                __aeabi_dmul
                0x080044c4                __muldf3
                0x08004718                __aeabi_ddiv
                0x08004718                __divdf3
 .text          0x080048e8      0x110 /usr/lib/gcc/arm-none-eabi/13.2.1/thumb/v7e-m+fp/hard/libgcc.a(_arm_cmpdf2.o)
                0x080048e8                __gtdf2
                0x080048e8                __gedf2
                0x080048f0                __ltdf2
                0x080048f0                __ledf2
                0x080048f8                __cmpdf2
                0x080048f8                __eqdf2
                0x080048f8                __nedf2
                0x08004974                __aeabi_cdrcmple
                0x08004984                __aeabi_cdcmple
                0x08004984                __aeabi_cdcmpeq
                0x08004994                __aeabi_dcmpeq
                0x080049a8                __aeabi_dcmplt
                0x080049bc                __aeabi_dcmple
                0x080049d0                __aeabi_dcmpge
                0x080049e4                __aeabi_dcmpgt
 .text          0x080049f8       0x2c /usr/lib/gcc/arm-none-eabi/13.2.1/thumb/v7e-m+fp/hard/libgcc.a(_arm_unorddf2.o)
                0x080049f8                __aeabi_dcmpun
                0x080049f8                __unorddf2
 .text          0x08004a24       0x50 /usr/lib/gcc/arm-none-eabi/13.2.1/thumb/v7e-m+fp/hard/libgcc.a(_arm_fixdfsi.o)
                0x08004a24                __fixdfsi
                0x08004a24                __aeabi_d2iz
 *(.text*)
 .text.HAL_GPIO_EXTI_Callback
                0x08004a74       0xb4 /home/pani_/LHRS/VCAT-Dashboard/firmware/build/ISRs.o
                0x08004a74                HAL_GPIO_EXTI_Callback
 .text.EXTI0_IRQHandler
                0x08004b28       0x10 /home/pani_/LHRS/VCAT-Dashboard/firmware/build/ISRs.o
                0x08004b28                EXTI0_IRQHandler
 .text.EXTI2_IRQHandler
                0x08004b38       0x10 /home/pani_/LHRS/VCAT-Dashboard/firmware/build/ISRs.o
                0x08004b38                EXTI2_IRQHandler
 .text.GPIO_Init
                0x08004b48       0x10 /home/pani_/LHRS/VCAT-Dashboard/firmware/build/init.o
                0x08004b48                GPIO_Init
 .text.gpioPin_Init
                0x08004b58       0x3c /home/pani_/LHRS/VCAT-Dashboard/firmware/build/init.o
                0x08004b58                gpioPin_Init
 .text.Horn_GPIO_Init
                0x08004b94       0x14 /home/pani_/LHRS/VCAT-Dashboard/firmware/build/Horn.o
                0x08004b94                Horn_GPIO_Init
 .text.set_Horn
                0x08004ba8       0x24 /home/pani_/LHRS/VCAT-Dashboard/firmware/build/Horn.o
                0x08004ba8                set_Horn
 .text.LED_GPIO_Init
                0x08004bcc       0xd8 /home/pani_/LHRS/VCAT-Dashboard/firmware/build/Status_LEDs.o
                0x08004bcc                LED_GPIO_Init
 .text.set_LED  0x08004ca4       0x18 /home/pani_/LHRS/VCAT-Dashboard/firmware/build/Status_LEDs.o
                0x08004ca4                set_LED
 .text.Switch_GPIO_Init
                0x08004cbc      0x148 /home/pani_/LHRS/VCAT-Dashboard/firmware/build/Switches.o
                0x08004cbc                Switch_GPIO_Init
 .text.get_switch_state
                0x08004e04       0x22 /home/pani_/LHRS/VCAT-Dashboard/firmware/build/Switches.o
                0x08004e04                get_switch_state
 *fill*         0x08004e26        0x2 
 .text.main     0x08004e28       0x48 /home/pani_/LHRS/VCAT-Dashboard/firmware/build/Horn_test.o
                0x08004e28                main
 .text.HAL_Init
                0x08004e70       0x1e /home/pani_/LHRS/VCAT-Dashboard/firmware/build/stm32g4xx_hal.o
                0x08004e70                HAL_Init
 *fill*         0x08004e8e        0x2 
 .text.HAL_IncTick
                0x08004e90       0x18 /home/pani_/LHRS/VCAT-Dashboard/firmware/build/stm32g4xx_hal.o
                0x08004e90                HAL_IncTick
 .text.HAL_GetTick
                0x08004ea8        0xc /home/pani_/LHRS/VCAT-Dashboard/firmware/build/stm32g4xx_hal.o
                0x08004ea8                HAL_GetTick
 .text.HAL_Delay
                0x08004eb4       0x28 /home/pani_/LHRS/VCAT-Dashboard/firmware/build/stm32g4xx_hal.o
                0x08004eb4                HAL_Delay
 .text.HAL_ADC_GetValue
                0x08004edc        0x6 /home/pani_/LHRS/VCAT-Dashboard/firmware/build/stm32g4xx_hal_adc.o
                0x08004edc                HAL_ADC_GetValue
 .text.HAL_ADC_LevelOutOfWindowCallback
                0x08004ee2        0x2 /home/pani_/LHRS/VCAT-Dashboard/firmware/build/stm32g4xx_hal_adc.o
                0x08004ee2                HAL_ADC_LevelOutOfWindowCallback
 .text.HAL_ADC_IRQHandler
                0x08004ee4      0x2e8 /home/pani_/LHRS/VCAT-Dashboard/firmware/build/stm32g4xx_hal_adc.o
                0x08004ee4                HAL_ADC_IRQHandler
 .text.HAL_ADCEx_InjectedConvCpltCallback
                0x080051cc        0x2 /home/pani_/LHRS/VCAT-Dashboard/firmware/build/stm32g4xx_hal_adc_ex.o
                0x080051cc                HAL_ADCEx_InjectedConvCpltCallback
 .text.HAL_ADCEx_InjectedQueueOverflowCallback
                0x080051ce        0x2 /home/pani_/LHRS/VCAT-Dashboard/firmware/build/stm32g4xx_hal_adc_ex.o
                0x080051ce                HAL_ADCEx_InjectedQueueOverflowCallback
 .text.HAL_ADCEx_LevelOutOfWindow2Callback
                0x080051d0        0x2 /home/pani_/LHRS/VCAT-Dashboard/firmware/build/stm32g4xx_hal_adc_ex.o
                0x080051d0                HAL_ADCEx_LevelOutOfWindow2Callback
 .text.HAL_ADCEx_LevelOutOfWindow3Callback
                0x080051d2        0x2 /home/pani_/LHRS/VCAT-Dashboard/firmware/build/stm32g4xx_hal_adc_ex.o
                0x080051d2                HAL_ADCEx_LevelOutOfWindow3Callback
 .text.HAL_ADCEx_EndOfSamplingCallback
                0x080051d4        0x2 /home/pani_/LHRS/VCAT-Dashboard/firmware/build/stm32g4xx_hal_adc_ex.o
                0x080051d4                HAL_ADCEx_EndOfSamplingCallback
 *fill*         0x080051d6        0x2 
 .text.__NVIC_EnableIRQ
                0x080051d8       0x1c /home/pani_/LHRS/VCAT-Dashboard/firmware/build/stm32g4xx_hal_cortex.o
 .text.__NVIC_SetPriority
                0x080051f4       0x28 /home/pani_/LHRS/VCAT-Dashboard/firmware/build/stm32g4xx_hal_cortex.o
 .text.NVIC_EncodePriority
                0x0800521c       0x3e /home/pani_/LHRS/VCAT-Dashboard/firmware/build/stm32g4xx_hal_cortex.o
 *fill*         0x0800525a        0x2 
 .text.HAL_NVIC_SetPriorityGrouping
                0x0800525c       0x24 /home/pani_/LHRS/VCAT-Dashboard/firmware/build/stm32g4xx_hal_cortex.o
                0x0800525c                HAL_NVIC_SetPriorityGrouping
 .text.HAL_NVIC_SetPriority
                0x08005280       0x20 /home/pani_/LHRS/VCAT-Dashboard/firmware/build/stm32g4xx_hal_cortex.o
                0x08005280                HAL_NVIC_SetPriority
 .text.HAL_NVIC_EnableIRQ
                0x080052a0        0x8 /home/pani_/LHRS/VCAT-Dashboard/firmware/build/stm32g4xx_hal_cortex.o
                0x080052a0                HAL_NVIC_EnableIRQ
 .text.HAL_DMA_Abort
                0x080052a8       0x6c /home/pani_/LHRS/VCAT-Dashboard/firmware/build/stm32g4xx_hal_dma.o
                0x080052a8                HAL_DMA_Abort
 .text.HAL_DMA_Abort_IT
                0x08005314       0x7e /home/pani_/LHRS/VCAT-Dashboard/firmware/build/stm32g4xx_hal_dma.o
                0x08005314                HAL_DMA_Abort_IT
 *fill*         0x08005392        0x2 
 .text.HAL_GPIO_Init
                0x08005394      0x1e0 /home/pani_/LHRS/VCAT-Dashboard/firmware/build/stm32g4xx_hal_gpio.o
                0x08005394                HAL_GPIO_Init
 .text.HAL_GPIO_ReadPin
                0x08005574        0xe /home/pani_/LHRS/VCAT-Dashboard/firmware/build/stm32g4xx_hal_gpio.o
                0x08005574                HAL_GPIO_ReadPin
 .text.HAL_GPIO_WritePin
                0x08005582        0xa /home/pani_/LHRS/VCAT-Dashboard/firmware/build/stm32g4xx_hal_gpio.o
                0x08005582                HAL_GPIO_WritePin
 .text.HAL_GPIO_EXTI_IRQHandler
                0x0800558c       0x1c /home/pani_/LHRS/VCAT-Dashboard/firmware/build/stm32g4xx_hal_gpio.o
                0x0800558c                HAL_GPIO_EXTI_IRQHandler
 .text.HAL_PWREx_DisableUCPDDeadBattery
                0x080055a8       0x10 /home/pani_/LHRS/VCAT-Dashboard/firmware/build/stm32g4xx_hal_pwr_ex.o
                0x080055a8                HAL_PWREx_DisableUCPDDeadBattery
 .text.HAL_RCC_GetHCLKFreq
                0x080055b8        0xc /home/pani_/LHRS/VCAT-Dashboard/firmware/build/stm32g4xx_hal_rcc.o
                0x080055b8                HAL_RCC_GetHCLKFreq
 .text.HAL_RCC_GetPCLK1Freq
                0x080055c4       0x24 /home/pani_/LHRS/VCAT-Dashboard/firmware/build/stm32g4xx_hal_rcc.o
                0x080055c4                HAL_RCC_GetPCLK1Freq
 .text.HAL_RCC_GetClockConfig
                0x080055e8       0x3c /home/pani_/LHRS/VCAT-Dashboard/firmware/build/stm32g4xx_hal_rcc.o
                0x080055e8                HAL_RCC_GetClockConfig
 .text.HAL_TIM_Base_MspInit
                0x08005624        0x2 /home/pani_/LHRS/VCAT-Dashboard/firmware/build/stm32g4xx_hal_tim.o
                0x08005624                HAL_TIM_Base_MspInit
 *fill*         0x08005626        0x2 
 .text.HAL_TIM_Base_Start_IT
                0x08005628       0x94 /home/pani_/LHRS/VCAT-Dashboard/firmware/build/stm32g4xx_hal_tim.o
                0x08005628                HAL_TIM_Base_Start_IT
 .text.HAL_TIM_OC_DelayElapsedCallback
                0x080056bc        0x2 /home/pani_/LHRS/VCAT-Dashboard/firmware/build/stm32g4xx_hal_tim.o
                0x080056bc                HAL_TIM_OC_DelayElapsedCallback
 .text.HAL_TIM_IC_CaptureCallback
                0x080056be        0x2 /home/pani_/LHRS/VCAT-Dashboard/firmware/build/stm32g4xx_hal_tim.o
                0x080056be                HAL_TIM_IC_CaptureCallback
 .text.HAL_TIM_PWM_PulseFinishedCallback
                0x080056c0        0x2 /home/pani_/LHRS/VCAT-Dashboard/firmware/build/stm32g4xx_hal_tim.o
                0x080056c0                HAL_TIM_PWM_PulseFinishedCallback
 .text.HAL_TIM_TriggerCallback
                0x080056c2        0x2 /home/pani_/LHRS/VCAT-Dashboard/firmware/build/stm32g4xx_hal_tim.o
                0x080056c2                HAL_TIM_TriggerCallback
 .text.HAL_TIM_IRQHandler
                0x080056c4      0x1ea /home/pani_/LHRS/VCAT-Dashboard/firmware/build/stm32g4xx_hal_tim.o
                0x080056c4                HAL_TIM_IRQHandler
 *fill*         0x080058ae        0x2 
 .text.TIM_Base_SetConfig
                0x080058b0       0xe8 /home/pani_/LHRS/VCAT-Dashboard/firmware/build/stm32g4xx_hal_tim.o
                0x080058b0                TIM_Base_SetConfig
 .text.HAL_TIM_Base_Init
                0x08005998       0x60 /home/pani_/LHRS/VCAT-Dashboard/firmware/build/stm32g4xx_hal_tim.o
                0x08005998                HAL_TIM_Base_Init
 .text.HAL_TIMEx_CommutCallback
                0x080059f8        0x2 /home/pani_/LHRS/VCAT-Dashboard/firmware/build/stm32g4xx_hal_tim_ex.o
                0x080059f8                HAL_TIMEx_CommutCallback
 .text.HAL_TIMEx_BreakCallback
                0x080059fa        0x2 /home/pani_/LHRS/VCAT-Dashboard/firmware/build/stm32g4xx_hal_tim_ex.o
                0x080059fa                HAL_TIMEx_BreakCallback
 .text.HAL_TIMEx_Break2Callback
                0x080059fc        0x2 /home/pani_/LHRS/VCAT-Dashboard/firmware/build/stm32g4xx_hal_tim_ex.o
                0x080059fc                HAL_TIMEx_Break2Callback
 .text.HAL_TIMEx_EncoderIndexCallback
                0x080059fe        0x2 /home/pani_/LHRS/VCAT-Dashboard/firmware/build/stm32g4xx_hal_tim_ex.o
                0x080059fe                HAL_TIMEx_EncoderIndexCallback
 .text.HAL_TIMEx_DirectionChangeCallback
                0x08005a00        0x2 /home/pani_/LHRS/VCAT-Dashboard/firmware/build/stm32g4xx_hal_tim_ex.o
                0x08005a00                HAL_TIMEx_DirectionChangeCallback
 .text.HAL_TIMEx_IndexErrorCallback
                0x08005a02        0x2 /home/pani_/LHRS/VCAT-Dashboard/firmware/build/stm32g4xx_hal_tim_ex.o
                0x08005a02                HAL_TIMEx_IndexErrorCallback
 .text.HAL_TIMEx_TransitionErrorCallback
                0x08005a04        0x2 /home/pani_/LHRS/VCAT-Dashboard/firmware/build/stm32g4xx_hal_tim_ex.o
                0x08005a04                HAL_TIMEx_TransitionErrorCallback
 .text.UART_EndRxTransfer
                0x08005a06       0x56 /home/pani_/LHRS/VCAT-Dashboard/firmware/build/stm32g4xx_hal_uart.o
 .text.UART_TxISR_8BIT
                0x08005a5c       0x56 /home/pani_/LHRS/VCAT-Dashboard/firmware/build/stm32g4xx_hal_uart.o
 .text.UART_TxISR_16BIT
                0x08005ab2       0x5a /home/pani_/LHRS/VCAT-Dashboard/firmware/build/stm32g4xx_hal_uart.o
 .text.UART_TxISR_8BIT_FIFOEN
                0x08005b0c       0x74 /home/pani_/LHRS/VCAT-Dashboard/firmware/build/stm32g4xx_hal_uart.o
 .text.UART_TxISR_16BIT_FIFOEN
                0x08005b80       0x78 /home/pani_/LHRS/VCAT-Dashboard/firmware/build/stm32g4xx_hal_uart.o
 .text.HAL_UART_Transmit_IT
                0x08005bf8       0xac /home/pani_/LHRS/VCAT-Dashboard/firmware/build/stm32g4xx_hal_uart.o
                0x08005bf8                HAL_UART_Transmit_IT
 .text.UART_EndTransmit_IT
                0x08005ca4       0x24 /home/pani_/LHRS/VCAT-Dashboard/firmware/build/stm32g4xx_hal_uart.o
 .text.HAL_UART_ErrorCallback
                0x08005cc8        0x2 /home/pani_/LHRS/VCAT-Dashboard/firmware/build/stm32g4xx_hal_uart.o
                0x08005cc8                HAL_UART_ErrorCallback
 .text.UART_DMAAbortOnError
                0x08005cca       0x10 /home/pani_/LHRS/VCAT-Dashboard/firmware/build/stm32g4xx_hal_uart.o
 .text.HAL_UARTEx_RxEventCallback
                0x08005cda        0x2 /home/pani_/LHRS/VCAT-Dashboard/firmware/build/stm32g4xx_hal_uart.o
                0x08005cda                HAL_UARTEx_RxEventCallback
 .text.HAL_UART_IRQHandler
                0x08005cdc      0x360 /home/pani_/LHRS/VCAT-Dashboard/firmware/build/stm32g4xx_hal_uart.o
                0x08005cdc                HAL_UART_IRQHandler
 .text.HAL_UART_GetState
                0x0800603c        0xc /home/pani_/LHRS/VCAT-Dashboard/firmware/build/stm32g4xx_hal_uart.o
                0x0800603c                HAL_UART_GetState
 .text.HAL_UARTEx_WakeupCallback
                0x08006048        0x2 /home/pani_/LHRS/VCAT-Dashboard/firmware/build/stm32g4xx_hal_uart_ex.o
                0x08006048                HAL_UARTEx_WakeupCallback
 .text.HAL_UARTEx_RxFifoFullCallback
                0x0800604a        0x2 /home/pani_/LHRS/VCAT-Dashboard/firmware/build/stm32g4xx_hal_uart_ex.o
                0x0800604a                HAL_UARTEx_RxFifoFullCallback
 .text.HAL_UARTEx_TxFifoEmptyCallback
                0x0800604c        0x2 /home/pani_/LHRS/VCAT-Dashboard/firmware/build/stm32g4xx_hal_uart_ex.o
                0x0800604c                HAL_UARTEx_TxFifoEmptyCallback
 *fill*         0x0800604e        0x2 
 .text.SystemInit
                0x08006050       0x1c /home/pani_/LHRS/VCAT-Dashboard/firmware/build/system_stm32g4xx.o
                0x08006050                SystemInit
 .text.HAL_MspInit
                0x0800606c       0x44 /home/pani_/LHRS/VCAT-Dashboard/firmware/build/stm32g4xx_hal_init.o
                0x0800606c                HAL_MspInit
 .text.HAL_InitTick
                0x080060b0       0xa8 /home/pani_/LHRS/VCAT-Dashboard/firmware/build/stm32g4xx_hal_timebase_tim.o
                0x080060b0                HAL_InitTick
 .text.HAL_TIM_PeriodElapsedCallback
                0x08006158        0x8 /home/pani_/LHRS/VCAT-Dashboard/firmware/build/stm32g4xx_hal_timebase_tim.o
                0x08006158                HAL_TIM_PeriodElapsedCallback
 .text.TIM6_DAC_IRQHandler
                0x08006160       0x10 /home/pani_/LHRS/VCAT-Dashboard/firmware/build/stm32g4xx_hal_timebase_tim.o
                0x08006160                TIM6_DAC_IRQHandler
 .text.vListInsert
                0x08006170       0x32 /home/pani_/LHRS/VCAT-Dashboard/firmware/build/list.o
                0x08006170                vListInsert
 .text.uxListRemove
                0x080061a2       0x24 /home/pani_/LHRS/VCAT-Dashboard/firmware/build/list.o
                0x080061a2                uxListRemove
 .text.prvIsQueueFull
                0x080061c6       0x1e /home/pani_/LHRS/VCAT-Dashboard/firmware/build/queue.o
 .text.prvIsQueueEmpty
                0x080061e4       0x1a /home/pani_/LHRS/VCAT-Dashboard/firmware/build/queue.o
 .text.prvCopyDataToQueue
                0x080061fe       0x76 /home/pani_/LHRS/VCAT-Dashboard/firmware/build/queue.o
 .text.prvCopyDataFromQueue
                0x08006274       0x24 /home/pani_/LHRS/VCAT-Dashboard/firmware/build/queue.o
 .text.prvUnlockQueue
                0x08006298       0x6e /home/pani_/LHRS/VCAT-Dashboard/firmware/build/queue.o
 .text.xQueueGenericSend
                0x08006306      0x188 /home/pani_/LHRS/VCAT-Dashboard/firmware/build/queue.o
                0x08006306                xQueueGenericSend
 .text.xQueueGenericSendFromISR
                0x0800648e       0xf2 /home/pani_/LHRS/VCAT-Dashboard/firmware/build/queue.o
                0x0800648e                xQueueGenericSendFromISR
 .text.xQueueReceive
                0x08006580      0x15e /home/pani_/LHRS/VCAT-Dashboard/firmware/build/queue.o
                0x08006580                xQueueReceive
 .text.xQueueReceiveFromISR
                0x080066de       0xd2 /home/pani_/LHRS/VCAT-Dashboard/firmware/build/queue.o
                0x080066de                xQueueReceiveFromISR
 .text.uxQueueMessagesWaiting
                0x080067b0       0x26 /home/pani_/LHRS/VCAT-Dashboard/firmware/build/queue.o
                0x080067b0                uxQueueMessagesWaiting
 *fill*         0x080067d6        0x2 
 .text.prvResetNextTaskUnblockTime
                0x080067d8       0x28 /home/pani_/LHRS/VCAT-Dashboard/firmware/build/tasks.o
 .text.prvAddCurrentTaskToDelayedList
                0x08006800       0xbc /home/pani_/LHRS/VCAT-Dashboard/firmware/build/tasks.o
 .text.vTaskSuspendAll
                0x080068bc       0x10 /home/pani_/LHRS/VCAT-Dashboard/firmware/build/tasks.o
                0x080068bc                vTaskSuspendAll
 .text.uxTaskGetNumberOfTasks
                0x080068cc        0xc /home/pani_/LHRS/VCAT-Dashboard/firmware/build/tasks.o
                0x080068cc                uxTaskGetNumberOfTasks
 .text.xTaskIncrementTick
                0x080068d8      0x178 /home/pani_/LHRS/VCAT-Dashboard/firmware/build/tasks.o
                0x080068d8                xTaskIncrementTick
 .text.xTaskResumeAll
                0x08006a50      0x158 /home/pani_/LHRS/VCAT-Dashboard/firmware/build/tasks.o
                0x08006a50                xTaskResumeAll
 .text.vTaskDelay
                0x08006ba8       0x50 /home/pani_/LHRS/VCAT-Dashboard/firmware/build/tasks.o
                0x08006ba8                vTaskDelay
 .text.vTaskSwitchContext
                0x08006bf8       0x98 /home/pani_/LHRS/VCAT-Dashboard/firmware/build/tasks.o
                0x08006bf8                vTaskSwitchContext
 .text.vTaskPlaceOnEventList
                0x08006c90       0x30 /home/pani_/LHRS/VCAT-Dashboard/firmware/build/tasks.o
                0x08006c90                vTaskPlaceOnEventList
 .text.xTaskRemoveFromEventList
                0x08006cc0       0xf8 /home/pani_/LHRS/VCAT-Dashboard/firmware/build/tasks.o
                0x08006cc0                xTaskRemoveFromEventList
 .text.vTaskInternalSetTimeOutState
                0x08006db8       0x18 /home/pani_/LHRS/VCAT-Dashboard/firmware/build/tasks.o
                0x08006db8                vTaskInternalSetTimeOutState
 .text.xTaskCheckForTimeOut
                0x08006dd0       0x88 /home/pani_/LHRS/VCAT-Dashboard/firmware/build/tasks.o
                0x08006dd0                xTaskCheckForTimeOut
 .text.vTaskMissedYield
                0x08006e58        0xc /home/pani_/LHRS/VCAT-Dashboard/firmware/build/tasks.o
                0x08006e58                vTaskMissedYield
 .text.xTaskGetSchedulerState
                0x08006e64       0x20 /home/pani_/LHRS/VCAT-Dashboard/firmware/build/tasks.o
                0x08006e64                xTaskGetSchedulerState
 .text.xTaskPriorityDisinherit
                0x08006e84       0xc4 /home/pani_/LHRS/VCAT-Dashboard/firmware/build/tasks.o
                0x08006e84                xTaskPriorityDisinherit
 *fill*         0x08006f48        0x8 
 .text.SVC_Handler
                0x08006f50       0x24 /home/pani_/LHRS/VCAT-Dashboard/firmware/build/port.o
                0x08006f50                SVC_Handler
 *fill*         0x08006f74        0xc 
 .text.PendSV_Handler
                0x08006f80       0x64 /home/pani_/LHRS/VCAT-Dashboard/firmware/build/port.o
                0x08006f80                PendSV_Handler
 .text.vPortEnterCritical
                0x08006fe4       0x44 /home/pani_/LHRS/VCAT-Dashboard/firmware/build/port.o
                0x08006fe4                vPortEnterCritical
 .text.vPortExitCritical
                0x08007028       0x2c /home/pani_/LHRS/VCAT-Dashboard/firmware/build/port.o
                0x08007028                vPortExitCritical
 .text.SysTick_Handler
                0x08007054       0x2c /home/pani_/LHRS/VCAT-Dashboard/firmware/build/port.o
                0x08007054                SysTick_Handler
 .text.vPortValidateInterruptPriority
                0x08007080       0x5c /home/pani_/LHRS/VCAT-Dashboard/firmware/build/port.o
                0x08007080                vPortValidateInterruptPriority
 .text._getpid  0x080070dc        0x4 /home/pani_/LHRS/VCAT-Dashboard/firmware/build/syscalls.o
                0x080070dc                _getpid
 .text._kill    0x080070e0       0x10 /home/pani_/LHRS/VCAT-Dashboard/firmware/build/syscalls.o
                0x080070e0                _kill
 .text._exit    0x080070f0        0xc /home/pani_/LHRS/VCAT-Dashboard/firmware/build/syscalls.o
                0x080070f0                _exit
 .text._read    0x080070fc       0x20 /home/pani_/LHRS/VCAT-Dashboard/firmware/build/syscalls.o
                0x080070fc                _read
 .text._write   0x0800711c       0x1c /home/pani_/LHRS/VCAT-Dashboard/firmware/build/syscalls.o
                0x0800711c                _write
 .text._close   0x08007138        0x6 /home/pani_/LHRS/VCAT-Dashboard/firmware/build/syscalls.o
                0x08007138                _close
 .text._fstat   0x0800713e        0xa /home/pani_/LHRS/VCAT-Dashboard/firmware/build/syscalls.o
                0x0800713e                _fstat
 .text._isatty  0x08007148        0x4 /home/pani_/LHRS/VCAT-Dashboard/firmware/build/syscalls.o
                0x08007148                _isatty
 .text._lseek   0x0800714c        0x4 /home/pani_/LHRS/VCAT-Dashboard/firmware/build/syscalls.o
                0x0800714c                _lseek
 .text._sbrk    0x08007150       0x48 /home/pani_/LHRS/VCAT-Dashboard/firmware/build/sysmem.o
                0x08007150                _sbrk
 .text.__io_getchar
                0x08007198       0x38 /home/pani_/LHRS/VCAT-Dashboard/firmware/build/printf.o
                0x08007198                __io_getchar
 .text.__io_putchar
                0x080071d0       0x34 /home/pani_/LHRS/VCAT-Dashboard/firmware/build/printf.o
                0x080071d0                __io_putchar
 .text.adc_hook
                0x08007204        0x4 /home/pani_/LHRS/VCAT-Dashboard/firmware/build/ADC.o
                0x08007204                adc_hook
 .text.HAL_ADC_ConvCpltCallback
                0x08007208       0xa4 /home/pani_/LHRS/VCAT-Dashboard/firmware/build/ADC.o
                0x08007208                HAL_ADC_ConvCpltCallback
 .text.ADC1_2_IRQHandler
                0x080072ac       0x1c /home/pani_/LHRS/VCAT-Dashboard/firmware/build/ADC.o
                0x080072ac                ADC1_2_IRQHandler
 .text.ADC3_IRQHandler
                0x080072c8       0x10 /home/pani_/LHRS/VCAT-Dashboard/firmware/build/ADC.o
                0x080072c8                ADC3_IRQHandler
 .text.HAL_ADC_ErrorCallback
                0x080072d8        0xc /home/pani_/LHRS/VCAT-Dashboard/firmware/build/ADC.o
                0x080072d8                HAL_ADC_ErrorCallback
 .text.is_uart_initialized
                0x080072e4        0xc /home/pani_/LHRS/VCAT-Dashboard/firmware/build/UART.o
 .text.uart_send
                0x080072f0      0x140 /home/pani_/LHRS/VCAT-Dashboard/firmware/build/UART.o
                0x080072f0                uart_send
 .text.uart_recv
                0x08007430       0xe0 /home/pani_/LHRS/VCAT-Dashboard/firmware/build/UART.o
                0x08007430                uart_recv
 .text.HAL_UART_TxCpltCallback
                0x08007510       0xdc /home/pani_/LHRS/VCAT-Dashboard/firmware/build/UART.o
                0x08007510                HAL_UART_TxCpltCallback
 .text.UART4_IRQHandler
                0x080075ec       0x10 /home/pani_/LHRS/VCAT-Dashboard/firmware/build/UART.o
                0x080075ec                UART4_IRQHandler
 .text.UART5_IRQHandler
                0x080075fc       0x10 /home/pani_/LHRS/VCAT-Dashboard/firmware/build/UART.o
                0x080075fc                UART5_IRQHandler
 .text.USART1_IRQHandler
                0x0800760c       0x10 /home/pani_/LHRS/VCAT-Dashboard/firmware/build/UART.o
                0x0800760c                USART1_IRQHandler
 .text.USART2_IRQHandler
                0x0800761c       0x10 /home/pani_/LHRS/VCAT-Dashboard/firmware/build/UART.o
                0x0800761c                USART2_IRQHandler
 .text.USART3_IRQHandler
                0x0800762c       0x10 /home/pani_/LHRS/VCAT-Dashboard/firmware/build/UART.o
                0x0800762c                USART3_IRQHandler
 .text.Reset_Handler
                0x0800763c       0x50 /home/pani_/LHRS/VCAT-Dashboard/firmware/build/startup_stm32g473xx.o
                0x0800763c                Reset_Handler
 .text.Default_Handler
                0x0800768c        0x2 /home/pani_/LHRS/VCAT-Dashboard/firmware/build/startup_stm32g473xx.o
                0x0800768c                RTC_Alarm_IRQHandler
                0x0800768c                TIM8_TRG_COM_IRQHandler
                0x0800768c                TIM8_CC_IRQHandler
                0x0800768c                DebugMon_Handler
                0x0800768c                SPI4_IRQHandler
                0x0800768c                FDCAN3_IT0_IRQHandler
                0x0800768c                TIM1_CC_IRQHandler
                0x0800768c                HardFault_Handler
                0x0800768c                USB_HP_IRQHandler
                0x0800768c                CORDIC_IRQHandler
                0x0800768c                DMA2_Channel8_IRQHandler
                0x0800768c                NMI_Handler
                0x0800768c                EXTI3_IRQHandler
                0x0800768c                I2C3_ER_IRQHandler
                0x0800768c                I2C2_EV_IRQHandler
                0x0800768c                FPU_IRQHandler
                0x0800768c                FDCAN1_IT1_IRQHandler
                0x0800768c                TIM1_UP_TIM16_IRQHandler
                0x0800768c                UsageFault_Handler
                0x0800768c                SPI1_IRQHandler
                0x0800768c                TIM8_UP_IRQHandler
                0x0800768c                DMA2_Channel2_IRQHandler
                0x0800768c                DMA1_Channel4_IRQHandler
                0x0800768c                TIM20_TRG_COM_IRQHandler
                0x0800768c                DMA1_Channel7_IRQHandler
                0x0800768c                TIM4_IRQHandler
                0x0800768c                DMA2_Channel1_IRQHandler
                0x0800768c                QUADSPI_IRQHandler
                0x0800768c                I2C1_EV_IRQHandler
                0x0800768c                DMA1_Channel6_IRQHandler
                0x0800768c                DMA2_Channel4_IRQHandler
                0x0800768c                TIM3_IRQHandler
                0x0800768c                RCC_IRQHandler
                0x0800768c                TIM20_UP_IRQHandler
                0x0800768c                DMA1_Channel1_IRQHandler
                0x0800768c                Default_Handler
                0x0800768c                DMA2_Channel7_IRQHandler
                0x0800768c                RTC_TAMP_LSECSS_IRQHandler
                0x0800768c                FMAC_IRQHandler
                0x0800768c                EXTI15_10_IRQHandler
                0x0800768c                DMA1_Channel8_IRQHandler
                0x0800768c                TIM7_DAC_IRQHandler
                0x0800768c                FDCAN3_IT1_IRQHandler
                0x0800768c                TIM5_IRQHandler
                0x0800768c                UCPD1_IRQHandler
                0x0800768c                I2C3_EV_IRQHandler
                0x0800768c                EXTI9_5_IRQHandler
                0x0800768c                RTC_WKUP_IRQHandler
                0x0800768c                PVD_PVM_IRQHandler
                0x0800768c                SPI2_IRQHandler
                0x0800768c                MemManage_Handler
                0x0800768c                ADC5_IRQHandler
                0x0800768c                DMA2_Channel5_IRQHandler
                0x0800768c                CRS_IRQHandler
                0x0800768c                DMA1_Channel5_IRQHandler
                0x0800768c                USB_LP_IRQHandler
                0x0800768c                EXTI4_IRQHandler
                0x0800768c                RNG_IRQHandler
                0x0800768c                TIM1_TRG_COM_TIM17_IRQHandler
                0x0800768c                FDCAN2_IT1_IRQHandler
                0x0800768c                DMA1_Channel3_IRQHandler
                0x0800768c                ADC4_IRQHandler
                0x0800768c                WWDG_IRQHandler
                0x0800768c                I2C4_EV_IRQHandler
                0x0800768c                FDCAN2_IT0_IRQHandler
                0x0800768c                LPUART1_IRQHandler
                0x0800768c                DMA2_Channel6_IRQHandler
                0x0800768c                FDCAN1_IT0_IRQHandler
                0x0800768c                TIM2_IRQHandler
                0x0800768c                COMP7_IRQHandler
                0x0800768c                COMP1_2_3_IRQHandler
                0x0800768c                EXTI1_IRQHandler
                0x0800768c                COMP4_5_6_IRQHandler
                0x0800768c                TIM20_BRK_IRQHandler
                0x0800768c                I2C2_ER_IRQHandler
                0x0800768c                DMA1_Channel2_IRQHandler
                0x0800768c                TIM8_BRK_IRQHandler
                0x0800768c                FLASH_IRQHandler
                0x0800768c                TIM20_CC_IRQHandler
                0x0800768c                BusFault_Handler
                0x0800768c                SPI3_IRQHandler
                0x0800768c                I2C1_ER_IRQHandler
                0x0800768c                FMC_IRQHandler
                0x0800768c                LPTIM1_IRQHandler
                0x0800768c                DMAMUX_OVR_IRQHandler
                0x0800768c                I2C4_ER_IRQHandler
                0x0800768c                USBWakeUp_IRQHandler
                0x0800768c                SAI1_IRQHandler
                0x0800768c                DMA2_Channel3_IRQHandler
                0x0800768c                TIM1_BRK_TIM15_IRQHandler
 *(.glue_7)
 .glue_7        0x0800768e        0x0 linker stubs
 *(.glue_7t)
 .glue_7t       0x0800768e        0x0 linker stubs
 *(.eh_frame)
 *fill*         0x0800768e        0x2 
 .eh_frame      0x08007690        0x0 /usr/lib/gcc/arm-none-eabi/13.2.1/thumb/v7e-m+fp/hard/crtbegin.o
 *(.init)
 .init          0x08007690        0x4 /usr/lib/gcc/arm-none-eabi/13.2.1/thumb/v7e-m+fp/hard/crti.o
                0x08007690                _init
 .init          0x08007694        0x8 /usr/lib/gcc/arm-none-eabi/13.2.1/thumb/v7e-m+fp/hard/crtn.o
 *(.fini)
 .fini          0x0800769c        0x4 /usr/lib/gcc/arm-none-eabi/13.2.1/thumb/v7e-m+fp/hard/crti.o
                0x0800769c                _fini
 .fini          0x080076a0        0x8 /usr/lib/gcc/arm-none-eabi/13.2.1/thumb/v7e-m+fp/hard/crtn.o
                0x080076a8                        . = ALIGN (0x4)
                0x080076a8                        _etext = .

.vfp11_veneer   0x080076a8        0x0
 .vfp11_veneer  0x080076a8        0x0 linker stubs

.v4_bx          0x080076a8        0x0
 .v4_bx         0x080076a8        0x0 linker stubs

.iplt           0x080076a8        0x0
 .iplt          0x080076a8        0x0 /usr/lib/gcc/arm-none-eabi/13.2.1/thumb/v7e-m+fp/hard/crtbegin.o

.rodata         0x080076a8      0x434
                0x080076a8                        . = ALIGN (0x4)
 *(.rodata)
 .rodata        0x080076a8      0x128 /usr/lib/gcc/arm-none-eabi/13.2.1/../../../arm-none-eabi/lib/thumb/v7e-m+fp/hard/libc_nano.a(libc_a-mprec.o)
                0x080076b8                __mprec_tens
                0x08007780                __mprec_tinytens
                0x080077a8                __mprec_bigtens
 .rodata        0x080077d0      0x101 /usr/lib/gcc/arm-none-eabi/13.2.1/../../../arm-none-eabi/lib/thumb/v7e-m+fp/hard/libc_nano.a(libc_a-ctype_.o)
                0x080077d0                _ctype_
 *(.rodata*)
 *fill*         0x080078d1        0x3 
 .rodata.Horn_OUT
                0x080078d4        0x8 /home/pani_/LHRS/VCAT-Dashboard/firmware/build/Horn.o
                0x080078d4                Horn_OUT
 .rodata.LSOM_HB
                0x080078dc        0x8 /home/pani_/LHRS/VCAT-Dashboard/firmware/build/Status_LEDs.o
                0x080078dc                LSOM_HB
 .rodata.BPS_Fault_LED
                0x080078e4        0x8 /home/pani_/LHRS/VCAT-Dashboard/firmware/build/Status_LEDs.o
                0x080078e4                BPS_Fault_LED
 .rodata.AKSHAY_LED
                0x080078ec        0x8 /home/pani_/LHRS/VCAT-Dashboard/firmware/build/Status_LEDs.o
                0x080078ec                AKSHAY_LED
 .rodata.Controls_HB_LED
                0x080078f4        0x8 /home/pani_/LHRS/VCAT-Dashboard/firmware/build/Status_LEDs.o
                0x080078f4                Controls_HB_LED
 .rodata.X_LED2
                0x080078fc        0x8 /home/pani_/LHRS/VCAT-Dashboard/firmware/build/Status_LEDs.o
                0x080078fc                X_LED2
 .rodata.PH_CAN_TX_LED
                0x08007904        0x8 /home/pani_/LHRS/VCAT-Dashboard/firmware/build/Status_LEDs.o
                0x08007904                PH_CAN_TX_LED
 .rodata.CarCAN_TX_LED
                0x0800790c        0x8 /home/pani_/LHRS/VCAT-Dashboard/firmware/build/Status_LEDs.o
                0x0800790c                CarCAN_TX_LED
 .rodata.CarCAN_RX_LED
                0x08007914        0x8 /home/pani_/LHRS/VCAT-Dashboard/firmware/build/Status_LEDs.o
                0x08007914                CarCAN_RX_LED
 .rodata.PH_CAN_RX_LED
                0x0800791c        0x8 /home/pani_/LHRS/VCAT-Dashboard/firmware/build/Status_LEDs.o
                0x0800791c                PH_CAN_RX_LED
 .rodata.Horn   0x08007924        0x8 /home/pani_/LHRS/VCAT-Dashboard/firmware/build/Switches.o
                0x08007924                Horn
 .rodata.Hazard
                0x0800792c        0x8 /home/pani_/LHRS/VCAT-Dashboard/firmware/build/Switches.o
                0x0800792c                Hazard
 .rodata.Regen_Active
                0x08007934        0x8 /home/pani_/LHRS/VCAT-Dashboard/firmware/build/Switches.o
                0x08007934                Regen_Active
 .rodata.Cruise_Set
                0x0800793c        0x8 /home/pani_/LHRS/VCAT-Dashboard/firmware/build/Switches.o
                0x0800793c                Cruise_Set
 .rodata.Cruise_Enable
                0x08007944        0x8 /home/pani_/LHRS/VCAT-Dashboard/firmware/build/Switches.o
                0x08007944                Cruise_Enable
 .rodata.Left_Blinker
                0x0800794c        0x8 /home/pani_/LHRS/VCAT-Dashboard/firmware/build/Switches.o
                0x0800794c                Left_Blinker
 .rodata.Right_Blinker
                0x08007954        0x8 /home/pani_/LHRS/VCAT-Dashboard/firmware/build/Switches.o
                0x08007954                Right_Blinker
 .rodata.Regen_Enable
                0x0800795c        0x8 /home/pani_/LHRS/VCAT-Dashboard/firmware/build/Switches.o
                0x0800795c                Regen_Enable
 .rodata.Rev_SW
                0x08007964        0x8 /home/pani_/LHRS/VCAT-Dashboard/firmware/build/Switches.o
                0x08007964                Rev_SW
 .rodata.Neutral_Gear
                0x0800796c        0x8 /home/pani_/LHRS/VCAT-Dashboard/firmware/build/Switches.o
                0x0800796c                Neutral_Gear
 .rodata.PTT    0x08007974        0x8 /home/pani_/LHRS/VCAT-Dashboard/firmware/build/Switches.o
                0x08007974                PTT
 .rodata.Ign_ARR
                0x0800797c        0x8 /home/pani_/LHRS/VCAT-Dashboard/firmware/build/Switches.o
                0x0800797c                Ign_ARR
 .rodata.Ign_MTR
                0x08007984        0x8 /home/pani_/LHRS/VCAT-Dashboard/firmware/build/Switches.o
                0x08007984                Ign_MTR
 .rodata.Ign_OFF
                0x0800798c        0x8 /home/pani_/LHRS/VCAT-Dashboard/firmware/build/Switches.o
                0x0800798c                Ign_OFF
 .rodata.FWD_SW
                0x08007994        0x8 /home/pani_/LHRS/VCAT-Dashboard/firmware/build/Switches.o
                0x08007994                FWD_SW
 .rodata.APBPrescTable
                0x0800799c        0x8 /home/pani_/LHRS/VCAT-Dashboard/firmware/build/system_stm32g4xx.o
                0x0800799c                APBPrescTable
 .rodata.str1.4
                0x080079a4      0x137 /usr/lib/gcc/arm-none-eabi/13.2.1/../../../arm-none-eabi/lib/thumb/v7e-m+fp/hard/libc_nano.a(libc_a-nano-vfprintf_float.o)
                                 0x12 (size before relaxing)
 .rodata.str1.4
                0x08007adb       0x69 /usr/lib/gcc/arm-none-eabi/13.2.1/../../../arm-none-eabi/lib/thumb/v7e-m+fp/hard/libc_nano.a(libc_a-dtoa.o)
 .rodata.str1.4
                0x08007adb       0x25 /usr/lib/gcc/arm-none-eabi/13.2.1/../../../arm-none-eabi/lib/thumb/v7e-m+fp/hard/libc_nano.a(libc_a-nano-vfprintf_i.o)
 .rodata.str1.4
                0x08007adb       0x43 /usr/lib/gcc/arm-none-eabi/13.2.1/../../../arm-none-eabi/lib/thumb/v7e-m+fp/hard/libc_nano.a(libc_a-assert.o)
 .rodata.str1.4
                0x08007adb       0x59 /usr/lib/gcc/arm-none-eabi/13.2.1/../../../arm-none-eabi/lib/thumb/v7e-m+fp/hard/libc_nano.a(libc_a-mprec.o)
 .rodata.str1.4
                0x08007adb       0x12 /usr/lib/gcc/arm-none-eabi/13.2.1/../../../arm-none-eabi/lib/thumb/v7e-m+fp/hard/libc_nano.a(libc_a-locale.o)
 .rodata.str1.4
                0x08007adb       0x13 /usr/lib/gcc/arm-none-eabi/13.2.1/../../../arm-none-eabi/lib/thumb/v7e-m+fp/hard/libc_nano.a(libc_a-nano-vfprintf.o)
                0x08007b44                        . = ALIGN (0x4)
 *fill*         0x08007adb        0x1 

.ARM.extab      0x08007adc        0x0
                0x08007adc                        . = ALIGN (0x4)
 *(.ARM.extab* .gnu.linkonce.armextab.*)
                0x08007adc                        . = ALIGN (0x4)

.ARM            0x08007adc        0x8
                0x08007adc                        . = ALIGN (0x4)
                0x08007adc                        __exidx_start = .
 *(.ARM.exidx*)
 .ARM.exidx     0x08007adc        0x8 /usr/lib/gcc/arm-none-eabi/13.2.1/../../../arm-none-eabi/lib/thumb/v7e-m+fp/hard/libc_nano.a(libc_a-memcpy.o)
 .ARM.exidx     0x08007ae4        0x0 /usr/lib/gcc/arm-none-eabi/13.2.1/../../../arm-none-eabi/lib/thumb/v7e-m+fp/hard/libc_nano.a(libc_a-strlen.o)
                                  0x8 (size before relaxing)
 .ARM.exidx     0x08007ae4        0x0 /usr/lib/gcc/arm-none-eabi/13.2.1/../../../arm-none-eabi/lib/thumb/v7e-m+fp/hard/libc_nano.a(libc_a-memchr.o)
                                  0x8 (size before relaxing)
                0x08007ae4                        __exidx_end = .
                0x08007ae4                        . = ALIGN (0x4)

.preinit_array  0x08007ae4        0x0
                0x08007ae4                        . = ALIGN (0x4)
                0x08007ae4                        PROVIDE (__preinit_array_start = .)
 *(.preinit_array*)
                0x08007ae4                        PROVIDE (__preinit_array_end = .)
                0x08007ae4                        . = ALIGN (0x4)

.init_array     0x08007ae4        0x4
                0x08007ae4                        . = ALIGN (0x4)
                0x08007ae4                        PROVIDE (__init_array_start = .)
 *(SORT_BY_NAME(.init_array.*))
 *(.init_array*)
 .init_array    0x08007ae4        0x4 /usr/lib/gcc/arm-none-eabi/13.2.1/thumb/v7e-m+fp/hard/crtbegin.o
                0x08007ae8                        PROVIDE (__init_array_end = .)
                0x08007ae8                        . = ALIGN (0x4)

.fini_array     0x08007ae8        0x4
                0x08007ae8                        . = ALIGN (0x4)
                0x08007ae8                        PROVIDE (__fini_array_start = .)
 *(SORT_BY_NAME(.fini_array.*))
 *(.fini_array*)
 .fini_array    0x08007ae8        0x4 /usr/lib/gcc/arm-none-eabi/13.2.1/thumb/v7e-m+fp/hard/crtbegin.o
                0x08007aec                        PROVIDE (__fini_array_end = .)
                0x08007aec                        . = ALIGN (0x4)
                0x08007aec                        _sidata = LOADADDR (.data)

.rel.dyn        0x08007aec        0x0
 .rel.iplt      0x08007aec        0x0 /usr/lib/gcc/arm-none-eabi/13.2.1/thumb/v7e-m+fp/hard/crtbegin.o

.data           0x20000000      0x620 load address 0x08007aec
                0x20000000                        . = ALIGN (0x4)
                0x20000000                        _sdata = .
 *(.data)
 .data          0x20000000       0x50 /usr/lib/gcc/arm-none-eabi/13.2.1/../../../arm-none-eabi/lib/thumb/v7e-m+fp/hard/libc_nano.a(libc_a-impure.o)
                0x20000000                _impure_ptr
                0x20000004                _impure_data
 .data          0x20000050        0xc /usr/lib/gcc/arm-none-eabi/13.2.1/../../../arm-none-eabi/lib/thumb/v7e-m+fp/hard/libc_nano.a(libc_a-findfp.o)
                0x20000050                __sglue
 .data          0x2000005c      0x16c /usr/lib/gcc/arm-none-eabi/13.2.1/../../../arm-none-eabi/lib/thumb/v7e-m+fp/hard/libc_nano.a(libc_a-locale.o)
                0x2000005c                __global_locale
 *(.data*)
 .data.uwTickFreq
                0x200001c8        0x4 /home/pani_/LHRS/VCAT-Dashboard/firmware/build/stm32g4xx_hal.o
                0x200001c8                uwTickFreq
 .data.uwTickPrio
                0x200001cc        0x4 /home/pani_/LHRS/VCAT-Dashboard/firmware/build/stm32g4xx_hal.o
                0x200001cc                uwTickPrio
 .data.SystemCoreClock
                0x200001d0        0x4 /home/pani_/LHRS/VCAT-Dashboard/firmware/build/system_stm32g4xx.o
                0x200001d0                SystemCoreClock
 .data.uxCriticalNesting
                0x200001d4        0x4 /home/pani_/LHRS/VCAT-Dashboard/firmware/build/port.o
 .data.hadc3    0x200001d8        0x4 /home/pani_/LHRS/VCAT-Dashboard/firmware/build/ADC.o
                0x200001d8                hadc3
 .data.hadc3_   0x200001dc       0x6c /home/pani_/LHRS/VCAT-Dashboard/firmware/build/ADC.o
 .data.hadc2    0x20000248        0x4 /home/pani_/LHRS/VCAT-Dashboard/firmware/build/ADC.o
                0x20000248                hadc2
 .data.hadc2_   0x2000024c       0x6c /home/pani_/LHRS/VCAT-Dashboard/firmware/build/ADC.o
 .data.hadc1    0x200002b8        0x4 /home/pani_/LHRS/VCAT-Dashboard/firmware/build/ADC.o
                0x200002b8                hadc1
 .data.hadc1_   0x200002bc       0x6c /home/pani_/LHRS/VCAT-Dashboard/firmware/build/ADC.o
 .data.husart3  0x20000328        0x4 /home/pani_/LHRS/VCAT-Dashboard/firmware/build/UART.o
                0x20000328                husart3
 .data.husart3_
                0x2000032c       0x94 /home/pani_/LHRS/VCAT-Dashboard/firmware/build/UART.o
 .data.husart2  0x200003c0        0x4 /home/pani_/LHRS/VCAT-Dashboard/firmware/build/UART.o
                0x200003c0                husart2
 .data.husart2_
                0x200003c4       0x94 /home/pani_/LHRS/VCAT-Dashboard/firmware/build/UART.o
 .data.husart1  0x20000458        0x4 /home/pani_/LHRS/VCAT-Dashboard/firmware/build/UART.o
                0x20000458                husart1
 .data.husart1_
                0x2000045c       0x94 /home/pani_/LHRS/VCAT-Dashboard/firmware/build/UART.o
 .data.huart5   0x200004f0        0x4 /home/pani_/LHRS/VCAT-Dashboard/firmware/build/UART.o
                0x200004f0                huart5
 .data.huart5_  0x200004f4       0x94 /home/pani_/LHRS/VCAT-Dashboard/firmware/build/UART.o
 .data.huart4   0x20000588        0x4 /home/pani_/LHRS/VCAT-Dashboard/firmware/build/UART.o
                0x20000588                huart4
 .data.huart4_  0x2000058c       0x94 /home/pani_/LHRS/VCAT-Dashboard/firmware/build/UART.o
 *(.RamFunc)
 *(.RamFunc*)
                0x20000620                        . = ALIGN (0x4)
                0x20000620                        _edata = .

.tm_clone_table
                0x20000620        0x0 load address 0x0800810c
 .tm_clone_table
                0x20000620        0x0 /usr/lib/gcc/arm-none-eabi/13.2.1/thumb/v7e-m+fp/hard/crtbegin.o
 .tm_clone_table
                0x20000620        0x0 /usr/lib/gcc/arm-none-eabi/13.2.1/thumb/v7e-m+fp/hard/crtend.o

.igot.plt       0x20000620        0x0 load address 0x0800810c
 .igot.plt      0x20000620        0x0 /usr/lib/gcc/arm-none-eabi/13.2.1/thumb/v7e-m+fp/hard/crtbegin.o
                0x20000620                        . = ALIGN (0x4)

.bss            0x20000620      0x324 load address 0x0800810c
                0x20000620                        _sbss = .
                0x20000620                        __bss_start__ = _sbss
 *(.bss)
 .bss           0x20000620       0x1c /usr/lib/gcc/arm-none-eabi/13.2.1/thumb/v7e-m+fp/hard/crtbegin.o
 .bss           0x2000063c      0x13c /usr/lib/gcc/arm-none-eabi/13.2.1/../../../arm-none-eabi/lib/thumb/v7e-m+fp/hard/libc_nano.a(libc_a-findfp.o)
                0x2000063c                __sf
                0x20000774                __stdio_exit_handler
 .bss           0x20000778        0x8 /usr/lib/gcc/arm-none-eabi/13.2.1/../../../arm-none-eabi/lib/thumb/v7e-m+fp/hard/libc_nano.a(libc_a-mallocr.o)
                0x20000778                __malloc_sbrk_start
                0x2000077c                __malloc_free_list
 .bss           0x20000780        0x4 /usr/lib/gcc/arm-none-eabi/13.2.1/../../../arm-none-eabi/lib/thumb/v7e-m+fp/hard/libc_nano.a(libc_a-reent.o)
                0x20000780                errno
 *(.bss*)
 .bss.uwTick    0x20000784        0x4 /home/pani_/LHRS/VCAT-Dashboard/firmware/build/stm32g4xx_hal.o
                0x20000784                uwTick
 .bss.TimHandle
                0x20000788       0x4c /home/pani_/LHRS/VCAT-Dashboard/firmware/build/stm32g4xx_hal_timebase_tim.o
                0x20000788                TimHandle
 .bss.uxSchedulerSuspended
                0x200007d4        0x4 /home/pani_/LHRS/VCAT-Dashboard/firmware/build/tasks.o
 .bss.xNextTaskUnblockTime
                0x200007d8        0x4 /home/pani_/LHRS/VCAT-Dashboard/firmware/build/tasks.o
 .bss.xNumOfOverflows
                0x200007dc        0x4 /home/pani_/LHRS/VCAT-Dashboard/firmware/build/tasks.o
 .bss.xYieldPendings
                0x200007e0        0x4 /home/pani_/LHRS/VCAT-Dashboard/firmware/build/tasks.o
 .bss.xPendedTicks
                0x200007e4        0x4 /home/pani_/LHRS/VCAT-Dashboard/firmware/build/tasks.o
 .bss.xSchedulerRunning
                0x200007e8        0x4 /home/pani_/LHRS/VCAT-Dashboard/firmware/build/tasks.o
 .bss.uxTopReadyPriority
                0x200007ec        0x4 /home/pani_/LHRS/VCAT-Dashboard/firmware/build/tasks.o
 .bss.xTickCount
                0x200007f0        0x4 /home/pani_/LHRS/VCAT-Dashboard/firmware/build/tasks.o
 .bss.uxCurrentNumberOfTasks
                0x200007f4        0x4 /home/pani_/LHRS/VCAT-Dashboard/firmware/build/tasks.o
 .bss.xSuspendedTaskList
                0x200007f8       0x14 /home/pani_/LHRS/VCAT-Dashboard/firmware/build/tasks.o
 .bss.xPendingReadyList
                0x2000080c       0x14 /home/pani_/LHRS/VCAT-Dashboard/firmware/build/tasks.o
 .bss.pxOverflowDelayedTaskList
                0x20000820        0x4 /home/pani_/LHRS/VCAT-Dashboard/firmware/build/tasks.o
 .bss.pxDelayedTaskList
                0x20000824        0x4 /home/pani_/LHRS/VCAT-Dashboard/firmware/build/tasks.o
 .bss.pxReadyTasksLists
                0x20000828       0x8c /home/pani_/LHRS/VCAT-Dashboard/firmware/build/tasks.o
 .bss.pxCurrentTCB
                0x200008b4        0x4 /home/pani_/LHRS/VCAT-Dashboard/firmware/build/tasks.o
                0x200008b4                pxCurrentTCB
 .bss.ulMaxPRIGROUPValue
                0x200008b8        0x4 /home/pani_/LHRS/VCAT-Dashboard/firmware/build/port.o
 .bss.ucMaxSysCallPriority
                0x200008bc        0x1 /home/pani_/LHRS/VCAT-Dashboard/firmware/build/port.o
 *fill*         0x200008bd        0x3 
 .bss.__sbrk_heap_end
                0x200008c0        0x4 /home/pani_/LHRS/VCAT-Dashboard/firmware/build/sysmem.o
 .bss.printf_huart
                0x200008c4        0x4 /home/pani_/LHRS/VCAT-Dashboard/firmware/build/printf.o
                0x200008c4                printf_huart
 .bss.adc_err_code
                0x200008c8        0x4 /home/pani_/LHRS/VCAT-Dashboard/firmware/build/ADC.o
                0x200008c8                adc_err_code
 .bss.adc5_q    0x200008cc        0x4 /home/pani_/LHRS/VCAT-Dashboard/firmware/build/ADC.o
                0x200008cc                adc5_q
 .bss.adc4_q    0x200008d0        0x4 /home/pani_/LHRS/VCAT-Dashboard/firmware/build/ADC.o
                0x200008d0                adc4_q
 .bss.adc3_q    0x200008d4        0x4 /home/pani_/LHRS/VCAT-Dashboard/firmware/build/ADC.o
                0x200008d4                adc3_q
 .bss.adc2_q    0x200008d8        0x4 /home/pani_/LHRS/VCAT-Dashboard/firmware/build/ADC.o
                0x200008d8                adc2_q
 .bss.adc1_q    0x200008dc        0x4 /home/pani_/LHRS/VCAT-Dashboard/firmware/build/ADC.o
                0x200008dc                adc1_q
 .bss.usart3_tx_buffer
                0x200008e0        0xa /home/pani_/LHRS/VCAT-Dashboard/firmware/build/UART.o
 *fill*         0x200008ea        0x2 
 .bss.usart2_tx_buffer
                0x200008ec        0xa /home/pani_/LHRS/VCAT-Dashboard/firmware/build/UART.o
 *fill*         0x200008f6        0x2 
 .bss.usart1_tx_buffer
                0x200008f8        0xa /home/pani_/LHRS/VCAT-Dashboard/firmware/build/UART.o
 *fill*         0x20000902        0x2 
 .bss.uart5_tx_buffer
                0x20000904        0xa /home/pani_/LHRS/VCAT-Dashboard/firmware/build/UART.o
 *fill*         0x2000090e        0x2 
 .bss.uart4_tx_buffer
                0x20000910        0xa /home/pani_/LHRS/VCAT-Dashboard/firmware/build/UART.o
 *fill*         0x2000091a        0x2 
 .bss.usart3_rx_queue
                0x2000091c        0x4 /home/pani_/LHRS/VCAT-Dashboard/firmware/build/UART.o
 .bss.usart3_tx_queue
                0x20000920        0x4 /home/pani_/LHRS/VCAT-Dashboard/firmware/build/UART.o
 .bss.usart2_rx_queue
                0x20000924        0x4 /home/pani_/LHRS/VCAT-Dashboard/firmware/build/UART.o
 .bss.usart2_tx_queue
                0x20000928        0x4 /home/pani_/LHRS/VCAT-Dashboard/firmware/build/UART.o
 .bss.usart1_rx_queue
                0x2000092c        0x4 /home/pani_/LHRS/VCAT-Dashboard/firmware/build/UART.o
 .bss.usart1_tx_queue
                0x20000930        0x4 /home/pani_/LHRS/VCAT-Dashboard/firmware/build/UART.o
 .bss.uart5_rx_queue
                0x20000934        0x4 /home/pani_/LHRS/VCAT-Dashboard/firmware/build/UART.o
 .bss.uart5_tx_queue
                0x20000938        0x4 /home/pani_/LHRS/VCAT-Dashboard/firmware/build/UART.o
 .bss.uart4_rx_queue
                0x2000093c        0x4 /home/pani_/LHRS/VCAT-Dashboard/firmware/build/UART.o
 .bss.uart4_tx_queue
                0x20000940        0x4 /home/pani_/LHRS/VCAT-Dashboard/firmware/build/UART.o
 *(COMMON)
                0x20000944                        . = ALIGN (0x4)
                0x20000944                        _ebss = .
                0x20000944                        __bss_end__ = _ebss

._user_heap_stack
                0x20000944      0x604 load address 0x0800810c
                0x20000948                        . = ALIGN (0x8)
 *fill*         0x20000944        0x4 
                [!provide]                        PROVIDE (end = .)
                0x20000948                        PROVIDE (_end = .)
                0x20000b48                        . = (. + _Min_Heap_Size)
 *fill*         0x20000948      0x200 
                0x20000f48                        . = (. + _Min_Stack_Size)
 *fill*         0x20000b48      0x400 
                0x20000f48                        . = ALIGN (0x8)

/DISCARD/
 libc.a(*)
 libm.a(*)
 libgcc.a(*)
OUTPUT(/home/pani_/LHRS/VCAT-Dashboard/firmware/build/stm32g473xx.elf elf32-littlearm)
LOAD linker stubs
LOAD /usr/lib/gcc/arm-none-eabi/13.2.1/../../../arm-none-eabi/lib/thumb/v7e-m+fp/hard/libc.a
LOAD /usr/lib/gcc/arm-none-eabi/13.2.1/../../../arm-none-eabi/lib/thumb/v7e-m+fp/hard/libm.a
LOAD /usr/lib/gcc/arm-none-eabi/13.2.1/thumb/v7e-m+fp/hard/libgcc.a

.ARM.attributes
                0x00000000       0x30
 .ARM.attributes
                0x00000000       0x22 /usr/lib/gcc/arm-none-eabi/13.2.1/thumb/v7e-m+fp/hard/crti.o
 .ARM.attributes
                0x00000022       0x34 /usr/lib/gcc/arm-none-eabi/13.2.1/thumb/v7e-m+fp/hard/crtbegin.o
 .ARM.attributes
                0x00000056       0x34 /home/pani_/LHRS/VCAT-Dashboard/firmware/build/ISRs.o
 .ARM.attributes
                0x0000008a       0x34 /home/pani_/LHRS/VCAT-Dashboard/firmware/build/init.o
 .ARM.attributes
                0x000000be       0x34 /home/pani_/LHRS/VCAT-Dashboard/firmware/build/Horn.o
 .ARM.attributes
                0x000000f2       0x34 /home/pani_/LHRS/VCAT-Dashboard/firmware/build/Status_LEDs.o
 .ARM.attributes
                0x00000126       0x34 /home/pani_/LHRS/VCAT-Dashboard/firmware/build/Switches.o
 .ARM.attributes
                0x0000015a       0x34 /home/pani_/LHRS/VCAT-Dashboard/firmware/build/Horn_test.o
 .ARM.attributes
                0x0000018e       0x34 /home/pani_/LHRS/VCAT-Dashboard/firmware/build/stm32g4xx_hal.o
 .ARM.attributes
                0x000001c2       0x34 /home/pani_/LHRS/VCAT-Dashboard/firmware/build/stm32g4xx_hal_adc.o
 .ARM.attributes
                0x000001f6       0x34 /home/pani_/LHRS/VCAT-Dashboard/firmware/build/stm32g4xx_hal_adc_ex.o
 .ARM.attributes
                0x0000022a       0x34 /home/pani_/LHRS/VCAT-Dashboard/firmware/build/stm32g4xx_hal_cortex.o
 .ARM.attributes
                0x0000025e       0x34 /home/pani_/LHRS/VCAT-Dashboard/firmware/build/stm32g4xx_hal_dma.o
 .ARM.attributes
                0x00000292       0x34 /home/pani_/LHRS/VCAT-Dashboard/firmware/build/stm32g4xx_hal_gpio.o
 .ARM.attributes
                0x000002c6       0x34 /home/pani_/LHRS/VCAT-Dashboard/firmware/build/stm32g4xx_hal_pwr_ex.o
 .ARM.attributes
                0x000002fa       0x34 /home/pani_/LHRS/VCAT-Dashboard/firmware/build/stm32g4xx_hal_rcc.o
 .ARM.attributes
                0x0000032e       0x34 /home/pani_/LHRS/VCAT-Dashboard/firmware/build/stm32g4xx_hal_tim.o
 .ARM.attributes
                0x00000362       0x34 /home/pani_/LHRS/VCAT-Dashboard/firmware/build/stm32g4xx_hal_tim_ex.o
 .ARM.attributes
                0x00000396       0x34 /home/pani_/LHRS/VCAT-Dashboard/firmware/build/stm32g4xx_hal_uart.o
 .ARM.attributes
                0x000003ca       0x34 /home/pani_/LHRS/VCAT-Dashboard/firmware/build/stm32g4xx_hal_uart_ex.o
 .ARM.attributes
                0x000003fe       0x34 /home/pani_/LHRS/VCAT-Dashboard/firmware/build/system_stm32g4xx.o
 .ARM.attributes
                0x00000432       0x34 /home/pani_/LHRS/VCAT-Dashboard/firmware/build/stm32g4xx_hal_init.o
 .ARM.attributes
                0x00000466       0x34 /home/pani_/LHRS/VCAT-Dashboard/firmware/build/stm32g4xx_hal_timebase_tim.o
 .ARM.attributes
                0x0000049a       0x34 /home/pani_/LHRS/VCAT-Dashboard/firmware/build/list.o
 .ARM.attributes
                0x000004ce       0x34 /home/pani_/LHRS/VCAT-Dashboard/firmware/build/queue.o
 .ARM.attributes
                0x00000502       0x34 /home/pani_/LHRS/VCAT-Dashboard/firmware/build/tasks.o
 .ARM.attributes
                0x00000536       0x34 /home/pani_/LHRS/VCAT-Dashboard/firmware/build/port.o
 .ARM.attributes
                0x0000056a       0x34 /home/pani_/LHRS/VCAT-Dashboard/firmware/build/syscalls.o
 .ARM.attributes
                0x0000059e       0x34 /home/pani_/LHRS/VCAT-Dashboard/firmware/build/sysmem.o
 .ARM.attributes
                0x000005d2       0x34 /home/pani_/LHRS/VCAT-Dashboard/firmware/build/printf.o
 .ARM.attributes
                0x00000606       0x34 /home/pani_/LHRS/VCAT-Dashboard/firmware/build/ADC.o
 .ARM.attributes
                0x0000063a       0x34 /home/pani_/LHRS/VCAT-Dashboard/firmware/build/UART.o
 .ARM.attributes
                0x0000066e       0x21 /home/pani_/LHRS/VCAT-Dashboard/firmware/build/startup_stm32g473xx.o
 .ARM.attributes
                0x0000068f       0x34 /usr/lib/gcc/arm-none-eabi/13.2.1/../../../arm-none-eabi/lib/thumb/v7e-m+fp/hard/libc_nano.a(libc_a-init.o)
 .ARM.attributes
                0x000006c3       0x34 /usr/lib/gcc/arm-none-eabi/13.2.1/../../../arm-none-eabi/lib/thumb/v7e-m+fp/hard/libc_nano.a(libc_a-memset.o)
 .ARM.attributes
                0x000006f7       0x34 /usr/lib/gcc/arm-none-eabi/13.2.1/../../../arm-none-eabi/lib/thumb/v7e-m+fp/hard/libc_nano.a(libc_a-errno.o)
 .ARM.attributes
                0x0000072b       0x34 /usr/lib/gcc/arm-none-eabi/13.2.1/../../../arm-none-eabi/lib/thumb/v7e-m+fp/hard/libc_nano.a(libc_a-nano-vfprintf_float.o)
 .ARM.attributes
                0x0000075f       0x34 /usr/lib/gcc/arm-none-eabi/13.2.1/../../../arm-none-eabi/lib/thumb/v7e-m+fp/hard/libc_nano.a(libc_a-dtoa.o)
 .ARM.attributes
                0x00000793       0x20 /usr/lib/gcc/arm-none-eabi/13.2.1/../../../arm-none-eabi/lib/thumb/v7e-m+fp/hard/libc_nano.a(libc_a-memcpy.o)
 .ARM.attributes
                0x000007b3       0x34 /usr/lib/gcc/arm-none-eabi/13.2.1/../../../arm-none-eabi/lib/thumb/v7e-m+fp/hard/libc_nano.a(libc_a-malloc.o)
 .ARM.attributes
                0x000007e7       0x34 /usr/lib/gcc/arm-none-eabi/13.2.1/../../../arm-none-eabi/lib/thumb/v7e-m+fp/hard/libc_nano.a(libc_a-nano-vfprintf_i.o)
 .ARM.attributes
                0x0000081b       0x34 /usr/lib/gcc/arm-none-eabi/13.2.1/../../../arm-none-eabi/lib/thumb/v7e-m+fp/hard/libc_nano.a(libc_a-assert.o)
 .ARM.attributes
                0x0000084f       0x34 /usr/lib/gcc/arm-none-eabi/13.2.1/../../../arm-none-eabi/lib/thumb/v7e-m+fp/hard/libc_nano.a(libc_a-mprec.o)
 .ARM.attributes
                0x00000883       0x34 /usr/lib/gcc/arm-none-eabi/13.2.1/../../../arm-none-eabi/lib/thumb/v7e-m+fp/hard/libc_nano.a(libc_a-impure.o)
 .ARM.attributes
                0x000008b7       0x34 /usr/lib/gcc/arm-none-eabi/13.2.1/../../../arm-none-eabi/lib/thumb/v7e-m+fp/hard/libc_nano.a(libc_a-localeconv.o)
 .ARM.attributes
                0x000008eb       0x34 /usr/lib/gcc/arm-none-eabi/13.2.1/../../../arm-none-eabi/lib/thumb/v7e-m+fp/hard/libc_nano.a(libc_a-findfp.o)
 .ARM.attributes
                0x0000091f       0x34 /usr/lib/gcc/arm-none-eabi/13.2.1/../../../arm-none-eabi/lib/thumb/v7e-m+fp/hard/libc_nano.a(libc_a-abort.o)
 .ARM.attributes
                0x00000953       0x1c /usr/lib/gcc/arm-none-eabi/13.2.1/../../../arm-none-eabi/lib/thumb/v7e-m+fp/hard/libc_nano.a(libc_a-strlen.o)
 .ARM.attributes
                0x0000096f       0x34 /usr/lib/gcc/arm-none-eabi/13.2.1/../../../arm-none-eabi/lib/thumb/v7e-m+fp/hard/libc_nano.a(libc_a-fflush.o)
 .ARM.attributes
                0x000009a3       0x34 /usr/lib/gcc/arm-none-eabi/13.2.1/../../../arm-none-eabi/lib/thumb/v7e-m+fp/hard/libc_nano.a(libc_a-callocr.o)
 .ARM.attributes
                0x000009d7       0x34 /usr/lib/gcc/arm-none-eabi/13.2.1/../../../arm-none-eabi/lib/thumb/v7e-m+fp/hard/libc_nano.a(libc_a-locale.o)
 .ARM.attributes
                0x00000a0b       0x34 /usr/lib/gcc/arm-none-eabi/13.2.1/../../../arm-none-eabi/lib/thumb/v7e-m+fp/hard/libc_nano.a(libc_a-mallocr.o)
 .ARM.attributes
                0x00000a3f       0x34 /usr/lib/gcc/arm-none-eabi/13.2.1/../../../arm-none-eabi/lib/thumb/v7e-m+fp/hard/libc_nano.a(libc_a-freer.o)
 .ARM.attributes
                0x00000a73       0x34 /usr/lib/gcc/arm-none-eabi/13.2.1/../../../arm-none-eabi/lib/thumb/v7e-m+fp/hard/libc_nano.a(libc_a-fwalk.o)
 .ARM.attributes
                0x00000aa7       0x34 /usr/lib/gcc/arm-none-eabi/13.2.1/../../../arm-none-eabi/lib/thumb/v7e-m+fp/hard/libc_nano.a(libc_a-wctomb_r.o)
 .ARM.attributes
                0x00000adb       0x1c /usr/lib/gcc/arm-none-eabi/13.2.1/../../../arm-none-eabi/lib/thumb/v7e-m+fp/hard/libc_nano.a(libc_a-memchr.o)
 .ARM.attributes
                0x00000af7       0x34 /usr/lib/gcc/arm-none-eabi/13.2.1/../../../arm-none-eabi/lib/thumb/v7e-m+fp/hard/libc_nano.a(libc_a-fprintf.o)
 .ARM.attributes
                0x00000b2b       0x34 /usr/lib/gcc/arm-none-eabi/13.2.1/../../../arm-none-eabi/lib/thumb/v7e-m+fp/hard/libc_nano.a(libc_a-mlock.o)
 .ARM.attributes
                0x00000b5f       0x34 /usr/lib/gcc/arm-none-eabi/13.2.1/../../../arm-none-eabi/lib/thumb/v7e-m+fp/hard/libc_nano.a(libc_a-ctype_.o)
 .ARM.attributes
                0x00000b93       0x34 /usr/lib/gcc/arm-none-eabi/13.2.1/../../../arm-none-eabi/lib/thumb/v7e-m+fp/hard/libc_nano.a(libc_a-nano-vfprintf.o)
 .ARM.attributes
                0x00000bc7       0x34 /usr/lib/gcc/arm-none-eabi/13.2.1/../../../arm-none-eabi/lib/thumb/v7e-m+fp/hard/libc_nano.a(libc_a-wbuf.o)
 .ARM.attributes
                0x00000bfb       0x34 /usr/lib/gcc/arm-none-eabi/13.2.1/../../../arm-none-eabi/lib/thumb/v7e-m+fp/hard/libc_nano.a(libc_a-sbrkr.o)
 .ARM.attributes
                0x00000c2f       0x34 /usr/lib/gcc/arm-none-eabi/13.2.1/../../../arm-none-eabi/lib/thumb/v7e-m+fp/hard/libc_nano.a(libc_a-stdio.o)
 .ARM.attributes
                0x00000c63       0x34 /usr/lib/gcc/arm-none-eabi/13.2.1/../../../arm-none-eabi/lib/thumb/v7e-m+fp/hard/libc_nano.a(libc_a-fvwrite.o)
 .ARM.attributes
                0x00000c97       0x34 /usr/lib/gcc/arm-none-eabi/13.2.1/../../../arm-none-eabi/lib/thumb/v7e-m+fp/hard/libc_nano.a(libc_a-mbtowc_r.o)
 .ARM.attributes
                0x00000ccb       0x34 /usr/lib/gcc/arm-none-eabi/13.2.1/../../../arm-none-eabi/lib/thumb/v7e-m+fp/hard/libc_nano.a(libc_a-signal.o)
 .ARM.attributes
                0x00000cff       0x34 /usr/lib/gcc/arm-none-eabi/13.2.1/../../../arm-none-eabi/lib/thumb/v7e-m+fp/hard/libc_nano.a(libc_a-closer.o)
 .ARM.attributes
                0x00000d33       0x34 /usr/lib/gcc/arm-none-eabi/13.2.1/../../../arm-none-eabi/lib/thumb/v7e-m+fp/hard/libc_nano.a(libc_a-memmove.o)
 .ARM.attributes
                0x00000d67       0x34 /usr/lib/gcc/arm-none-eabi/13.2.1/../../../arm-none-eabi/lib/thumb/v7e-m+fp/hard/libc_nano.a(libc_a-wsetup.o)
 .ARM.attributes
                0x00000d9b       0x34 /usr/lib/gcc/arm-none-eabi/13.2.1/../../../arm-none-eabi/lib/thumb/v7e-m+fp/hard/libc_nano.a(libc_a-readr.o)
 .ARM.attributes
                0x00000dcf       0x34 /usr/lib/gcc/arm-none-eabi/13.2.1/../../../arm-none-eabi/lib/thumb/v7e-m+fp/hard/libc_nano.a(libc_a-reent.o)
 .ARM.attributes
                0x00000e03       0x34 /usr/lib/gcc/arm-none-eabi/13.2.1/../../../arm-none-eabi/lib/thumb/v7e-m+fp/hard/libc_nano.a(libc_a-reallocr.o)
 .ARM.attributes
                0x00000e37       0x34 /usr/lib/gcc/arm-none-eabi/13.2.1/../../../arm-none-eabi/lib/thumb/v7e-m+fp/hard/libc_nano.a(libc_a-makebuf.o)
 .ARM.attributes
                0x00000e6b       0x34 /usr/lib/gcc/arm-none-eabi/13.2.1/../../../arm-none-eabi/lib/thumb/v7e-m+fp/hard/libc_nano.a(libc_a-lseekr.o)
 .ARM.attributes
                0x00000e9f       0x34 /usr/lib/gcc/arm-none-eabi/13.2.1/../../../arm-none-eabi/lib/thumb/v7e-m+fp/hard/libc_nano.a(libc_a-writer.o)
 .ARM.attributes
                0x00000ed3       0x34 /usr/lib/gcc/arm-none-eabi/13.2.1/../../../arm-none-eabi/lib/thumb/v7e-m+fp/hard/libc_nano.a(libc_a-isattyr.o)
 .ARM.attributes
                0x00000f07       0x34 /usr/lib/gcc/arm-none-eabi/13.2.1/../../../arm-none-eabi/lib/thumb/v7e-m+fp/hard/libc_nano.a(libc_a-msizer.o)
 .ARM.attributes
                0x00000f3b       0x34 /usr/lib/gcc/arm-none-eabi/13.2.1/../../../arm-none-eabi/lib/thumb/v7e-m+fp/hard/libc_nano.a(libc_a-signalr.o)
 .ARM.attributes
                0x00000f6f       0x34 /usr/lib/gcc/arm-none-eabi/13.2.1/../../../arm-none-eabi/lib/thumb/v7e-m+fp/hard/libc_nano.a(libc_a-fstatr.o)
 .ARM.attributes
                0x00000fa3       0x22 /usr/lib/gcc/arm-none-eabi/13.2.1/thumb/v7e-m+fp/hard/libgcc.a(_arm_addsubdf3.o)
 .ARM.attributes
                0x00000fc5       0x22 /usr/lib/gcc/arm-none-eabi/13.2.1/thumb/v7e-m+fp/hard/libgcc.a(_arm_muldivdf3.o)
 .ARM.attributes
                0x00000fe7       0x22 /usr/lib/gcc/arm-none-eabi/13.2.1/thumb/v7e-m+fp/hard/libgcc.a(_arm_cmpdf2.o)
 .ARM.attributes
                0x00001009       0x22 /usr/lib/gcc/arm-none-eabi/13.2.1/thumb/v7e-m+fp/hard/libgcc.a(_arm_unorddf2.o)
 .ARM.attributes
                0x0000102b       0x22 /usr/lib/gcc/arm-none-eabi/13.2.1/thumb/v7e-m+fp/hard/libgcc.a(_arm_fixdfsi.o)
 .ARM.attributes
                0x0000104d       0x34 /usr/lib/gcc/arm-none-eabi/13.2.1/thumb/v7e-m+fp/hard/crtend.o
 .ARM.attributes
                0x00001081       0x22 /usr/lib/gcc/arm-none-eabi/13.2.1/thumb/v7e-m+fp/hard/crtn.o

.comment        0x00000000       0x26
 .comment       0x00000000       0x26 /usr/lib/gcc/arm-none-eabi/13.2.1/thumb/v7e-m+fp/hard/crtbegin.o
                                 0x27 (size before relaxing)
 .comment       0x00000026       0x27 /home/pani_/LHRS/VCAT-Dashboard/firmware/build/ISRs.o
 .comment       0x00000026       0x27 /home/pani_/LHRS/VCAT-Dashboard/firmware/build/init.o
 .comment       0x00000026       0x27 /home/pani_/LHRS/VCAT-Dashboard/firmware/build/Horn.o
 .comment       0x00000026       0x27 /home/pani_/LHRS/VCAT-Dashboard/firmware/build/Status_LEDs.o
 .comment       0x00000026       0x27 /home/pani_/LHRS/VCAT-Dashboard/firmware/build/Switches.o
 .comment       0x00000026       0x27 /home/pani_/LHRS/VCAT-Dashboard/firmware/build/Horn_test.o
 .comment       0x00000026       0x27 /home/pani_/LHRS/VCAT-Dashboard/firmware/build/stm32g4xx_hal.o
 .comment       0x00000026       0x27 /home/pani_/LHRS/VCAT-Dashboard/firmware/build/stm32g4xx_hal_adc.o
 .comment       0x00000026       0x27 /home/pani_/LHRS/VCAT-Dashboard/firmware/build/stm32g4xx_hal_adc_ex.o
 .comment       0x00000026       0x27 /home/pani_/LHRS/VCAT-Dashboard/firmware/build/stm32g4xx_hal_cortex.o
 .comment       0x00000026       0x27 /home/pani_/LHRS/VCAT-Dashboard/firmware/build/stm32g4xx_hal_dma.o
 .comment       0x00000026       0x27 /home/pani_/LHRS/VCAT-Dashboard/firmware/build/stm32g4xx_hal_gpio.o
 .comment       0x00000026       0x27 /home/pani_/LHRS/VCAT-Dashboard/firmware/build/stm32g4xx_hal_pwr_ex.o
 .comment       0x00000026       0x27 /home/pani_/LHRS/VCAT-Dashboard/firmware/build/stm32g4xx_hal_rcc.o
 .comment       0x00000026       0x27 /home/pani_/LHRS/VCAT-Dashboard/firmware/build/stm32g4xx_hal_tim.o
 .comment       0x00000026       0x27 /home/pani_/LHRS/VCAT-Dashboard/firmware/build/stm32g4xx_hal_tim_ex.o
 .comment       0x00000026       0x27 /home/pani_/LHRS/VCAT-Dashboard/firmware/build/stm32g4xx_hal_uart.o
 .comment       0x00000026       0x27 /home/pani_/LHRS/VCAT-Dashboard/firmware/build/stm32g4xx_hal_uart_ex.o
 .comment       0x00000026       0x27 /home/pani_/LHRS/VCAT-Dashboard/firmware/build/system_stm32g4xx.o
 .comment       0x00000026       0x27 /home/pani_/LHRS/VCAT-Dashboard/firmware/build/stm32g4xx_hal_init.o
 .comment       0x00000026       0x27 /home/pani_/LHRS/VCAT-Dashboard/firmware/build/stm32g4xx_hal_timebase_tim.o
 .comment       0x00000026       0x27 /home/pani_/LHRS/VCAT-Dashboard/firmware/build/list.o
 .comment       0x00000026       0x27 /home/pani_/LHRS/VCAT-Dashboard/firmware/build/queue.o
 .comment       0x00000026       0x27 /home/pani_/LHRS/VCAT-Dashboard/firmware/build/tasks.o
 .comment       0x00000026       0x27 /home/pani_/LHRS/VCAT-Dashboard/firmware/build/port.o
 .comment       0x00000026       0x27 /home/pani_/LHRS/VCAT-Dashboard/firmware/build/syscalls.o
 .comment       0x00000026       0x27 /home/pani_/LHRS/VCAT-Dashboard/firmware/build/sysmem.o
 .comment       0x00000026       0x27 /home/pani_/LHRS/VCAT-Dashboard/firmware/build/printf.o
 .comment       0x00000026       0x27 /home/pani_/LHRS/VCAT-Dashboard/firmware/build/ADC.o
 .comment       0x00000026       0x27 /home/pani_/LHRS/VCAT-Dashboard/firmware/build/UART.o
 .comment       0x00000026       0x27 /usr/lib/gcc/arm-none-eabi/13.2.1/../../../arm-none-eabi/lib/thumb/v7e-m+fp/hard/libc_nano.a(libc_a-init.o)
 .comment       0x00000026       0x27 /usr/lib/gcc/arm-none-eabi/13.2.1/../../../arm-none-eabi/lib/thumb/v7e-m+fp/hard/libc_nano.a(libc_a-memset.o)
 .comment       0x00000026       0x27 /usr/lib/gcc/arm-none-eabi/13.2.1/../../../arm-none-eabi/lib/thumb/v7e-m+fp/hard/libc_nano.a(libc_a-errno.o)
 .comment       0x00000026       0x27 /usr/lib/gcc/arm-none-eabi/13.2.1/../../../arm-none-eabi/lib/thumb/v7e-m+fp/hard/libc_nano.a(libc_a-nano-vfprintf_float.o)
 .comment       0x00000026       0x27 /usr/lib/gcc/arm-none-eabi/13.2.1/../../../arm-none-eabi/lib/thumb/v7e-m+fp/hard/libc_nano.a(libc_a-dtoa.o)
 .comment       0x00000026       0x27 /usr/lib/gcc/arm-none-eabi/13.2.1/../../../arm-none-eabi/lib/thumb/v7e-m+fp/hard/libc_nano.a(libc_a-malloc.o)
 .comment       0x00000026       0x27 /usr/lib/gcc/arm-none-eabi/13.2.1/../../../arm-none-eabi/lib/thumb/v7e-m+fp/hard/libc_nano.a(libc_a-nano-vfprintf_i.o)
 .comment       0x00000026       0x27 /usr/lib/gcc/arm-none-eabi/13.2.1/../../../arm-none-eabi/lib/thumb/v7e-m+fp/hard/libc_nano.a(libc_a-assert.o)
 .comment       0x00000026       0x27 /usr/lib/gcc/arm-none-eabi/13.2.1/../../../arm-none-eabi/lib/thumb/v7e-m+fp/hard/libc_nano.a(libc_a-mprec.o)
 .comment       0x00000026       0x27 /usr/lib/gcc/arm-none-eabi/13.2.1/../../../arm-none-eabi/lib/thumb/v7e-m+fp/hard/libc_nano.a(libc_a-impure.o)
 .comment       0x00000026       0x27 /usr/lib/gcc/arm-none-eabi/13.2.1/../../../arm-none-eabi/lib/thumb/v7e-m+fp/hard/libc_nano.a(libc_a-localeconv.o)
 .comment       0x00000026       0x27 /usr/lib/gcc/arm-none-eabi/13.2.1/../../../arm-none-eabi/lib/thumb/v7e-m+fp/hard/libc_nano.a(libc_a-findfp.o)
 .comment       0x00000026       0x27 /usr/lib/gcc/arm-none-eabi/13.2.1/../../../arm-none-eabi/lib/thumb/v7e-m+fp/hard/libc_nano.a(libc_a-abort.o)
 .comment       0x00000026       0x27 /usr/lib/gcc/arm-none-eabi/13.2.1/../../../arm-none-eabi/lib/thumb/v7e-m+fp/hard/libc_nano.a(libc_a-fflush.o)
 .comment       0x00000026       0x27 /usr/lib/gcc/arm-none-eabi/13.2.1/../../../arm-none-eabi/lib/thumb/v7e-m+fp/hard/libc_nano.a(libc_a-callocr.o)