ARM GAS  /tmp/ccso4ZMq.s 			page 1


   1              		.cpu cortex-m4
   2              		.arch armv7e-m
   3              		.fpu fpv4-sp-d16
   4              		.eabi_attribute 27, 1
   5              		.eabi_attribute 28, 1
   6              		.eabi_attribute 20, 1
   7              		.eabi_attribute 21, 1
   8              		.eabi_attribute 23, 3
   9              		.eabi_attribute 24, 1
  10              		.eabi_attribute 25, 1
  11              		.eabi_attribute 26, 1
  12              		.eabi_attribute 30, 1
  13              		.eabi_attribute 34, 1
  14              		.eabi_attribute 18, 4
  15              		.file	"stm32g4xx_hal_smbus_ex.c"
  16              		.text
  17              	.Ltext0:
  18              		.cfi_sections	.debug_frame
  19              		.file 1 "stm/stm32g4xx/STM32G4xx_HAL_Driver/Src/stm32g4xx_hal_smbus_ex.c"
  20              		.section	.text.HAL_SMBUSEx_EnableWakeUp,"ax",%progbits
  21              		.align	1
  22              		.global	HAL_SMBUSEx_EnableWakeUp
  23              		.syntax unified
  24              		.thumb
  25              		.thumb_func
  27              	HAL_SMBUSEx_EnableWakeUp:
  28              	.LVL0:
  29              	.LFB329:
   1:stm/stm32g4xx/STM32G4xx_HAL_Driver/Src/stm32g4xx_hal_smbus_ex.c **** /**
   2:stm/stm32g4xx/STM32G4xx_HAL_Driver/Src/stm32g4xx_hal_smbus_ex.c ****   ******************************************************************************
   3:stm/stm32g4xx/STM32G4xx_HAL_Driver/Src/stm32g4xx_hal_smbus_ex.c ****   * @file    stm32g4xx_hal_smbus_ex.c
   4:stm/stm32g4xx/STM32G4xx_HAL_Driver/Src/stm32g4xx_hal_smbus_ex.c ****   * @author  MCD Application Team
   5:stm/stm32g4xx/STM32G4xx_HAL_Driver/Src/stm32g4xx_hal_smbus_ex.c ****   * @brief   SMBUS Extended HAL module driver.
   6:stm/stm32g4xx/STM32G4xx_HAL_Driver/Src/stm32g4xx_hal_smbus_ex.c ****   *          This file provides firmware functions to manage the following
   7:stm/stm32g4xx/STM32G4xx_HAL_Driver/Src/stm32g4xx_hal_smbus_ex.c ****   *          functionalities of SMBUS Extended peripheral:
   8:stm/stm32g4xx/STM32G4xx_HAL_Driver/Src/stm32g4xx_hal_smbus_ex.c ****   *           + Extended features functions
   9:stm/stm32g4xx/STM32G4xx_HAL_Driver/Src/stm32g4xx_hal_smbus_ex.c ****   *           + WakeUp Mode Functions
  10:stm/stm32g4xx/STM32G4xx_HAL_Driver/Src/stm32g4xx_hal_smbus_ex.c ****   *           + FastModePlus Functions
  11:stm/stm32g4xx/STM32G4xx_HAL_Driver/Src/stm32g4xx_hal_smbus_ex.c ****   *
  12:stm/stm32g4xx/STM32G4xx_HAL_Driver/Src/stm32g4xx_hal_smbus_ex.c ****   ******************************************************************************
  13:stm/stm32g4xx/STM32G4xx_HAL_Driver/Src/stm32g4xx_hal_smbus_ex.c ****   * @attention
  14:stm/stm32g4xx/STM32G4xx_HAL_Driver/Src/stm32g4xx_hal_smbus_ex.c ****   *
  15:stm/stm32g4xx/STM32G4xx_HAL_Driver/Src/stm32g4xx_hal_smbus_ex.c ****   * Copyright (c) 2019 STMicroelectronics.
  16:stm/stm32g4xx/STM32G4xx_HAL_Driver/Src/stm32g4xx_hal_smbus_ex.c ****   * All rights reserved.
  17:stm/stm32g4xx/STM32G4xx_HAL_Driver/Src/stm32g4xx_hal_smbus_ex.c ****   *
  18:stm/stm32g4xx/STM32G4xx_HAL_Driver/Src/stm32g4xx_hal_smbus_ex.c ****   * This software is licensed under terms that can be found in the LICENSE file
  19:stm/stm32g4xx/STM32G4xx_HAL_Driver/Src/stm32g4xx_hal_smbus_ex.c ****   * in the root directory of this software component.
  20:stm/stm32g4xx/STM32G4xx_HAL_Driver/Src/stm32g4xx_hal_smbus_ex.c ****   * If no LICENSE file comes with this software, it is provided AS-IS.
  21:stm/stm32g4xx/STM32G4xx_HAL_Driver/Src/stm32g4xx_hal_smbus_ex.c ****   *
  22:stm/stm32g4xx/STM32G4xx_HAL_Driver/Src/stm32g4xx_hal_smbus_ex.c ****   ******************************************************************************
  23:stm/stm32g4xx/STM32G4xx_HAL_Driver/Src/stm32g4xx_hal_smbus_ex.c ****   @verbatim
  24:stm/stm32g4xx/STM32G4xx_HAL_Driver/Src/stm32g4xx_hal_smbus_ex.c ****   ==============================================================================
  25:stm/stm32g4xx/STM32G4xx_HAL_Driver/Src/stm32g4xx_hal_smbus_ex.c ****                ##### SMBUS peripheral Extended features  #####
  26:stm/stm32g4xx/STM32G4xx_HAL_Driver/Src/stm32g4xx_hal_smbus_ex.c ****   ==============================================================================
  27:stm/stm32g4xx/STM32G4xx_HAL_Driver/Src/stm32g4xx_hal_smbus_ex.c **** 
  28:stm/stm32g4xx/STM32G4xx_HAL_Driver/Src/stm32g4xx_hal_smbus_ex.c ****   [..] Comparing to other previous devices, the SMBUS interface for STM32G4xx
  29:stm/stm32g4xx/STM32G4xx_HAL_Driver/Src/stm32g4xx_hal_smbus_ex.c ****        devices contains the following additional features
ARM GAS  /tmp/ccso4ZMq.s 			page 2


  30:stm/stm32g4xx/STM32G4xx_HAL_Driver/Src/stm32g4xx_hal_smbus_ex.c **** 
  31:stm/stm32g4xx/STM32G4xx_HAL_Driver/Src/stm32g4xx_hal_smbus_ex.c ****        (+) Disable or enable wakeup from Stop mode(s)
  32:stm/stm32g4xx/STM32G4xx_HAL_Driver/Src/stm32g4xx_hal_smbus_ex.c ****        (+) Disable or enable Fast Mode Plus
  33:stm/stm32g4xx/STM32G4xx_HAL_Driver/Src/stm32g4xx_hal_smbus_ex.c **** 
  34:stm/stm32g4xx/STM32G4xx_HAL_Driver/Src/stm32g4xx_hal_smbus_ex.c ****                      ##### How to use this driver #####
  35:stm/stm32g4xx/STM32G4xx_HAL_Driver/Src/stm32g4xx_hal_smbus_ex.c ****   ==============================================================================
  36:stm/stm32g4xx/STM32G4xx_HAL_Driver/Src/stm32g4xx_hal_smbus_ex.c ****     (#) Configure the enable or disable of SMBUS Wake Up Mode using the functions :
  37:stm/stm32g4xx/STM32G4xx_HAL_Driver/Src/stm32g4xx_hal_smbus_ex.c ****           (++) HAL_SMBUSEx_EnableWakeUp()
  38:stm/stm32g4xx/STM32G4xx_HAL_Driver/Src/stm32g4xx_hal_smbus_ex.c ****           (++) HAL_SMBUSEx_DisableWakeUp()
  39:stm/stm32g4xx/STM32G4xx_HAL_Driver/Src/stm32g4xx_hal_smbus_ex.c ****     (#) Configure the enable or disable of fast mode plus driving capability using the functions :
  40:stm/stm32g4xx/STM32G4xx_HAL_Driver/Src/stm32g4xx_hal_smbus_ex.c ****           (++) HAL_SMBUSEx_EnableFastModePlus()
  41:stm/stm32g4xx/STM32G4xx_HAL_Driver/Src/stm32g4xx_hal_smbus_ex.c ****           (++) HAL_SMBUSEx_DisableFastModePlus()
  42:stm/stm32g4xx/STM32G4xx_HAL_Driver/Src/stm32g4xx_hal_smbus_ex.c ****   @endverbatim
  43:stm/stm32g4xx/STM32G4xx_HAL_Driver/Src/stm32g4xx_hal_smbus_ex.c ****   */
  44:stm/stm32g4xx/STM32G4xx_HAL_Driver/Src/stm32g4xx_hal_smbus_ex.c **** 
  45:stm/stm32g4xx/STM32G4xx_HAL_Driver/Src/stm32g4xx_hal_smbus_ex.c **** /* Includes ------------------------------------------------------------------*/
  46:stm/stm32g4xx/STM32G4xx_HAL_Driver/Src/stm32g4xx_hal_smbus_ex.c **** #include "stm32g4xx_hal.h"
  47:stm/stm32g4xx/STM32G4xx_HAL_Driver/Src/stm32g4xx_hal_smbus_ex.c **** 
  48:stm/stm32g4xx/STM32G4xx_HAL_Driver/Src/stm32g4xx_hal_smbus_ex.c **** /** @addtogroup STM32G4xx_HAL_Driver
  49:stm/stm32g4xx/STM32G4xx_HAL_Driver/Src/stm32g4xx_hal_smbus_ex.c ****   * @{
  50:stm/stm32g4xx/STM32G4xx_HAL_Driver/Src/stm32g4xx_hal_smbus_ex.c ****   */
  51:stm/stm32g4xx/STM32G4xx_HAL_Driver/Src/stm32g4xx_hal_smbus_ex.c **** 
  52:stm/stm32g4xx/STM32G4xx_HAL_Driver/Src/stm32g4xx_hal_smbus_ex.c **** /** @defgroup SMBUSEx SMBUSEx
  53:stm/stm32g4xx/STM32G4xx_HAL_Driver/Src/stm32g4xx_hal_smbus_ex.c ****   * @brief SMBUS Extended HAL module driver
  54:stm/stm32g4xx/STM32G4xx_HAL_Driver/Src/stm32g4xx_hal_smbus_ex.c ****   * @{
  55:stm/stm32g4xx/STM32G4xx_HAL_Driver/Src/stm32g4xx_hal_smbus_ex.c ****   */
  56:stm/stm32g4xx/STM32G4xx_HAL_Driver/Src/stm32g4xx_hal_smbus_ex.c **** 
  57:stm/stm32g4xx/STM32G4xx_HAL_Driver/Src/stm32g4xx_hal_smbus_ex.c **** #ifdef HAL_SMBUS_MODULE_ENABLED
  58:stm/stm32g4xx/STM32G4xx_HAL_Driver/Src/stm32g4xx_hal_smbus_ex.c **** 
  59:stm/stm32g4xx/STM32G4xx_HAL_Driver/Src/stm32g4xx_hal_smbus_ex.c **** /* Private typedef -----------------------------------------------------------*/
  60:stm/stm32g4xx/STM32G4xx_HAL_Driver/Src/stm32g4xx_hal_smbus_ex.c **** /* Private define ------------------------------------------------------------*/
  61:stm/stm32g4xx/STM32G4xx_HAL_Driver/Src/stm32g4xx_hal_smbus_ex.c **** /* Private macro -------------------------------------------------------------*/
  62:stm/stm32g4xx/STM32G4xx_HAL_Driver/Src/stm32g4xx_hal_smbus_ex.c **** /* Private variables ---------------------------------------------------------*/
  63:stm/stm32g4xx/STM32G4xx_HAL_Driver/Src/stm32g4xx_hal_smbus_ex.c **** /* Private function prototypes -----------------------------------------------*/
  64:stm/stm32g4xx/STM32G4xx_HAL_Driver/Src/stm32g4xx_hal_smbus_ex.c **** /* Private functions ---------------------------------------------------------*/
  65:stm/stm32g4xx/STM32G4xx_HAL_Driver/Src/stm32g4xx_hal_smbus_ex.c **** 
  66:stm/stm32g4xx/STM32G4xx_HAL_Driver/Src/stm32g4xx_hal_smbus_ex.c **** /** @defgroup SMBUSEx_Exported_Functions SMBUS Extended Exported Functions
  67:stm/stm32g4xx/STM32G4xx_HAL_Driver/Src/stm32g4xx_hal_smbus_ex.c ****   * @{
  68:stm/stm32g4xx/STM32G4xx_HAL_Driver/Src/stm32g4xx_hal_smbus_ex.c ****   */
  69:stm/stm32g4xx/STM32G4xx_HAL_Driver/Src/stm32g4xx_hal_smbus_ex.c **** 
  70:stm/stm32g4xx/STM32G4xx_HAL_Driver/Src/stm32g4xx_hal_smbus_ex.c **** /** @defgroup SMBUSEx_Exported_Functions_Group2 WakeUp Mode Functions
  71:stm/stm32g4xx/STM32G4xx_HAL_Driver/Src/stm32g4xx_hal_smbus_ex.c ****   * @brief    WakeUp Mode Functions
  72:stm/stm32g4xx/STM32G4xx_HAL_Driver/Src/stm32g4xx_hal_smbus_ex.c ****   *
  73:stm/stm32g4xx/STM32G4xx_HAL_Driver/Src/stm32g4xx_hal_smbus_ex.c **** @verbatim
  74:stm/stm32g4xx/STM32G4xx_HAL_Driver/Src/stm32g4xx_hal_smbus_ex.c ****  ===============================================================================
  75:stm/stm32g4xx/STM32G4xx_HAL_Driver/Src/stm32g4xx_hal_smbus_ex.c ****                       ##### WakeUp Mode Functions #####
  76:stm/stm32g4xx/STM32G4xx_HAL_Driver/Src/stm32g4xx_hal_smbus_ex.c ****  ===============================================================================
  77:stm/stm32g4xx/STM32G4xx_HAL_Driver/Src/stm32g4xx_hal_smbus_ex.c ****     [..] This section provides functions allowing to:
  78:stm/stm32g4xx/STM32G4xx_HAL_Driver/Src/stm32g4xx_hal_smbus_ex.c ****       (+) Configure Wake Up Feature
  79:stm/stm32g4xx/STM32G4xx_HAL_Driver/Src/stm32g4xx_hal_smbus_ex.c **** 
  80:stm/stm32g4xx/STM32G4xx_HAL_Driver/Src/stm32g4xx_hal_smbus_ex.c **** @endverbatim
  81:stm/stm32g4xx/STM32G4xx_HAL_Driver/Src/stm32g4xx_hal_smbus_ex.c ****   * @{
  82:stm/stm32g4xx/STM32G4xx_HAL_Driver/Src/stm32g4xx_hal_smbus_ex.c ****   */
  83:stm/stm32g4xx/STM32G4xx_HAL_Driver/Src/stm32g4xx_hal_smbus_ex.c **** 
  84:stm/stm32g4xx/STM32G4xx_HAL_Driver/Src/stm32g4xx_hal_smbus_ex.c **** /**
  85:stm/stm32g4xx/STM32G4xx_HAL_Driver/Src/stm32g4xx_hal_smbus_ex.c ****   * @brief  Enable SMBUS wakeup from Stop mode(s).
  86:stm/stm32g4xx/STM32G4xx_HAL_Driver/Src/stm32g4xx_hal_smbus_ex.c ****   * @param  hsmbus Pointer to a SMBUS_HandleTypeDef structure that contains
ARM GAS  /tmp/ccso4ZMq.s 			page 3


  87:stm/stm32g4xx/STM32G4xx_HAL_Driver/Src/stm32g4xx_hal_smbus_ex.c ****   *                the configuration information for the specified SMBUSx peripheral.
  88:stm/stm32g4xx/STM32G4xx_HAL_Driver/Src/stm32g4xx_hal_smbus_ex.c ****   * @retval HAL status
  89:stm/stm32g4xx/STM32G4xx_HAL_Driver/Src/stm32g4xx_hal_smbus_ex.c ****   */
  90:stm/stm32g4xx/STM32G4xx_HAL_Driver/Src/stm32g4xx_hal_smbus_ex.c **** HAL_StatusTypeDef HAL_SMBUSEx_EnableWakeUp(SMBUS_HandleTypeDef *hsmbus)
  91:stm/stm32g4xx/STM32G4xx_HAL_Driver/Src/stm32g4xx_hal_smbus_ex.c **** {
  30              		.loc 1 91 1 view -0
  31              		.cfi_startproc
  32              		@ args = 0, pretend = 0, frame = 0
  33              		@ frame_needed = 0, uses_anonymous_args = 0
  34              		@ link register save eliminated.
  35              		.loc 1 91 1 is_stmt 0 view .LVU1
  36 0000 0346     		mov	r3, r0
  92:stm/stm32g4xx/STM32G4xx_HAL_Driver/Src/stm32g4xx_hal_smbus_ex.c ****   /* Check the parameters */
  93:stm/stm32g4xx/STM32G4xx_HAL_Driver/Src/stm32g4xx_hal_smbus_ex.c ****   assert_param(IS_I2C_WAKEUP_FROMSTOP_INSTANCE(hsmbus->Instance));
  37              		.loc 1 93 3 is_stmt 1 view .LVU2
  94:stm/stm32g4xx/STM32G4xx_HAL_Driver/Src/stm32g4xx_hal_smbus_ex.c **** 
  95:stm/stm32g4xx/STM32G4xx_HAL_Driver/Src/stm32g4xx_hal_smbus_ex.c ****   if (hsmbus->State == HAL_SMBUS_STATE_READY)
  38              		.loc 1 95 3 view .LVU3
  39              		.loc 1 95 13 is_stmt 0 view .LVU4
  40 0002 826C     		ldr	r2, [r0, #72]
  41              		.loc 1 95 6 view .LVU5
  42 0004 012A     		cmp	r2, #1
  43 0006 1BD1     		bne	.L3
  96:stm/stm32g4xx/STM32G4xx_HAL_Driver/Src/stm32g4xx_hal_smbus_ex.c ****   {
  97:stm/stm32g4xx/STM32G4xx_HAL_Driver/Src/stm32g4xx_hal_smbus_ex.c ****     /* Process Locked */
  98:stm/stm32g4xx/STM32G4xx_HAL_Driver/Src/stm32g4xx_hal_smbus_ex.c ****     __HAL_LOCK(hsmbus);
  44              		.loc 1 98 5 is_stmt 1 view .LVU6
  45              		.loc 1 98 5 view .LVU7
  46 0008 90F84420 		ldrb	r2, [r0, #68]	@ zero_extendqisi2
  47 000c 012A     		cmp	r2, #1
  48 000e 19D0     		beq	.L4
  49              		.loc 1 98 5 discriminator 2 view .LVU8
  50 0010 0121     		movs	r1, #1
  51 0012 80F84410 		strb	r1, [r0, #68]
  52              		.loc 1 98 5 discriminator 2 view .LVU9
  99:stm/stm32g4xx/STM32G4xx_HAL_Driver/Src/stm32g4xx_hal_smbus_ex.c **** 
 100:stm/stm32g4xx/STM32G4xx_HAL_Driver/Src/stm32g4xx_hal_smbus_ex.c ****     hsmbus->State = HAL_SMBUS_STATE_BUSY;
  53              		.loc 1 100 5 view .LVU10
  54              		.loc 1 100 19 is_stmt 0 view .LVU11
  55 0016 0222     		movs	r2, #2
  56 0018 8264     		str	r2, [r0, #72]
 101:stm/stm32g4xx/STM32G4xx_HAL_Driver/Src/stm32g4xx_hal_smbus_ex.c **** 
 102:stm/stm32g4xx/STM32G4xx_HAL_Driver/Src/stm32g4xx_hal_smbus_ex.c ****     /* Disable the selected SMBUS peripheral */
 103:stm/stm32g4xx/STM32G4xx_HAL_Driver/Src/stm32g4xx_hal_smbus_ex.c ****     __HAL_SMBUS_DISABLE(hsmbus);
  57              		.loc 1 103 5 is_stmt 1 view .LVU12
  58 001a 0068     		ldr	r0, [r0]
  59              	.LVL1:
  60              		.loc 1 103 5 is_stmt 0 view .LVU13
  61 001c 0268     		ldr	r2, [r0]
  62 001e 22F00102 		bic	r2, r2, #1
  63 0022 0260     		str	r2, [r0]
 104:stm/stm32g4xx/STM32G4xx_HAL_Driver/Src/stm32g4xx_hal_smbus_ex.c **** 
 105:stm/stm32g4xx/STM32G4xx_HAL_Driver/Src/stm32g4xx_hal_smbus_ex.c ****     /* Enable wakeup from stop mode */
 106:stm/stm32g4xx/STM32G4xx_HAL_Driver/Src/stm32g4xx_hal_smbus_ex.c ****     hsmbus->Instance->CR1 |= I2C_CR1_WUPEN;
  64              		.loc 1 106 5 is_stmt 1 view .LVU14
  65              		.loc 1 106 11 is_stmt 0 view .LVU15
  66 0024 1868     		ldr	r0, [r3]
ARM GAS  /tmp/ccso4ZMq.s 			page 4


  67              		.loc 1 106 21 view .LVU16
  68 0026 0268     		ldr	r2, [r0]
  69              		.loc 1 106 27 view .LVU17
  70 0028 42F48022 		orr	r2, r2, #262144
  71 002c 0260     		str	r2, [r0]
 107:stm/stm32g4xx/STM32G4xx_HAL_Driver/Src/stm32g4xx_hal_smbus_ex.c **** 
 108:stm/stm32g4xx/STM32G4xx_HAL_Driver/Src/stm32g4xx_hal_smbus_ex.c ****     __HAL_SMBUS_ENABLE(hsmbus);
  72              		.loc 1 108 5 is_stmt 1 view .LVU18
  73 002e 1868     		ldr	r0, [r3]
  74 0030 0268     		ldr	r2, [r0]
  75 0032 0A43     		orrs	r2, r2, r1
  76 0034 0260     		str	r2, [r0]
 109:stm/stm32g4xx/STM32G4xx_HAL_Driver/Src/stm32g4xx_hal_smbus_ex.c **** 
 110:stm/stm32g4xx/STM32G4xx_HAL_Driver/Src/stm32g4xx_hal_smbus_ex.c ****     hsmbus->State = HAL_SMBUS_STATE_READY;
  77              		.loc 1 110 5 view .LVU19
  78              		.loc 1 110 19 is_stmt 0 view .LVU20
  79 0036 9964     		str	r1, [r3, #72]
 111:stm/stm32g4xx/STM32G4xx_HAL_Driver/Src/stm32g4xx_hal_smbus_ex.c **** 
 112:stm/stm32g4xx/STM32G4xx_HAL_Driver/Src/stm32g4xx_hal_smbus_ex.c ****     /* Process Unlocked */
 113:stm/stm32g4xx/STM32G4xx_HAL_Driver/Src/stm32g4xx_hal_smbus_ex.c ****     __HAL_UNLOCK(hsmbus);
  80              		.loc 1 113 5 is_stmt 1 view .LVU21
  81              		.loc 1 113 5 view .LVU22
  82 0038 0020     		movs	r0, #0
  83 003a 83F84400 		strb	r0, [r3, #68]
  84              		.loc 1 113 5 view .LVU23
 114:stm/stm32g4xx/STM32G4xx_HAL_Driver/Src/stm32g4xx_hal_smbus_ex.c **** 
 115:stm/stm32g4xx/STM32G4xx_HAL_Driver/Src/stm32g4xx_hal_smbus_ex.c ****     return HAL_OK;
  85              		.loc 1 115 5 view .LVU24
  86              		.loc 1 115 12 is_stmt 0 view .LVU25
  87 003e 7047     		bx	lr
  88              	.LVL2:
  89              	.L3:
 116:stm/stm32g4xx/STM32G4xx_HAL_Driver/Src/stm32g4xx_hal_smbus_ex.c ****   }
 117:stm/stm32g4xx/STM32G4xx_HAL_Driver/Src/stm32g4xx_hal_smbus_ex.c ****   else
 118:stm/stm32g4xx/STM32G4xx_HAL_Driver/Src/stm32g4xx_hal_smbus_ex.c ****   {
 119:stm/stm32g4xx/STM32G4xx_HAL_Driver/Src/stm32g4xx_hal_smbus_ex.c ****     return HAL_BUSY;
  90              		.loc 1 119 12 view .LVU26
  91 0040 0220     		movs	r0, #2
  92              	.LVL3:
  93              		.loc 1 119 12 view .LVU27
  94 0042 7047     		bx	lr
  95              	.LVL4:
  96              	.L4:
  98:stm/stm32g4xx/STM32G4xx_HAL_Driver/Src/stm32g4xx_hal_smbus_ex.c **** 
  97              		.loc 1 98 5 discriminator 1 view .LVU28
  98 0044 0220     		movs	r0, #2
  99              	.LVL5:
 120:stm/stm32g4xx/STM32G4xx_HAL_Driver/Src/stm32g4xx_hal_smbus_ex.c ****   }
 121:stm/stm32g4xx/STM32G4xx_HAL_Driver/Src/stm32g4xx_hal_smbus_ex.c **** }
 100              		.loc 1 121 1 view .LVU29
 101 0046 7047     		bx	lr
 102              		.cfi_endproc
 103              	.LFE329:
 105              		.section	.text.HAL_SMBUSEx_DisableWakeUp,"ax",%progbits
 106              		.align	1
 107              		.global	HAL_SMBUSEx_DisableWakeUp
 108              		.syntax unified
ARM GAS  /tmp/ccso4ZMq.s 			page 5


 109              		.thumb
 110              		.thumb_func
 112              	HAL_SMBUSEx_DisableWakeUp:
 113              	.LVL6:
 114              	.LFB330:
 122:stm/stm32g4xx/STM32G4xx_HAL_Driver/Src/stm32g4xx_hal_smbus_ex.c **** 
 123:stm/stm32g4xx/STM32G4xx_HAL_Driver/Src/stm32g4xx_hal_smbus_ex.c **** /**
 124:stm/stm32g4xx/STM32G4xx_HAL_Driver/Src/stm32g4xx_hal_smbus_ex.c ****   * @brief  Disable SMBUS wakeup from Stop mode(s).
 125:stm/stm32g4xx/STM32G4xx_HAL_Driver/Src/stm32g4xx_hal_smbus_ex.c ****   * @param  hsmbus Pointer to a SMBUS_HandleTypeDef structure that contains
 126:stm/stm32g4xx/STM32G4xx_HAL_Driver/Src/stm32g4xx_hal_smbus_ex.c ****   *                the configuration information for the specified SMBUSx peripheral.
 127:stm/stm32g4xx/STM32G4xx_HAL_Driver/Src/stm32g4xx_hal_smbus_ex.c ****   * @retval HAL status
 128:stm/stm32g4xx/STM32G4xx_HAL_Driver/Src/stm32g4xx_hal_smbus_ex.c ****   */
 129:stm/stm32g4xx/STM32G4xx_HAL_Driver/Src/stm32g4xx_hal_smbus_ex.c **** HAL_StatusTypeDef HAL_SMBUSEx_DisableWakeUp(SMBUS_HandleTypeDef *hsmbus)
 130:stm/stm32g4xx/STM32G4xx_HAL_Driver/Src/stm32g4xx_hal_smbus_ex.c **** {
 115              		.loc 1 130 1 is_stmt 1 view -0
 116              		.cfi_startproc
 117              		@ args = 0, pretend = 0, frame = 0
 118              		@ frame_needed = 0, uses_anonymous_args = 0
 119              		@ link register save eliminated.
 120              		.loc 1 130 1 is_stmt 0 view .LVU31
 121 0000 0346     		mov	r3, r0
 131:stm/stm32g4xx/STM32G4xx_HAL_Driver/Src/stm32g4xx_hal_smbus_ex.c ****   /* Check the parameters */
 132:stm/stm32g4xx/STM32G4xx_HAL_Driver/Src/stm32g4xx_hal_smbus_ex.c ****   assert_param(IS_I2C_WAKEUP_FROMSTOP_INSTANCE(hsmbus->Instance));
 122              		.loc 1 132 3 is_stmt 1 view .LVU32
 133:stm/stm32g4xx/STM32G4xx_HAL_Driver/Src/stm32g4xx_hal_smbus_ex.c **** 
 134:stm/stm32g4xx/STM32G4xx_HAL_Driver/Src/stm32g4xx_hal_smbus_ex.c ****   if (hsmbus->State == HAL_SMBUS_STATE_READY)
 123              		.loc 1 134 3 view .LVU33
 124              		.loc 1 134 13 is_stmt 0 view .LVU34
 125 0002 826C     		ldr	r2, [r0, #72]
 126              		.loc 1 134 6 view .LVU35
 127 0004 012A     		cmp	r2, #1
 128 0006 1BD1     		bne	.L7
 135:stm/stm32g4xx/STM32G4xx_HAL_Driver/Src/stm32g4xx_hal_smbus_ex.c ****   {
 136:stm/stm32g4xx/STM32G4xx_HAL_Driver/Src/stm32g4xx_hal_smbus_ex.c ****     /* Process Locked */
 137:stm/stm32g4xx/STM32G4xx_HAL_Driver/Src/stm32g4xx_hal_smbus_ex.c ****     __HAL_LOCK(hsmbus);
 129              		.loc 1 137 5 is_stmt 1 view .LVU36
 130              		.loc 1 137 5 view .LVU37
 131 0008 90F84420 		ldrb	r2, [r0, #68]	@ zero_extendqisi2
 132 000c 012A     		cmp	r2, #1
 133 000e 19D0     		beq	.L8
 134              		.loc 1 137 5 discriminator 2 view .LVU38
 135 0010 0121     		movs	r1, #1
 136 0012 80F84410 		strb	r1, [r0, #68]
 137              		.loc 1 137 5 discriminator 2 view .LVU39
 138:stm/stm32g4xx/STM32G4xx_HAL_Driver/Src/stm32g4xx_hal_smbus_ex.c **** 
 139:stm/stm32g4xx/STM32G4xx_HAL_Driver/Src/stm32g4xx_hal_smbus_ex.c ****     hsmbus->State = HAL_SMBUS_STATE_BUSY;
 138              		.loc 1 139 5 view .LVU40
 139              		.loc 1 139 19 is_stmt 0 view .LVU41
 140 0016 0222     		movs	r2, #2
 141 0018 8264     		str	r2, [r0, #72]
 140:stm/stm32g4xx/STM32G4xx_HAL_Driver/Src/stm32g4xx_hal_smbus_ex.c **** 
 141:stm/stm32g4xx/STM32G4xx_HAL_Driver/Src/stm32g4xx_hal_smbus_ex.c ****     /* Disable the selected SMBUS peripheral */
 142:stm/stm32g4xx/STM32G4xx_HAL_Driver/Src/stm32g4xx_hal_smbus_ex.c ****     __HAL_SMBUS_DISABLE(hsmbus);
 142              		.loc 1 142 5 is_stmt 1 view .LVU42
 143 001a 0068     		ldr	r0, [r0]
 144              	.LVL7:
 145              		.loc 1 142 5 is_stmt 0 view .LVU43
ARM GAS  /tmp/ccso4ZMq.s 			page 6


 146 001c 0268     		ldr	r2, [r0]
 147 001e 22F00102 		bic	r2, r2, #1
 148 0022 0260     		str	r2, [r0]
 143:stm/stm32g4xx/STM32G4xx_HAL_Driver/Src/stm32g4xx_hal_smbus_ex.c **** 
 144:stm/stm32g4xx/STM32G4xx_HAL_Driver/Src/stm32g4xx_hal_smbus_ex.c ****     /* Disable wakeup from stop mode */
 145:stm/stm32g4xx/STM32G4xx_HAL_Driver/Src/stm32g4xx_hal_smbus_ex.c ****     hsmbus->Instance->CR1 &= ~(I2C_CR1_WUPEN);
 149              		.loc 1 145 5 is_stmt 1 view .LVU44
 150              		.loc 1 145 11 is_stmt 0 view .LVU45
 151 0024 1868     		ldr	r0, [r3]
 152              		.loc 1 145 21 view .LVU46
 153 0026 0268     		ldr	r2, [r0]
 154              		.loc 1 145 27 view .LVU47
 155 0028 22F48022 		bic	r2, r2, #262144
 156 002c 0260     		str	r2, [r0]
 146:stm/stm32g4xx/STM32G4xx_HAL_Driver/Src/stm32g4xx_hal_smbus_ex.c **** 
 147:stm/stm32g4xx/STM32G4xx_HAL_Driver/Src/stm32g4xx_hal_smbus_ex.c ****     __HAL_SMBUS_ENABLE(hsmbus);
 157              		.loc 1 147 5 is_stmt 1 view .LVU48
 158 002e 1868     		ldr	r0, [r3]
 159 0030 0268     		ldr	r2, [r0]
 160 0032 0A43     		orrs	r2, r2, r1
 161 0034 0260     		str	r2, [r0]
 148:stm/stm32g4xx/STM32G4xx_HAL_Driver/Src/stm32g4xx_hal_smbus_ex.c **** 
 149:stm/stm32g4xx/STM32G4xx_HAL_Driver/Src/stm32g4xx_hal_smbus_ex.c ****     hsmbus->State = HAL_SMBUS_STATE_READY;
 162              		.loc 1 149 5 view .LVU49
 163              		.loc 1 149 19 is_stmt 0 view .LVU50
 164 0036 9964     		str	r1, [r3, #72]
 150:stm/stm32g4xx/STM32G4xx_HAL_Driver/Src/stm32g4xx_hal_smbus_ex.c **** 
 151:stm/stm32g4xx/STM32G4xx_HAL_Driver/Src/stm32g4xx_hal_smbus_ex.c ****     /* Process Unlocked */
 152:stm/stm32g4xx/STM32G4xx_HAL_Driver/Src/stm32g4xx_hal_smbus_ex.c ****     __HAL_UNLOCK(hsmbus);
 165              		.loc 1 152 5 is_stmt 1 view .LVU51
 166              		.loc 1 152 5 view .LVU52
 167 0038 0020     		movs	r0, #0
 168 003a 83F84400 		strb	r0, [r3, #68]
 169              		.loc 1 152 5 view .LVU53
 153:stm/stm32g4xx/STM32G4xx_HAL_Driver/Src/stm32g4xx_hal_smbus_ex.c **** 
 154:stm/stm32g4xx/STM32G4xx_HAL_Driver/Src/stm32g4xx_hal_smbus_ex.c ****     return HAL_OK;
 170              		.loc 1 154 5 view .LVU54
 171              		.loc 1 154 12 is_stmt 0 view .LVU55
 172 003e 7047     		bx	lr
 173              	.LVL8:
 174              	.L7:
 155:stm/stm32g4xx/STM32G4xx_HAL_Driver/Src/stm32g4xx_hal_smbus_ex.c ****   }
 156:stm/stm32g4xx/STM32G4xx_HAL_Driver/Src/stm32g4xx_hal_smbus_ex.c ****   else
 157:stm/stm32g4xx/STM32G4xx_HAL_Driver/Src/stm32g4xx_hal_smbus_ex.c ****   {
 158:stm/stm32g4xx/STM32G4xx_HAL_Driver/Src/stm32g4xx_hal_smbus_ex.c ****     return HAL_BUSY;
 175              		.loc 1 158 12 view .LVU56
 176 0040 0220     		movs	r0, #2
 177              	.LVL9:
 178              		.loc 1 158 12 view .LVU57
 179 0042 7047     		bx	lr
 180              	.LVL10:
 181              	.L8:
 137:stm/stm32g4xx/STM32G4xx_HAL_Driver/Src/stm32g4xx_hal_smbus_ex.c **** 
 182              		.loc 1 137 5 discriminator 1 view .LVU58
 183 0044 0220     		movs	r0, #2
 184              	.LVL11:
 159:stm/stm32g4xx/STM32G4xx_HAL_Driver/Src/stm32g4xx_hal_smbus_ex.c ****   }
ARM GAS  /tmp/ccso4ZMq.s 			page 7


 160:stm/stm32g4xx/STM32G4xx_HAL_Driver/Src/stm32g4xx_hal_smbus_ex.c **** }
 185              		.loc 1 160 1 view .LVU59
 186 0046 7047     		bx	lr
 187              		.cfi_endproc
 188              	.LFE330:
 190              		.section	.text.HAL_SMBUSEx_EnableFastModePlus,"ax",%progbits
 191              		.align	1
 192              		.global	HAL_SMBUSEx_EnableFastModePlus
 193              		.syntax unified
 194              		.thumb
 195              		.thumb_func
 197              	HAL_SMBUSEx_EnableFastModePlus:
 198              	.LVL12:
 199              	.LFB331:
 161:stm/stm32g4xx/STM32G4xx_HAL_Driver/Src/stm32g4xx_hal_smbus_ex.c **** /**
 162:stm/stm32g4xx/STM32G4xx_HAL_Driver/Src/stm32g4xx_hal_smbus_ex.c ****   * @}
 163:stm/stm32g4xx/STM32G4xx_HAL_Driver/Src/stm32g4xx_hal_smbus_ex.c ****   */
 164:stm/stm32g4xx/STM32G4xx_HAL_Driver/Src/stm32g4xx_hal_smbus_ex.c **** 
 165:stm/stm32g4xx/STM32G4xx_HAL_Driver/Src/stm32g4xx_hal_smbus_ex.c **** /** @defgroup SMBUSEx_Exported_Functions_Group3 Fast Mode Plus Functions
 166:stm/stm32g4xx/STM32G4xx_HAL_Driver/Src/stm32g4xx_hal_smbus_ex.c ****   * @brief    Fast Mode Plus Functions
 167:stm/stm32g4xx/STM32G4xx_HAL_Driver/Src/stm32g4xx_hal_smbus_ex.c ****   *
 168:stm/stm32g4xx/STM32G4xx_HAL_Driver/Src/stm32g4xx_hal_smbus_ex.c **** @verbatim
 169:stm/stm32g4xx/STM32G4xx_HAL_Driver/Src/stm32g4xx_hal_smbus_ex.c ****  ===============================================================================
 170:stm/stm32g4xx/STM32G4xx_HAL_Driver/Src/stm32g4xx_hal_smbus_ex.c ****                       ##### Fast Mode Plus Functions #####
 171:stm/stm32g4xx/STM32G4xx_HAL_Driver/Src/stm32g4xx_hal_smbus_ex.c ****  ===============================================================================
 172:stm/stm32g4xx/STM32G4xx_HAL_Driver/Src/stm32g4xx_hal_smbus_ex.c ****     [..] This section provides functions allowing to:
 173:stm/stm32g4xx/STM32G4xx_HAL_Driver/Src/stm32g4xx_hal_smbus_ex.c ****       (+) Configure Fast Mode Plus
 174:stm/stm32g4xx/STM32G4xx_HAL_Driver/Src/stm32g4xx_hal_smbus_ex.c **** 
 175:stm/stm32g4xx/STM32G4xx_HAL_Driver/Src/stm32g4xx_hal_smbus_ex.c **** @endverbatim
 176:stm/stm32g4xx/STM32G4xx_HAL_Driver/Src/stm32g4xx_hal_smbus_ex.c ****   * @{
 177:stm/stm32g4xx/STM32G4xx_HAL_Driver/Src/stm32g4xx_hal_smbus_ex.c ****   */
 178:stm/stm32g4xx/STM32G4xx_HAL_Driver/Src/stm32g4xx_hal_smbus_ex.c **** 
 179:stm/stm32g4xx/STM32G4xx_HAL_Driver/Src/stm32g4xx_hal_smbus_ex.c **** /**
 180:stm/stm32g4xx/STM32G4xx_HAL_Driver/Src/stm32g4xx_hal_smbus_ex.c ****   * @brief Enable the SMBUS fast mode plus driving capability.
 181:stm/stm32g4xx/STM32G4xx_HAL_Driver/Src/stm32g4xx_hal_smbus_ex.c ****   * @param ConfigFastModePlus Selects the pin.
 182:stm/stm32g4xx/STM32G4xx_HAL_Driver/Src/stm32g4xx_hal_smbus_ex.c ****   *   This parameter can be one of the @ref SMBUSEx_FastModePlus values
 183:stm/stm32g4xx/STM32G4xx_HAL_Driver/Src/stm32g4xx_hal_smbus_ex.c ****   * @note  For I2C1, fast mode plus driving capability can be enabled on all selected
 184:stm/stm32g4xx/STM32G4xx_HAL_Driver/Src/stm32g4xx_hal_smbus_ex.c ****   *        I2C1 pins using SMBUS_FASTMODEPLUS_I2C1 parameter or independently
 185:stm/stm32g4xx/STM32G4xx_HAL_Driver/Src/stm32g4xx_hal_smbus_ex.c ****   *        on each one of the following pins PB6, PB7, PB8 and PB9.
 186:stm/stm32g4xx/STM32G4xx_HAL_Driver/Src/stm32g4xx_hal_smbus_ex.c ****   * @note  For remaining I2C1 pins (PA14, PA15...) fast mode plus driving capability
 187:stm/stm32g4xx/STM32G4xx_HAL_Driver/Src/stm32g4xx_hal_smbus_ex.c ****   *        can be enabled only by using SMBUS_FASTMODEPLUS_I2C1 parameter.
 188:stm/stm32g4xx/STM32G4xx_HAL_Driver/Src/stm32g4xx_hal_smbus_ex.c ****   * @note  For all I2C2 pins fast mode plus driving capability can be enabled
 189:stm/stm32g4xx/STM32G4xx_HAL_Driver/Src/stm32g4xx_hal_smbus_ex.c ****   *        only by using SMBUS_FASTMODEPLUS_I2C2 parameter.
 190:stm/stm32g4xx/STM32G4xx_HAL_Driver/Src/stm32g4xx_hal_smbus_ex.c ****   * @note  For all I2C3 pins fast mode plus driving capability can be enabled
 191:stm/stm32g4xx/STM32G4xx_HAL_Driver/Src/stm32g4xx_hal_smbus_ex.c ****   *        only by using SMBUS_FASTMODEPLUS_I2C3 parameter.
 192:stm/stm32g4xx/STM32G4xx_HAL_Driver/Src/stm32g4xx_hal_smbus_ex.c ****   * @note  For all I2C4 pins fast mode plus driving capability can be enabled
 193:stm/stm32g4xx/STM32G4xx_HAL_Driver/Src/stm32g4xx_hal_smbus_ex.c ****   *        only by using SMBUS_FASTMODEPLUS_I2C4 parameter.
 194:stm/stm32g4xx/STM32G4xx_HAL_Driver/Src/stm32g4xx_hal_smbus_ex.c ****   * @retval None
 195:stm/stm32g4xx/STM32G4xx_HAL_Driver/Src/stm32g4xx_hal_smbus_ex.c ****   */
 196:stm/stm32g4xx/STM32G4xx_HAL_Driver/Src/stm32g4xx_hal_smbus_ex.c **** void HAL_SMBUSEx_EnableFastModePlus(uint32_t ConfigFastModePlus)
 197:stm/stm32g4xx/STM32G4xx_HAL_Driver/Src/stm32g4xx_hal_smbus_ex.c **** {
 200              		.loc 1 197 1 is_stmt 1 view -0
 201              		.cfi_startproc
 202              		@ args = 0, pretend = 0, frame = 8
 203              		@ frame_needed = 0, uses_anonymous_args = 0
 204              		@ link register save eliminated.
 205              		.loc 1 197 1 is_stmt 0 view .LVU61
ARM GAS  /tmp/ccso4ZMq.s 			page 8


 206 0000 82B0     		sub	sp, sp, #8
 207              	.LCFI0:
 208              		.cfi_def_cfa_offset 8
 198:stm/stm32g4xx/STM32G4xx_HAL_Driver/Src/stm32g4xx_hal_smbus_ex.c ****   /* Check the parameter */
 199:stm/stm32g4xx/STM32G4xx_HAL_Driver/Src/stm32g4xx_hal_smbus_ex.c ****   assert_param(IS_SMBUS_FASTMODEPLUS(ConfigFastModePlus));
 209              		.loc 1 199 3 is_stmt 1 view .LVU62
 200:stm/stm32g4xx/STM32G4xx_HAL_Driver/Src/stm32g4xx_hal_smbus_ex.c **** 
 201:stm/stm32g4xx/STM32G4xx_HAL_Driver/Src/stm32g4xx_hal_smbus_ex.c ****   /* Enable SYSCFG clock */
 202:stm/stm32g4xx/STM32G4xx_HAL_Driver/Src/stm32g4xx_hal_smbus_ex.c ****   __HAL_RCC_SYSCFG_CLK_ENABLE();
 210              		.loc 1 202 3 view .LVU63
 211              	.LBB2:
 212              		.loc 1 202 3 view .LVU64
 213              		.loc 1 202 3 view .LVU65
 214 0002 084B     		ldr	r3, .L11
 215 0004 1A6E     		ldr	r2, [r3, #96]
 216 0006 42F00102 		orr	r2, r2, #1
 217 000a 1A66     		str	r2, [r3, #96]
 218              		.loc 1 202 3 view .LVU66
 219 000c 1B6E     		ldr	r3, [r3, #96]
 220 000e 03F00103 		and	r3, r3, #1
 221 0012 0193     		str	r3, [sp, #4]
 222              		.loc 1 202 3 view .LVU67
 223 0014 019B     		ldr	r3, [sp, #4]
 224              	.LBE2:
 225              		.loc 1 202 3 view .LVU68
 203:stm/stm32g4xx/STM32G4xx_HAL_Driver/Src/stm32g4xx_hal_smbus_ex.c **** 
 204:stm/stm32g4xx/STM32G4xx_HAL_Driver/Src/stm32g4xx_hal_smbus_ex.c ****   /* Enable fast mode plus driving capability for selected pin */
 205:stm/stm32g4xx/STM32G4xx_HAL_Driver/Src/stm32g4xx_hal_smbus_ex.c ****   SET_BIT(SYSCFG->CFGR1, (uint32_t)ConfigFastModePlus);
 226              		.loc 1 205 3 view .LVU69
 227 0016 044A     		ldr	r2, .L11+4
 228 0018 5368     		ldr	r3, [r2, #4]
 229 001a 0343     		orrs	r3, r3, r0
 230 001c 5360     		str	r3, [r2, #4]
 206:stm/stm32g4xx/STM32G4xx_HAL_Driver/Src/stm32g4xx_hal_smbus_ex.c **** }
 231              		.loc 1 206 1 is_stmt 0 view .LVU70
 232 001e 02B0     		add	sp, sp, #8
 233              	.LCFI1:
 234              		.cfi_def_cfa_offset 0
 235              		@ sp needed
 236 0020 7047     		bx	lr
 237              	.L12:
 238 0022 00BF     		.align	2
 239              	.L11:
 240 0024 00100240 		.word	1073876992
 241 0028 00000140 		.word	1073807360
 242              		.cfi_endproc
 243              	.LFE331:
 245              		.section	.text.HAL_SMBUSEx_DisableFastModePlus,"ax",%progbits
 246              		.align	1
 247              		.global	HAL_SMBUSEx_DisableFastModePlus
 248              		.syntax unified
 249              		.thumb
 250              		.thumb_func
 252              	HAL_SMBUSEx_DisableFastModePlus:
 253              	.LVL13:
 254              	.LFB332:
 207:stm/stm32g4xx/STM32G4xx_HAL_Driver/Src/stm32g4xx_hal_smbus_ex.c **** 
ARM GAS  /tmp/ccso4ZMq.s 			page 9


 208:stm/stm32g4xx/STM32G4xx_HAL_Driver/Src/stm32g4xx_hal_smbus_ex.c **** /**
 209:stm/stm32g4xx/STM32G4xx_HAL_Driver/Src/stm32g4xx_hal_smbus_ex.c ****   * @brief Disable the SMBUS fast mode plus driving capability.
 210:stm/stm32g4xx/STM32G4xx_HAL_Driver/Src/stm32g4xx_hal_smbus_ex.c ****   * @param ConfigFastModePlus Selects the pin.
 211:stm/stm32g4xx/STM32G4xx_HAL_Driver/Src/stm32g4xx_hal_smbus_ex.c ****   *   This parameter can be one of the @ref SMBUSEx_FastModePlus values
 212:stm/stm32g4xx/STM32G4xx_HAL_Driver/Src/stm32g4xx_hal_smbus_ex.c ****   * @note  For I2C1, fast mode plus driving capability can be disabled on all selected
 213:stm/stm32g4xx/STM32G4xx_HAL_Driver/Src/stm32g4xx_hal_smbus_ex.c ****   *        I2C1 pins using SMBUS_FASTMODEPLUS_I2C1 parameter or independently
 214:stm/stm32g4xx/STM32G4xx_HAL_Driver/Src/stm32g4xx_hal_smbus_ex.c ****   *        on each one of the following pins PB6, PB7, PB8 and PB9.
 215:stm/stm32g4xx/STM32G4xx_HAL_Driver/Src/stm32g4xx_hal_smbus_ex.c ****   * @note  For remaining I2C1 pins (PA14, PA15...) fast mode plus driving capability
 216:stm/stm32g4xx/STM32G4xx_HAL_Driver/Src/stm32g4xx_hal_smbus_ex.c ****   *        can be disabled only by using SMBUS_FASTMODEPLUS_I2C1 parameter.
 217:stm/stm32g4xx/STM32G4xx_HAL_Driver/Src/stm32g4xx_hal_smbus_ex.c ****   * @note  For all I2C2 pins fast mode plus driving capability can be disabled
 218:stm/stm32g4xx/STM32G4xx_HAL_Driver/Src/stm32g4xx_hal_smbus_ex.c ****   *        only by using SMBUS_FASTMODEPLUS_I2C2 parameter.
 219:stm/stm32g4xx/STM32G4xx_HAL_Driver/Src/stm32g4xx_hal_smbus_ex.c ****   * @note  For all I2C3 pins fast mode plus driving capability can be disabled
 220:stm/stm32g4xx/STM32G4xx_HAL_Driver/Src/stm32g4xx_hal_smbus_ex.c ****   *        only by using SMBUS_FASTMODEPLUS_I2C3 parameter.
 221:stm/stm32g4xx/STM32G4xx_HAL_Driver/Src/stm32g4xx_hal_smbus_ex.c ****   * @note  For all I2C4 pins fast mode plus driving capability can be disabled
 222:stm/stm32g4xx/STM32G4xx_HAL_Driver/Src/stm32g4xx_hal_smbus_ex.c ****   *        only by using SMBUS_FASTMODEPLUS_I2C4 parameter.
 223:stm/stm32g4xx/STM32G4xx_HAL_Driver/Src/stm32g4xx_hal_smbus_ex.c ****   * @retval None
 224:stm/stm32g4xx/STM32G4xx_HAL_Driver/Src/stm32g4xx_hal_smbus_ex.c ****   */
 225:stm/stm32g4xx/STM32G4xx_HAL_Driver/Src/stm32g4xx_hal_smbus_ex.c **** void HAL_SMBUSEx_DisableFastModePlus(uint32_t ConfigFastModePlus)
 226:stm/stm32g4xx/STM32G4xx_HAL_Driver/Src/stm32g4xx_hal_smbus_ex.c **** {
 255              		.loc 1 226 1 is_stmt 1 view -0
 256              		.cfi_startproc
 257              		@ args = 0, pretend = 0, frame = 8
 258              		@ frame_needed = 0, uses_anonymous_args = 0
 259              		@ link register save eliminated.
 260              		.loc 1 226 1 is_stmt 0 view .LVU72
 261 0000 82B0     		sub	sp, sp, #8
 262              	.LCFI2:
 263              		.cfi_def_cfa_offset 8
 227:stm/stm32g4xx/STM32G4xx_HAL_Driver/Src/stm32g4xx_hal_smbus_ex.c ****   /* Check the parameter */
 228:stm/stm32g4xx/STM32G4xx_HAL_Driver/Src/stm32g4xx_hal_smbus_ex.c ****   assert_param(IS_SMBUS_FASTMODEPLUS(ConfigFastModePlus));
 264              		.loc 1 228 3 is_stmt 1 view .LVU73
 229:stm/stm32g4xx/STM32G4xx_HAL_Driver/Src/stm32g4xx_hal_smbus_ex.c **** 
 230:stm/stm32g4xx/STM32G4xx_HAL_Driver/Src/stm32g4xx_hal_smbus_ex.c ****   /* Enable SYSCFG clock */
 231:stm/stm32g4xx/STM32G4xx_HAL_Driver/Src/stm32g4xx_hal_smbus_ex.c ****   __HAL_RCC_SYSCFG_CLK_ENABLE();
 265              		.loc 1 231 3 view .LVU74
 266              	.LBB3:
 267              		.loc 1 231 3 view .LVU75
 268              		.loc 1 231 3 view .LVU76
 269 0002 084B     		ldr	r3, .L15
 270 0004 1A6E     		ldr	r2, [r3, #96]
 271 0006 42F00102 		orr	r2, r2, #1
 272 000a 1A66     		str	r2, [r3, #96]
 273              		.loc 1 231 3 view .LVU77
 274 000c 1B6E     		ldr	r3, [r3, #96]
 275 000e 03F00103 		and	r3, r3, #1
 276 0012 0193     		str	r3, [sp, #4]
 277              		.loc 1 231 3 view .LVU78
 278 0014 019B     		ldr	r3, [sp, #4]
 279              	.LBE3:
 280              		.loc 1 231 3 view .LVU79
 232:stm/stm32g4xx/STM32G4xx_HAL_Driver/Src/stm32g4xx_hal_smbus_ex.c **** 
 233:stm/stm32g4xx/STM32G4xx_HAL_Driver/Src/stm32g4xx_hal_smbus_ex.c ****   /* Disable fast mode plus driving capability for selected pin */
 234:stm/stm32g4xx/STM32G4xx_HAL_Driver/Src/stm32g4xx_hal_smbus_ex.c ****   CLEAR_BIT(SYSCFG->CFGR1, (uint32_t)ConfigFastModePlus);
 281              		.loc 1 234 3 view .LVU80
 282 0016 044A     		ldr	r2, .L15+4
 283 0018 5368     		ldr	r3, [r2, #4]
 284 001a 23EA0003 		bic	r3, r3, r0
ARM GAS  /tmp/ccso4ZMq.s 			page 10


 285 001e 5360     		str	r3, [r2, #4]
 235:stm/stm32g4xx/STM32G4xx_HAL_Driver/Src/stm32g4xx_hal_smbus_ex.c **** }
 286              		.loc 1 235 1 is_stmt 0 view .LVU81
 287 0020 02B0     		add	sp, sp, #8
 288              	.LCFI3:
 289              		.cfi_def_cfa_offset 0
 290              		@ sp needed
 291 0022 7047     		bx	lr
 292              	.L16:
 293              		.align	2
 294              	.L15:
 295 0024 00100240 		.word	1073876992
 296 0028 00000140 		.word	1073807360
 297              		.cfi_endproc
 298              	.LFE332:
 300              		.text
 301              	.Letext0:
 302              		.file 2 "/usr/lib/gcc/arm-none-eabi/13.2.1/include/stdint.h"
 303              		.file 3 "stm/stm32g4xx/CMSIS/Device/ST/STM32G4xx/Include/stm32g473xx.h"
 304              		.file 4 "stm/stm32g4xx/STM32G4xx_HAL_Driver/Inc/stm32g4xx_hal_def.h"
 305              		.file 5 "stm/stm32g4xx/STM32G4xx_HAL_Driver/Inc/stm32g4xx_hal_smbus.h"
ARM GAS  /tmp/ccso4ZMq.s 			page 11


DEFINED SYMBOLS
                            *ABS*:00000000 stm32g4xx_hal_smbus_ex.c
     /tmp/ccso4ZMq.s:21     .text.HAL_SMBUSEx_EnableWakeUp:00000000 $t
     /tmp/ccso4ZMq.s:27     .text.HAL_SMBUSEx_EnableWakeUp:00000000 HAL_SMBUSEx_EnableWakeUp
     /tmp/ccso4ZMq.s:106    .text.HAL_SMBUSEx_DisableWakeUp:00000000 $t
     /tmp/ccso4ZMq.s:112    .text.HAL_SMBUSEx_DisableWakeUp:00000000 HAL_SMBUSEx_DisableWakeUp
     /tmp/ccso4ZMq.s:191    .text.HAL_SMBUSEx_EnableFastModePlus:00000000 $t
     /tmp/ccso4ZMq.s:197    .text.HAL_SMBUSEx_EnableFastModePlus:00000000 HAL_SMBUSEx_EnableFastModePlus
     /tmp/ccso4ZMq.s:240    .text.HAL_SMBUSEx_EnableFastModePlus:00000024 $d
     /tmp/ccso4ZMq.s:246    .text.HAL_SMBUSEx_DisableFastModePlus:00000000 $t
     /tmp/ccso4ZMq.s:252    .text.HAL_SMBUSEx_DisableFastModePlus:00000000 HAL_SMBUSEx_DisableFastModePlus
     /tmp/ccso4ZMq.s:295    .text.HAL_SMBUSEx_DisableFastModePlus:00000024 $d

NO UNDEFINED SYMBOLS
