Archive member included to satisfy reference by file (symbol)

/usr/lib/gcc/arm-none-eabi/13.2.1/../../../arm-none-eabi/lib/thumb/v7e-m+fp/hard/libc_nano.a(libc_a-impure.o)
                              /home/pani_/LHRS/VCAT-Dashboard/firmware/build/tasks.o (_impure_ptr)
/usr/lib/gcc/arm-none-eabi/13.2.1/../../../arm-none-eabi/lib/thumb/v7e-m+fp/hard/libc_nano.a(libc_a-init.o)
                              /usr/lib/gcc/arm-none-eabi/13.2.1/../../../arm-none-eabi/lib/thumb/v7e-m+fp/hard/crt0.o (__libc_init_array)
/usr/lib/gcc/arm-none-eabi/13.2.1/../../../arm-none-eabi/lib/thumb/v7e-m+fp/hard/libc_nano.a(libc_a-findfp.o)
                              /home/pani_/LHRS/VCAT-Dashboard/firmware/build/tasks.o (__sf)
/usr/lib/gcc/arm-none-eabi/13.2.1/../../../arm-none-eabi/lib/thumb/v7e-m+fp/hard/libc_nano.a(libc_a-strlen.o)
                              /home/pani_/LHRS/VCAT-Dashboard/firmware/build/sdcard.o (strlen)
/usr/lib/gcc/arm-none-eabi/13.2.1/../../../arm-none-eabi/lib/thumb/v7e-m+fp/hard/libc_nano.a(libc_a-memset.o)
                              /usr/lib/gcc/arm-none-eabi/13.2.1/../../../arm-none-eabi/lib/thumb/v7e-m+fp/hard/crt0.o (memset)
/usr/lib/gcc/arm-none-eabi/13.2.1/../../../arm-none-eabi/lib/thumb/v7e-m+fp/hard/libc_nano.a(libc_a-fflush.o)
                              /usr/lib/gcc/arm-none-eabi/13.2.1/../../../arm-none-eabi/lib/thumb/v7e-m+fp/hard/libc_nano.a(libc_a-findfp.o) (_fflush_r)
/usr/lib/gcc/arm-none-eabi/13.2.1/../../../arm-none-eabi/lib/thumb/v7e-m+fp/hard/libc_nano.a(libc_a-errno.o)
                              /home/pani_/LHRS/VCAT-Dashboard/firmware/build/syscalls.o (__errno)
/usr/lib/gcc/arm-none-eabi/13.2.1/../../../arm-none-eabi/lib/thumb/v7e-m+fp/hard/libc_nano.a(libc_a-nano-vfprintf_float.o)
                              (_printf_float)
/usr/lib/gcc/arm-none-eabi/13.2.1/../../../arm-none-eabi/lib/thumb/v7e-m+fp/hard/libc_nano.a(libc_a-mallocr.o)
                              /usr/lib/gcc/arm-none-eabi/13.2.1/../../../arm-none-eabi/lib/thumb/v7e-m+fp/hard/libc_nano.a(libc_a-findfp.o) (_malloc_r)
/usr/lib/gcc/arm-none-eabi/13.2.1/../../../arm-none-eabi/lib/thumb/v7e-m+fp/hard/libc_nano.a(libc_a-dtoa.o)
                              /usr/lib/gcc/arm-none-eabi/13.2.1/../../../arm-none-eabi/lib/thumb/v7e-m+fp/hard/libc_nano.a(libc_a-nano-vfprintf_float.o) (_dtoa_r)
/usr/lib/gcc/arm-none-eabi/13.2.1/../../../arm-none-eabi/lib/thumb/v7e-m+fp/hard/libc_nano.a(libc_a-freer.o)
                              /usr/lib/gcc/arm-none-eabi/13.2.1/../../../arm-none-eabi/lib/thumb/v7e-m+fp/hard/libc_nano.a(libc_a-fflush.o) (_free_r)
/usr/lib/gcc/arm-none-eabi/13.2.1/../../../arm-none-eabi/lib/thumb/v7e-m+fp/hard/libc_nano.a(libc_a-fwalk.o)
                              /usr/lib/gcc/arm-none-eabi/13.2.1/../../../arm-none-eabi/lib/thumb/v7e-m+fp/hard/libc_nano.a(libc_a-findfp.o) (_fwalk_sglue)
/usr/lib/gcc/arm-none-eabi/13.2.1/../../../arm-none-eabi/lib/thumb/v7e-m+fp/hard/libc_nano.a(libc_a-memcpy.o)
                              /home/pani_/LHRS/VCAT-Dashboard/firmware/build/queue.o (memcpy)
/usr/lib/gcc/arm-none-eabi/13.2.1/../../../arm-none-eabi/lib/thumb/v7e-m+fp/hard/libc_nano.a(libc_a-malloc.o)
                              /usr/lib/gcc/arm-none-eabi/13.2.1/../../../arm-none-eabi/lib/thumb/v7e-m+fp/hard/libc_nano.a(libc_a-dtoa.o) (malloc)
/usr/lib/gcc/arm-none-eabi/13.2.1/../../../arm-none-eabi/lib/thumb/v7e-m+fp/hard/libc_nano.a(libc_a-strncpy.o)
                              /home/pani_/LHRS/VCAT-Dashboard/firmware/build/sdcard.o (strncpy)
/usr/lib/gcc/arm-none-eabi/13.2.1/../../../arm-none-eabi/lib/thumb/v7e-m+fp/hard/libc_nano.a(libc_a-reent.o)
                              /home/pani_/LHRS/VCAT-Dashboard/firmware/build/tasks.o (_reclaim_reent)
/usr/lib/gcc/arm-none-eabi/13.2.1/../../../arm-none-eabi/lib/thumb/v7e-m+fp/hard/libc_nano.a(libc_a-nano-vfprintf_i.o)
                              /usr/lib/gcc/arm-none-eabi/13.2.1/../../../arm-none-eabi/lib/thumb/v7e-m+fp/hard/libc_nano.a(libc_a-nano-vfprintf_float.o) (_printf_common)
/usr/lib/gcc/arm-none-eabi/13.2.1/../../../arm-none-eabi/lib/thumb/v7e-m+fp/hard/libc_nano.a(libc_a-mlock.o)
                              /usr/lib/gcc/arm-none-eabi/13.2.1/../../../arm-none-eabi/lib/thumb/v7e-m+fp/hard/libc_nano.a(libc_a-mallocr.o) (__malloc_lock)
/usr/lib/gcc/arm-none-eabi/13.2.1/../../../arm-none-eabi/lib/thumb/v7e-m+fp/hard/libc_nano.a(libc_a-exit.o)
                              /usr/lib/gcc/arm-none-eabi/13.2.1/../../../arm-none-eabi/lib/thumb/v7e-m+fp/hard/crt0.o (exit)
/usr/lib/gcc/arm-none-eabi/13.2.1/../../../arm-none-eabi/lib/thumb/v7e-m+fp/hard/libc_nano.a(libc_a-atexit.o)
                              /usr/lib/gcc/arm-none-eabi/13.2.1/../../../arm-none-eabi/lib/thumb/v7e-m+fp/hard/crt0.o (atexit)
/usr/lib/gcc/arm-none-eabi/13.2.1/../../../arm-none-eabi/lib/thumb/v7e-m+fp/hard/libc_nano.a(libc_a-fini.o)
[...]
Memory Configuration

Name             Origin             Length             Attributes
RAM              0x20000000         0x00020000         xrw
FLASH            0x08000000         0x00080000         xr
*default*        0x00000000         0xffffffff

Linker script and memory map

LOAD /usr/lib/gcc/arm-none-eabi/13.2.1/thumb/v7e-m+fp/hard/crti.o
LOAD /usr/lib/gcc/arm-none-eabi/13.2.1/thumb/v7e-m+fp/hard/crtbegin.o
LOAD /usr/lib/gcc/arm-none-eabi/13.2.1/../../../arm-none-eabi/lib/thumb/v7e-m+fp/hard/crt0.o
LOAD /home/pani_/LHRS/VCAT-Dashboard/firmware/build/init.o
LOAD /home/pani_/LHRS/VCAT-Dashboard/firmware/build/main.o
LOAD /home/pani_/LHRS/VCAT-Dashboard/firmware/build/Horn.o
LOAD /home/pani_/LHRS/VCAT-Dashboard/firmware/build/ISRs.o
LOAD /home/pani_/LHRS/VCAT-Dashboard/firmware/build/StateBits.o
LOAD /home/pani_/LHRS/VCAT-Dashboard/firmware/build/Status_LEDs.o
LOAD /home/pani_/LHRS/VCAT-Dashboard/firmware/build/Switches.o
LOAD /home/pani_/LHRS/VCAT-Dashboard/firmware/build/Task_Polling_WriteCAN.o
LOAD /home/pani_/LHRS/VCAT-Dashboard/firmware/build/Task_ReadCarCan.o
LOAD /home/pani_/LHRS/VCAT-Dashboard/firmware/build/Task_ReadControlsCAN.o
LOAD /home/pani_/LHRS/VCAT-Dashboard/firmware/build/Task_ReadSteeringAngCAN.o
LOAD /home/pani_/LHRS/VCAT-Dashboard/firmware/build/Tasks_Init.o
LOAD /home/pani_/LHRS/VCAT-Dashboard/firmware/build/stm32g4xx_hal.o
LOAD /home/pani_/LHRS/VCAT-Dashboard/firmware/build/stm32g4xx_hal_adc.o
LOAD /home/pani_/LHRS/VCAT-Dashboard/firmware/build/stm32g4xx_hal_adc_ex.o
LOAD /home/pani_/LHRS/VCAT-Dashboard/firmware/build/stm32g4xx_hal_comp.o
LOAD /home/pani_/LHRS/VCAT-Dashboard/firmware/build/stm32g4xx_hal_cordic.o
LOAD /home/pani_/LHRS/VCAT-Dashboard/firmware/build/stm32g4xx_hal_cortex.o
LOAD /home/pani_/LHRS/VCAT-Dashboard/firmware/build/stm32g4xx_hal_crc.o
LOAD /home/pani_/LHRS/VCAT-Dashboard/firmware/build/stm32g4xx_hal_crc_ex.o
LOAD /home/pani_/LHRS/VCAT-Dashboard/firmware/build/stm32g4xx_hal_cryp.o
LOAD /home/pani_/LHRS/VCAT-Dashboard/firmware/build/stm32g4xx_hal_cryp_ex.o
LOAD /home/pani_/LHRS/VCAT-Dashboard/firmware/build/stm32g4xx_hal_dac.o
LOAD /home/pani_/LHRS/VCAT-Dashboard/firmware/build/stm32g4xx_hal_dac_ex.o
LOAD /home/pani_/LHRS/VCAT-Dashboard/firmware/build/stm32g4xx_hal_dma.o
LOAD /home/pani_/LHRS/VCAT-Dashboard/firmware/build/stm32g4xx_hal_dma_ex.o
LOAD /home/pani_/LHRS/VCAT-Dashboard/firmware/build/stm32g4xx_hal_exti.o
LOAD /home/pani_/LHRS/VCAT-Dashboard/firmware/build/stm32g4xx_hal_fdcan.o
LOAD /home/pani_/LHRS/VCAT-Dashboard/firmware/build/stm32g4xx_hal_flash.o
LOAD /home/pani_/LHRS/VCAT-Dashboard/firmware/build/stm32g4xx_hal_flash_ex.o
LOAD /home/pani_/LHRS/VCAT-Dashboard/firmware/build/stm32g4xx_hal_flash_ramfunc.o
LOAD /home/pani_/LHRS/VCAT-Dashboard/firmware/build/stm32g4xx_hal_fmac.o
LOAD /home/pani_/LHRS/VCAT-Dashboard/firmware/build/stm32g4xx_hal_gpio.o
LOAD /home/pani_/LHRS/VCAT-Dashboard/firmware/build/stm32g4xx_hal_hrtim.o
LOAD /home/pani_/LHRS/VCAT-Dashboard/firmware/build/stm32g4xx_hal_i2c.o
LOAD /home/pani_/LHRS/VCAT-Dashboard/firmware/build/stm32g4xx_hal_i2c_ex.o
LOAD /home/pani_/LHRS/VCAT-Dashboard/firmware/build/stm32g4xx_hal_i2s.o
LOAD /home/pani_/LHRS/VCAT-Dashboard/firmware/build/stm32g4xx_hal_irda.o
LOAD /home/pani_/LHRS/VCAT-Dashboard/firmware/build/stm32g4xx_hal_iwdg.o
LOAD /home/pani_/LHRS/VCAT-Dashboard/firmware/build/stm32g4xx_hal_lptim.o
LOAD /home/pani_/LHRS/VCAT-Dashboard/firmware/build/stm32g4xx_hal_nand.o
LOAD /home/pani_/LHRS/VCAT-Dashboard/firmware/build/stm32g4xx_hal_nor.o
LOAD /home/pani_/LHRS/VCAT-Dashboard/firmware/build/stm32g4xx_hal_opamp.o
LOAD /home/pani_/LHRS/VCAT-Dashboard/firmware/build/stm32g4xx_hal_opamp_ex.o
LOAD /home/pani_/LHRS/VCAT-Dashboard/firmware/build/stm32g4xx_hal_pcd.o
LOAD /home/pani_/LHRS/VCAT-Dashboard/firmware/build/stm32g4xx_hal_pcd_ex.o
LOAD /home/pani_/LHRS/VCAT-Dashboard/firmware/build/stm32g4xx_hal_pwr.o
LOAD /home/pani_/LHRS/VCAT-Dashboard/firmware/build/stm32g4xx_hal_pwr_ex.o
LOAD /home/pani_/LHRS/VCAT-Dashboard/firmware/build/stm32g4xx_hal_qspi.o
LOAD /home/pani_/LHRS/VCAT-Dashboard/firmware/build/stm32g4xx_hal_rcc.o
LOAD /home/pani_/LHRS/VCAT-Dashboard/firmware/build/stm32g4xx_hal_rcc_ex.o
LOAD /home/pani_/LHRS/VCAT-Dashboard/firmware/build/stm32g4xx_hal_rng.o
LOAD /home/pani_/LHRS/VCAT-Dashboard/firmware/build/stm32g4xx_hal_rtc.o
LOAD /home/pani_/LHRS/VCAT-Dashboard/firmware/build/stm32g4xx_hal_rtc_ex.o
LOAD /home/pani_/LHRS/VCAT-Dashboard/firmware/build/stm32g4xx_hal_sai.o
LOAD /home/pani_/LHRS/VCAT-Dashboard/firmware/build/stm32g4xx_hal_sai_ex.o
LOAD /home/pani_/LHRS/VCAT-Dashboard/firmware/build/stm32g4xx_hal_smartcard.o
LOAD /home/pani_/LHRS/VCAT-Dashboard/firmware/build/stm32g4xx_hal_smartcard_ex.o
LOAD /home/pani_/LHRS/VCAT-Dashboard/firmware/build/stm32g4xx_hal_smbus.o
LOAD /home/pani_/LHRS/VCAT-Dashboard/firmware/build/stm32g4xx_hal_smbus_ex.o
LOAD /home/pani_/LHRS/VCAT-Dashboard/firmware/build/stm32g4xx_hal_spi.o
LOAD /home/pani_/LHRS/VCAT-Dashboard/firmware/build/stm32g4xx_hal_spi_ex.o
LOAD /home/pani_/LHRS/VCAT-Dashboard/firmware/build/stm32g4xx_hal_sram.o
LOAD /home/pani_/LHRS/VCAT-Dashboard/firmware/build/stm32g4xx_hal_tim.o
LOAD /home/pani_/LHRS/VCAT-Dashboard/firmware/build/stm32g4xx_hal_tim_ex.o
LOAD /home/pani_/LHRS/VCAT-Dashboard/firmware/build/stm32g4xx_hal_uart.o
LOAD /home/pani_/LHRS/VCAT-Dashboard/firmware/build/stm32g4xx_hal_uart_ex.o
LOAD /home/pani_/LHRS/VCAT-Dashboard/firmware/build/stm32g4xx_hal_usart.o
LOAD /home/pani_/LHRS/VCAT-Dashboard/firmware/build/stm32g4xx_hal_usart_ex.o
LOAD /home/pani_/LHRS/VCAT-Dashboard/firmware/build/stm32g4xx_hal_wwdg.o
LOAD /home/pani_/LHRS/VCAT-Dashboard/firmware/build/stm32g4xx_ll_adc.o
LOAD /home/pani_/LHRS/VCAT-Dashboard/firmware/build/stm32g4xx_ll_comp.o
LOAD /home/pani_/LHRS/VCAT-Dashboard/firmware/build/stm32g4xx_ll_cordic.o
LOAD /home/pani_/LHRS/VCAT-Dashboard/firmware/build/stm32g4xx_ll_crc.o
LOAD /home/pani_/LHRS/VCAT-Dashboard/firmware/build/stm32g4xx_ll_crs.o
LOAD /home/pani_/LHRS/VCAT-Dashboard/firmware/build/stm32g4xx_ll_dac.o
LOAD /home/pani_/LHRS/VCAT-Dashboard/firmware/build/stm32g4xx_ll_dma.o
LOAD /home/pani_/LHRS/VCAT-Dashboard/firmware/build/stm32g4xx_ll_exti.o
LOAD /home/pani_/LHRS/VCAT-Dashboard/firmware/build/stm32g4xx_ll_fmac.o
LOAD /home/pani_/LHRS/VCAT-Dashboard/firmware/build/stm32g4xx_ll_fmc.o
LOAD /home/pani_/LHRS/VCAT-Dashboard/firmware/build/stm32g4xx_ll_gpio.o
LOAD /home/pani_/LHRS/VCAT-Dashboard/firmware/build/stm32g4xx_ll_hrtim.o
LOAD /home/pani_/LHRS/VCAT-Dashboard/firmware/build/stm32g4xx_ll_i2c.o
LOAD /home/pani_/LHRS/VCAT-Dashboard/firmware/build/stm32g4xx_ll_lptim.o
LOAD /home/pani_/LHRS/VCAT-Dashboard/firmware/build/stm32g4xx_ll_lpuart.o
LOAD /home/pani_/LHRS/VCAT-Dashboard/firmware/build/stm32g4xx_ll_opamp.o
LOAD /home/pani_/LHRS/VCAT-Dashboard/firmware/build/stm32g4xx_ll_pwr.o
LOAD /home/pani_/LHRS/VCAT-Dashboard/firmware/build/stm32g4xx_ll_rcc.o
LOAD /home/pani_/LHRS/VCAT-Dashboard/firmware/build/stm32g4xx_ll_rng.o
LOAD /home/pani_/LHRS/VCAT-Dashboard/firmware/build/stm32g4xx_ll_rtc.o
LOAD /home/pani_/LHRS/VCAT-Dashboard/firmware/build/stm32g4xx_ll_spi.o
LOAD /home/pani_/LHRS/VCAT-Dashboard/firmware/build/stm32g4xx_ll_tim.o
LOAD /home/pani_/LHRS/VCAT-Dashboard/firmware/build/stm32g4xx_ll_ucpd.o
LOAD /home/pani_/LHRS/VCAT-Dashboard/firmware/build/stm32g4xx_ll_usart.o
LOAD /home/pani_/LHRS/VCAT-Dashboard/firmware/build/stm32g4xx_ll_usb.o
LOAD /home/pani_/LHRS/VCAT-Dashboard/firmware/build/stm32g4xx_ll_utils.o
LOAD /home/pani_/LHRS/VCAT-Dashboard/firmware/build/system_stm32g4xx.o
LOAD /home/pani_/LHRS/VCAT-Dashboard/firmware/build/stm32g4xx_hal_init.o
LOAD /home/pani_/LHRS/VCAT-Dashboard/firmware/build/stm32g4xx_hal_timebase_tim.o
LOAD /home/pani_/LHRS/VCAT-Dashboard/firmware/build/croutine.o
LOAD /home/pani_/LHRS/VCAT-Dashboard/firmware/build/event_groups.o
LOAD /home/pani_/LHRS/VCAT-Dashboard/firmware/build/list.o
LOAD /home/pani_/LHRS/VCAT-Dashboard/firmware/build/queue.o
LOAD /home/pani_/LHRS/VCAT-Dashboard/firmware/build/stream_buffer.o
LOAD /home/pani_/LHRS/VCAT-Dashboard/firmware/build/tasks.o
LOAD /home/pani_/LHRS/VCAT-Dashboard/firmware/build/timers.o
LOAD /home/pani_/LHRS/VCAT-Dashboard/firmware/build/port.o
LOAD /home/pani_/LHRS/VCAT-Dashboard/firmware/build/freertos.o
LOAD /home/pani_/LHRS/VCAT-Dashboard/firmware/build/syscalls.o
LOAD /home/pani_/LHRS/VCAT-Dashboard/firmware/build/sysmem.o
LOAD /home/pani_/LHRS/VCAT-Dashboard/firmware/build/EMC2305.o
LOAD /home/pani_/LHRS/VCAT-Dashboard/firmware/build/SevenSegment.o
LOAD /home/pani_/LHRS/VCAT-Dashboard/firmware/build/WS2812B.o
LOAD /home/pani_/LHRS/VCAT-Dashboard/firmware/build/printf.o
LOAD /home/pani_/LHRS/VCAT-Dashboard/firmware/build/sdcard.o
LOAD /home/pani_/LHRS/VCAT-Dashboard/firmware/build/slcanFormat.o
LOAD /home/pani_/LHRS/VCAT-Dashboard/firmware/build/user_diskio.o
LOAD /home/pani_/LHRS/VCAT-Dashboard/firmware/build/diskio.o
LOAD /home/pani_/LHRS/VCAT-Dashboard/firmware/build/fatfs.o
LOAD /home/pani_/LHRS/VCAT-Dashboard/firmware/build/ff.o
LOAD /home/pani_/LHRS/VCAT-Dashboard/firmware/build/ff_gen_drv.o
LOAD /home/pani_/LHRS/VCAT-Dashboard/firmware/build/ADC.o
LOAD /home/pani_/LHRS/VCAT-Dashboard/firmware/build/CAN_Common.o
LOAD /home/pani_/LHRS/VCAT-Dashboard/firmware/build/CAN_FD.o
LOAD /home/pani_/LHRS/VCAT-Dashboard/firmware/build/UART.o
LOAD /home/pani_/LHRS/VCAT-Dashboard/firmware/build/startup_stm32g473xx.o
LOAD /usr/lib/gcc/arm-none-eabi/13.2.1/../../../arm-none-eabi/lib/thumb/v7e-m+fp/hard/libc_nano.a
LOAD /usr/lib/gcc/arm-none-eabi/13.2.1/../../../arm-none-eabi/lib/thumb/v7e-m+fp/hard/librdimon_nano.a
LOAD /usr/lib/gcc/arm-none-eabi/13.2.1/../../../arm-none-eabi/lib/thumb/v7e-m+fp/hard/libc_nano.a
LOAD /usr/lib/gcc/arm-none-eabi/13.2.1/../../../arm-none-eabi/lib/thumb/v7e-m+fp/hard/libm.a
LOAD /usr/lib/gcc/arm-none-eabi/13.2.1/../../../arm-none-eabi/lib/thumb/v7e-m+fp/hard/libnosys.a
START GROUP
LOAD /usr/lib/gcc/arm-none-eabi/13.2.1/thumb/v7e-m+fp/hard/libgcc.a
LOAD /usr/lib/gcc/arm-none-eabi/13.2.1/../../../arm-none-eabi/lib/thumb/v7e-m+fp/hard/libc_nano.a
END GROUP
START GROUP
LOAD /usr/lib/gcc/arm-none-eabi/13.2.1/thumb/v7e-m+fp/hard/libgcc.a
LOAD /usr/lib/gcc/arm-none-eabi/13.2.1/../../../arm-none-eabi/lib/thumb/v7e-m+fp/hard/libc_nano.a
END GROUP
LOAD /usr/lib/gcc/arm-none-eabi/13.2.1/thumb/v7e-m+fp/hard/crtend.o
LOAD /usr/lib/gcc/arm-none-eabi/13.2.1/thumb/v7e-m+fp/hard/crtn.o
                0x20020000                        _estack = (ORIGIN (RAM) + LENGTH (RAM))
                0x00000200                        _Min_Heap_Size = 0x200
                0x00000400                        _Min_Stack_Size = 0x400

.isr_vector     0x08000000      0x1d8
                0x08000000                        . = ALIGN (0x4)
 *(.isr_vector)
 .isr_vector    0x08000000      0x1d8 /home/pani_/LHRS/VCAT-Dashboard/firmware/build/startup_stm32g473xx.o
                0x08000000                g_pfnVectors
                0x080001d8                        . = ALIGN (0x4)

.text           0x08000200     0x9838
                0x08000200                        . = ALIGN (0x4)
 *(.text)
 .text          0x08000200       0x88 /usr/lib/gcc/arm-none-eabi/13.2.1/thumb/v7e-m+fp/hard/crtbegin.o
 .text          0x08000288       0x50 /usr/lib/gcc/arm-none-eabi/13.2.1/../../../arm-none-eabi/lib/thumb/v7e-m+fp/hard/libc_nano.a(libc_a-init.o)
                0x08000288                __libc_init_array
 .text          0x080002d8      0x224 /usr/lib/gcc/arm-none-eabi/13.2.1/../../../arm-none-eabi/lib/thumb/v7e-m+fp/hard/libc_nano.a(libc_a-findfp.o)
                0x08000408                __sfp
                0x080004ac                __sinit
                0x080004cc                __sfp_lock_acquire
                0x080004d0                __sfp_lock_release
                0x080004d4                __fp_lock_all
                0x080004e8                __fp_unlock_all
 *fill*         0x080004fc        0x4 
 .text          0x08000500       0xd8 /usr/lib/gcc/arm-none-eabi/13.2.1/../../../arm-none-eabi/lib/thumb/v7e-m+fp/hard/libc_nano.a(libc_a-strlen.o)
                0x08000500                strlen
 .text          0x080005d8       0xa4 /usr/lib/gcc/arm-none-eabi/13.2.1/../../../arm-none-eabi/lib/thumb/v7e-m+fp/hard/libc_nano.a(libc_a-memset.o)
                0x080005d8                memset
 .text          0x0800067c      0x1a8 /usr/lib/gcc/arm-none-eabi/13.2.1/../../../arm-none-eabi/lib/thumb/v7e-m+fp/hard/libc_nano.a(libc_a-fflush.o)
                0x0800067c                __sflush_r
                0x080007a0                _fflush_r
                0x080007d8                fflush
 .text          0x08000824        0xc /usr/lib/gcc/arm-none-eabi/13.2.1/../../../arm-none-eabi/lib/thumb/v7e-m+fp/hard/libc_nano.a(libc_a-errno.o)
                0x08000824                __errno
 .text          0x08000830      0x6b0 /usr/lib/gcc/arm-none-eabi/13.2.1/../../../arm-none-eabi/lib/thumb/v7e-m+fp/hard/libc_nano.a(libc_a-nano-vfprintf_float.o)
                0x08000830                __cvt
                0x08000940                __exponent
                0x080009c4                _printf_float
 .text          0x08000ee0      0x148 /usr/lib/gcc/arm-none-eabi/13.2.1/../../../arm-none-eabi/lib/thumb/v7e-m+fp/hard/libc_nano.a(libc_a-mallocr.o)
                0x08000f28                _malloc_r
 .text          0x08001028      0xfdc /usr/lib/gcc/arm-none-eabi/13.2.1/../../../arm-none-eabi/lib/thumb/v7e-m+fp/hard/libc_nano.a(libc_a-dtoa.o)
                0x08001154                _dtoa_r
 .text          0x08002004       0xbc /usr/lib/gcc/arm-none-eabi/13.2.1/../../../arm-none-eabi/lib/thumb/v7e-m+fp/hard/libc_nano.a(libc_a-freer.o)
                0x08002004                _free_r
 .text          0x080020c0       0x44 /usr/lib/gcc/arm-none-eabi/13.2.1/../../../arm-none-eabi/lib/thumb/v7e-m+fp/hard/libc_nano.a(libc_a-fwalk.o)
                0x080020c0                _fwalk_sglue
 .text          0x08002104      0x134 /usr/lib/gcc/arm-none-eabi/13.2.1/../../../arm-none-eabi/lib/thumb/v7e-m+fp/hard/libc_nano.a(libc_a-memcpy.o)
                0x08002104                memcpy
 .text          0x08002238       0x20 /usr/lib/gcc/arm-none-eabi/13.2.1/../../../arm-none-eabi/lib/thumb/v7e-m+fp/hard/libc_nano.a(libc_a-malloc.o)
                0x08002238                malloc
                0x08002248                free
 .text          0x08002258       0xd4 /usr/lib/gcc/arm-none-eabi/13.2.1/../../../arm-none-eabi/lib/thumb/v7e-m+fp/hard/libc_nano.a(libc_a-reent.o)
                0x08002258                _reclaim_reent
 .text          0x0800232c      0x3a8 /usr/lib/gcc/arm-none-eabi/13.2.1/../../../arm-none-eabi/lib/thumb/v7e-m+fp/hard/libc_nano.a(libc_a-nano-vfprintf_i.o)
                0x0800232c                _printf_common
                0x08002450                _printf_i
 .text          0x080026d4        0x8 /usr/lib/gcc/arm-none-eabi/13.2.1/../../../arm-none-eabi/lib/thumb/v7e-m+fp/hard/libc_nano.a(libc_a-mlock.o)
                0x080026d4                __malloc_lock
                0x080026d8                __malloc_unlock
 .text          0x080026dc       0x4c /usr/lib/gcc/arm-none-eabi/13.2.1/../../../arm-none-eabi/lib/thumb/v7e-m+fp/hard/libc_nano.a(libc_a-assert.o)
                0x080026dc                __assert_func
                0x0800271c                __assert
 .text          0x08002728      0xb10 /usr/lib/gcc/arm-none-eabi/13.2.1/../../../arm-none-eabi/lib/thumb/v7e-m+fp/hard/libc_nano.a(libc_a-mprec.o)
                0x08002728                _Balloc
                0x080027a8                _Bfree
                0x080027f0                __multadd
                0x0800288c                __s2b
                0x08002940                __hi0bits
                0x08002984                __lo0bits
                0x080029e4                __i2b
                0x08002a10                __multiply
                0x08002b7c                __pow5mult
                0x08002c5c                __lshift
                0x08002d44                __mcmp
                0x08002d88                __mdiff
                0x08002f00                __ulp
                0x08002f64                __b2d
                0x08003020                __d2b
                0x080030e0                __ratio
                0x08003140                _mprec_log10
                0x08003180                __copybits
                0x080031dc                __any_on
 .text          0x08003238       0x24 /usr/lib/gcc/arm-none-eabi/13.2.1/../../../arm-none-eabi/lib/thumb/v7e-m+fp/hard/libc_nano.a(libc_a-sbrkr.o)
                0x08003238                _sbrk_r
 .text          0x0800325c       0x94 /usr/lib/gcc/arm-none-eabi/13.2.1/../../../arm-none-eabi/lib/thumb/v7e-m+fp/hard/libc_nano.a(libc_a-stdio.o)
                0x0800325c                __sread
                0x08003280                __seofread
                0x08003284                __swrite
                0x080032c4                __sseek
                0x080032e8                __sclose
 .text          0x080032f0       0x14 /usr/lib/gcc/arm-none-eabi/13.2.1/../../../arm-none-eabi/lib/thumb/v7e-m+fp/hard/libc_nano.a(libc_a-localeconv.o)
                0x080032f0                __localeconv_l
                0x080032f4                _localeconv_r
                0x080032fc                localeconv
 .text          0x08003304       0x10 /usr/lib/gcc/arm-none-eabi/13.2.1/../../../arm-none-eabi/lib/thumb/v7e-m+fp/hard/libc_nano.a(libc_a-abort.o)
                0x08003304                abort
 .text          0x08003314       0x24 /usr/lib/gcc/arm-none-eabi/13.2.1/../../../arm-none-eabi/lib/thumb/v7e-m+fp/hard/libc_nano.a(libc_a-closer.o)
                0x08003314                _close_r
 .text          0x08003338       0x28 /usr/lib/gcc/arm-none-eabi/13.2.1/../../../arm-none-eabi/lib/thumb/v7e-m+fp/hard/libc_nano.a(libc_a-callocr.o)
                0x08003338                _calloc_r
 .text          0x08003360       0x30 /usr/lib/gcc/arm-none-eabi/13.2.1/../../../arm-none-eabi/lib/thumb/v7e-m+fp/hard/libc_nano.a(libc_a-wctomb_r.o)
                0x08003360                _wctomb_r
                0x08003374                __ascii_wctomb
 .text          0x08003390       0xa0 /usr/lib/gcc/arm-none-eabi/13.2.1/../../../arm-none-eabi/lib/thumb/v7e-m+fp/hard/libc_nano.a(libc_a-memchr.o)
                0x08003390                memchr
 .text          0x08003430       0x2c /usr/lib/gcc/arm-none-eabi/13.2.1/../../../arm-none-eabi/lib/thumb/v7e-m+fp/hard/libc_nano.a(libc_a-readr.o)
                0x08003430                _read_r
 .text          0x0800345c       0x44 /usr/lib/gcc/arm-none-eabi/13.2.1/../../../arm-none-eabi/lib/thumb/v7e-m+fp/hard/libc_nano.a(libc_a-fprintf.o)
                0x0800345c                _fprintf_r
                0x0800345c                _fiprintf_r
                0x08003478                fprintf
                0x08003478                fiprintf
 .text          0x080034a0       0x2c /usr/lib/gcc/arm-none-eabi/13.2.1/../../../arm-none-eabi/lib/thumb/v7e-m+fp/hard/libc_nano.a(libc_a-lseekr.o)
                0x080034a0                _lseek_r
 .text          0x080034cc       0x2c /usr/lib/gcc/arm-none-eabi/13.2.1/../../../arm-none-eabi/lib/thumb/v7e-m+fp/hard/libc_nano.a(libc_a-writer.o)
                0x080034cc                _write_r
 .text          0x080034f8      0x314 /usr/lib/gcc/arm-none-eabi/13.2.1/../../../arm-none-eabi/lib/thumb/v7e-m+fp/hard/libc_nano.a(libc_a-nano-vfprintf.o)
                0x08003534                __sfputs_r
                0x08003564                __sprint_r
                0x08003584                _vfiprintf_r
                0x08003584                _vfprintf_r
                0x080037f0                vfiprintf
                0x080037f0                vfprintf
 .text          0x0800380c       0xa0 /usr/lib/gcc/arm-none-eabi/13.2.1/../../../arm-none-eabi/lib/thumb/v7e-m+fp/hard/libc_nano.a(libc_a-wbuf.o)
                0x0800380c                __swbuf_r
                0x08003894                __swbuf
 .text          0x080038ac      0x300 /usr/lib/gcc/arm-none-eabi/13.2.1/../../../arm-none-eabi/lib/thumb/v7e-m+fp/hard/libc_nano.a(libc_a-fvwrite.o)
                0x080038ac                __sfvwrite_r
 .text          0x08003bac       0x40 /usr/lib/gcc/arm-none-eabi/13.2.1/../../../arm-none-eabi/lib/thumb/v7e-m+fp/hard/libc_nano.a(libc_a-mbtowc_r.o)
                0x08003bac                _mbtowc_r
                0x08003bc0                __ascii_mbtowc
 .text          0x08003bec      0x260 /usr/lib/gcc/arm-none-eabi/13.2.1/../../../arm-none-eabi/lib/thumb/v7e-m+fp/hard/libc_nano.a(libc_a-signal.o)
                0x08003bec                _init_signal_r
                0x08003c18                _signal_r
                0x08003c64                _raise_r
                0x08003cb4                __sigtramp_r
                0x08003d14                raise
                0x08003d68                signal
                0x08003db4                _init_signal
                0x08003de8                __sigtramp
 .text          0x08003e4c      0x100 /usr/lib/gcc/arm-none-eabi/13.2.1/../../../arm-none-eabi/lib/thumb/v7e-m+fp/hard/libc_nano.a(libc_a-memmove.o)
                0x08003e4c                memmove
 .text          0x08003f4c       0xc4 /usr/lib/gcc/arm-none-eabi/13.2.1/../../../arm-none-eabi/lib/thumb/v7e-m+fp/hard/libc_nano.a(libc_a-wsetup.o)
                0x08003f4c                __swsetup_r
 .text          0x08004010       0x64 /usr/lib/gcc/arm-none-eabi/13.2.1/../../../arm-none-eabi/lib/thumb/v7e-m+fp/hard/libc_nano.a(libc_a-reallocr.o)
                0x08004010                _realloc_r
 .text          0x08004074      0x114 /usr/lib/gcc/arm-none-eabi/13.2.1/../../../arm-none-eabi/lib/thumb/v7e-m+fp/hard/libc_nano.a(libc_a-makebuf.o)
                0x08004074                __smakebuf_r
                0x08004138                __swhatbuf_r
 .text          0x08004188       0x24 /usr/lib/gcc/arm-none-eabi/13.2.1/../../../arm-none-eabi/lib/thumb/v7e-m+fp/hard/libc_nano.a(libc_a-isattyr.o)
                0x08004188                _isatty_r
 .text          0x080041ac       0x10 /usr/lib/gcc/arm-none-eabi/13.2.1/../../../arm-none-eabi/lib/thumb/v7e-m+fp/hard/libc_nano.a(libc_a-msizer.o)
                0x080041ac                _malloc_usable_size_r
 .text          0x080041bc       0x30 /usr/lib/gcc/arm-none-eabi/13.2.1/../../../arm-none-eabi/lib/thumb/v7e-m+fp/hard/libc_nano.a(libc_a-signalr.o)
                0x080041bc                _kill_r
                0x080041e8                _getpid_r
 .text          0x080041ec       0x2c /usr/lib/gcc/arm-none-eabi/13.2.1/../../../arm-none-eabi/lib/thumb/v7e-m+fp/hard/libc_nano.a(libc_a-fstatr.o)
                0x080041ec                _fstat_r
 .text          0x08004218      0x378 /usr/lib/gcc/arm-none-eabi/13.2.1/thumb/v7e-m+fp/hard/libgcc.a(_arm_addsubdf3.o)
                0x08004218                __aeabi_drsub
                0x08004220                __aeabi_dsub
                0x08004220                __subdf3
                0x08004224                __adddf3
                0x08004224                __aeabi_dadd
                0x0800449c                __aeabi_ui2d
                0x0800449c                __floatunsidf
                0x080044bc                __floatsidf
                0x080044bc                __aeabi_i2d
                0x080044e0                __extendsfdf2
                0x080044e0                __aeabi_f2d
                0x08004524                __aeabi_ul2d
                0x08004524                __floatundidf
                0x08004534                __floatdidf
                0x08004534                __aeabi_l2d
 .text          0x08004590      0x424 /usr/lib/gcc/arm-none-eabi/13.2.1/thumb/v7e-m+fp/hard/libgcc.a(_arm_muldivdf3.o)
                0x08004590                __aeabi_dmul
                0x08004590                __muldf3
                0x080047e4                __aeabi_ddiv
                0x080047e4                __divdf3
 .text          0x080049b4      0x110 /usr/lib/gcc/arm-none-eabi/13.2.1/thumb/v7e-m+fp/hard/libgcc.a(_arm_cmpdf2.o)
                0x080049b4                __gtdf2
                0x080049b4                __gedf2
                0x080049bc                __ltdf2
                0x080049bc                __ledf2
                0x080049c4                __cmpdf2
                0x080049c4                __eqdf2
                0x080049c4                __nedf2
                0x08004a40                __aeabi_cdrcmple
                0x08004a50                __aeabi_cdcmple
                0x08004a50                __aeabi_cdcmpeq
                0x08004a60                __aeabi_dcmpeq
                0x08004a74                __aeabi_dcmplt
                0x08004a88                __aeabi_dcmple
                0x08004a9c                __aeabi_dcmpge
                0x08004ab0                __aeabi_dcmpgt
 .text          0x08004ac4       0x2c /usr/lib/gcc/arm-none-eabi/13.2.1/thumb/v7e-m+fp/hard/libgcc.a(_arm_unorddf2.o)
                0x08004ac4                __aeabi_dcmpun
                0x08004ac4                __unorddf2
 .text          0x08004af0       0x50 /usr/lib/gcc/arm-none-eabi/13.2.1/thumb/v7e-m+fp/hard/libgcc.a(_arm_fixdfsi.o)
                0x08004af0                __fixdfsi
                0x08004af0                __aeabi_d2iz
 *(.text*)
 .text.GPIO_Init
                0x08004b40       0x64 /home/pani_/LHRS/VCAT-Dashboard/firmware/build/init.o
                0x08004b40                GPIO_Init
 .text.gpioPin_Init
                0x08004ba4       0x34 /home/pani_/LHRS/VCAT-Dashboard/firmware/build/init.o
                0x08004ba4                gpioPin_Init
 .text.gpioEXTI_Init
                0x08004bd8       0x24 /home/pani_/LHRS/VCAT-Dashboard/firmware/build/init.o
                0x08004bd8                gpioEXTI_Init
 .text.SystemClock_Config
                0x08004bfc       0x74 /home/pani_/LHRS/VCAT-Dashboard/firmware/build/init.o
                0x08004bfc                SystemClock_Config
 .text.main     0x08004c70       0x58 /home/pani_/LHRS/VCAT-Dashboard/firmware/build/main.o
                0x08004c70                main
 .text.horn_GPIO_init
                0x08004cc8       0x14 /home/pani_/LHRS/VCAT-Dashboard/firmware/build/Horn.o
                0x08004cc8                horn_GPIO_init
 .text.HAL_GPIO_EXTI_Callback
                0x08004cdc       0x84 /home/pani_/LHRS/VCAT-Dashboard/firmware/build/ISRs.o
                0x08004cdc                HAL_GPIO_EXTI_Callback
 .text.EXTI0_IRQHandler
                0x08004d60        0xa /home/pani_/LHRS/VCAT-Dashboard/firmware/build/ISRs.o
                0x08004d60                EXTI0_IRQHandler
 .text.EXTI2_IRQHandler
                0x08004d6a        0xa /home/pani_/LHRS/VCAT-Dashboard/firmware/build/ISRs.o
                0x08004d6a                EXTI2_IRQHandler
 .text.led_GPIO_init
                0x08004d74       0x74 /home/pani_/LHRS/VCAT-Dashboard/firmware/build/Status_LEDs.o
                0x08004d74                led_GPIO_init
 .text.led_set  0x08004de8        0x8 /home/pani_/LHRS/VCAT-Dashboard/firmware/build/Status_LEDs.o
                0x08004de8                led_set
 .text.switch_GPIO_init
                0x08004df0       0xb4 /home/pani_/LHRS/VCAT-Dashboard/firmware/build/Switches.o
                0x08004df0                switch_GPIO_init
 .text.switch_EXTI_Init
                0x08004ea4       0x38 /home/pani_/LHRS/VCAT-Dashboard/firmware/build/Switches.o
                0x08004ea4                switch_EXTI_Init
 .text.switch_get_state
                0x08004edc        0xe /home/pani_/LHRS/VCAT-Dashboard/firmware/build/Switches.o
                0x08004edc                switch_get_state
 *fill*         0x08004eea        0x2 
 .text.Polling_WriteCAN_Task
                0x08004eec       0x34 /home/pani_/LHRS/VCAT-Dashboard/firmware/build/Task_Polling_WriteCAN.o
                0x08004eec                Polling_WriteCAN_Task
 .text.ReadCarCAN_task
                0x08004f20       0x30 /home/pani_/LHRS/VCAT-Dashboard/firmware/build/Task_ReadCarCan.o
                0x08004f20                ReadCarCAN_task
 .text.ReadControlsCAN_task
                0x08004f50       0x34 /home/pani_/LHRS/VCAT-Dashboard/firmware/build/Task_ReadControlsCAN.o
                0x08004f50                ReadControlsCAN_task
 .text.ReadSteeringAngCAN_task
                0x08004f84        0x2 /home/pani_/LHRS/VCAT-Dashboard/firmware/build/Task_ReadSteeringAngCAN.o
                0x08004f84                ReadSteeringAngCAN_task
 *fill*         0x08004f86        0x2 
 .text.InitTasks
                0x08004f88       0xac /home/pani_/LHRS/VCAT-Dashboard/firmware/build/Tasks_Init.o
                0x08004f88                InitTasks
 .text.HAL_Init
                0x08005034       0x1e /home/pani_/LHRS/VCAT-Dashboard/firmware/build/stm32g4xx_hal.o
                0x08005034                HAL_Init
 *fill*         0x08005052        0x2 
 .text.HAL_IncTick
                0x08005054       0x18 /home/pani_/LHRS/VCAT-Dashboard/firmware/build/stm32g4xx_hal.o
                0x08005054                HAL_IncTick
 .text.HAL_GetTick
                0x0800506c        0xc /home/pani_/LHRS/VCAT-Dashboard/firmware/build/stm32g4xx_hal.o
                0x0800506c                HAL_GetTick
 .text.HAL_ADC_GetValue
                0x08005078        0x6 /home/pani_/LHRS/VCAT-Dashboard/firmware/build/stm32g4xx_hal_adc.o
                0x08005078                HAL_ADC_GetValue
 .text.HAL_ADC_LevelOutOfWindowCallback
                0x0800507e        0x2 /home/pani_/LHRS/VCAT-Dashboard/firmware/build/stm32g4xx_hal_adc.o
                0x0800507e                HAL_ADC_LevelOutOfWindowCallback
 .text.HAL_ADC_IRQHandler
                0x08005080      0x2e8 /home/pani_/LHRS/VCAT-Dashboard/firmware/build/stm32g4xx_hal_adc.o
                0x08005080                HAL_ADC_IRQHandler
 .text.HAL_ADCEx_InjectedConvCpltCallback
                0x08005368        0x2 /home/pani_/LHRS/VCAT-Dashboard/firmware/build/stm32g4xx_hal_adc_ex.o
                0x08005368                HAL_ADCEx_InjectedConvCpltCallback
 .text.HAL_ADCEx_InjectedQueueOverflowCallback
                0x0800536a        0x2 /home/pani_/LHRS/VCAT-Dashboard/firmware/build/stm32g4xx_hal_adc_ex.o
                0x0800536a                HAL_ADCEx_InjectedQueueOverflowCallback
 .text.HAL_ADCEx_LevelOutOfWindow2Callback
                0x0800536c        0x2 /home/pani_/LHRS/VCAT-Dashboard/firmware/build/stm32g4xx_hal_adc_ex.o
                0x0800536c                HAL_ADCEx_LevelOutOfWindow2Callback
 .text.HAL_ADCEx_LevelOutOfWindow3Callback
                0x0800536e        0x2 /home/pani_/LHRS/VCAT-Dashboard/firmware/build/stm32g4xx_hal_adc_ex.o
                0x0800536e                HAL_ADCEx_LevelOutOfWindow3Callback
 .text.HAL_ADCEx_EndOfSamplingCallback
                0x08005370        0x2 /home/pani_/LHRS/VCAT-Dashboard/firmware/build/stm32g4xx_hal_adc_ex.o
                0x08005370                HAL_ADCEx_EndOfSamplingCallback
 *fill*         0x08005372        0x2 
 .text.__NVIC_EnableIRQ
                0x08005374       0x1c /home/pani_/LHRS/VCAT-Dashboard/firmware/build/stm32g4xx_hal_cortex.o
 .text.__NVIC_SetPriority
                0x08005390       0x28 /home/pani_/LHRS/VCAT-Dashboard/firmware/build/stm32g4xx_hal_cortex.o
 .text.NVIC_EncodePriority
                0x080053b8       0x3e /home/pani_/LHRS/VCAT-Dashboard/firmware/build/stm32g4xx_hal_cortex.o
 *fill*         0x080053f6        0x2 
 .text.HAL_NVIC_SetPriorityGrouping
                0x080053f8       0x24 /home/pani_/LHRS/VCAT-Dashboard/firmware/build/stm32g4xx_hal_cortex.o
                0x080053f8                HAL_NVIC_SetPriorityGrouping
 .text.HAL_NVIC_SetPriority
                0x0800541c       0x20 /home/pani_/LHRS/VCAT-Dashboard/firmware/build/stm32g4xx_hal_cortex.o
                0x0800541c                HAL_NVIC_SetPriority
 .text.HAL_NVIC_EnableIRQ
                0x0800543c        0x8 /home/pani_/LHRS/VCAT-Dashboard/firmware/build/stm32g4xx_hal_cortex.o
                0x0800543c                HAL_NVIC_EnableIRQ
 .text.HAL_DMA_Abort
                0x08005444       0x6c /home/pani_/LHRS/VCAT-Dashboard/firmware/build/stm32g4xx_hal_dma.o
                0x08005444                HAL_DMA_Abort
 .text.HAL_DMA_Abort_IT
                0x080054b0       0x7e /home/pani_/LHRS/VCAT-Dashboard/firmware/build/stm32g4xx_hal_dma.o
                0x080054b0                HAL_DMA_Abort_IT
 *fill*         0x0800552e        0x2 
 .text.FDCAN_CopyMessageToRAM
                0x08005530       0x88 /home/pani_/LHRS/VCAT-Dashboard/firmware/build/stm32g4xx_hal_fdcan.o
 .text.HAL_FDCAN_AddMessageToTxFifoQ
                0x080055b8       0x52 /home/pani_/LHRS/VCAT-Dashboard/firmware/build/stm32g4xx_hal_fdcan.o
                0x080055b8                HAL_FDCAN_AddMessageToTxFifoQ
 *fill*         0x0800560a        0x2 
 .text.HAL_FDCAN_GetRxMessage
                0x0800560c      0x148 /home/pani_/LHRS/VCAT-Dashboard/firmware/build/stm32g4xx_hal_fdcan.o
                0x0800560c                HAL_FDCAN_GetRxMessage
 .text.HAL_FDCAN_TxEventFifoCallback
                0x08005754        0x2 /home/pani_/LHRS/VCAT-Dashboard/firmware/build/stm32g4xx_hal_fdcan.o
                0x08005754                HAL_FDCAN_TxEventFifoCallback
 .text.HAL_FDCAN_RxFifo1Callback
                0x08005756        0x2 /home/pani_/LHRS/VCAT-Dashboard/firmware/build/stm32g4xx_hal_fdcan.o
                0x08005756                HAL_FDCAN_RxFifo1Callback
 .text.HAL_FDCAN_TxFifoEmptyCallback
                0x08005758        0x2 /home/pani_/LHRS/VCAT-Dashboard/firmware/build/stm32g4xx_hal_fdcan.o
                0x08005758                HAL_FDCAN_TxFifoEmptyCallback
 .text.HAL_FDCAN_TxBufferAbortCallback
                0x0800575a        0x2 /home/pani_/LHRS/VCAT-Dashboard/firmware/build/stm32g4xx_hal_fdcan.o
                0x0800575a                HAL_FDCAN_TxBufferAbortCallback
 .text.HAL_FDCAN_TimestampWraparoundCallback
                0x0800575c        0x2 /home/pani_/LHRS/VCAT-Dashboard/firmware/build/stm32g4xx_hal_fdcan.o
                0x0800575c                HAL_FDCAN_TimestampWraparoundCallback
 .text.HAL_FDCAN_TimeoutOccurredCallback
                0x0800575e        0x2 /home/pani_/LHRS/VCAT-Dashboard/firmware/build/stm32g4xx_hal_fdcan.o
                0x0800575e                HAL_FDCAN_TimeoutOccurredCallback
 .text.HAL_FDCAN_HighPriorityMessageCallback
                0x08005760        0x2 /home/pani_/LHRS/VCAT-Dashboard/firmware/build/stm32g4xx_hal_fdcan.o
                0x08005760                HAL_FDCAN_HighPriorityMessageCallback
 .text.HAL_FDCAN_ErrorCallback
                0x08005762        0x2 /home/pani_/LHRS/VCAT-Dashboard/firmware/build/stm32g4xx_hal_fdcan.o
                0x08005762                HAL_FDCAN_ErrorCallback
 .text.HAL_FDCAN_ErrorStatusCallback
                0x08005764        0x2 /home/pani_/LHRS/VCAT-Dashboard/firmware/build/stm32g4xx_hal_fdcan.o
                0x08005764                HAL_FDCAN_ErrorStatusCallback
 .text.HAL_FDCAN_IRQHandler
                0x08005766      0x188 /home/pani_/LHRS/VCAT-Dashboard/firmware/build/stm32g4xx_hal_fdcan.o
                0x08005766                HAL_FDCAN_IRQHandler
 *fill*         0x080058ee        0x2 
 .text.HAL_GPIO_Init
                0x080058f0      0x1e0 /home/pani_/LHRS/VCAT-Dashboard/firmware/build/stm32g4xx_hal_gpio.o
                0x080058f0                HAL_GPIO_Init
 .text.HAL_GPIO_ReadPin
                0x08005ad0        0xe /home/pani_/LHRS/VCAT-Dashboard/firmware/build/stm32g4xx_hal_gpio.o
                0x08005ad0                HAL_GPIO_ReadPin
 .text.HAL_GPIO_WritePin
                0x08005ade        0xa /home/pani_/LHRS/VCAT-Dashboard/firmware/build/stm32g4xx_hal_gpio.o
                0x08005ade                HAL_GPIO_WritePin
 .text.HAL_GPIO_EXTI_IRQHandler
                0x08005ae8       0x1c /home/pani_/LHRS/VCAT-Dashboard/firmware/build/stm32g4xx_hal_gpio.o
                0x08005ae8                HAL_GPIO_EXTI_IRQHandler
 .text.HAL_PWREx_ControlVoltageScaling
                0x08005b04      0x10c /home/pani_/LHRS/VCAT-Dashboard/firmware/build/stm32g4xx_hal_pwr_ex.o
                0x08005b04                HAL_PWREx_ControlVoltageScaling
 .text.HAL_PWREx_DisableUCPDDeadBattery
                0x08005c10       0x10 /home/pani_/LHRS/VCAT-Dashboard/firmware/build/stm32g4xx_hal_pwr_ex.o
                0x08005c10                HAL_PWREx_DisableUCPDDeadBattery
 .text.RCC_GetSysClockFreqFromPLLSource
                0x08005c20       0x58 /home/pani_/LHRS/VCAT-Dashboard/firmware/build/stm32g4xx_hal_rcc.o
 .text.HAL_RCC_OscConfig
                0x08005c78      0x4e4 /home/pani_/LHRS/VCAT-Dashboard/firmware/build/stm32g4xx_hal_rcc.o
                0x08005c78                HAL_RCC_OscConfig
 .text.HAL_RCC_GetSysClockFreq
                0x0800615c       0x88 /home/pani_/LHRS/VCAT-Dashboard/firmware/build/stm32g4xx_hal_rcc.o
                0x0800615c                HAL_RCC_GetSysClockFreq
 .text.HAL_RCC_ClockConfig
                0x080061e4      0x1f8 /home/pani_/LHRS/VCAT-Dashboard/firmware/build/stm32g4xx_hal_rcc.o
                0x080061e4                HAL_RCC_ClockConfig
 .text.HAL_RCC_GetHCLKFreq
                0x080063dc        0xc /home/pani_/LHRS/VCAT-Dashboard/firmware/build/stm32g4xx_hal_rcc.o
                0x080063dc                HAL_RCC_GetHCLKFreq
 .text.HAL_RCC_GetPCLK1Freq
                0x080063e8       0x24 /home/pani_/LHRS/VCAT-Dashboard/firmware/build/stm32g4xx_hal_rcc.o
                0x080063e8                HAL_RCC_GetPCLK1Freq
 .text.HAL_RCC_GetClockConfig
                0x0800640c       0x3c /home/pani_/LHRS/VCAT-Dashboard/firmware/build/stm32g4xx_hal_rcc.o
                0x0800640c                HAL_RCC_GetClockConfig
 .text.HAL_TIM_Base_MspInit
                0x08006448        0x2 /home/pani_/LHRS/VCAT-Dashboard/firmware/build/stm32g4xx_hal_tim.o
                0x08006448                HAL_TIM_Base_MspInit
 *fill*         0x0800644a        0x2 
 .text.HAL_TIM_Base_Start_IT
                0x0800644c       0x94 /home/pani_/LHRS/VCAT-Dashboard/firmware/build/stm32g4xx_hal_tim.o
                0x0800644c                HAL_TIM_Base_Start_IT
 .text.HAL_TIM_OC_DelayElapsedCallback
                0x080064e0        0x2 /home/pani_/LHRS/VCAT-Dashboard/firmware/build/stm32g4xx_hal_tim.o
                0x080064e0                HAL_TIM_OC_DelayElapsedCallback
 .text.HAL_TIM_IC_CaptureCallback
                0x080064e2        0x2 /home/pani_/LHRS/VCAT-Dashboard/firmware/build/stm32g4xx_hal_tim.o
                0x080064e2                HAL_TIM_IC_CaptureCallback
 .text.HAL_TIM_PWM_PulseFinishedCallback
                0x080064e4        0x2 /home/pani_/LHRS/VCAT-Dashboard/firmware/build/stm32g4xx_hal_tim.o
                0x080064e4                HAL_TIM_PWM_PulseFinishedCallback
 .text.HAL_TIM_TriggerCallback
                0x080064e6        0x2 /home/pani_/LHRS/VCAT-Dashboard/firmware/build/stm32g4xx_hal_tim.o
                0x080064e6                HAL_TIM_TriggerCallback
 .text.HAL_TIM_IRQHandler
                0x080064e8      0x1ea /home/pani_/LHRS/VCAT-Dashboard/firmware/build/stm32g4xx_hal_tim.o
                0x080064e8                HAL_TIM_IRQHandler
 *fill*         0x080066d2        0x2 
 .text.TIM_Base_SetConfig
                0x080066d4       0xe8 /home/pani_/LHRS/VCAT-Dashboard/firmware/build/stm32g4xx_hal_tim.o
                0x080066d4                TIM_Base_SetConfig
 .text.HAL_TIM_Base_Init
                0x080067bc       0x60 /home/pani_/LHRS/VCAT-Dashboard/firmware/build/stm32g4xx_hal_tim.o
                0x080067bc                HAL_TIM_Base_Init
 .text.HAL_TIMEx_CommutCallback
                0x0800681c        0x2 /home/pani_/LHRS/VCAT-Dashboard/firmware/build/stm32g4xx_hal_tim_ex.o
                0x0800681c                HAL_TIMEx_CommutCallback
 .text.HAL_TIMEx_BreakCallback
                0x0800681e        0x2 /home/pani_/LHRS/VCAT-Dashboard/firmware/build/stm32g4xx_hal_tim_ex.o
                0x0800681e                HAL_TIMEx_BreakCallback
 .text.HAL_TIMEx_Break2Callback
                0x08006820        0x2 /home/pani_/LHRS/VCAT-Dashboard/firmware/build/stm32g4xx_hal_tim_ex.o
                0x08006820                HAL_TIMEx_Break2Callback
 .text.HAL_TIMEx_EncoderIndexCallback
                0x08006822        0x2 /home/pani_/LHRS/VCAT-Dashboard/firmware/build/stm32g4xx_hal_tim_ex.o
                0x08006822                HAL_TIMEx_EncoderIndexCallback
 .text.HAL_TIMEx_DirectionChangeCallback
                0x08006824        0x2 /home/pani_/LHRS/VCAT-Dashboard/firmware/build/stm32g4xx_hal_tim_ex.o
                0x08006824                HAL_TIMEx_DirectionChangeCallback
 .text.HAL_TIMEx_IndexErrorCallback
                0x08006826        0x2 /home/pani_/LHRS/VCAT-Dashboard/firmware/build/stm32g4xx_hal_tim_ex.o
                0x08006826                HAL_TIMEx_IndexErrorCallback
 .text.HAL_TIMEx_TransitionErrorCallback
                0x08006828        0x2 /home/pani_/LHRS/VCAT-Dashboard/firmware/build/stm32g4xx_hal_tim_ex.o
                0x08006828                HAL_TIMEx_TransitionErrorCallback
 .text.UART_EndRxTransfer
                0x0800682a       0x56 /home/pani_/LHRS/VCAT-Dashboard/firmware/build/stm32g4xx_hal_uart.o
 .text.UART_TxISR_8BIT
                0x08006880       0x56 /home/pani_/LHRS/VCAT-Dashboard/firmware/build/stm32g4xx_hal_uart.o
 .text.UART_TxISR_16BIT
                0x080068d6       0x5a /home/pani_/LHRS/VCAT-Dashboard/firmware/build/stm32g4xx_hal_uart.o
 .text.UART_TxISR_8BIT_FIFOEN
                0x08006930       0x74 /home/pani_/LHRS/VCAT-Dashboard/firmware/build/stm32g4xx_hal_uart.o
 .text.UART_TxISR_16BIT_FIFOEN
                0x080069a4       0x78 /home/pani_/LHRS/VCAT-Dashboard/firmware/build/stm32g4xx_hal_uart.o
 .text.HAL_UART_Transmit_IT
                0x08006a1c       0xac /home/pani_/LHRS/VCAT-Dashboard/firmware/build/stm32g4xx_hal_uart.o
                0x08006a1c                HAL_UART_Transmit_IT
 .text.UART_EndTransmit_IT
                0x08006ac8       0x24 /home/pani_/LHRS/VCAT-Dashboard/firmware/build/stm32g4xx_hal_uart.o
 .text.HAL_UART_ErrorCallback
                0x08006aec        0x2 /home/pani_/LHRS/VCAT-Dashboard/firmware/build/stm32g4xx_hal_uart.o
                0x08006aec                HAL_UART_ErrorCallback
 .text.UART_DMAAbortOnError
                0x08006aee       0x10 /home/pani_/LHRS/VCAT-Dashboard/firmware/build/stm32g4xx_hal_uart.o
 .text.HAL_UARTEx_RxEventCallback
                0x08006afe        0x2 /home/pani_/LHRS/VCAT-Dashboard/firmware/build/stm32g4xx_hal_uart.o
                0x08006afe                HAL_UARTEx_RxEventCallback
 .text.HAL_UART_IRQHandler
                0x08006b00      0x360 /home/pani_/LHRS/VCAT-Dashboard/firmware/build/stm32g4xx_hal_uart.o
                0x08006b00                HAL_UART_IRQHandler
 .text.HAL_UART_GetState
                0x08006e60        0xc /home/pani_/LHRS/VCAT-Dashboard/firmware/build/stm32g4xx_hal_uart.o
                0x08006e60                HAL_UART_GetState
 .text.HAL_UARTEx_WakeupCallback
                0x08006e6c        0x2 /home/pani_/LHRS/VCAT-Dashboard/firmware/build/stm32g4xx_hal_uart_ex.o
                0x08006e6c                HAL_UARTEx_WakeupCallback
 .text.HAL_UARTEx_RxFifoFullCallback
                0x08006e6e        0x2 /home/pani_/LHRS/VCAT-Dashboard/firmware/build/stm32g4xx_hal_uart_ex.o
                0x08006e6e                HAL_UARTEx_RxFifoFullCallback
 .text.HAL_UARTEx_TxFifoEmptyCallback
                0x08006e70        0x2 /home/pani_/LHRS/VCAT-Dashboard/firmware/build/stm32g4xx_hal_uart_ex.o
                0x08006e70                HAL_UARTEx_TxFifoEmptyCallback
 *fill*         0x08006e72        0x2 
 .text.SystemInit
                0x08006e74       0x1c /home/pani_/LHRS/VCAT-Dashboard/firmware/build/system_stm32g4xx.o
                0x08006e74                SystemInit
 .text.Error_Handler
                0x08006e90        0x4 /home/pani_/LHRS/VCAT-Dashboard/firmware/build/stm32g4xx_hal_init.o
                0x08006e90                Error_Handler
 .text.HAL_MspInit
                0x08006e94       0x44 /home/pani_/LHRS/VCAT-Dashboard/firmware/build/stm32g4xx_hal_init.o
                0x08006e94                HAL_MspInit
 .text.HAL_InitTick
                0x08006ed8       0xa8 /home/pani_/LHRS/VCAT-Dashboard/firmware/build/stm32g4xx_hal_timebase_tim.o
                0x08006ed8                HAL_InitTick
 .text.HAL_TIM_PeriodElapsedCallback
                0x08006f80        0x8 /home/pani_/LHRS/VCAT-Dashboard/firmware/build/stm32g4xx_hal_timebase_tim.o
                0x08006f80                HAL_TIM_PeriodElapsedCallback
 .text.TIM6_DAC_IRQHandler
                0x08006f88       0x10 /home/pani_/LHRS/VCAT-Dashboard/firmware/build/stm32g4xx_hal_timebase_tim.o
                0x08006f88                TIM6_DAC_IRQHandler
 .text.vListInitialise
                0x08006f98       0x16 /home/pani_/LHRS/VCAT-Dashboard/firmware/build/list.o
                0x08006f98                vListInitialise
 .text.vListInitialiseItem
                0x08006fae        0x6 /home/pani_/LHRS/VCAT-Dashboard/firmware/build/list.o
                0x08006fae                vListInitialiseItem
 .text.vListInsertEnd
                0x08006fb4       0x16 /home/pani_/LHRS/VCAT-Dashboard/firmware/build/list.o
                0x08006fb4                vListInsertEnd
 .text.vListInsert
                0x08006fca       0x32 /home/pani_/LHRS/VCAT-Dashboard/firmware/build/list.o
                0x08006fca                vListInsert
 .text.uxListRemove
                0x08006ffc       0x24 /home/pani_/LHRS/VCAT-Dashboard/firmware/build/list.o
                0x08006ffc                uxListRemove
 .text.prvIsQueueFull
                0x08007020       0x1e /home/pani_/LHRS/VCAT-Dashboard/firmware/build/queue.o
 .text.prvIsQueueEmpty
                0x0800703e       0x1a /home/pani_/LHRS/VCAT-Dashboard/firmware/build/queue.o
 .text.prvCopyDataToQueue
                0x08007058       0x76 /home/pani_/LHRS/VCAT-Dashboard/firmware/build/queue.o
 .text.prvCopyDataFromQueue
                0x080070ce       0x24 /home/pani_/LHRS/VCAT-Dashboard/firmware/build/queue.o
 .text.prvNotifyQueueSetContainer
                0x080070f2       0x9a /home/pani_/LHRS/VCAT-Dashboard/firmware/build/queue.o
 .text.prvUnlockQueue
                0x0800718c       0x82 /home/pani_/LHRS/VCAT-Dashboard/firmware/build/queue.o
 .text.xQueueGenericReset
                0x0800720e       0xaa /home/pani_/LHRS/VCAT-Dashboard/firmware/build/queue.o
                0x0800720e                xQueueGenericReset
 .text.prvInitialiseNewQueue
                0x080072b8       0x20 /home/pani_/LHRS/VCAT-Dashboard/firmware/build/queue.o
 .text.xQueueGenericCreateStatic
                0x080072d8       0x64 /home/pani_/LHRS/VCAT-Dashboard/firmware/build/queue.o
                0x080072d8                xQueueGenericCreateStatic
 .text.xQueueGenericSend
                0x0800733c      0x1b4 /home/pani_/LHRS/VCAT-Dashboard/firmware/build/queue.o
                0x0800733c                xQueueGenericSend
 .text.xQueueGenericSendFromISR
                0x080074f0      0x11e /home/pani_/LHRS/VCAT-Dashboard/firmware/build/queue.o
                0x080074f0                xQueueGenericSendFromISR
 .text.xQueueReceive
                0x0800760e      0x15e /home/pani_/LHRS/VCAT-Dashboard/firmware/build/queue.o
                0x0800760e                xQueueReceive
 .text.xQueueReceiveFromISR
                0x0800776c       0xd2 /home/pani_/LHRS/VCAT-Dashboard/firmware/build/queue.o
                0x0800776c                xQueueReceiveFromISR
 .text.uxQueueMessagesWaiting
                0x0800783e       0x26 /home/pani_/LHRS/VCAT-Dashboard/firmware/build/queue.o
                0x0800783e                uxQueueMessagesWaiting
 .text.vQueueAddToRegistry
                0x08007864       0x60 /home/pani_/LHRS/VCAT-Dashboard/firmware/build/queue.o
                0x08007864                vQueueAddToRegistry
 .text.vQueueWaitForMessageRestricted
                0x080078c4       0x52 /home/pani_/LHRS/VCAT-Dashboard/firmware/build/queue.o
                0x080078c4                vQueueWaitForMessageRestricted
 *fill*         0x08007916        0x2 
 .text.prvGetExpectedIdleTime
                0x08007918       0x44 /home/pani_/LHRS/VCAT-Dashboard/firmware/build/tasks.o
 .text.prvResetNextTaskUnblockTime
                0x0800795c       0x28 /home/pani_/LHRS/VCAT-Dashboard/firmware/build/tasks.o
 .text.prvInitialiseNewTask
                0x08007984       0xe0 /home/pani_/LHRS/VCAT-Dashboard/firmware/build/tasks.o
 .text.prvCreateStaticTask
                0x08007a64       0x90 /home/pani_/LHRS/VCAT-Dashboard/firmware/build/tasks.o
 .text.prvInitialiseTaskLists
                0x08007af4       0x68 /home/pani_/LHRS/VCAT-Dashboard/firmware/build/tasks.o
 .text.prvAddNewTaskToReadyList
                0x08007b5c       0xcc /home/pani_/LHRS/VCAT-Dashboard/firmware/build/tasks.o
 .text.prvDeleteTCB
                0x08007c28        0xa /home/pani_/LHRS/VCAT-Dashboard/firmware/build/tasks.o
 *fill*         0x08007c32        0x2 
 .text.prvCheckTasksWaitingTermination
                0x08007c34       0x4c /home/pani_/LHRS/VCAT-Dashboard/firmware/build/tasks.o
 .text.prvAddCurrentTaskToDelayedList
                0x08007c80       0xbc /home/pani_/LHRS/VCAT-Dashboard/firmware/build/tasks.o
 .text.xTaskCreateStatic
                0x08007d3c       0x28 /home/pani_/LHRS/VCAT-Dashboard/firmware/build/tasks.o
                0x08007d3c                xTaskCreateStatic
 .text.prvCreateIdleTasks
                0x08007d64       0x7c /home/pani_/LHRS/VCAT-Dashboard/firmware/build/tasks.o
 .text.vTaskDelete
                0x08007de0      0x104 /home/pani_/LHRS/VCAT-Dashboard/firmware/build/tasks.o
                0x08007de0                vTaskDelete
 .text.vTaskStartScheduler
                0x08007ee4       0x7c /home/pani_/LHRS/VCAT-Dashboard/firmware/build/tasks.o
                0x08007ee4                vTaskStartScheduler
 .text.vTaskSuspendAll
                0x08007f60       0x10 /home/pani_/LHRS/VCAT-Dashboard/firmware/build/tasks.o
                0x08007f60                vTaskSuspendAll
 .text.xTaskGetTickCount
                0x08007f70        0xc /home/pani_/LHRS/VCAT-Dashboard/firmware/build/tasks.o
                0x08007f70                xTaskGetTickCount
 .text.uxTaskGetNumberOfTasks
                0x08007f7c        0xc /home/pani_/LHRS/VCAT-Dashboard/firmware/build/tasks.o
                0x08007f7c                uxTaskGetNumberOfTasks
 .text.vTaskStepTick
                0x08007f88       0x88 /home/pani_/LHRS/VCAT-Dashboard/firmware/build/tasks.o
                0x08007f88                vTaskStepTick
 .text.xTaskIncrementTick
                0x08008010      0x178 /home/pani_/LHRS/VCAT-Dashboard/firmware/build/tasks.o
                0x08008010                xTaskIncrementTick
 .text.xTaskResumeAll
                0x08008188      0x158 /home/pani_/LHRS/VCAT-Dashboard/firmware/build/tasks.o
                0x08008188                xTaskResumeAll
 .text.vTaskDelay
                0x080082e0       0x50 /home/pani_/LHRS/VCAT-Dashboard/firmware/build/tasks.o
                0x080082e0                vTaskDelay
 .text.prvIdleTask
                0x08008330       0x74 /home/pani_/LHRS/VCAT-Dashboard/firmware/build/tasks.o
 .text.vTaskSwitchContext
                0x080083a4       0xa4 /home/pani_/LHRS/VCAT-Dashboard/firmware/build/tasks.o
                0x080083a4                vTaskSwitchContext
 .text.vTaskPlaceOnEventList
                0x08008448       0x30 /home/pani_/LHRS/VCAT-Dashboard/firmware/build/tasks.o
                0x08008448                vTaskPlaceOnEventList
 .text.vTaskPlaceOnEventListRestricted
                0x08008478       0x54 /home/pani_/LHRS/VCAT-Dashboard/firmware/build/tasks.o
                0x08008478                vTaskPlaceOnEventListRestricted
 .text.xTaskRemoveFromEventList
                0x080084cc       0xf8 /home/pani_/LHRS/VCAT-Dashboard/firmware/build/tasks.o
                0x080084cc                xTaskRemoveFromEventList
 .text.vTaskInternalSetTimeOutState
                0x080085c4       0x18 /home/pani_/LHRS/VCAT-Dashboard/firmware/build/tasks.o
                0x080085c4                vTaskInternalSetTimeOutState
 .text.xTaskCheckForTimeOut
                0x080085dc       0x88 /home/pani_/LHRS/VCAT-Dashboard/firmware/build/tasks.o
                0x080085dc                xTaskCheckForTimeOut
 .text.vTaskMissedYield
                0x08008664        0xc /home/pani_/LHRS/VCAT-Dashboard/firmware/build/tasks.o
                0x08008664                vTaskMissedYield
 .text.eTaskConfirmSleepModeStatus
                0x08008670       0x48 /home/pani_/LHRS/VCAT-Dashboard/firmware/build/tasks.o
                0x08008670                eTaskConfirmSleepModeStatus
 .text.xTaskGetSchedulerState
                0x080086b8       0x20 /home/pani_/LHRS/VCAT-Dashboard/firmware/build/tasks.o
                0x080086b8                xTaskGetSchedulerState
 .text.xTaskPriorityDisinherit
                0x080086d8       0xc4 /home/pani_/LHRS/VCAT-Dashboard/firmware/build/tasks.o
                0x080086d8                xTaskPriorityDisinherit
 .text.prvGetNextExpireTime
                0x0800879c       0x20 /home/pani_/LHRS/VCAT-Dashboard/firmware/build/timers.o
 .text.prvInsertTimerInActiveList
                0x080087bc       0x48 /home/pani_/LHRS/VCAT-Dashboard/firmware/build/timers.o
 .text.prvReloadTimer
                0x08008804       0x28 /home/pani_/LHRS/VCAT-Dashboard/firmware/build/timers.o
 .text.prvProcessExpiredTimer
                0x0800882c       0x40 /home/pani_/LHRS/VCAT-Dashboard/firmware/build/timers.o
 .text.prvSwitchTimerLists
                0x0800886c       0x30 /home/pani_/LHRS/VCAT-Dashboard/firmware/build/timers.o
 .text.prvSampleTimeNow
                0x0800889c       0x2c /home/pani_/LHRS/VCAT-Dashboard/firmware/build/timers.o
 .text.prvProcessTimerOrBlockTask
                0x080088c8       0x74 /home/pani_/LHRS/VCAT-Dashboard/firmware/build/timers.o
 .text.prvProcessReceivedCommands
                0x0800893c      0x11c /home/pani_/LHRS/VCAT-Dashboard/firmware/build/timers.o
 .text.prvTimerTask
                0x08008a58       0x16 /home/pani_/LHRS/VCAT-Dashboard/firmware/build/timers.o
 *fill*         0x08008a6e        0x2 
 .text.prvCheckForValidListAndQueue
                0x08008a70       0x70 /home/pani_/LHRS/VCAT-Dashboard/firmware/build/timers.o
 .text.xTimerCreateTimerTask
                0x08008ae0       0x64 /home/pani_/LHRS/VCAT-Dashboard/firmware/build/timers.o
                0x08008ae0                xTimerCreateTimerTask
 .text.prvTaskExitError
                0x08008b44       0x40 /home/pani_/LHRS/VCAT-Dashboard/firmware/build/port.o
 .text.SVC_Handler
                0x08008b84       0x20 /home/pani_/LHRS/VCAT-Dashboard/firmware/build/port.o
                0x08008b84                SVC_Handler
 .text.prvPortStartFirstTask
                0x08008ba4       0x28 /home/pani_/LHRS/VCAT-Dashboard/firmware/build/port.o
 .text.PendSV_Handler
                0x08008bcc       0x60 /home/pani_/LHRS/VCAT-Dashboard/firmware/build/port.o
                0x08008bcc                PendSV_Handler
 .text.vPortEnableVFP
                0x08008c2c       0x14 /home/pani_/LHRS/VCAT-Dashboard/firmware/build/port.o
 .text.pxPortInitialiseStack
                0x08008c40       0x2c /home/pani_/LHRS/VCAT-Dashboard/firmware/build/port.o
                0x08008c40                pxPortInitialiseStack
 .text.vPortEnterCritical
                0x08008c6c       0x44 /home/pani_/LHRS/VCAT-Dashboard/firmware/build/port.o
                0x08008c6c                vPortEnterCritical
 .text.vPortExitCritical
                0x08008cb0       0x2c /home/pani_/LHRS/VCAT-Dashboard/firmware/build/port.o
                0x08008cb0                vPortExitCritical
 .text.SysTick_Handler
                0x08008cdc       0x2c /home/pani_/LHRS/VCAT-Dashboard/firmware/build/port.o
                0x08008cdc                SysTick_Handler
 .text.vPortSuppressTicksAndSleep
                0x08008d08      0x114 /home/pani_/LHRS/VCAT-Dashboard/firmware/build/port.o
                0x08008d08                vPortSuppressTicksAndSleep
 .text.vPortSetupTimerInterrupt
                0x08008e1c       0x54 /home/pani_/LHRS/VCAT-Dashboard/firmware/build/port.o
                0x08008e1c                vPortSetupTimerInterrupt
 .text.xPortStartScheduler
                0x08008e70      0x194 /home/pani_/LHRS/VCAT-Dashboard/firmware/build/port.o
                0x08008e70                xPortStartScheduler
 .text.vPortValidateInterruptPriority
                0x08009004       0x5c /home/pani_/LHRS/VCAT-Dashboard/firmware/build/port.o
                0x08009004                vPortValidateInterruptPriority
 .text.vApplicationGetIdleTaskMemory
                0x08009060       0x18 /home/pani_/LHRS/VCAT-Dashboard/firmware/build/freertos.o
                0x08009060                vApplicationGetIdleTaskMemory
 .text.vApplicationGetTimerTaskMemory
                0x08009078       0x18 /home/pani_/LHRS/VCAT-Dashboard/firmware/build/freertos.o
                0x08009078                vApplicationGetTimerTaskMemory
 .text._getpid  0x08009090        0x4 /home/pani_/LHRS/VCAT-Dashboard/firmware/build/syscalls.o
                0x08009090                _getpid
 .text._kill    0x08009094       0x10 /home/pani_/LHRS/VCAT-Dashboard/firmware/build/syscalls.o
                0x08009094                _kill
 .text._exit    0x080090a4        0xc /home/pani_/LHRS/VCAT-Dashboard/firmware/build/syscalls.o
                0x080090a4                _exit
 .text._read    0x080090b0       0x20 /home/pani_/LHRS/VCAT-Dashboard/firmware/build/syscalls.o
                0x080090b0                _read
 .text._write   0x080090d0       0x1c /home/pani_/LHRS/VCAT-Dashboard/firmware/build/syscalls.o
                0x080090d0                _write
 .text._close   0x080090ec        0x6 /home/pani_/LHRS/VCAT-Dashboard/firmware/build/syscalls.o
                0x080090ec                _close
 .text._fstat   0x080090f2        0xa /home/pani_/LHRS/VCAT-Dashboard/firmware/build/syscalls.o
                0x080090f2                _fstat
 .text._isatty  0x080090fc        0x4 /home/pani_/LHRS/VCAT-Dashboard/firmware/build/syscalls.o
                0x080090fc                _isatty
 .text._lseek   0x08009100        0x4 /home/pani_/LHRS/VCAT-Dashboard/firmware/build/syscalls.o
                0x08009100                _lseek
 .text._sbrk    0x08009104       0x48 /home/pani_/LHRS/VCAT-Dashboard/firmware/build/sysmem.o
                0x08009104                _sbrk
 .text.__io_getchar
                0x0800914c       0x38 /home/pani_/LHRS/VCAT-Dashboard/firmware/build/printf.o
                0x0800914c                __io_getchar
 .text.__io_putchar
                0x08009184       0x34 /home/pani_/LHRS/VCAT-Dashboard/firmware/build/printf.o
                0x08009184                __io_putchar
 .text.adc_hook
                0x080091b8        0x4 /home/pani_/LHRS/VCAT-Dashboard/firmware/build/ADC.o
                0x080091b8                adc_hook
 .text.HAL_ADC_ConvCpltCallback
                0x080091bc       0xa4 /home/pani_/LHRS/VCAT-Dashboard/firmware/build/ADC.o
                0x080091bc                HAL_ADC_ConvCpltCallback
 .text.ADC1_2_IRQHandler
                0x08009260       0x1c /home/pani_/LHRS/VCAT-Dashboard/firmware/build/ADC.o
                0x08009260                ADC1_2_IRQHandler
 .text.ADC3_IRQHandler
                0x0800927c       0x10 /home/pani_/LHRS/VCAT-Dashboard/firmware/build/ADC.o
                0x0800927c                ADC3_IRQHandler
 .text.HAL_ADC_ErrorCallback
                0x0800928c        0xc /home/pani_/LHRS/VCAT-Dashboard/firmware/build/ADC.o
                0x0800928c                HAL_ADC_ErrorCallback
 .text.can_fd_rx_callback_hook
                0x08009298        0xa /home/pani_/LHRS/VCAT-Dashboard/firmware/build/CAN_FD.o
                0x08009298                can_fd_rx_callback_hook
 *fill*         0x080092a2        0x2 
 .text.HAL_FDCAN_RxFifo0Callback
                0x080092a4      0x288 /home/pani_/LHRS/VCAT-Dashboard/firmware/build/CAN_FD.o
                0x080092a4                HAL_FDCAN_RxFifo0Callback
 .text.HAL_FDCAN_TxBufferCompleteCallback
                0x0800952c       0x94 /home/pani_/LHRS/VCAT-Dashboard/firmware/build/CAN_FD.o
                0x0800952c                HAL_FDCAN_TxBufferCompleteCallback
 .text.FDCAN1_IT0_IRQHandler
                0x080095c0       0x10 /home/pani_/LHRS/VCAT-Dashboard/firmware/build/CAN_FD.o
                0x080095c0                FDCAN1_IT0_IRQHandler
 .text.FDCAN1_IT1_IRQHandler
                0x080095d0       0x10 /home/pani_/LHRS/VCAT-Dashboard/firmware/build/CAN_FD.o
                0x080095d0                FDCAN1_IT1_IRQHandler
 .text.FDCAN2_IT0_IRQHandler
                0x080095e0       0x10 /home/pani_/LHRS/VCAT-Dashboard/firmware/build/CAN_FD.o
                0x080095e0                FDCAN2_IT0_IRQHandler
 .text.FDCAN2_IT1_IRQHandler
                0x080095f0       0x10 /home/pani_/LHRS/VCAT-Dashboard/firmware/build/CAN_FD.o
                0x080095f0                FDCAN2_IT1_IRQHandler
 .text.FDCAN3_IT0_IRQHandler
                0x08009600       0x10 /home/pani_/LHRS/VCAT-Dashboard/firmware/build/CAN_FD.o
                0x08009600                FDCAN3_IT0_IRQHandler
 .text.FDCAN3_IT1_IRQHandler
                0x08009610       0x10 /home/pani_/LHRS/VCAT-Dashboard/firmware/build/CAN_FD.o
                0x08009610                FDCAN3_IT1_IRQHandler
 .text.is_uart_initialized
                0x08009620        0xc /home/pani_/LHRS/VCAT-Dashboard/firmware/build/UART.o
 .text.uart_send
                0x0800962c      0x15c /home/pani_/LHRS/VCAT-Dashboard/firmware/build/UART.o
                0x0800962c                uart_send
 .text.uart_recv
                0x08009788       0xf4 /home/pani_/LHRS/VCAT-Dashboard/firmware/build/UART.o
                0x08009788                uart_recv
 .text.HAL_UART_TxCpltCallback
                0x0800987c       0xf0 /home/pani_/LHRS/VCAT-Dashboard/firmware/build/UART.o
                0x0800987c                HAL_UART_TxCpltCallback
 .text.UART4_IRQHandler
                0x0800996c       0x10 /home/pani_/LHRS/VCAT-Dashboard/firmware/build/UART.o
                0x0800996c                UART4_IRQHandler
 .text.UART5_IRQHandler
                0x0800997c       0x10 /home/pani_/LHRS/VCAT-Dashboard/firmware/build/UART.o
                0x0800997c                UART5_IRQHandler
 .text.USART1_IRQHandler
                0x0800998c       0x10 /home/pani_/LHRS/VCAT-Dashboard/firmware/build/UART.o
                0x0800998c                USART1_IRQHandler
 .text.USART2_IRQHandler
                0x0800999c       0x10 /home/pani_/LHRS/VCAT-Dashboard/firmware/build/UART.o
                0x0800999c                USART2_IRQHandler
 .text.USART3_IRQHandler
                0x080099ac       0x10 /home/pani_/LHRS/VCAT-Dashboard/firmware/build/UART.o
                0x080099ac                USART3_IRQHandler
 .text.LPUART1_IRQHandler
                0x080099bc       0x10 /home/pani_/LHRS/VCAT-Dashboard/firmware/build/UART.o
                0x080099bc                LPUART1_IRQHandler
 .text.Reset_Handler
                0x080099cc       0x50 /home/pani_/LHRS/VCAT-Dashboard/firmware/build/startup_stm32g473xx.o
                0x080099cc                Reset_Handler
 .text.Default_Handler
                0x08009a1c        0x2 /home/pani_/LHRS/VCAT-Dashboard/firmware/build/startup_stm32g473xx.o
                0x08009a1c                RTC_Alarm_IRQHandler
                0x08009a1c                TIM8_TRG_COM_IRQHandler
                0x08009a1c                TIM8_CC_IRQHandler
                0x08009a1c                DebugMon_Handler
                0x08009a1c                SPI4_IRQHandler
                0x08009a1c                TIM1_CC_IRQHandler
                0x08009a1c                HardFault_Handler
                0x08009a1c                USB_HP_IRQHandler
                0x08009a1c                CORDIC_IRQHandler
                0x08009a1c                DMA2_Channel8_IRQHandler
                0x08009a1c                NMI_Handler
                0x08009a1c                EXTI3_IRQHandler
                0x08009a1c                I2C3_ER_IRQHandler
                0x08009a1c                I2C2_EV_IRQHandler
                0x08009a1c                FPU_IRQHandler
                0x08009a1c                TIM1_UP_TIM16_IRQHandler
                0x08009a1c                UsageFault_Handler
                0x08009a1c                SPI1_IRQHandler
                0x08009a1c                TIM8_UP_IRQHandler
                0x08009a1c                DMA2_Channel2_IRQHandler
                0x08009a1c                DMA1_Channel4_IRQHandler
                0x08009a1c                TIM20_TRG_COM_IRQHandler
                0x08009a1c                DMA1_Channel7_IRQHandler
                0x08009a1c                TIM4_IRQHandler
                0x08009a1c                DMA2_Channel1_IRQHandler
                0x08009a1c                QUADSPI_IRQHandler
                0x08009a1c                I2C1_EV_IRQHandler
                0x08009a1c                DMA1_Channel6_IRQHandler
                0x08009a1c                DMA2_Channel4_IRQHandler
                0x08009a1c                TIM3_IRQHandler
                0x08009a1c                RCC_IRQHandler
                0x08009a1c                TIM20_UP_IRQHandler
                0x08009a1c                DMA1_Channel1_IRQHandler
                0x08009a1c                Default_Handler
                0x08009a1c                DMA2_Channel7_IRQHandler
                0x08009a1c                RTC_TAMP_LSECSS_IRQHandler
                0x08009a1c                FMAC_IRQHandler
                0x08009a1c                EXTI15_10_IRQHandler
                0x08009a1c                DMA1_Channel8_IRQHandler
                0x08009a1c                TIM7_DAC_IRQHandler
                0x08009a1c                TIM5_IRQHandler
                0x08009a1c                UCPD1_IRQHandler
                0x08009a1c                I2C3_EV_IRQHandler
                0x08009a1c                EXTI9_5_IRQHandler
                0x08009a1c                RTC_WKUP_IRQHandler
                0x08009a1c                PVD_PVM_IRQHandler
                0x08009a1c                SPI2_IRQHandler
                0x08009a1c                MemManage_Handler
                0x08009a1c                ADC5_IRQHandler
                0x08009a1c                DMA2_Channel5_IRQHandler
                0x08009a1c                CRS_IRQHandler
                0x08009a1c                DMA1_Channel5_IRQHandler
                0x08009a1c                USB_LP_IRQHandler
                0x08009a1c                EXTI4_IRQHandler
                0x08009a1c                RNG_IRQHandler
                0x08009a1c                TIM1_TRG_COM_TIM17_IRQHandler
                0x08009a1c                DMA1_Channel3_IRQHandler
                0x08009a1c                ADC4_IRQHandler
                0x08009a1c                WWDG_IRQHandler
                0x08009a1c                I2C4_EV_IRQHandler
                0x08009a1c                DMA2_Channel6_IRQHandler
                0x08009a1c                TIM2_IRQHandler
                0x08009a1c                COMP7_IRQHandler
                0x08009a1c                COMP1_2_3_IRQHandler
                0x08009a1c                EXTI1_IRQHandler
                0x08009a1c                COMP4_5_6_IRQHandler
                0x08009a1c                TIM20_BRK_IRQHandler
                0x08009a1c                I2C2_ER_IRQHandler
                0x08009a1c                DMA1_Channel2_IRQHandler
                0x08009a1c                TIM8_BRK_IRQHandler
                0x08009a1c                FLASH_IRQHandler
                0x08009a1c                TIM20_CC_IRQHandler
                0x08009a1c                BusFault_Handler
                0x08009a1c                SPI3_IRQHandler
                0x08009a1c                I2C1_ER_IRQHandler
                0x08009a1c                FMC_IRQHandler
                0x08009a1c                LPTIM1_IRQHandler
                0x08009a1c                DMAMUX_OVR_IRQHandler
                0x08009a1c                I2C4_ER_IRQHandler
                0x08009a1c                USBWakeUp_IRQHandler
                0x08009a1c                SAI1_IRQHandler
                0x08009a1c                DMA2_Channel3_IRQHandler
                0x08009a1c                TIM1_BRK_TIM15_IRQHandler
 *(.glue_7)
 .glue_7        0x08009a1e        0x0 linker stubs
 *(.glue_7t)
 .glue_7t       0x08009a1e        0x0 linker stubs
 *(.eh_frame)
 *fill*         0x08009a1e        0x2 
 .eh_frame      0x08009a20        0x0 /usr/lib/gcc/arm-none-eabi/13.2.1/thumb/v7e-m+fp/hard/crtbegin.o
 *(.init)
 .init          0x08009a20        0x4 /usr/lib/gcc/arm-none-eabi/13.2.1/thumb/v7e-m+fp/hard/crti.o
                0x08009a20                _init
 .init          0x08009a24        0x8 /usr/lib/gcc/arm-none-eabi/13.2.1/thumb/v7e-m+fp/hard/crtn.o
 *(.fini)
 .fini          0x08009a2c        0x4 /usr/lib/gcc/arm-none-eabi/13.2.1/thumb/v7e-m+fp/hard/crti.o
                0x08009a2c                _fini
 .fini          0x08009a30        0x8 /usr/lib/gcc/arm-none-eabi/13.2.1/thumb/v7e-m+fp/hard/crtn.o
                0x08009a38                        . = ALIGN (0x4)
                0x08009a38                        _etext = .

.vfp11_veneer   0x08009a38        0x0
 .vfp11_veneer  0x08009a38        0x0 linker stubs

.v4_bx          0x08009a38        0x0
 .v4_bx         0x08009a38        0x0 linker stubs

.iplt           0x08009a38        0x0
 .iplt          0x08009a38        0x0 /usr/lib/gcc/arm-none-eabi/13.2.1/thumb/v7e-m+fp/hard/crtbegin.o

.rodata         0x08009a38      0x434
                0x08009a38                        . = ALIGN (0x4)
 *(.rodata)
 .rodata        0x08009a38      0x128 /usr/lib/gcc/arm-none-eabi/13.2.1/../../../arm-none-eabi/lib/thumb/v7e-m+fp/hard/libc_nano.a(libc_a-mprec.o)
                0x08009a48                __mprec_tens
                0x08009b10                __mprec_tinytens
                0x08009b38                __mprec_bigtens
 .rodata        0x08009b60      0x101 /usr/lib/gcc/arm-none-eabi/13.2.1/../../../arm-none-eabi/lib/thumb/v7e-m+fp/hard/libc_nano.a(libc_a-ctype_.o)
                0x08009b60                _ctype_
 *(.rodata*)
 *fill*         0x08009c61        0x3 
 .rodata.main.str1.4
                0x08009c64      0x1cf /home/pani_/LHRS/VCAT-Dashboard/firmware/build/main.o
                                  0xf (size before relaxing)
 .rodata.InitTasks.str1.4
                0x08009e33       0x6f /home/pani_/LHRS/VCAT-Dashboard/firmware/build/Tasks_Init.o
 *fill*         0x08009e33        0x1 
 .rodata.DLCtoBytes
                0x08009e34       0x10 /home/pani_/LHRS/VCAT-Dashboard/firmware/build/stm32g4xx_hal_fdcan.o
 .rodata.APBPrescTable
                0x08009e44        0x8 /home/pani_/LHRS/VCAT-Dashboard/firmware/build/system_stm32g4xx.o
                0x08009e44                APBPrescTable
 .rodata.AHBPrescTable
                0x08009e4c       0x10 /home/pani_/LHRS/VCAT-Dashboard/firmware/build/system_stm32g4xx.o
                0x08009e4c                AHBPrescTable
 .rodata.prvCreateIdleTasks.str1.4
                0x08009e5c        0x5 /home/pani_/LHRS/VCAT-Dashboard/firmware/build/tasks.o
 .rodata.uxTopUsedPriority
                0x08009e5c        0x4 /home/pani_/LHRS/VCAT-Dashboard/firmware/build/tasks.o
 .rodata.prvCheckForValidListAndQueue.str1.4
                0x08009e60        0x5 /home/pani_/LHRS/VCAT-Dashboard/firmware/build/timers.o
 .rodata.xTimerCreateTimerTask.str1.4
                0x08009e60        0x8 /home/pani_/LHRS/VCAT-Dashboard/firmware/build/timers.o
 .rodata.can3_recv_entry_count
                0x08009e60        0x4 /home/pani_/LHRS/VCAT-Dashboard/firmware/build/CAN_Common.o
                0x08009e60                can3_recv_entry_count
 .rodata.can2_recv_entry_count
                0x08009e64        0x4 /home/pani_/LHRS/VCAT-Dashboard/firmware/build/CAN_Common.o
                0x08009e64                can2_recv_entry_count
 .rodata.can1_recv_entry_count
                0x08009e68        0x4 /home/pani_/LHRS/VCAT-Dashboard/firmware/build/CAN_Common.o
                0x08009e68                can1_recv_entry_count
 .rodata.str1.4
                0x08009e6c       0x12 /usr/lib/gcc/arm-none-eabi/13.2.1/../../../arm-none-eabi/lib/thumb/v7e-m+fp/hard/libc_nano.a(libc_a-nano-vfprintf_float.o)
 .rodata.str1.4
                0x08009e6c       0x69 /usr/lib/gcc/arm-none-eabi/13.2.1/../../../arm-none-eabi/lib/thumb/v7e-m+fp/hard/libc_nano.a(libc_a-dtoa.o)
 .rodata.str1.4
                0x08009e6c       0x25 /usr/lib/gcc/arm-none-eabi/13.2.1/../../../arm-none-eabi/lib/thumb/v7e-m+fp/hard/libc_nano.a(libc_a-nano-vfprintf_i.o)
 .rodata.str1.4
                0x08009e6c       0x43 /usr/lib/gcc/arm-none-eabi/13.2.1/../../../arm-none-eabi/lib/thumb/v7e-m+fp/hard/libc_nano.a(libc_a-assert.o)
 .rodata.str1.4
                0x08009e6c       0x59 /usr/lib/gcc/arm-none-eabi/13.2.1/../../../arm-none-eabi/lib/thumb/v7e-m+fp/hard/libc_nano.a(libc_a-mprec.o)
 .rodata.str1.4
                0x08009e6c       0x12 /usr/lib/gcc/arm-none-eabi/13.2.1/../../../arm-none-eabi/lib/thumb/v7e-m+fp/hard/libc_nano.a(libc_a-locale.o)
 .rodata.str1.4
                0x08009e6c       0x13 /usr/lib/gcc/arm-none-eabi/13.2.1/../../../arm-none-eabi/lib/thumb/v7e-m+fp/hard/libc_nano.a(libc_a-nano-vfprintf.o)
                0x08009ed8                        . = ALIGN (0x4)

.ARM.extab      0x08009e6c        0x0
                0x08009e6c                        . = ALIGN (0x4)
 *(.ARM.extab* .gnu.linkonce.armextab.*)
                0x08009e6c                        . = ALIGN (0x4)

.ARM            0x08009e6c        0x8
                0x08009e6c                        . = ALIGN (0x4)
                0x08009e6c                        __exidx_start = .
 *(.ARM.exidx*)
 .ARM.exidx     0x08009e6c        0x8 /usr/lib/gcc/arm-none-eabi/13.2.1/../../../arm-none-eabi/lib/thumb/v7e-m+fp/hard/libc_nano.a(libc_a-strlen.o)
 .ARM.exidx     0x08009e74        0x0 /usr/lib/gcc/arm-none-eabi/13.2.1/../../../arm-none-eabi/lib/thumb/v7e-m+fp/hard/libc_nano.a(libc_a-memcpy.o)
                                  0x8 (size before relaxing)
 .ARM.exidx     0x08009e74        0x0 /usr/lib/gcc/arm-none-eabi/13.2.1/../../../arm-none-eabi/lib/thumb/v7e-m+fp/hard/libc_nano.a(libc_a-memchr.o)
                                  0x8 (size before relaxing)
                0x08009e74                        __exidx_end = .
                0x08009e74                        . = ALIGN (0x4)

.preinit_array  0x08009e74        0x0
                0x08009e74                        . = ALIGN (0x4)
                0x08009e74                        PROVIDE (__preinit_array_start = .)
 *(.preinit_array*)
                0x08009e74                        PROVIDE (__preinit_array_end = .)
                0x08009e74                        . = ALIGN (0x4)

.init_array     0x08009e74        0x4
                0x08009e74                        . = ALIGN (0x4)
                0x08009e74                        PROVIDE (__init_array_start = .)
 *(SORT_BY_NAME(.init_array.*))
 *(.init_array*)
 .init_array    0x08009e74        0x4 /usr/lib/gcc/arm-none-eabi/13.2.1/thumb/v7e-m+fp/hard/crtbegin.o
                0x08009e78                        PROVIDE (__init_array_end = .)
                0x08009e78                        . = ALIGN (0x4)

.fini_array     0x08009e78        0x4
                0x08009e78                        . = ALIGN (0x4)
                0x08009e78                        PROVIDE (__fini_array_start = .)
 *(SORT_BY_NAME(.fini_array.*))
 *(.fini_array*)
 .fini_array    0x08009e78        0x4 /usr/lib/gcc/arm-none-eabi/13.2.1/thumb/v7e-m+fp/hard/crtbegin.o
                0x08009e7c                        PROVIDE (__fini_array_end = .)
                0x08009e7c                        . = ALIGN (0x4)
                0x08009e7c                        _sidata = LOADADDR (.data)

.rel.dyn        0x08009e7c        0x0
 .rel.iplt      0x08009e7c        0x0 /usr/lib/gcc/arm-none-eabi/13.2.1/thumb/v7e-m+fp/hard/crtbegin.o

.data           0x20000000      0x7f0 load address 0x08009e7c
                0x20000000                        . = ALIGN (0x4)
                0x20000000                        _sdata = .
 *(.data)
 .data          0x20000000       0x50 /usr/lib/gcc/arm-none-eabi/13.2.1/../../../arm-none-eabi/lib/thumb/v7e-m+fp/hard/libc_nano.a(libc_a-impure.o)
                0x20000000                _impure_ptr
                0x20000004                _impure_data
 .data          0x20000050        0xc /usr/lib/gcc/arm-none-eabi/13.2.1/../../../arm-none-eabi/lib/thumb/v7e-m+fp/hard/libc_nano.a(libc_a-findfp.o)
                0x20000050                __sglue
 .data          0x2000005c      0x16c /usr/lib/gcc/arm-none-eabi/13.2.1/../../../arm-none-eabi/lib/thumb/v7e-m+fp/hard/libc_nano.a(libc_a-locale.o)
                0x2000005c                __global_locale
 *(.data*)
 .data.uwTickFreq
                0x200001c8        0x4 /home/pani_/LHRS/VCAT-Dashboard/firmware/build/stm32g4xx_hal.o
                0x200001c8                uwTickFreq
 .data.uwTickPrio
                0x200001cc        0x4 /home/pani_/LHRS/VCAT-Dashboard/firmware/build/stm32g4xx_hal.o
                0x200001cc                uwTickPrio
 .data.SystemCoreClock
                0x200001d0        0x4 /home/pani_/LHRS/VCAT-Dashboard/firmware/build/system_stm32g4xx.o
                0x200001d0                SystemCoreClock
 .data.uxCriticalNesting
                0x200001d4        0x4 /home/pani_/LHRS/VCAT-Dashboard/firmware/build/port.o
 .data.hadc3    0x200001d8        0x4 /home/pani_/LHRS/VCAT-Dashboard/firmware/build/ADC.o
                0x200001d8                hadc3
 .data.hadc3_   0x200001dc       0x6c /home/pani_/LHRS/VCAT-Dashboard/firmware/build/ADC.o
 .data.hadc2    0x20000248        0x4 /home/pani_/LHRS/VCAT-Dashboard/firmware/build/ADC.o
                0x20000248                hadc2
 .data.hadc2_   0x2000024c       0x6c /home/pani_/LHRS/VCAT-Dashboard/firmware/build/ADC.o
 .data.hadc1    0x200002b8        0x4 /home/pani_/LHRS/VCAT-Dashboard/firmware/build/ADC.o
                0x200002b8                hadc1
 .data.hadc1_   0x200002bc       0x6c /home/pani_/LHRS/VCAT-Dashboard/firmware/build/ADC.o
 .data.hfdcan3  0x20000328        0x4 /home/pani_/LHRS/VCAT-Dashboard/firmware/build/CAN_FD.o
                0x20000328                hfdcan3
 .data.hfdcan3_
                0x2000032c       0x64 /home/pani_/LHRS/VCAT-Dashboard/firmware/build/CAN_FD.o
 .data.hfdcan2  0x20000390        0x4 /home/pani_/LHRS/VCAT-Dashboard/firmware/build/CAN_FD.o
                0x20000390                hfdcan2
 .data.hfdcan2_
                0x20000394       0x64 /home/pani_/LHRS/VCAT-Dashboard/firmware/build/CAN_FD.o
 .data.hfdcan1  0x200003f8        0x4 /home/pani_/LHRS/VCAT-Dashboard/firmware/build/CAN_FD.o
                0x200003f8                hfdcan1
 .data.hfdcan1_
                0x200003fc       0x64 /home/pani_/LHRS/VCAT-Dashboard/firmware/build/CAN_FD.o
 .data.hlpuart1
                0x20000460        0x4 /home/pani_/LHRS/VCAT-Dashboard/firmware/build/UART.o
                0x20000460                hlpuart1
 .data.hlpuart1_
                0x20000464       0x94 /home/pani_/LHRS/VCAT-Dashboard/firmware/build/UART.o
 .data.husart3  0x200004f8        0x4 /home/pani_/LHRS/VCAT-Dashboard/firmware/build/UART.o
                0x200004f8                husart3
 .data.husart3_
                0x200004fc       0x94 /home/pani_/LHRS/VCAT-Dashboard/firmware/build/UART.o
 .data.husart2  0x20000590        0x4 /home/pani_/LHRS/VCAT-Dashboard/firmware/build/UART.o
                0x20000590                husart2
 .data.husart2_
                0x20000594       0x94 /home/pani_/LHRS/VCAT-Dashboard/firmware/build/UART.o
 .data.husart1  0x20000628        0x4 /home/pani_/LHRS/VCAT-Dashboard/firmware/build/UART.o
                0x20000628                husart1
 .data.husart1_
                0x2000062c       0x94 /home/pani_/LHRS/VCAT-Dashboard/firmware/build/UART.o
 .data.huart5   0x200006c0        0x4 /home/pani_/LHRS/VCAT-Dashboard/firmware/build/UART.o
                0x200006c0                huart5
 .data.huart5_  0x200006c4       0x94 /home/pani_/LHRS/VCAT-Dashboard/firmware/build/UART.o
 .data.huart4   0x20000758        0x4 /home/pani_/LHRS/VCAT-Dashboard/firmware/build/UART.o
                0x20000758                huart4
 .data.huart4_  0x2000075c       0x94 /home/pani_/LHRS/VCAT-Dashboard/firmware/build/UART.o
 *(.RamFunc)
 *(.RamFunc*)
                0x200007f0                        . = ALIGN (0x4)
                0x200007f0                        _edata = .

.tm_clone_table
                0x200007f0        0x0 load address 0x0800a66c
 .tm_clone_table
                0x200007f0        0x0 /usr/lib/gcc/arm-none-eabi/13.2.1/thumb/v7e-m+fp/hard/crtbegin.o
 .tm_clone_table
                0x200007f0        0x0 /usr/lib/gcc/arm-none-eabi/13.2.1/thumb/v7e-m+fp/hard/crtend.o

.igot.plt       0x200007f0        0x0 load address 0x0800a66c
 .igot.plt      0x200007f0        0x0 /usr/lib/gcc/arm-none-eabi/13.2.1/thumb/v7e-m+fp/hard/crtbegin.o
                0x200007f0                        . = ALIGN (0x4)

.bss            0x200007f0     0x1f54 load address 0x0800a66c
                0x200007f0                        _sbss = .
                0x200007f0                        __bss_start__ = _sbss
 *(.bss)
 .bss           0x200007f0       0x1c /usr/lib/gcc/arm-none-eabi/13.2.1/thumb/v7e-m+fp/hard/crtbegin.o
 .bss           0x2000080c      0x13c /usr/lib/gcc/arm-none-eabi/13.2.1/../../../arm-none-eabi/lib/thumb/v7e-m+fp/hard/libc_nano.a(libc_a-findfp.o)
                0x2000080c                __sf
                0x20000944                __stdio_exit_handler
 .bss           0x20000948        0x8 /usr/lib/gcc/arm-none-eabi/13.2.1/../../../arm-none-eabi/lib/thumb/v7e-m+fp/hard/libc_nano.a(libc_a-mallocr.o)
                0x20000948                __malloc_sbrk_start
                0x2000094c                __malloc_free_list
 .bss           0x20000950        0x4 /usr/lib/gcc/arm-none-eabi/13.2.1/../../../arm-none-eabi/lib/thumb/v7e-m+fp/hard/libc_nano.a(libc_a-reent.o)
                0x20000950                errno
 *(.bss*)
 .bss.INIT_TASK_Stack_Array
                0x20000954      0x200 /home/pani_/LHRS/VCAT-Dashboard/firmware/build/main.o
                0x20000954                INIT_TASK_Stack_Array
 *fill*         0x20000b54        0x4 
 .bss.INIT_TASK_TCB
                0x20000b58      0x178 /home/pani_/LHRS/VCAT-Dashboard/firmware/build/main.o
                0x20000b58                INIT_TASK_TCB
 .bss.pollingWriteCAN_tcb
                0x20000cd0      0x178 /home/pani_/LHRS/VCAT-Dashboard/firmware/build/Tasks_Init.o
                0x20000cd0                pollingWriteCAN_tcb
 .bss.readSteeringAngleCAN_tcb
                0x20000e48      0x178 /home/pani_/LHRS/VCAT-Dashboard/firmware/build/Tasks_Init.o
                0x20000e48                readSteeringAngleCAN_tcb
 .bss.readControlsCAN_tcb
                0x20000fc0      0x178 /home/pani_/LHRS/VCAT-Dashboard/firmware/build/Tasks_Init.o
                0x20000fc0                readControlsCAN_tcb
 .bss.readCarCAN_tcb
                0x20001138      0x178 /home/pani_/LHRS/VCAT-Dashboard/firmware/build/Tasks_Init.o
                0x20001138                readCarCAN_tcb
 .bss.pollingWriteCAN_stackArray
                0x200012b0      0x200 /home/pani_/LHRS/VCAT-Dashboard/firmware/build/Tasks_Init.o
                0x200012b0                pollingWriteCAN_stackArray
 .bss.readSteeringAngleCAN_stackArray
                0x200014b0      0x200 /home/pani_/LHRS/VCAT-Dashboard/firmware/build/Tasks_Init.o
                0x200014b0                readSteeringAngleCAN_stackArray
 .bss.readControlsCAN_stackArray
                0x200016b0      0x200 /home/pani_/LHRS/VCAT-Dashboard/firmware/build/Tasks_Init.o
                0x200016b0                readControlsCAN_stackArray
 .bss.readCarCAN_stackArray
                0x200018b0      0x200 /home/pani_/LHRS/VCAT-Dashboard/firmware/build/Tasks_Init.o
                0x200018b0                readCarCAN_stackArray
 .bss.uwTick    0x20001ab0        0x4 /home/pani_/LHRS/VCAT-Dashboard/firmware/build/stm32g4xx_hal.o
                0x20001ab0                uwTick
 .bss.TimHandle
                0x20001ab4       0x4c /home/pani_/LHRS/VCAT-Dashboard/firmware/build/stm32g4xx_hal_timebase_tim.o
                0x20001ab4                TimHandle
 .bss.xQueueRegistry
                0x20001b00       0x40 /home/pani_/LHRS/VCAT-Dashboard/firmware/build/queue.o
                0x20001b00                xQueueRegistry
 .bss.uxSchedulerSuspended
                0x20001b40        0x4 /home/pani_/LHRS/VCAT-Dashboard/firmware/build/tasks.o
 .bss.xIdleTaskHandles
                0x20001b44        0x4 /home/pani_/LHRS/VCAT-Dashboard/firmware/build/tasks.o
 .bss.xNextTaskUnblockTime
                0x20001b48        0x4 /home/pani_/LHRS/VCAT-Dashboard/firmware/build/tasks.o
 .bss.uxTaskNumber
                0x20001b4c        0x4 /home/pani_/LHRS/VCAT-Dashboard/firmware/build/tasks.o
 .bss.xNumOfOverflows
                0x20001b50        0x4 /home/pani_/LHRS/VCAT-Dashboard/firmware/build/tasks.o
 .bss.xYieldPendings
                0x20001b54        0x4 /home/pani_/LHRS/VCAT-Dashboard/firmware/build/tasks.o
 .bss.xPendedTicks
                0x20001b58        0x4 /home/pani_/LHRS/VCAT-Dashboard/firmware/build/tasks.o
 .bss.xSchedulerRunning
                0x20001b5c        0x4 /home/pani_/LHRS/VCAT-Dashboard/firmware/build/tasks.o
 .bss.uxTopReadyPriority
                0x20001b60        0x4 /home/pani_/LHRS/VCAT-Dashboard/firmware/build/tasks.o
 .bss.xTickCount
                0x20001b64        0x4 /home/pani_/LHRS/VCAT-Dashboard/firmware/build/tasks.o
 .bss.uxCurrentNumberOfTasks
                0x20001b68        0x4 /home/pani_/LHRS/VCAT-Dashboard/firmware/build/tasks.o
 .bss.xSuspendedTaskList
                0x20001b6c       0x14 /home/pani_/LHRS/VCAT-Dashboard/firmware/build/tasks.o
 .bss.uxDeletedTasksWaitingCleanUp
                0x20001b80        0x4 /home/pani_/LHRS/VCAT-Dashboard/firmware/build/tasks.o
 .bss.xTasksWaitingTermination
                0x20001b84       0x14 /home/pani_/LHRS/VCAT-Dashboard/firmware/build/tasks.o
 .bss.xPendingReadyList
                0x20001b98       0x14 /home/pani_/LHRS/VCAT-Dashboard/firmware/build/tasks.o
 .bss.pxOverflowDelayedTaskList
                0x20001bac        0x4 /home/pani_/LHRS/VCAT-Dashboard/firmware/build/tasks.o
 .bss.pxDelayedTaskList
                0x20001bb0        0x4 /home/pani_/LHRS/VCAT-Dashboard/firmware/build/tasks.o
 .bss.xDelayedTaskList2
                0x20001bb4       0x14 /home/pani_/LHRS/VCAT-Dashboard/firmware/build/tasks.o
 .bss.xDelayedTaskList1
                0x20001bc8       0x14 /home/pani_/LHRS/VCAT-Dashboard/firmware/build/tasks.o
 .bss.pxReadyTasksLists
                0x20001bdc       0x8c /home/pani_/LHRS/VCAT-Dashboard/firmware/build/tasks.o
 .bss.pxCurrentTCB
                0x20001c68        0x4 /home/pani_/LHRS/VCAT-Dashboard/firmware/build/tasks.o
                0x20001c68                pxCurrentTCB
 .bss.xStaticTimerQueue.0
                0x20001c6c       0x4c /home/pani_/LHRS/VCAT-Dashboard/firmware/build/timers.o
 .bss.ucStaticTimerQueueStorage.1
                0x20001cb8       0xa0 /home/pani_/LHRS/VCAT-Dashboard/firmware/build/timers.o
 .bss.xLastTime.2
                0x20001d58        0x4 /home/pani_/LHRS/VCAT-Dashboard/firmware/build/timers.o
 .bss.xTimerTaskHandle
                0x20001d5c        0x4 /home/pani_/LHRS/VCAT-Dashboard/firmware/build/timers.o
 .bss.xTimerQueue
                0x20001d60        0x4 /home/pani_/LHRS/VCAT-Dashboard/firmware/build/timers.o
 .bss.pxOverflowTimerList
                0x20001d64        0x4 /home/pani_/LHRS/VCAT-Dashboard/firmware/build/timers.o
 .bss.pxCurrentTimerList
                0x20001d68        0x4 /home/pani_/LHRS/VCAT-Dashboard/firmware/build/timers.o
 .bss.xActiveTimerList2
                0x20001d6c       0x14 /home/pani_/LHRS/VCAT-Dashboard/firmware/build/timers.o
 .bss.xActiveTimerList1
                0x20001d80       0x14 /home/pani_/LHRS/VCAT-Dashboard/firmware/build/timers.o
 .bss.ulMaxPRIGROUPValue
                0x20001d94        0x4 /home/pani_/LHRS/VCAT-Dashboard/firmware/build/port.o
 .bss.ucMaxSysCallPriority
                0x20001d98        0x1 /home/pani_/LHRS/VCAT-Dashboard/firmware/build/port.o
 *fill*         0x20001d99        0x3 
 .bss.ulStoppedTimerCompensation
                0x20001d9c        0x4 /home/pani_/LHRS/VCAT-Dashboard/firmware/build/port.o
 .bss.xMaximumPossibleSuppressedTicks
                0x20001da0        0x4 /home/pani_/LHRS/VCAT-Dashboard/firmware/build/port.o
 .bss.ulTimerCountsForOneTick
                0x20001da4        0x4 /home/pani_/LHRS/VCAT-Dashboard/firmware/build/port.o
 .bss.xTimerStack
                0x20001da8      0x400 /home/pani_/LHRS/VCAT-Dashboard/firmware/build/freertos.o
 .bss.xTimerTaskTCBBuffer
                0x200021a8      0x178 /home/pani_/LHRS/VCAT-Dashboard/firmware/build/freertos.o
 .bss.xIdleStack
                0x20002320      0x200 /home/pani_/LHRS/VCAT-Dashboard/firmware/build/freertos.o
 .bss.xIdleTaskTCBBuffer
                0x20002520      0x178 /home/pani_/LHRS/VCAT-Dashboard/firmware/build/freertos.o
 .bss.__sbrk_heap_end
                0x20002698        0x4 /home/pani_/LHRS/VCAT-Dashboard/firmware/build/sysmem.o
 .bss.printf_huart
                0x2000269c        0x4 /home/pani_/LHRS/VCAT-Dashboard/firmware/build/printf.o
                0x2000269c                printf_huart
 .bss.adc_err_code
                0x200026a0        0x4 /home/pani_/LHRS/VCAT-Dashboard/firmware/build/ADC.o
                0x200026a0                adc_err_code
 .bss.adc5_q    0x200026a4        0x4 /home/pani_/LHRS/VCAT-Dashboard/firmware/build/ADC.o
                0x200026a4                adc5_q
 .bss.adc4_q    0x200026a8        0x4 /home/pani_/LHRS/VCAT-Dashboard/firmware/build/ADC.o
                0x200026a8                adc4_q
 .bss.adc3_q    0x200026ac        0x4 /home/pani_/LHRS/VCAT-Dashboard/firmware/build/ADC.o
                0x200026ac                adc3_q
 .bss.adc2_q    0x200026b0        0x4 /home/pani_/LHRS/VCAT-Dashboard/firmware/build/ADC.o
                0x200026b0                adc2_q
 .bss.adc1_q    0x200026b4        0x4 /home/pani_/LHRS/VCAT-Dashboard/firmware/build/ADC.o
                0x200026b4                adc1_q
 .bss.can3_recv_entries
                0x200026b8        0x0 /home/pani_/LHRS/VCAT-Dashboard/firmware/build/CAN_Common.o
                0x200026b8                can3_recv_entries
 .bss.can2_recv_entries
                0x200026b8        0x0 /home/pani_/LHRS/VCAT-Dashboard/firmware/build/CAN_Common.o
                0x200026b8                can2_recv_entries
 .bss.can1_recv_entries
                0x200026b8        0x0 /home/pani_/LHRS/VCAT-Dashboard/firmware/build/CAN_Common.o
                0x200026b8                can1_recv_entries
 .bss.fdcan3_send_queue
                0x200026b8        0x4 /home/pani_/LHRS/VCAT-Dashboard/firmware/build/CAN_FD.o
 .bss.fdcan2_send_queue
                0x200026bc        0x4 /home/pani_/LHRS/VCAT-Dashboard/firmware/build/CAN_FD.o
 .bss.fdcan1_send_queue
                0x200026c0        0x4 /home/pani_/LHRS/VCAT-Dashboard/firmware/build/CAN_FD.o
 .bss.lpuart1_tx_buffer
                0x200026c4       0x14 /home/pani_/LHRS/VCAT-Dashboard/firmware/build/UART.o
 .bss.usart3_tx_buffer
                0x200026d8        0xa /home/pani_/LHRS/VCAT-Dashboard/firmware/build/UART.o
 *fill*         0x200026e2        0x2 
 .bss.usart2_tx_buffer
                0x200026e4        0xa /home/pani_/LHRS/VCAT-Dashboard/firmware/build/UART.o
 *fill*         0x200026ee        0x2 
 .bss.usart1_tx_buffer
                0x200026f0        0xa /home/pani_/LHRS/VCAT-Dashboard/firmware/build/UART.o
 *fill*         0x200026fa        0x2 
 .bss.uart5_tx_buffer
                0x200026fc        0xa /home/pani_/LHRS/VCAT-Dashboard/firmware/build/UART.o
 *fill*         0x20002706        0x2 
 .bss.uart4_tx_buffer
                0x20002708        0xa /home/pani_/LHRS/VCAT-Dashboard/firmware/build/UART.o
 *fill*         0x20002712        0x2 
 .bss.lpuart1_rx_queue
                0x20002714        0x4 /home/pani_/LHRS/VCAT-Dashboard/firmware/build/UART.o
 .bss.lpuart1_tx_queue
                0x20002718        0x4 /home/pani_/LHRS/VCAT-Dashboard/firmware/build/UART.o
 .bss.usart3_rx_queue
                0x2000271c        0x4 /home/pani_/LHRS/VCAT-Dashboard/firmware/build/UART.o
 .bss.usart3_tx_queue
                0x20002720        0x4 /home/pani_/LHRS/VCAT-Dashboard/firmware/build/UART.o
 .bss.usart2_rx_queue
                0x20002724        0x4 /home/pani_/LHRS/VCAT-Dashboard/firmware/build/UART.o
 .bss.usart2_tx_queue
                0x20002728        0x4 /home/pani_/LHRS/VCAT-Dashboard/firmware/build/UART.o
 .bss.usart1_rx_queue
                0x2000272c        0x4 /home/pani_/LHRS/VCAT-Dashboard/firmware/build/UART.o
 .bss.usart1_tx_queue
                0x20002730        0x4 /home/pani_/LHRS/VCAT-Dashboard/firmware/build/UART.o
 .bss.uart5_rx_queue
                0x20002734        0x4 /home/pani_/LHRS/VCAT-Dashboard/firmware/build/UART.o
 .bss.uart5_tx_queue
                0x20002738        0x4 /home/pani_/LHRS/VCAT-Dashboard/firmware/build/UART.o
 .bss.uart4_rx_queue
                0x2000273c        0x4 /home/pani_/LHRS/VCAT-Dashboard/firmware/build/UART.o
 .bss.uart4_tx_queue
                0x20002740        0x4 /home/pani_/LHRS/VCAT-Dashboard/firmware/build/UART.o
 *(COMMON)
                0x20002744                        . = ALIGN (0x4)
                0x20002744                        _ebss = .
                0x20002744                        __bss_end__ = _ebss

._user_heap_stack
                0x20002744      0x604 load address 0x0800a66c