ARM GAS  /tmp/cchkI2mH.s 			page 1


   1              		.cpu cortex-m4
   2              		.arch armv7e-m
   3              		.fpu fpv4-sp-d16
   4              		.eabi_attribute 27, 1
   5              		.eabi_attribute 28, 1
   6              		.eabi_attribute 20, 1
   7              		.eabi_attribute 21, 1
   8              		.eabi_attribute 23, 3
   9              		.eabi_attribute 24, 1
  10              		.eabi_attribute 25, 1
  11              		.eabi_attribute 26, 1
  12              		.eabi_attribute 30, 1
  13              		.eabi_attribute 34, 1
  14              		.eabi_attribute 18, 4
  15              		.file	"stm32g4xx_hal_init.c"
  16              		.text
  17              	.Ltext0:
  18              		.cfi_sections	.debug_frame
  19              		.file 1 "stm/stm32g4xx/stm32g4xx_hal_init.c"
  20              		.section	.text.Error_Handler,"ax",%progbits
  21              		.align	1
  22              		.weak	Error_Handler
  23              		.syntax unified
  24              		.thumb
  25              		.thumb_func
  27              	Error_Handler:
  28              	.LFB329:
   1:stm/stm32g4xx/stm32g4xx_hal_init.c **** #include "stm32g4xx_hal.h"
   2:stm/stm32g4xx/stm32g4xx_hal_init.c **** 
   3:stm/stm32g4xx/stm32g4xx_hal_init.c **** /**
   4:stm/stm32g4xx/stm32g4xx_hal_init.c ****  * @brief This function is executed in case of error occurrence.
   5:stm/stm32g4xx/stm32g4xx_hal_init.c ****  * 
   6:stm/stm32g4xx/stm32g4xx_hal_init.c ****  */
   7:stm/stm32g4xx/stm32g4xx_hal_init.c **** __weak void Error_Handler(void) {
  29              		.loc 1 7 33 view -0
  30              		.cfi_startproc
  31              		@ args = 0, pretend = 0, frame = 0
  32              		@ frame_needed = 0, uses_anonymous_args = 0
  33              		@ link register save eliminated.
   8:stm/stm32g4xx/stm32g4xx_hal_init.c ****   __disable_irq();
  34              		.loc 1 8 3 view .LVU1
  35              	.LBB4:
  36              	.LBI4:
  37              		.file 2 "stm/stm32g4xx/CMSIS/Include/cmsis_gcc.h"
   1:stm/stm32g4xx/CMSIS/Include/cmsis_gcc.h **** /**************************************************************************//**
   2:stm/stm32g4xx/CMSIS/Include/cmsis_gcc.h ****  * @file     cmsis_gcc.h
   3:stm/stm32g4xx/CMSIS/Include/cmsis_gcc.h ****  * @brief    CMSIS compiler GCC header file
   4:stm/stm32g4xx/CMSIS/Include/cmsis_gcc.h ****  * @version  V5.2.0
   5:stm/stm32g4xx/CMSIS/Include/cmsis_gcc.h ****  * @date     08. May 2019
   6:stm/stm32g4xx/CMSIS/Include/cmsis_gcc.h ****  ******************************************************************************/
   7:stm/stm32g4xx/CMSIS/Include/cmsis_gcc.h **** /*
   8:stm/stm32g4xx/CMSIS/Include/cmsis_gcc.h ****  * Copyright (c) 2009-2019 Arm Limited. All rights reserved.
   9:stm/stm32g4xx/CMSIS/Include/cmsis_gcc.h ****  *
  10:stm/stm32g4xx/CMSIS/Include/cmsis_gcc.h ****  * SPDX-License-Identifier: Apache-2.0
  11:stm/stm32g4xx/CMSIS/Include/cmsis_gcc.h ****  *
  12:stm/stm32g4xx/CMSIS/Include/cmsis_gcc.h ****  * Licensed under the Apache License, Version 2.0 (the License); you may
  13:stm/stm32g4xx/CMSIS/Include/cmsis_gcc.h ****  * not use this file except in compliance with the License.
ARM GAS  /tmp/cchkI2mH.s 			page 2


  14:stm/stm32g4xx/CMSIS/Include/cmsis_gcc.h ****  * You may obtain a copy of the License at
  15:stm/stm32g4xx/CMSIS/Include/cmsis_gcc.h ****  *
  16:stm/stm32g4xx/CMSIS/Include/cmsis_gcc.h ****  * www.apache.org/licenses/LICENSE-2.0
  17:stm/stm32g4xx/CMSIS/Include/cmsis_gcc.h ****  *
  18:stm/stm32g4xx/CMSIS/Include/cmsis_gcc.h ****  * Unless required by applicable law or agreed to in writing, software
  19:stm/stm32g4xx/CMSIS/Include/cmsis_gcc.h ****  * distributed under the License is distributed on an AS IS BASIS, WITHOUT
  20:stm/stm32g4xx/CMSIS/Include/cmsis_gcc.h ****  * WARRANTIES OR CONDITIONS OF ANY KIND, either express or implied.
  21:stm/stm32g4xx/CMSIS/Include/cmsis_gcc.h ****  * See the License for the specific language governing permissions and
  22:stm/stm32g4xx/CMSIS/Include/cmsis_gcc.h ****  * limitations under the License.
  23:stm/stm32g4xx/CMSIS/Include/cmsis_gcc.h ****  */
  24:stm/stm32g4xx/CMSIS/Include/cmsis_gcc.h **** 
  25:stm/stm32g4xx/CMSIS/Include/cmsis_gcc.h **** #ifndef __CMSIS_GCC_H
  26:stm/stm32g4xx/CMSIS/Include/cmsis_gcc.h **** #define __CMSIS_GCC_H
  27:stm/stm32g4xx/CMSIS/Include/cmsis_gcc.h **** 
  28:stm/stm32g4xx/CMSIS/Include/cmsis_gcc.h **** /* ignore some GCC warnings */
  29:stm/stm32g4xx/CMSIS/Include/cmsis_gcc.h **** #pragma GCC diagnostic push
  30:stm/stm32g4xx/CMSIS/Include/cmsis_gcc.h **** #pragma GCC diagnostic ignored "-Wsign-conversion"
  31:stm/stm32g4xx/CMSIS/Include/cmsis_gcc.h **** #pragma GCC diagnostic ignored "-Wconversion"
  32:stm/stm32g4xx/CMSIS/Include/cmsis_gcc.h **** #pragma GCC diagnostic ignored "-Wunused-parameter"
  33:stm/stm32g4xx/CMSIS/Include/cmsis_gcc.h **** 
  34:stm/stm32g4xx/CMSIS/Include/cmsis_gcc.h **** /* Fallback for __has_builtin */
  35:stm/stm32g4xx/CMSIS/Include/cmsis_gcc.h **** #ifndef __has_builtin
  36:stm/stm32g4xx/CMSIS/Include/cmsis_gcc.h ****   #define __has_builtin(x) (0)
  37:stm/stm32g4xx/CMSIS/Include/cmsis_gcc.h **** #endif
  38:stm/stm32g4xx/CMSIS/Include/cmsis_gcc.h **** 
  39:stm/stm32g4xx/CMSIS/Include/cmsis_gcc.h **** /* CMSIS compiler specific defines */
  40:stm/stm32g4xx/CMSIS/Include/cmsis_gcc.h **** #ifndef   __ASM
  41:stm/stm32g4xx/CMSIS/Include/cmsis_gcc.h ****   #define __ASM                                  __asm
  42:stm/stm32g4xx/CMSIS/Include/cmsis_gcc.h **** #endif
  43:stm/stm32g4xx/CMSIS/Include/cmsis_gcc.h **** #ifndef   __INLINE
  44:stm/stm32g4xx/CMSIS/Include/cmsis_gcc.h ****   #define __INLINE                               inline
  45:stm/stm32g4xx/CMSIS/Include/cmsis_gcc.h **** #endif
  46:stm/stm32g4xx/CMSIS/Include/cmsis_gcc.h **** #ifndef   __STATIC_INLINE
  47:stm/stm32g4xx/CMSIS/Include/cmsis_gcc.h ****   #define __STATIC_INLINE                        static inline
  48:stm/stm32g4xx/CMSIS/Include/cmsis_gcc.h **** #endif
  49:stm/stm32g4xx/CMSIS/Include/cmsis_gcc.h **** #ifndef   __STATIC_FORCEINLINE                 
  50:stm/stm32g4xx/CMSIS/Include/cmsis_gcc.h ****   #define __STATIC_FORCEINLINE                   __attribute__((always_inline)) static inline
  51:stm/stm32g4xx/CMSIS/Include/cmsis_gcc.h **** #endif                                           
  52:stm/stm32g4xx/CMSIS/Include/cmsis_gcc.h **** #ifndef   __NO_RETURN
  53:stm/stm32g4xx/CMSIS/Include/cmsis_gcc.h ****   #define __NO_RETURN                            __attribute__((__noreturn__))
  54:stm/stm32g4xx/CMSIS/Include/cmsis_gcc.h **** #endif
  55:stm/stm32g4xx/CMSIS/Include/cmsis_gcc.h **** #ifndef   __USED
  56:stm/stm32g4xx/CMSIS/Include/cmsis_gcc.h ****   #define __USED                                 __attribute__((used))
  57:stm/stm32g4xx/CMSIS/Include/cmsis_gcc.h **** #endif
  58:stm/stm32g4xx/CMSIS/Include/cmsis_gcc.h **** #ifndef   __WEAK
  59:stm/stm32g4xx/CMSIS/Include/cmsis_gcc.h ****   #define __WEAK                                 __attribute__((weak))
  60:stm/stm32g4xx/CMSIS/Include/cmsis_gcc.h **** #endif
  61:stm/stm32g4xx/CMSIS/Include/cmsis_gcc.h **** #ifndef   __PACKED
  62:stm/stm32g4xx/CMSIS/Include/cmsis_gcc.h ****   #define __PACKED                               __attribute__((packed, aligned(1)))
  63:stm/stm32g4xx/CMSIS/Include/cmsis_gcc.h **** #endif
  64:stm/stm32g4xx/CMSIS/Include/cmsis_gcc.h **** #ifndef   __PACKED_STRUCT
  65:stm/stm32g4xx/CMSIS/Include/cmsis_gcc.h ****   #define __PACKED_STRUCT                        struct __attribute__((packed, aligned(1)))
  66:stm/stm32g4xx/CMSIS/Include/cmsis_gcc.h **** #endif
  67:stm/stm32g4xx/CMSIS/Include/cmsis_gcc.h **** #ifndef   __PACKED_UNION
  68:stm/stm32g4xx/CMSIS/Include/cmsis_gcc.h ****   #define __PACKED_UNION                         union __attribute__((packed, aligned(1)))
  69:stm/stm32g4xx/CMSIS/Include/cmsis_gcc.h **** #endif
  70:stm/stm32g4xx/CMSIS/Include/cmsis_gcc.h **** #ifndef   __UNALIGNED_UINT32        /* deprecated */
ARM GAS  /tmp/cchkI2mH.s 			page 3


  71:stm/stm32g4xx/CMSIS/Include/cmsis_gcc.h ****   #pragma GCC diagnostic push
  72:stm/stm32g4xx/CMSIS/Include/cmsis_gcc.h ****   #pragma GCC diagnostic ignored "-Wpacked"
  73:stm/stm32g4xx/CMSIS/Include/cmsis_gcc.h ****   #pragma GCC diagnostic ignored "-Wattributes"
  74:stm/stm32g4xx/CMSIS/Include/cmsis_gcc.h ****   struct __attribute__((packed)) T_UINT32 { uint32_t v; };
  75:stm/stm32g4xx/CMSIS/Include/cmsis_gcc.h ****   #pragma GCC diagnostic pop
  76:stm/stm32g4xx/CMSIS/Include/cmsis_gcc.h ****   #define __UNALIGNED_UINT32(x)                  (((struct T_UINT32 *)(x))->v)
  77:stm/stm32g4xx/CMSIS/Include/cmsis_gcc.h **** #endif
  78:stm/stm32g4xx/CMSIS/Include/cmsis_gcc.h **** #ifndef   __UNALIGNED_UINT16_WRITE
  79:stm/stm32g4xx/CMSIS/Include/cmsis_gcc.h ****   #pragma GCC diagnostic push
  80:stm/stm32g4xx/CMSIS/Include/cmsis_gcc.h ****   #pragma GCC diagnostic ignored "-Wpacked"
  81:stm/stm32g4xx/CMSIS/Include/cmsis_gcc.h ****   #pragma GCC diagnostic ignored "-Wattributes"
  82:stm/stm32g4xx/CMSIS/Include/cmsis_gcc.h ****   __PACKED_STRUCT T_UINT16_WRITE { uint16_t v; };
  83:stm/stm32g4xx/CMSIS/Include/cmsis_gcc.h ****   #pragma GCC diagnostic pop
  84:stm/stm32g4xx/CMSIS/Include/cmsis_gcc.h ****   #define __UNALIGNED_UINT16_WRITE(addr, val)    (void)((((struct T_UINT16_WRITE *)(void *)(addr))-
  85:stm/stm32g4xx/CMSIS/Include/cmsis_gcc.h **** #endif
  86:stm/stm32g4xx/CMSIS/Include/cmsis_gcc.h **** #ifndef   __UNALIGNED_UINT16_READ
  87:stm/stm32g4xx/CMSIS/Include/cmsis_gcc.h ****   #pragma GCC diagnostic push
  88:stm/stm32g4xx/CMSIS/Include/cmsis_gcc.h ****   #pragma GCC diagnostic ignored "-Wpacked"
  89:stm/stm32g4xx/CMSIS/Include/cmsis_gcc.h ****   #pragma GCC diagnostic ignored "-Wattributes"
  90:stm/stm32g4xx/CMSIS/Include/cmsis_gcc.h ****   __PACKED_STRUCT T_UINT16_READ { uint16_t v; };
  91:stm/stm32g4xx/CMSIS/Include/cmsis_gcc.h ****   #pragma GCC diagnostic pop
  92:stm/stm32g4xx/CMSIS/Include/cmsis_gcc.h ****   #define __UNALIGNED_UINT16_READ(addr)          (((const struct T_UINT16_READ *)(const void *)(add
  93:stm/stm32g4xx/CMSIS/Include/cmsis_gcc.h **** #endif
  94:stm/stm32g4xx/CMSIS/Include/cmsis_gcc.h **** #ifndef   __UNALIGNED_UINT32_WRITE
  95:stm/stm32g4xx/CMSIS/Include/cmsis_gcc.h ****   #pragma GCC diagnostic push
  96:stm/stm32g4xx/CMSIS/Include/cmsis_gcc.h ****   #pragma GCC diagnostic ignored "-Wpacked"
  97:stm/stm32g4xx/CMSIS/Include/cmsis_gcc.h ****   #pragma GCC diagnostic ignored "-Wattributes"
  98:stm/stm32g4xx/CMSIS/Include/cmsis_gcc.h ****   __PACKED_STRUCT T_UINT32_WRITE { uint32_t v; };
  99:stm/stm32g4xx/CMSIS/Include/cmsis_gcc.h ****   #pragma GCC diagnostic pop
 100:stm/stm32g4xx/CMSIS/Include/cmsis_gcc.h ****   #define __UNALIGNED_UINT32_WRITE(addr, val)    (void)((((struct T_UINT32_WRITE *)(void *)(addr))-
 101:stm/stm32g4xx/CMSIS/Include/cmsis_gcc.h **** #endif
 102:stm/stm32g4xx/CMSIS/Include/cmsis_gcc.h **** #ifndef   __UNALIGNED_UINT32_READ
 103:stm/stm32g4xx/CMSIS/Include/cmsis_gcc.h ****   #pragma GCC diagnostic push
 104:stm/stm32g4xx/CMSIS/Include/cmsis_gcc.h ****   #pragma GCC diagnostic ignored "-Wpacked"
 105:stm/stm32g4xx/CMSIS/Include/cmsis_gcc.h ****   #pragma GCC diagnostic ignored "-Wattributes"
 106:stm/stm32g4xx/CMSIS/Include/cmsis_gcc.h ****   __PACKED_STRUCT T_UINT32_READ { uint32_t v; };
 107:stm/stm32g4xx/CMSIS/Include/cmsis_gcc.h ****   #pragma GCC diagnostic pop
 108:stm/stm32g4xx/CMSIS/Include/cmsis_gcc.h ****   #define __UNALIGNED_UINT32_READ(addr)          (((const struct T_UINT32_READ *)(const void *)(add
 109:stm/stm32g4xx/CMSIS/Include/cmsis_gcc.h **** #endif
 110:stm/stm32g4xx/CMSIS/Include/cmsis_gcc.h **** #ifndef   __ALIGNED
 111:stm/stm32g4xx/CMSIS/Include/cmsis_gcc.h ****   #define __ALIGNED(x)                           __attribute__((aligned(x)))
 112:stm/stm32g4xx/CMSIS/Include/cmsis_gcc.h **** #endif
 113:stm/stm32g4xx/CMSIS/Include/cmsis_gcc.h **** #ifndef   __RESTRICT
 114:stm/stm32g4xx/CMSIS/Include/cmsis_gcc.h ****   #define __RESTRICT                             __restrict
 115:stm/stm32g4xx/CMSIS/Include/cmsis_gcc.h **** #endif
 116:stm/stm32g4xx/CMSIS/Include/cmsis_gcc.h **** #ifndef   __COMPILER_BARRIER
 117:stm/stm32g4xx/CMSIS/Include/cmsis_gcc.h ****   #define __COMPILER_BARRIER()                   __ASM volatile("":::"memory")
 118:stm/stm32g4xx/CMSIS/Include/cmsis_gcc.h **** #endif
 119:stm/stm32g4xx/CMSIS/Include/cmsis_gcc.h **** 
 120:stm/stm32g4xx/CMSIS/Include/cmsis_gcc.h **** /* #########################  Startup and Lowlevel Init  ######################## */
 121:stm/stm32g4xx/CMSIS/Include/cmsis_gcc.h **** 
 122:stm/stm32g4xx/CMSIS/Include/cmsis_gcc.h **** #ifndef __PROGRAM_START
 123:stm/stm32g4xx/CMSIS/Include/cmsis_gcc.h **** 
 124:stm/stm32g4xx/CMSIS/Include/cmsis_gcc.h **** /**
 125:stm/stm32g4xx/CMSIS/Include/cmsis_gcc.h ****   \brief   Initializes data and bss sections
 126:stm/stm32g4xx/CMSIS/Include/cmsis_gcc.h ****   \details This default implementations initialized all data and additional bss
 127:stm/stm32g4xx/CMSIS/Include/cmsis_gcc.h ****            sections relying on .copy.table and .zero.table specified properly
ARM GAS  /tmp/cchkI2mH.s 			page 4


 128:stm/stm32g4xx/CMSIS/Include/cmsis_gcc.h ****            in the used linker script.
 129:stm/stm32g4xx/CMSIS/Include/cmsis_gcc.h ****   
 130:stm/stm32g4xx/CMSIS/Include/cmsis_gcc.h ****  */
 131:stm/stm32g4xx/CMSIS/Include/cmsis_gcc.h **** __STATIC_FORCEINLINE __NO_RETURN void __cmsis_start(void)
 132:stm/stm32g4xx/CMSIS/Include/cmsis_gcc.h **** {
 133:stm/stm32g4xx/CMSIS/Include/cmsis_gcc.h ****   extern void _start(void) __NO_RETURN;
 134:stm/stm32g4xx/CMSIS/Include/cmsis_gcc.h ****   
 135:stm/stm32g4xx/CMSIS/Include/cmsis_gcc.h ****   typedef struct {
 136:stm/stm32g4xx/CMSIS/Include/cmsis_gcc.h ****     uint32_t const* src;
 137:stm/stm32g4xx/CMSIS/Include/cmsis_gcc.h ****     uint32_t* dest;
 138:stm/stm32g4xx/CMSIS/Include/cmsis_gcc.h ****     uint32_t  wlen;
 139:stm/stm32g4xx/CMSIS/Include/cmsis_gcc.h ****   } __copy_table_t;
 140:stm/stm32g4xx/CMSIS/Include/cmsis_gcc.h ****   
 141:stm/stm32g4xx/CMSIS/Include/cmsis_gcc.h ****   typedef struct {
 142:stm/stm32g4xx/CMSIS/Include/cmsis_gcc.h ****     uint32_t* dest;
 143:stm/stm32g4xx/CMSIS/Include/cmsis_gcc.h ****     uint32_t  wlen;
 144:stm/stm32g4xx/CMSIS/Include/cmsis_gcc.h ****   } __zero_table_t;
 145:stm/stm32g4xx/CMSIS/Include/cmsis_gcc.h ****   
 146:stm/stm32g4xx/CMSIS/Include/cmsis_gcc.h ****   extern const __copy_table_t __copy_table_start__;
 147:stm/stm32g4xx/CMSIS/Include/cmsis_gcc.h ****   extern const __copy_table_t __copy_table_end__;
 148:stm/stm32g4xx/CMSIS/Include/cmsis_gcc.h ****   extern const __zero_table_t __zero_table_start__;
 149:stm/stm32g4xx/CMSIS/Include/cmsis_gcc.h ****   extern const __zero_table_t __zero_table_end__;
 150:stm/stm32g4xx/CMSIS/Include/cmsis_gcc.h **** 
 151:stm/stm32g4xx/CMSIS/Include/cmsis_gcc.h ****   for (__copy_table_t const* pTable = &__copy_table_start__; pTable < &__copy_table_end__; ++pTable
 152:stm/stm32g4xx/CMSIS/Include/cmsis_gcc.h ****     for(uint32_t i=0u; i<pTable->wlen; ++i) {
 153:stm/stm32g4xx/CMSIS/Include/cmsis_gcc.h ****       pTable->dest[i] = pTable->src[i];
 154:stm/stm32g4xx/CMSIS/Include/cmsis_gcc.h ****     }
 155:stm/stm32g4xx/CMSIS/Include/cmsis_gcc.h ****   }
 156:stm/stm32g4xx/CMSIS/Include/cmsis_gcc.h ****  
 157:stm/stm32g4xx/CMSIS/Include/cmsis_gcc.h ****   for (__zero_table_t const* pTable = &__zero_table_start__; pTable < &__zero_table_end__; ++pTable
 158:stm/stm32g4xx/CMSIS/Include/cmsis_gcc.h ****     for(uint32_t i=0u; i<pTable->wlen; ++i) {
 159:stm/stm32g4xx/CMSIS/Include/cmsis_gcc.h ****       pTable->dest[i] = 0u;
 160:stm/stm32g4xx/CMSIS/Include/cmsis_gcc.h ****     }
 161:stm/stm32g4xx/CMSIS/Include/cmsis_gcc.h ****   }
 162:stm/stm32g4xx/CMSIS/Include/cmsis_gcc.h ****  
 163:stm/stm32g4xx/CMSIS/Include/cmsis_gcc.h ****   _start();
 164:stm/stm32g4xx/CMSIS/Include/cmsis_gcc.h **** }
 165:stm/stm32g4xx/CMSIS/Include/cmsis_gcc.h ****   
 166:stm/stm32g4xx/CMSIS/Include/cmsis_gcc.h **** #define __PROGRAM_START           __cmsis_start
 167:stm/stm32g4xx/CMSIS/Include/cmsis_gcc.h **** #endif
 168:stm/stm32g4xx/CMSIS/Include/cmsis_gcc.h **** 
 169:stm/stm32g4xx/CMSIS/Include/cmsis_gcc.h **** #ifndef __INITIAL_SP
 170:stm/stm32g4xx/CMSIS/Include/cmsis_gcc.h **** #define __INITIAL_SP              __StackTop
 171:stm/stm32g4xx/CMSIS/Include/cmsis_gcc.h **** #endif
 172:stm/stm32g4xx/CMSIS/Include/cmsis_gcc.h **** 
 173:stm/stm32g4xx/CMSIS/Include/cmsis_gcc.h **** #ifndef __STACK_LIMIT
 174:stm/stm32g4xx/CMSIS/Include/cmsis_gcc.h **** #define __STACK_LIMIT             __StackLimit
 175:stm/stm32g4xx/CMSIS/Include/cmsis_gcc.h **** #endif
 176:stm/stm32g4xx/CMSIS/Include/cmsis_gcc.h **** 
 177:stm/stm32g4xx/CMSIS/Include/cmsis_gcc.h **** #ifndef __VECTOR_TABLE
 178:stm/stm32g4xx/CMSIS/Include/cmsis_gcc.h **** #define __VECTOR_TABLE            __Vectors
 179:stm/stm32g4xx/CMSIS/Include/cmsis_gcc.h **** #endif
 180:stm/stm32g4xx/CMSIS/Include/cmsis_gcc.h **** 
 181:stm/stm32g4xx/CMSIS/Include/cmsis_gcc.h **** #ifndef __VECTOR_TABLE_ATTRIBUTE
 182:stm/stm32g4xx/CMSIS/Include/cmsis_gcc.h **** #define __VECTOR_TABLE_ATTRIBUTE  __attribute((used, section(".vectors")))
 183:stm/stm32g4xx/CMSIS/Include/cmsis_gcc.h **** #endif
 184:stm/stm32g4xx/CMSIS/Include/cmsis_gcc.h **** 
ARM GAS  /tmp/cchkI2mH.s 			page 5


 185:stm/stm32g4xx/CMSIS/Include/cmsis_gcc.h **** /* ###########################  Core Function Access  ########################### */
 186:stm/stm32g4xx/CMSIS/Include/cmsis_gcc.h **** /** \ingroup  CMSIS_Core_FunctionInterface
 187:stm/stm32g4xx/CMSIS/Include/cmsis_gcc.h ****     \defgroup CMSIS_Core_RegAccFunctions CMSIS Core Register Access Functions
 188:stm/stm32g4xx/CMSIS/Include/cmsis_gcc.h ****   @{
 189:stm/stm32g4xx/CMSIS/Include/cmsis_gcc.h ****  */
 190:stm/stm32g4xx/CMSIS/Include/cmsis_gcc.h **** 
 191:stm/stm32g4xx/CMSIS/Include/cmsis_gcc.h **** /**
 192:stm/stm32g4xx/CMSIS/Include/cmsis_gcc.h ****   \brief   Enable IRQ Interrupts
 193:stm/stm32g4xx/CMSIS/Include/cmsis_gcc.h ****   \details Enables IRQ interrupts by clearing the I-bit in the CPSR.
 194:stm/stm32g4xx/CMSIS/Include/cmsis_gcc.h ****            Can only be executed in Privileged modes.
 195:stm/stm32g4xx/CMSIS/Include/cmsis_gcc.h ****  */
 196:stm/stm32g4xx/CMSIS/Include/cmsis_gcc.h **** __STATIC_FORCEINLINE void __enable_irq(void)
 197:stm/stm32g4xx/CMSIS/Include/cmsis_gcc.h **** {
 198:stm/stm32g4xx/CMSIS/Include/cmsis_gcc.h ****   __ASM volatile ("cpsie i" : : : "memory");
 199:stm/stm32g4xx/CMSIS/Include/cmsis_gcc.h **** }
 200:stm/stm32g4xx/CMSIS/Include/cmsis_gcc.h **** 
 201:stm/stm32g4xx/CMSIS/Include/cmsis_gcc.h **** 
 202:stm/stm32g4xx/CMSIS/Include/cmsis_gcc.h **** /**
 203:stm/stm32g4xx/CMSIS/Include/cmsis_gcc.h ****   \brief   Disable IRQ Interrupts
 204:stm/stm32g4xx/CMSIS/Include/cmsis_gcc.h ****   \details Disables IRQ interrupts by setting the I-bit in the CPSR.
 205:stm/stm32g4xx/CMSIS/Include/cmsis_gcc.h ****            Can only be executed in Privileged modes.
 206:stm/stm32g4xx/CMSIS/Include/cmsis_gcc.h ****  */
 207:stm/stm32g4xx/CMSIS/Include/cmsis_gcc.h **** __STATIC_FORCEINLINE void __disable_irq(void)
  38              		.loc 2 207 27 view .LVU2
  39              	.LBB5:
 208:stm/stm32g4xx/CMSIS/Include/cmsis_gcc.h **** {
 209:stm/stm32g4xx/CMSIS/Include/cmsis_gcc.h ****   __ASM volatile ("cpsid i" : : : "memory");
  40              		.loc 2 209 3 view .LVU3
  41              		.syntax unified
  42              	@ 209 "stm/stm32g4xx/CMSIS/Include/cmsis_gcc.h" 1
  43 0000 72B6     		cpsid i
  44              	@ 0 "" 2
  45              		.thumb
  46              		.syntax unified
  47              	.L2:
  48              	.LBE5:
  49              	.LBE4:
   9:stm/stm32g4xx/stm32g4xx_hal_init.c ****   while (1) {
  50              		.loc 1 9 3 view .LVU4
  10:stm/stm32g4xx/stm32g4xx_hal_init.c ****   }
  51              		.loc 1 10 3 view .LVU5
   9:stm/stm32g4xx/stm32g4xx_hal_init.c ****   while (1) {
  52              		.loc 1 9 9 view .LVU6
  53 0002 FEE7     		b	.L2
  54              		.cfi_endproc
  55              	.LFE329:
  57              		.section	.text.HAL_MspInit,"ax",%progbits
  58              		.align	1
  59              		.global	HAL_MspInit
  60              		.syntax unified
  61              		.thumb
  62              		.thumb_func
  64              	HAL_MspInit:
  65              	.LFB330:
  11:stm/stm32g4xx/stm32g4xx_hal_init.c **** }
  12:stm/stm32g4xx/stm32g4xx_hal_init.c **** 
  13:stm/stm32g4xx/stm32g4xx_hal_init.c **** /**
ARM GAS  /tmp/cchkI2mH.s 			page 6


  14:stm/stm32g4xx/stm32g4xx_hal_init.c ****  * @brief Initializes the Global MSP.
  15:stm/stm32g4xx/stm32g4xx_hal_init.c ****  * 
  16:stm/stm32g4xx/stm32g4xx_hal_init.c ****  */
  17:stm/stm32g4xx/stm32g4xx_hal_init.c **** void HAL_MspInit(void){
  66              		.loc 1 17 23 view -0
  67              		.cfi_startproc
  68              		@ args = 0, pretend = 0, frame = 8
  69              		@ frame_needed = 0, uses_anonymous_args = 0
  70 0000 00B5     		push	{lr}
  71              	.LCFI0:
  72              		.cfi_def_cfa_offset 4
  73              		.cfi_offset 14, -4
  74 0002 83B0     		sub	sp, sp, #12
  75              	.LCFI1:
  76              		.cfi_def_cfa_offset 16
  18:stm/stm32g4xx/stm32g4xx_hal_init.c ****   __HAL_RCC_SYSCFG_CLK_ENABLE();
  77              		.loc 1 18 3 view .LVU8
  78              	.LBB6:
  79              		.loc 1 18 3 view .LVU9
  80              		.loc 1 18 3 view .LVU10
  81 0004 0E4B     		ldr	r3, .L5
  82 0006 1A6E     		ldr	r2, [r3, #96]
  83 0008 42F00102 		orr	r2, r2, #1
  84 000c 1A66     		str	r2, [r3, #96]
  85              		.loc 1 18 3 view .LVU11
  86 000e 1A6E     		ldr	r2, [r3, #96]
  87 0010 02F00102 		and	r2, r2, #1
  88 0014 0092     		str	r2, [sp]
  89              		.loc 1 18 3 view .LVU12
  90 0016 009A     		ldr	r2, [sp]
  91              	.LBE6:
  92              		.loc 1 18 3 view .LVU13
  19:stm/stm32g4xx/stm32g4xx_hal_init.c ****   __HAL_RCC_PWR_CLK_ENABLE();
  93              		.loc 1 19 3 view .LVU14
  94              	.LBB7:
  95              		.loc 1 19 3 view .LVU15
  96              		.loc 1 19 3 view .LVU16
  97 0018 9A6D     		ldr	r2, [r3, #88]
  98 001a 42F08052 		orr	r2, r2, #268435456
  99 001e 9A65     		str	r2, [r3, #88]
 100              		.loc 1 19 3 view .LVU17
 101 0020 9B6D     		ldr	r3, [r3, #88]
 102 0022 03F08053 		and	r3, r3, #268435456
 103 0026 0193     		str	r3, [sp, #4]
 104              		.loc 1 19 3 view .LVU18
 105 0028 019B     		ldr	r3, [sp, #4]
 106              	.LBE7:
 107              		.loc 1 19 3 view .LVU19
  20:stm/stm32g4xx/stm32g4xx_hal_init.c ****   
  21:stm/stm32g4xx/stm32g4xx_hal_init.c ****   HAL_PWREx_DisableUCPDDeadBattery();
 108              		.loc 1 21 3 view .LVU20
 109 002a FFF7FEFF 		bl	HAL_PWREx_DisableUCPDDeadBattery
 110              	.LVL0:
  22:stm/stm32g4xx/stm32g4xx_hal_init.c **** 
  23:stm/stm32g4xx/stm32g4xx_hal_init.c ****   /* System interrupt init*/
  24:stm/stm32g4xx/stm32g4xx_hal_init.c ****   /* PendSV_IRQn interrupt configuration */
  25:stm/stm32g4xx/stm32g4xx_hal_init.c ****   HAL_NVIC_SetPriority(PendSV_IRQn, 15, 0);
ARM GAS  /tmp/cchkI2mH.s 			page 7


 111              		.loc 1 25 3 view .LVU21
 112 002e 0022     		movs	r2, #0
 113 0030 0F21     		movs	r1, #15
 114 0032 6FF00100 		mvn	r0, #1
 115 0036 FFF7FEFF 		bl	HAL_NVIC_SetPriority
 116              	.LVL1:
  26:stm/stm32g4xx/stm32g4xx_hal_init.c **** }
 117              		.loc 1 26 1 is_stmt 0 view .LVU22
 118 003a 03B0     		add	sp, sp, #12
 119              	.LCFI2:
 120              		.cfi_def_cfa_offset 4
 121              		@ sp needed
 122 003c 5DF804FB 		ldr	pc, [sp], #4
 123              	.L6:
 124              		.align	2
 125              	.L5:
 126 0040 00100240 		.word	1073876992
 127              		.cfi_endproc
 128              	.LFE330:
 130              		.section	.text.SystemClock_Config,"ax",%progbits
 131              		.align	1
 132              		.weak	SystemClock_Config
 133              		.syntax unified
 134              		.thumb
 135              		.thumb_func
 137              	SystemClock_Config:
 138              	.LFB331:
  27:stm/stm32g4xx/stm32g4xx_hal_init.c **** 
  28:stm/stm32g4xx/stm32g4xx_hal_init.c **** /**
  29:stm/stm32g4xx/stm32g4xx_hal_init.c ****   * @brief System Clock Configuration
  30:stm/stm32g4xx/stm32g4xx_hal_init.c ****   * @retval None
  31:stm/stm32g4xx/stm32g4xx_hal_init.c ****   */
  32:stm/stm32g4xx/stm32g4xx_hal_init.c **** __weak void SystemClock_Config(void)
  33:stm/stm32g4xx/stm32g4xx_hal_init.c **** {
 139              		.loc 1 33 1 is_stmt 1 view -0
 140              		.cfi_startproc
 141              		@ args = 0, pretend = 0, frame = 80
 142              		@ frame_needed = 0, uses_anonymous_args = 0
 143 0000 00B5     		push	{lr}
 144              	.LCFI3:
 145              		.cfi_def_cfa_offset 4
 146              		.cfi_offset 14, -4
 147 0002 95B0     		sub	sp, sp, #84
 148              	.LCFI4:
 149              		.cfi_def_cfa_offset 88
  34:stm/stm32g4xx/stm32g4xx_hal_init.c ****   RCC_OscInitTypeDef RCC_OscInitStruct = {0};
 150              		.loc 1 34 3 view .LVU24
 151              		.loc 1 34 22 is_stmt 0 view .LVU25
 152 0004 3822     		movs	r2, #56
 153 0006 0021     		movs	r1, #0
 154 0008 06A8     		add	r0, sp, #24
 155 000a FFF7FEFF 		bl	memset
 156              	.LVL2:
  35:stm/stm32g4xx/stm32g4xx_hal_init.c ****   RCC_ClkInitTypeDef RCC_ClkInitStruct = {0};
 157              		.loc 1 35 3 is_stmt 1 view .LVU26
 158              		.loc 1 35 22 is_stmt 0 view .LVU27
 159 000e 0023     		movs	r3, #0
ARM GAS  /tmp/cchkI2mH.s 			page 8


 160 0010 0193     		str	r3, [sp, #4]
 161 0012 0293     		str	r3, [sp, #8]
 162 0014 0393     		str	r3, [sp, #12]
 163 0016 0493     		str	r3, [sp, #16]
 164 0018 0593     		str	r3, [sp, #20]
  36:stm/stm32g4xx/stm32g4xx_hal_init.c **** 
  37:stm/stm32g4xx/stm32g4xx_hal_init.c ****   /** Configure the main internal regulator output voltage
  38:stm/stm32g4xx/stm32g4xx_hal_init.c ****   */
  39:stm/stm32g4xx/stm32g4xx_hal_init.c ****   HAL_PWREx_ControlVoltageScaling(PWR_REGULATOR_VOLTAGE_SCALE1);
 165              		.loc 1 39 3 is_stmt 1 view .LVU28
 166 001a 4FF40070 		mov	r0, #512
 167 001e FFF7FEFF 		bl	HAL_PWREx_ControlVoltageScaling
 168              	.LVL3:
  40:stm/stm32g4xx/stm32g4xx_hal_init.c **** 
  41:stm/stm32g4xx/stm32g4xx_hal_init.c ****   /** Initializes the RCC Oscillators according to the specified parameters
  42:stm/stm32g4xx/stm32g4xx_hal_init.c ****   * in the RCC_OscInitTypeDef structure.
  43:stm/stm32g4xx/stm32g4xx_hal_init.c ****   */
  44:stm/stm32g4xx/stm32g4xx_hal_init.c ****   RCC_OscInitStruct.OscillatorType = RCC_OSCILLATORTYPE_HSI;
 169              		.loc 1 44 3 view .LVU29
 170              		.loc 1 44 36 is_stmt 0 view .LVU30
 171 0022 0223     		movs	r3, #2
 172 0024 0693     		str	r3, [sp, #24]
  45:stm/stm32g4xx/stm32g4xx_hal_init.c ****   RCC_OscInitStruct.HSIState = RCC_HSI_ON;
 173              		.loc 1 45 3 is_stmt 1 view .LVU31
 174              		.loc 1 45 30 is_stmt 0 view .LVU32
 175 0026 4FF48072 		mov	r2, #256
 176 002a 0992     		str	r2, [sp, #36]
  46:stm/stm32g4xx/stm32g4xx_hal_init.c ****   RCC_OscInitStruct.HSICalibrationValue = RCC_HSICALIBRATION_DEFAULT;
 177              		.loc 1 46 3 is_stmt 1 view .LVU33
 178              		.loc 1 46 41 is_stmt 0 view .LVU34
 179 002c 4022     		movs	r2, #64
 180 002e 0A92     		str	r2, [sp, #40]
  47:stm/stm32g4xx/stm32g4xx_hal_init.c ****   RCC_OscInitStruct.PLL.PLLState = RCC_PLL_ON;
 181              		.loc 1 47 3 is_stmt 1 view .LVU35
 182              		.loc 1 47 34 is_stmt 0 view .LVU36
 183 0030 0D93     		str	r3, [sp, #52]
  48:stm/stm32g4xx/stm32g4xx_hal_init.c ****   RCC_OscInitStruct.PLL.PLLSource = RCC_PLLSOURCE_HSI;
 184              		.loc 1 48 3 is_stmt 1 view .LVU37
 185              		.loc 1 48 35 is_stmt 0 view .LVU38
 186 0032 0E93     		str	r3, [sp, #56]
  49:stm/stm32g4xx/stm32g4xx_hal_init.c ****   RCC_OscInitStruct.PLL.PLLM = RCC_PLLM_DIV4;
 187              		.loc 1 49 3 is_stmt 1 view .LVU39
 188              		.loc 1 49 30 is_stmt 0 view .LVU40
 189 0034 0422     		movs	r2, #4
 190 0036 0F92     		str	r2, [sp, #60]
  50:stm/stm32g4xx/stm32g4xx_hal_init.c ****   RCC_OscInitStruct.PLL.PLLN = 80;
 191              		.loc 1 50 3 is_stmt 1 view .LVU41
 192              		.loc 1 50 30 is_stmt 0 view .LVU42
 193 0038 5021     		movs	r1, #80
 194 003a 1091     		str	r1, [sp, #64]
  51:stm/stm32g4xx/stm32g4xx_hal_init.c ****   RCC_OscInitStruct.PLL.PLLP = RCC_PLLP_DIV2;
 195              		.loc 1 51 3 is_stmt 1 view .LVU43
 196              		.loc 1 51 30 is_stmt 0 view .LVU44
 197 003c 1193     		str	r3, [sp, #68]
  52:stm/stm32g4xx/stm32g4xx_hal_init.c ****   RCC_OscInitStruct.PLL.PLLQ = RCC_PLLQ_DIV2;
 198              		.loc 1 52 3 is_stmt 1 view .LVU45
 199              		.loc 1 52 30 is_stmt 0 view .LVU46
ARM GAS  /tmp/cchkI2mH.s 			page 9


 200 003e 1293     		str	r3, [sp, #72]
  53:stm/stm32g4xx/stm32g4xx_hal_init.c ****   RCC_OscInitStruct.PLL.PLLR = RCC_PLLR_DIV4;
 201              		.loc 1 53 3 is_stmt 1 view .LVU47
 202              		.loc 1 53 30 is_stmt 0 view .LVU48
 203 0040 1392     		str	r2, [sp, #76]
  54:stm/stm32g4xx/stm32g4xx_hal_init.c ****   if (HAL_RCC_OscConfig(&RCC_OscInitStruct) != HAL_OK)
 204              		.loc 1 54 3 is_stmt 1 view .LVU49
 205              		.loc 1 54 7 is_stmt 0 view .LVU50
 206 0042 06A8     		add	r0, sp, #24
 207 0044 FFF7FEFF 		bl	HAL_RCC_OscConfig
 208              	.LVL4:
 209              		.loc 1 54 6 discriminator 1 view .LVU51
 210 0048 78B9     		cbnz	r0, .L11
 211              	.L8:
  55:stm/stm32g4xx/stm32g4xx_hal_init.c ****   {
  56:stm/stm32g4xx/stm32g4xx_hal_init.c ****     Error_Handler();
  57:stm/stm32g4xx/stm32g4xx_hal_init.c ****   }
  58:stm/stm32g4xx/stm32g4xx_hal_init.c **** 
  59:stm/stm32g4xx/stm32g4xx_hal_init.c ****   /** Initializes the CPU, AHB and APB buses clocks
  60:stm/stm32g4xx/stm32g4xx_hal_init.c ****   */
  61:stm/stm32g4xx/stm32g4xx_hal_init.c ****   RCC_ClkInitStruct.ClockType = RCC_CLOCKTYPE_HCLK|RCC_CLOCKTYPE_SYSCLK
 212              		.loc 1 61 3 is_stmt 1 view .LVU52
 213              		.loc 1 61 31 is_stmt 0 view .LVU53
 214 004a 0F23     		movs	r3, #15
 215 004c 0193     		str	r3, [sp, #4]
  62:stm/stm32g4xx/stm32g4xx_hal_init.c ****                               |RCC_CLOCKTYPE_PCLK1|RCC_CLOCKTYPE_PCLK2;
  63:stm/stm32g4xx/stm32g4xx_hal_init.c ****   RCC_ClkInitStruct.SYSCLKSource = RCC_SYSCLKSOURCE_PLLCLK;
 216              		.loc 1 63 3 is_stmt 1 view .LVU54
 217              		.loc 1 63 34 is_stmt 0 view .LVU55
 218 004e 0323     		movs	r3, #3
 219 0050 0293     		str	r3, [sp, #8]
  64:stm/stm32g4xx/stm32g4xx_hal_init.c ****   RCC_ClkInitStruct.AHBCLKDivider = RCC_SYSCLK_DIV1;
 220              		.loc 1 64 3 is_stmt 1 view .LVU56
 221              		.loc 1 64 35 is_stmt 0 view .LVU57
 222 0052 0023     		movs	r3, #0
 223 0054 0393     		str	r3, [sp, #12]
  65:stm/stm32g4xx/stm32g4xx_hal_init.c ****   RCC_ClkInitStruct.APB1CLKDivider = RCC_HCLK_DIV1;
 224              		.loc 1 65 3 is_stmt 1 view .LVU58
 225              		.loc 1 65 36 is_stmt 0 view .LVU59
 226 0056 0493     		str	r3, [sp, #16]
  66:stm/stm32g4xx/stm32g4xx_hal_init.c ****   RCC_ClkInitStruct.APB2CLKDivider = RCC_HCLK_DIV1;
 227              		.loc 1 66 3 is_stmt 1 view .LVU60
 228              		.loc 1 66 36 is_stmt 0 view .LVU61
 229 0058 0593     		str	r3, [sp, #20]
  67:stm/stm32g4xx/stm32g4xx_hal_init.c **** 
  68:stm/stm32g4xx/stm32g4xx_hal_init.c ****   if (HAL_RCC_ClockConfig(&RCC_ClkInitStruct, FLASH_LATENCY_2) != HAL_OK)
 230              		.loc 1 68 3 is_stmt 1 view .LVU62
 231              		.loc 1 68 7 is_stmt 0 view .LVU63
 232 005a 0221     		movs	r1, #2
 233 005c 01A8     		add	r0, sp, #4
 234 005e FFF7FEFF 		bl	HAL_RCC_ClockConfig
 235              	.LVL5:
 236              		.loc 1 68 6 discriminator 1 view .LVU64
 237 0062 28B9     		cbnz	r0, .L12
 238              	.L7:
  69:stm/stm32g4xx/stm32g4xx_hal_init.c ****   {
  70:stm/stm32g4xx/stm32g4xx_hal_init.c ****     Error_Handler();
ARM GAS  /tmp/cchkI2mH.s 			page 10


  71:stm/stm32g4xx/stm32g4xx_hal_init.c ****   }
  72:stm/stm32g4xx/stm32g4xx_hal_init.c **** }
 239              		.loc 1 72 1 view .LVU65
 240 0064 15B0     		add	sp, sp, #84
 241              	.LCFI5:
 242              		.cfi_remember_state
 243              		.cfi_def_cfa_offset 4
 244              		@ sp needed
 245 0066 5DF804FB 		ldr	pc, [sp], #4
 246              	.L11:
 247              	.LCFI6:
 248              		.cfi_restore_state
  56:stm/stm32g4xx/stm32g4xx_hal_init.c ****   }
 249              		.loc 1 56 5 is_stmt 1 view .LVU66
 250 006a FFF7FEFF 		bl	Error_Handler
 251              	.LVL6:
 252 006e ECE7     		b	.L8
 253              	.L12:
  70:stm/stm32g4xx/stm32g4xx_hal_init.c ****   }
 254              		.loc 1 70 5 view .LVU67
 255 0070 FFF7FEFF 		bl	Error_Handler
 256              	.LVL7:
 257              		.loc 1 72 1 is_stmt 0 view .LVU68
 258 0074 F6E7     		b	.L7
 259              		.cfi_endproc
 260              	.LFE331:
 262              		.text
 263              	.Letext0:
 264              		.file 3 "stm/stm32g4xx/CMSIS/Device/ST/STM32G4xx/Include/stm32g473xx.h"
 265              		.file 4 "/usr/lib/gcc/arm-none-eabi/13.2.1/include/stdint.h"
 266              		.file 5 "stm/stm32g4xx/STM32G4xx_HAL_Driver/Inc/stm32g4xx_hal_def.h"
 267              		.file 6 "stm/stm32g4xx/STM32G4xx_HAL_Driver/Inc/stm32g4xx_hal_rcc.h"
 268              		.file 7 "stm/stm32g4xx/STM32G4xx_HAL_Driver/Inc/stm32g4xx_hal_pwr_ex.h"
 269              		.file 8 "stm/stm32g4xx/STM32G4xx_HAL_Driver/Inc/stm32g4xx_hal_cortex.h"
 270              		.file 9 "<built-in>"
ARM GAS  /tmp/cchkI2mH.s 			page 11


DEFINED SYMBOLS
                            *ABS*:00000000 stm32g4xx_hal_init.c
     /tmp/cchkI2mH.s:21     .text.Error_Handler:00000000 $t
     /tmp/cchkI2mH.s:27     .text.Error_Handler:00000000 Error_Handler
     /tmp/cchkI2mH.s:58     .text.HAL_MspInit:00000000 $t
     /tmp/cchkI2mH.s:64     .text.HAL_MspInit:00000000 HAL_MspInit
     /tmp/cchkI2mH.s:126    .text.HAL_MspInit:00000040 $d
     /tmp/cchkI2mH.s:131    .text.SystemClock_Config:00000000 $t
     /tmp/cchkI2mH.s:137    .text.SystemClock_Config:00000000 SystemClock_Config

UNDEFINED SYMBOLS
HAL_PWREx_DisableUCPDDeadBattery
HAL_NVIC_SetPriority
memset
HAL_PWREx_ControlVoltageScaling
HAL_RCC_OscConfig
HAL_RCC_ClockConfig
