ARM GAS  /tmp/ccDi0D5k.s 			page 1


   1              		.cpu cortex-m4
   2              		.arch armv7e-m
   3              		.fpu fpv4-sp-d16
   4              		.eabi_attribute 27, 1
   5              		.eabi_attribute 28, 1
   6              		.eabi_attribute 20, 1
   7              		.eabi_attribute 21, 1
   8              		.eabi_attribute 23, 3
   9              		.eabi_attribute 24, 1
  10              		.eabi_attribute 25, 1
  11              		.eabi_attribute 26, 1
  12              		.eabi_attribute 30, 1
  13              		.eabi_attribute 34, 1
  14              		.eabi_attribute 18, 4
  15              		.file	"stm32g4xx_hal_timebase_tim.c"
  16              		.text
  17              	.Ltext0:
  18              		.cfi_sections	.debug_frame
  19              		.file 1 "stm/stm32g4xx/stm32g4xx_hal_timebase_tim.c"
  20              		.section	.text.HAL_InitTick,"ax",%progbits
  21              		.align	1
  22              		.global	HAL_InitTick
  23              		.syntax unified
  24              		.thumb
  25              		.thumb_func
  27              	HAL_InitTick:
  28              	.LVL0:
  29              	.LFB329:
   1:stm/stm32g4xx/stm32g4xx_hal_timebase_tim.c **** /**
   2:stm/stm32g4xx/stm32g4xx_hal_timebase_tim.c ****   ******************************************************************************
   3:stm/stm32g4xx/stm32g4xx_hal_timebase_tim.c ****   * @file    stm32g4xx_hal_timebase_tim_template.c
   4:stm/stm32g4xx/stm32g4xx_hal_timebase_tim.c ****   * @author  MCD Application Team
   5:stm/stm32g4xx/stm32g4xx_hal_timebase_tim.c ****   * @brief   HAL time base based on the hardware TIM Template.
   6:stm/stm32g4xx/stm32g4xx_hal_timebase_tim.c ****   *
   7:stm/stm32g4xx/stm32g4xx_hal_timebase_tim.c ****   *          This file override the native HAL time base functions (defined as weak)
   8:stm/stm32g4xx/stm32g4xx_hal_timebase_tim.c ****   *          the TIM time base:
   9:stm/stm32g4xx/stm32g4xx_hal_timebase_tim.c ****   *           + Initializes the TIM peripheral to generate a Period elapsed Event each 1ms
  10:stm/stm32g4xx/stm32g4xx_hal_timebase_tim.c ****   *           + HAL_IncTick is called inside HAL_TIM_PeriodElapsedCallback ie each 1ms
  11:stm/stm32g4xx/stm32g4xx_hal_timebase_tim.c ****   ******************************************************************************
  12:stm/stm32g4xx/stm32g4xx_hal_timebase_tim.c ****   * @attention
  13:stm/stm32g4xx/stm32g4xx_hal_timebase_tim.c ****   *
  14:stm/stm32g4xx/stm32g4xx_hal_timebase_tim.c ****   * Copyright (c) 2019 STMicroelectronics.
  15:stm/stm32g4xx/stm32g4xx_hal_timebase_tim.c ****   * All rights reserved.
  16:stm/stm32g4xx/stm32g4xx_hal_timebase_tim.c ****   *
  17:stm/stm32g4xx/stm32g4xx_hal_timebase_tim.c ****   * This software is licensed under terms that can be found in the LICENSE file
  18:stm/stm32g4xx/stm32g4xx_hal_timebase_tim.c ****   * in the root directory of this software component.
  19:stm/stm32g4xx/stm32g4xx_hal_timebase_tim.c ****   * If no LICENSE file comes with this software, it is provided AS-IS.
  20:stm/stm32g4xx/stm32g4xx_hal_timebase_tim.c ****   *
  21:stm/stm32g4xx/stm32g4xx_hal_timebase_tim.c ****   ******************************************************************************
  22:stm/stm32g4xx/stm32g4xx_hal_timebase_tim.c ****   @verbatim
  23:stm/stm32g4xx/stm32g4xx_hal_timebase_tim.c ****   ==============================================================================
  24:stm/stm32g4xx/stm32g4xx_hal_timebase_tim.c ****                         ##### How to use this driver #####
  25:stm/stm32g4xx/stm32g4xx_hal_timebase_tim.c ****   ==============================================================================
  26:stm/stm32g4xx/stm32g4xx_hal_timebase_tim.c ****     [..]
  27:stm/stm32g4xx/stm32g4xx_hal_timebase_tim.c ****     This file must be copied to the application folder and modified as follows:
  28:stm/stm32g4xx/stm32g4xx_hal_timebase_tim.c ****     (#) Rename it to 'stm32g4xx_hal_timebase_tim.c'
  29:stm/stm32g4xx/stm32g4xx_hal_timebase_tim.c ****     (#) Add this file and the TIM HAL driver files to your project and make sure
ARM GAS  /tmp/ccDi0D5k.s 			page 2


  30:stm/stm32g4xx/stm32g4xx_hal_timebase_tim.c ****        HAL_TIM_MODULE_ENABLED is defined in stm32g4xx_hal_conf.h
  31:stm/stm32g4xx/stm32g4xx_hal_timebase_tim.c **** 
  32:stm/stm32g4xx/stm32g4xx_hal_timebase_tim.c ****     [..]
  33:stm/stm32g4xx/stm32g4xx_hal_timebase_tim.c ****     (@) The application needs to ensure that the time base is always set to 1 millisecond
  34:stm/stm32g4xx/stm32g4xx_hal_timebase_tim.c ****        to have correct HAL operation.
  35:stm/stm32g4xx/stm32g4xx_hal_timebase_tim.c **** 
  36:stm/stm32g4xx/stm32g4xx_hal_timebase_tim.c ****   @endverbatim
  37:stm/stm32g4xx/stm32g4xx_hal_timebase_tim.c ****   ******************************************************************************
  38:stm/stm32g4xx/stm32g4xx_hal_timebase_tim.c ****   */
  39:stm/stm32g4xx/stm32g4xx_hal_timebase_tim.c **** 
  40:stm/stm32g4xx/stm32g4xx_hal_timebase_tim.c **** /* Includes ------------------------------------------------------------------*/
  41:stm/stm32g4xx/stm32g4xx_hal_timebase_tim.c **** #include "stm32g4xx_hal.h"
  42:stm/stm32g4xx/stm32g4xx_hal_timebase_tim.c **** 
  43:stm/stm32g4xx/stm32g4xx_hal_timebase_tim.c **** /** @addtogroup STM32G4xx_HAL_Driver
  44:stm/stm32g4xx/stm32g4xx_hal_timebase_tim.c ****   * @{
  45:stm/stm32g4xx/stm32g4xx_hal_timebase_tim.c ****   */
  46:stm/stm32g4xx/stm32g4xx_hal_timebase_tim.c **** 
  47:stm/stm32g4xx/stm32g4xx_hal_timebase_tim.c **** /** @addtogroup HAL_TimeBase
  48:stm/stm32g4xx/stm32g4xx_hal_timebase_tim.c ****   * @{
  49:stm/stm32g4xx/stm32g4xx_hal_timebase_tim.c ****   */
  50:stm/stm32g4xx/stm32g4xx_hal_timebase_tim.c **** 
  51:stm/stm32g4xx/stm32g4xx_hal_timebase_tim.c **** /* Private typedef -----------------------------------------------------------*/
  52:stm/stm32g4xx/stm32g4xx_hal_timebase_tim.c **** /* Private define ------------------------------------------------------------*/
  53:stm/stm32g4xx/stm32g4xx_hal_timebase_tim.c **** /* Private macro -------------------------------------------------------------*/
  54:stm/stm32g4xx/stm32g4xx_hal_timebase_tim.c **** /* Private variables ---------------------------------------------------------*/
  55:stm/stm32g4xx/stm32g4xx_hal_timebase_tim.c **** TIM_HandleTypeDef        TimHandle;
  56:stm/stm32g4xx/stm32g4xx_hal_timebase_tim.c **** /* Private function prototypes -----------------------------------------------*/
  57:stm/stm32g4xx/stm32g4xx_hal_timebase_tim.c **** void TIM6_DAC_IRQHandler(void);
  58:stm/stm32g4xx/stm32g4xx_hal_timebase_tim.c **** /* Private functions ---------------------------------------------------------*/
  59:stm/stm32g4xx/stm32g4xx_hal_timebase_tim.c **** 
  60:stm/stm32g4xx/stm32g4xx_hal_timebase_tim.c **** /**
  61:stm/stm32g4xx/stm32g4xx_hal_timebase_tim.c ****   * @brief  This function configures the TIM6 as a time base source.
  62:stm/stm32g4xx/stm32g4xx_hal_timebase_tim.c ****   *         The time source is configured  to have 1ms time base with a dedicated
  63:stm/stm32g4xx/stm32g4xx_hal_timebase_tim.c ****   *         Tick interrupt priority.
  64:stm/stm32g4xx/stm32g4xx_hal_timebase_tim.c ****   * @note   This function is called  automatically at the beginning of program after
  65:stm/stm32g4xx/stm32g4xx_hal_timebase_tim.c ****   *         reset by HAL_Init() or at any time when clock is configured, by HAL_RCC_ClockConfig().
  66:stm/stm32g4xx/stm32g4xx_hal_timebase_tim.c ****   * @param  TickPriority: Tick interrupt priority.
  67:stm/stm32g4xx/stm32g4xx_hal_timebase_tim.c ****   * @retval HAL status
  68:stm/stm32g4xx/stm32g4xx_hal_timebase_tim.c ****   */
  69:stm/stm32g4xx/stm32g4xx_hal_timebase_tim.c **** HAL_StatusTypeDef HAL_InitTick(uint32_t TickPriority)
  70:stm/stm32g4xx/stm32g4xx_hal_timebase_tim.c **** {
  30              		.loc 1 70 1 view -0
  31              		.cfi_startproc
  32              		@ args = 0, pretend = 0, frame = 32
  33              		@ frame_needed = 0, uses_anonymous_args = 0
  34              		.loc 1 70 1 is_stmt 0 view .LVU1
  35 0000 30B5     		push	{r4, r5, lr}
  36              	.LCFI0:
  37              		.cfi_def_cfa_offset 12
  38              		.cfi_offset 4, -12
  39              		.cfi_offset 5, -8
  40              		.cfi_offset 14, -4
  41 0002 89B0     		sub	sp, sp, #36
  42              	.LCFI1:
  43              		.cfi_def_cfa_offset 48
  44 0004 0446     		mov	r4, r0
  71:stm/stm32g4xx/stm32g4xx_hal_timebase_tim.c ****   RCC_ClkInitTypeDef    clkconfig;
ARM GAS  /tmp/ccDi0D5k.s 			page 3


  45              		.loc 1 71 3 is_stmt 1 view .LVU2
  72:stm/stm32g4xx/stm32g4xx_hal_timebase_tim.c ****   uint32_t              uwTimclock;
  46              		.loc 1 72 3 view .LVU3
  73:stm/stm32g4xx/stm32g4xx_hal_timebase_tim.c ****   uint32_t              uwAPB1Prescaler;
  47              		.loc 1 73 3 view .LVU4
  74:stm/stm32g4xx/stm32g4xx_hal_timebase_tim.c ****   uint32_t              uwPrescalerValue;
  48              		.loc 1 74 3 view .LVU5
  75:stm/stm32g4xx/stm32g4xx_hal_timebase_tim.c ****   uint32_t              pFLatency;
  49              		.loc 1 75 3 view .LVU6
  76:stm/stm32g4xx/stm32g4xx_hal_timebase_tim.c ****   HAL_StatusTypeDef     status;
  50              		.loc 1 76 3 view .LVU7
  77:stm/stm32g4xx/stm32g4xx_hal_timebase_tim.c **** 
  78:stm/stm32g4xx/stm32g4xx_hal_timebase_tim.c ****   /* Configure the TIM6 IRQ priority */
  79:stm/stm32g4xx/stm32g4xx_hal_timebase_tim.c ****   HAL_NVIC_SetPriority(TIM6_DAC_IRQn, TickPriority, 0U);
  51              		.loc 1 79 3 view .LVU8
  52 0006 0022     		movs	r2, #0
  53 0008 0146     		mov	r1, r0
  54 000a 3620     		movs	r0, #54
  55              	.LVL1:
  56              		.loc 1 79 3 is_stmt 0 view .LVU9
  57 000c FFF7FEFF 		bl	HAL_NVIC_SetPriority
  58              	.LVL2:
  80:stm/stm32g4xx/stm32g4xx_hal_timebase_tim.c **** 
  81:stm/stm32g4xx/stm32g4xx_hal_timebase_tim.c ****   /* Enable the TIM6 global Interrupt */
  82:stm/stm32g4xx/stm32g4xx_hal_timebase_tim.c ****   HAL_NVIC_EnableIRQ(TIM6_DAC_IRQn);
  59              		.loc 1 82 3 is_stmt 1 view .LVU10
  60 0010 3620     		movs	r0, #54
  61 0012 FFF7FEFF 		bl	HAL_NVIC_EnableIRQ
  62              	.LVL3:
  83:stm/stm32g4xx/stm32g4xx_hal_timebase_tim.c **** 
  84:stm/stm32g4xx/stm32g4xx_hal_timebase_tim.c ****   /* Enable TIM6 clock */
  85:stm/stm32g4xx/stm32g4xx_hal_timebase_tim.c ****   __HAL_RCC_TIM6_CLK_ENABLE();
  63              		.loc 1 85 3 view .LVU11
  64              	.LBB2:
  65              		.loc 1 85 3 view .LVU12
  66              		.loc 1 85 3 view .LVU13
  67 0016 1F4B     		ldr	r3, .L9
  68 0018 9A6D     		ldr	r2, [r3, #88]
  69 001a 42F01002 		orr	r2, r2, #16
  70 001e 9A65     		str	r2, [r3, #88]
  71              		.loc 1 85 3 view .LVU14
  72 0020 9B6D     		ldr	r3, [r3, #88]
  73 0022 03F01003 		and	r3, r3, #16
  74 0026 0193     		str	r3, [sp, #4]
  75              		.loc 1 85 3 view .LVU15
  76 0028 019B     		ldr	r3, [sp, #4]
  77              	.LBE2:
  78              		.loc 1 85 3 view .LVU16
  86:stm/stm32g4xx/stm32g4xx_hal_timebase_tim.c **** 
  87:stm/stm32g4xx/stm32g4xx_hal_timebase_tim.c ****   /* Get clock configuration */
  88:stm/stm32g4xx/stm32g4xx_hal_timebase_tim.c ****   HAL_RCC_GetClockConfig(&clkconfig, &pFLatency);
  79              		.loc 1 88 3 view .LVU17
  80 002a 02A9     		add	r1, sp, #8
  81 002c 03A8     		add	r0, sp, #12
  82 002e FFF7FEFF 		bl	HAL_RCC_GetClockConfig
  83              	.LVL4:
  89:stm/stm32g4xx/stm32g4xx_hal_timebase_tim.c **** 
ARM GAS  /tmp/ccDi0D5k.s 			page 4


  90:stm/stm32g4xx/stm32g4xx_hal_timebase_tim.c ****   /* Get APB1 prescaler */
  91:stm/stm32g4xx/stm32g4xx_hal_timebase_tim.c ****   uwAPB1Prescaler = clkconfig.APB1CLKDivider;
  84              		.loc 1 91 3 view .LVU18
  85              		.loc 1 91 19 is_stmt 0 view .LVU19
  86 0032 069B     		ldr	r3, [sp, #24]
  87              	.LVL5:
  92:stm/stm32g4xx/stm32g4xx_hal_timebase_tim.c **** 
  93:stm/stm32g4xx/stm32g4xx_hal_timebase_tim.c ****   /* Compute TIM6 clock */
  94:stm/stm32g4xx/stm32g4xx_hal_timebase_tim.c ****   if (uwAPB1Prescaler == RCC_HCLK_DIV1)
  88              		.loc 1 94 3 is_stmt 1 view .LVU20
  89              		.loc 1 94 6 is_stmt 0 view .LVU21
  90 0034 C3B9     		cbnz	r3, .L2
  95:stm/stm32g4xx/stm32g4xx_hal_timebase_tim.c ****   {
  96:stm/stm32g4xx/stm32g4xx_hal_timebase_tim.c ****     uwTimclock = HAL_RCC_GetPCLK1Freq();
  91              		.loc 1 96 5 is_stmt 1 view .LVU22
  92              		.loc 1 96 18 is_stmt 0 view .LVU23
  93 0036 FFF7FEFF 		bl	HAL_RCC_GetPCLK1Freq
  94              	.LVL6:
  95              		.loc 1 96 18 view .LVU24
  96 003a 0346     		mov	r3, r0
  97              	.LVL7:
  98              	.L3:
  97:stm/stm32g4xx/stm32g4xx_hal_timebase_tim.c ****   }
  98:stm/stm32g4xx/stm32g4xx_hal_timebase_tim.c ****   else
  99:stm/stm32g4xx/stm32g4xx_hal_timebase_tim.c ****   {
 100:stm/stm32g4xx/stm32g4xx_hal_timebase_tim.c ****     uwTimclock = 2U * HAL_RCC_GetPCLK1Freq();
 101:stm/stm32g4xx/stm32g4xx_hal_timebase_tim.c ****   }
 102:stm/stm32g4xx/stm32g4xx_hal_timebase_tim.c **** 
 103:stm/stm32g4xx/stm32g4xx_hal_timebase_tim.c ****   /* Compute the prescaler value to have TIM6 counter clock equal to 1MHz */
 104:stm/stm32g4xx/stm32g4xx_hal_timebase_tim.c ****   uwPrescalerValue = (uint32_t)((uwTimclock / 1000000U) - 1U);
  99              		.loc 1 104 3 is_stmt 1 view .LVU25
 100              		.loc 1 104 45 is_stmt 0 view .LVU26
 101 003c 164A     		ldr	r2, .L9+4
 102 003e A2FB0323 		umull	r2, r3, r2, r3
 103              	.LVL8:
 104              		.loc 1 104 45 view .LVU27
 105 0042 9B0C     		lsrs	r3, r3, #18
 106              		.loc 1 104 20 view .LVU28
 107 0044 013B     		subs	r3, r3, #1
 108              	.LVL9:
 105:stm/stm32g4xx/stm32g4xx_hal_timebase_tim.c **** 
 106:stm/stm32g4xx/stm32g4xx_hal_timebase_tim.c ****   /* Initialize TIM6 */
 107:stm/stm32g4xx/stm32g4xx_hal_timebase_tim.c ****   TimHandle.Instance = TIM6;
 109              		.loc 1 107 3 is_stmt 1 view .LVU29
 110              		.loc 1 107 22 is_stmt 0 view .LVU30
 111 0046 1548     		ldr	r0, .L9+8
 112 0048 154A     		ldr	r2, .L9+12
 113 004a 0260     		str	r2, [r0]
 108:stm/stm32g4xx/stm32g4xx_hal_timebase_tim.c **** 
 109:stm/stm32g4xx/stm32g4xx_hal_timebase_tim.c ****   /* Initialize TIMx peripheral as follow:
 110:stm/stm32g4xx/stm32g4xx_hal_timebase_tim.c ****   + Period = [(TIM6CLK/1000) - 1]. to have a (1/1000) s time base.
 111:stm/stm32g4xx/stm32g4xx_hal_timebase_tim.c ****   + Prescaler = (uwTimclock/1000000 - 1) to have a 1MHz counter clock.
 112:stm/stm32g4xx/stm32g4xx_hal_timebase_tim.c ****   + ClockDivision = 0
 113:stm/stm32g4xx/stm32g4xx_hal_timebase_tim.c ****   + Counter direction = Up
 114:stm/stm32g4xx/stm32g4xx_hal_timebase_tim.c ****   */
 115:stm/stm32g4xx/stm32g4xx_hal_timebase_tim.c ****   TimHandle.Init.Period = (1000000U / 1000U) - 1U;
 114              		.loc 1 115 3 is_stmt 1 view .LVU31
ARM GAS  /tmp/ccDi0D5k.s 			page 5


 115              		.loc 1 115 25 is_stmt 0 view .LVU32
 116 004c 40F2E732 		movw	r2, #999
 117 0050 C260     		str	r2, [r0, #12]
 116:stm/stm32g4xx/stm32g4xx_hal_timebase_tim.c ****   TimHandle.Init.Prescaler = uwPrescalerValue;
 118              		.loc 1 116 3 is_stmt 1 view .LVU33
 119              		.loc 1 116 28 is_stmt 0 view .LVU34
 120 0052 4360     		str	r3, [r0, #4]
 117:stm/stm32g4xx/stm32g4xx_hal_timebase_tim.c ****   TimHandle.Init.ClockDivision = 0;
 121              		.loc 1 117 3 is_stmt 1 view .LVU35
 122              		.loc 1 117 32 is_stmt 0 view .LVU36
 123 0054 0023     		movs	r3, #0
 124              	.LVL10:
 125              		.loc 1 117 32 view .LVU37
 126 0056 0361     		str	r3, [r0, #16]
 118:stm/stm32g4xx/stm32g4xx_hal_timebase_tim.c ****   TimHandle.Init.CounterMode = TIM_COUNTERMODE_UP;
 127              		.loc 1 118 3 is_stmt 1 view .LVU38
 128              		.loc 1 118 30 is_stmt 0 view .LVU39
 129 0058 8360     		str	r3, [r0, #8]
 119:stm/stm32g4xx/stm32g4xx_hal_timebase_tim.c ****   status = HAL_TIM_Base_Init(&TimHandle);
 130              		.loc 1 119 3 is_stmt 1 view .LVU40
 131              		.loc 1 119 12 is_stmt 0 view .LVU41
 132 005a FFF7FEFF 		bl	HAL_TIM_Base_Init
 133              	.LVL11:
 120:stm/stm32g4xx/stm32g4xx_hal_timebase_tim.c ****   if (status == HAL_OK)
 134              		.loc 1 120 3 is_stmt 1 view .LVU42
 135              		.loc 1 120 6 is_stmt 0 view .LVU43
 136 005e 0546     		mov	r5, r0
 137 0060 30B1     		cbz	r0, .L7
 138              	.LVL12:
 139              	.L4:
 121:stm/stm32g4xx/stm32g4xx_hal_timebase_tim.c ****   {
 122:stm/stm32g4xx/stm32g4xx_hal_timebase_tim.c ****     /* Start the TIM time Base generation in interrupt mode */
 123:stm/stm32g4xx/stm32g4xx_hal_timebase_tim.c ****     status = HAL_TIM_Base_Start_IT(&TimHandle);
 124:stm/stm32g4xx/stm32g4xx_hal_timebase_tim.c ****     if (status == HAL_OK)
 125:stm/stm32g4xx/stm32g4xx_hal_timebase_tim.c ****     {
 126:stm/stm32g4xx/stm32g4xx_hal_timebase_tim.c ****       /* Configure the SysTick IRQ priority */
 127:stm/stm32g4xx/stm32g4xx_hal_timebase_tim.c ****       if (TickPriority < (1UL << __NVIC_PRIO_BITS))
 128:stm/stm32g4xx/stm32g4xx_hal_timebase_tim.c ****       {
 129:stm/stm32g4xx/stm32g4xx_hal_timebase_tim.c ****         /* Configure the TIM IRQ priority */
 130:stm/stm32g4xx/stm32g4xx_hal_timebase_tim.c ****         HAL_NVIC_SetPriority(TIM6_DAC_IRQn, TickPriority, 0U);
 131:stm/stm32g4xx/stm32g4xx_hal_timebase_tim.c ****         uwTickPrio = TickPriority;
 132:stm/stm32g4xx/stm32g4xx_hal_timebase_tim.c ****       }
 133:stm/stm32g4xx/stm32g4xx_hal_timebase_tim.c ****       else
 134:stm/stm32g4xx/stm32g4xx_hal_timebase_tim.c ****       {
 135:stm/stm32g4xx/stm32g4xx_hal_timebase_tim.c ****         status = HAL_ERROR;
 136:stm/stm32g4xx/stm32g4xx_hal_timebase_tim.c ****       }
 137:stm/stm32g4xx/stm32g4xx_hal_timebase_tim.c ****     }
 138:stm/stm32g4xx/stm32g4xx_hal_timebase_tim.c ****   }
 139:stm/stm32g4xx/stm32g4xx_hal_timebase_tim.c **** 
 140:stm/stm32g4xx/stm32g4xx_hal_timebase_tim.c ****   /* Return function status */
 141:stm/stm32g4xx/stm32g4xx_hal_timebase_tim.c ****   return status;
 140              		.loc 1 141 3 is_stmt 1 view .LVU44
 142:stm/stm32g4xx/stm32g4xx_hal_timebase_tim.c **** }
 141              		.loc 1 142 1 is_stmt 0 view .LVU45
 142 0062 2846     		mov	r0, r5
 143 0064 09B0     		add	sp, sp, #36
 144              	.LCFI2:
ARM GAS  /tmp/ccDi0D5k.s 			page 6


 145              		.cfi_remember_state
 146              		.cfi_def_cfa_offset 12
 147              		@ sp needed
 148 0066 30BD     		pop	{r4, r5, pc}
 149              	.LVL13:
 150              	.L2:
 151              	.LCFI3:
 152              		.cfi_restore_state
 100:stm/stm32g4xx/stm32g4xx_hal_timebase_tim.c ****   }
 153              		.loc 1 100 5 is_stmt 1 view .LVU46
 100:stm/stm32g4xx/stm32g4xx_hal_timebase_tim.c ****   }
 154              		.loc 1 100 23 is_stmt 0 view .LVU47
 155 0068 FFF7FEFF 		bl	HAL_RCC_GetPCLK1Freq
 156              	.LVL14:
 100:stm/stm32g4xx/stm32g4xx_hal_timebase_tim.c ****   }
 157              		.loc 1 100 16 discriminator 1 view .LVU48
 158 006c 4300     		lsls	r3, r0, #1
 159              	.LVL15:
 100:stm/stm32g4xx/stm32g4xx_hal_timebase_tim.c ****   }
 160              		.loc 1 100 16 discriminator 1 view .LVU49
 161 006e E5E7     		b	.L3
 162              	.LVL16:
 163              	.L7:
 123:stm/stm32g4xx/stm32g4xx_hal_timebase_tim.c ****     if (status == HAL_OK)
 164              		.loc 1 123 5 is_stmt 1 view .LVU50
 123:stm/stm32g4xx/stm32g4xx_hal_timebase_tim.c ****     if (status == HAL_OK)
 165              		.loc 1 123 14 is_stmt 0 view .LVU51
 166 0070 0A48     		ldr	r0, .L9+8
 167              	.LVL17:
 123:stm/stm32g4xx/stm32g4xx_hal_timebase_tim.c ****     if (status == HAL_OK)
 168              		.loc 1 123 14 view .LVU52
 169 0072 FFF7FEFF 		bl	HAL_TIM_Base_Start_IT
 170              	.LVL18:
 124:stm/stm32g4xx/stm32g4xx_hal_timebase_tim.c ****     {
 171              		.loc 1 124 5 is_stmt 1 view .LVU53
 124:stm/stm32g4xx/stm32g4xx_hal_timebase_tim.c ****     {
 172              		.loc 1 124 8 is_stmt 0 view .LVU54
 173 0076 0546     		mov	r5, r0
 174 0078 0028     		cmp	r0, #0
 175 007a F2D1     		bne	.L4
 127:stm/stm32g4xx/stm32g4xx_hal_timebase_tim.c ****       {
 176              		.loc 1 127 7 is_stmt 1 view .LVU55
 127:stm/stm32g4xx/stm32g4xx_hal_timebase_tim.c ****       {
 177              		.loc 1 127 10 is_stmt 0 view .LVU56
 178 007c 0F2C     		cmp	r4, #15
 179 007e 01D9     		bls	.L8
 135:stm/stm32g4xx/stm32g4xx_hal_timebase_tim.c ****       }
 180              		.loc 1 135 16 view .LVU57
 181 0080 0125     		movs	r5, #1
 182 0082 EEE7     		b	.L4
 183              	.L8:
 130:stm/stm32g4xx/stm32g4xx_hal_timebase_tim.c ****         uwTickPrio = TickPriority;
 184              		.loc 1 130 9 is_stmt 1 view .LVU58
 185 0084 0022     		movs	r2, #0
 186 0086 2146     		mov	r1, r4
 187 0088 3620     		movs	r0, #54
 188              	.LVL19:
ARM GAS  /tmp/ccDi0D5k.s 			page 7


 130:stm/stm32g4xx/stm32g4xx_hal_timebase_tim.c ****         uwTickPrio = TickPriority;
 189              		.loc 1 130 9 is_stmt 0 view .LVU59
 190 008a FFF7FEFF 		bl	HAL_NVIC_SetPriority
 191              	.LVL20:
 131:stm/stm32g4xx/stm32g4xx_hal_timebase_tim.c ****       }
 192              		.loc 1 131 9 is_stmt 1 view .LVU60
 131:stm/stm32g4xx/stm32g4xx_hal_timebase_tim.c ****       }
 193              		.loc 1 131 20 is_stmt 0 view .LVU61
 194 008e 054B     		ldr	r3, .L9+16
 195 0090 1C60     		str	r4, [r3]
 196 0092 E6E7     		b	.L4
 197              	.L10:
 198              		.align	2
 199              	.L9:
 200 0094 00100240 		.word	1073876992
 201 0098 83DE1B43 		.word	1125899907
 202 009c 00000000 		.word	TimHandle
 203 00a0 00100040 		.word	1073745920
 204 00a4 00000000 		.word	uwTickPrio
 205              		.cfi_endproc
 206              	.LFE329:
 208              		.section	.text.HAL_SuspendTick,"ax",%progbits
 209              		.align	1
 210              		.global	HAL_SuspendTick
 211              		.syntax unified
 212              		.thumb
 213              		.thumb_func
 215              	HAL_SuspendTick:
 216              	.LFB330:
 143:stm/stm32g4xx/stm32g4xx_hal_timebase_tim.c **** 
 144:stm/stm32g4xx/stm32g4xx_hal_timebase_tim.c **** /**
 145:stm/stm32g4xx/stm32g4xx_hal_timebase_tim.c ****   * @brief  Suspend Tick increment.
 146:stm/stm32g4xx/stm32g4xx_hal_timebase_tim.c ****   * @note   Disable the tick increment by disabling TIM6 update interrupt.
 147:stm/stm32g4xx/stm32g4xx_hal_timebase_tim.c ****   * @param  None
 148:stm/stm32g4xx/stm32g4xx_hal_timebase_tim.c ****   * @retval None
 149:stm/stm32g4xx/stm32g4xx_hal_timebase_tim.c ****   */
 150:stm/stm32g4xx/stm32g4xx_hal_timebase_tim.c **** void HAL_SuspendTick(void)
 151:stm/stm32g4xx/stm32g4xx_hal_timebase_tim.c **** {
 217              		.loc 1 151 1 is_stmt 1 view -0
 218              		.cfi_startproc
 219              		@ args = 0, pretend = 0, frame = 0
 220              		@ frame_needed = 0, uses_anonymous_args = 0
 221              		@ link register save eliminated.
 152:stm/stm32g4xx/stm32g4xx_hal_timebase_tim.c ****   /* Disable TIM6 update interrupt */
 153:stm/stm32g4xx/stm32g4xx_hal_timebase_tim.c ****   __HAL_TIM_DISABLE_IT(&TimHandle, TIM_IT_UPDATE);
 222              		.loc 1 153 3 view .LVU63
 223 0000 034B     		ldr	r3, .L12
 224 0002 1A68     		ldr	r2, [r3]
 225 0004 D368     		ldr	r3, [r2, #12]
 226 0006 23F00103 		bic	r3, r3, #1
 227 000a D360     		str	r3, [r2, #12]
 154:stm/stm32g4xx/stm32g4xx_hal_timebase_tim.c **** }
 228              		.loc 1 154 1 is_stmt 0 view .LVU64
 229 000c 7047     		bx	lr
 230              	.L13:
 231 000e 00BF     		.align	2
 232              	.L12:
ARM GAS  /tmp/ccDi0D5k.s 			page 8


 233 0010 00000000 		.word	TimHandle
 234              		.cfi_endproc
 235              	.LFE330:
 237              		.section	.text.HAL_ResumeTick,"ax",%progbits
 238              		.align	1
 239              		.global	HAL_ResumeTick
 240              		.syntax unified
 241              		.thumb
 242              		.thumb_func
 244              	HAL_ResumeTick:
 245              	.LFB331:
 155:stm/stm32g4xx/stm32g4xx_hal_timebase_tim.c **** 
 156:stm/stm32g4xx/stm32g4xx_hal_timebase_tim.c **** /**
 157:stm/stm32g4xx/stm32g4xx_hal_timebase_tim.c ****   * @brief  Resume Tick increment.
 158:stm/stm32g4xx/stm32g4xx_hal_timebase_tim.c ****   * @note   Enable the tick increment by enabling TIM6 update interrupt.
 159:stm/stm32g4xx/stm32g4xx_hal_timebase_tim.c ****   * @param  None
 160:stm/stm32g4xx/stm32g4xx_hal_timebase_tim.c ****   * @retval None
 161:stm/stm32g4xx/stm32g4xx_hal_timebase_tim.c ****   */
 162:stm/stm32g4xx/stm32g4xx_hal_timebase_tim.c **** void HAL_ResumeTick(void)
 163:stm/stm32g4xx/stm32g4xx_hal_timebase_tim.c **** {
 246              		.loc 1 163 1 is_stmt 1 view -0
 247              		.cfi_startproc
 248              		@ args = 0, pretend = 0, frame = 0
 249              		@ frame_needed = 0, uses_anonymous_args = 0
 250              		@ link register save eliminated.
 164:stm/stm32g4xx/stm32g4xx_hal_timebase_tim.c ****   /* Enable TIM6 update interrupt */
 165:stm/stm32g4xx/stm32g4xx_hal_timebase_tim.c ****   __HAL_TIM_ENABLE_IT(&TimHandle, TIM_IT_UPDATE);
 251              		.loc 1 165 3 view .LVU66
 252 0000 034B     		ldr	r3, .L15
 253 0002 1A68     		ldr	r2, [r3]
 254 0004 D368     		ldr	r3, [r2, #12]
 255 0006 43F00103 		orr	r3, r3, #1
 256 000a D360     		str	r3, [r2, #12]
 166:stm/stm32g4xx/stm32g4xx_hal_timebase_tim.c **** }
 257              		.loc 1 166 1 is_stmt 0 view .LVU67
 258 000c 7047     		bx	lr
 259              	.L16:
 260 000e 00BF     		.align	2
 261              	.L15:
 262 0010 00000000 		.word	TimHandle
 263              		.cfi_endproc
 264              	.LFE331:
 266              		.section	.text.HAL_TIM_PeriodElapsedCallback,"ax",%progbits
 267              		.align	1
 268              		.global	HAL_TIM_PeriodElapsedCallback
 269              		.syntax unified
 270              		.thumb
 271              		.thumb_func
 273              	HAL_TIM_PeriodElapsedCallback:
 274              	.LVL21:
 275              	.LFB332:
 167:stm/stm32g4xx/stm32g4xx_hal_timebase_tim.c **** 
 168:stm/stm32g4xx/stm32g4xx_hal_timebase_tim.c **** /**
 169:stm/stm32g4xx/stm32g4xx_hal_timebase_tim.c ****   * @brief  Period elapsed callback in non blocking mode
 170:stm/stm32g4xx/stm32g4xx_hal_timebase_tim.c ****   * @note   This function is called  when TIM6 interrupt took place, inside
 171:stm/stm32g4xx/stm32g4xx_hal_timebase_tim.c ****   * HAL_TIM_IRQHandler(). It makes a direct call to HAL_IncTick() to increment
 172:stm/stm32g4xx/stm32g4xx_hal_timebase_tim.c ****   * a global variable "uwTick" used as application time base.
ARM GAS  /tmp/ccDi0D5k.s 			page 9


 173:stm/stm32g4xx/stm32g4xx_hal_timebase_tim.c ****   * @param  htim : TIM handle
 174:stm/stm32g4xx/stm32g4xx_hal_timebase_tim.c ****   * @retval None
 175:stm/stm32g4xx/stm32g4xx_hal_timebase_tim.c ****   */
 176:stm/stm32g4xx/stm32g4xx_hal_timebase_tim.c **** void HAL_TIM_PeriodElapsedCallback(TIM_HandleTypeDef *htim)
 177:stm/stm32g4xx/stm32g4xx_hal_timebase_tim.c **** {
 276              		.loc 1 177 1 is_stmt 1 view -0
 277              		.cfi_startproc
 278              		@ args = 0, pretend = 0, frame = 0
 279              		@ frame_needed = 0, uses_anonymous_args = 0
 280              		.loc 1 177 1 is_stmt 0 view .LVU69
 281 0000 08B5     		push	{r3, lr}
 282              	.LCFI4:
 283              		.cfi_def_cfa_offset 8
 284              		.cfi_offset 3, -8
 285              		.cfi_offset 14, -4
 178:stm/stm32g4xx/stm32g4xx_hal_timebase_tim.c ****   HAL_IncTick();
 286              		.loc 1 178 3 is_stmt 1 view .LVU70
 287 0002 FFF7FEFF 		bl	HAL_IncTick
 288              	.LVL22:
 179:stm/stm32g4xx/stm32g4xx_hal_timebase_tim.c **** }
 289              		.loc 1 179 1 is_stmt 0 view .LVU71
 290 0006 08BD     		pop	{r3, pc}
 291              		.cfi_endproc
 292              	.LFE332:
 294              		.section	.text.TIM6_DAC_IRQHandler,"ax",%progbits
 295              		.align	1
 296              		.global	TIM6_DAC_IRQHandler
 297              		.syntax unified
 298              		.thumb
 299              		.thumb_func
 301              	TIM6_DAC_IRQHandler:
 302              	.LFB333:
 180:stm/stm32g4xx/stm32g4xx_hal_timebase_tim.c **** 
 181:stm/stm32g4xx/stm32g4xx_hal_timebase_tim.c **** /**
 182:stm/stm32g4xx/stm32g4xx_hal_timebase_tim.c ****   * @brief  This function handles TIM interrupt request.
 183:stm/stm32g4xx/stm32g4xx_hal_timebase_tim.c ****   * @param  None
 184:stm/stm32g4xx/stm32g4xx_hal_timebase_tim.c ****   * @retval None
 185:stm/stm32g4xx/stm32g4xx_hal_timebase_tim.c ****   */
 186:stm/stm32g4xx/stm32g4xx_hal_timebase_tim.c **** void TIM6_DAC_IRQHandler(void)
 187:stm/stm32g4xx/stm32g4xx_hal_timebase_tim.c **** {
 303              		.loc 1 187 1 is_stmt 1 view -0
 304              		.cfi_startproc
 305              		@ args = 0, pretend = 0, frame = 0
 306              		@ frame_needed = 0, uses_anonymous_args = 0
 307 0000 08B5     		push	{r3, lr}
 308              	.LCFI5:
 309              		.cfi_def_cfa_offset 8
 310              		.cfi_offset 3, -8
 311              		.cfi_offset 14, -4
 188:stm/stm32g4xx/stm32g4xx_hal_timebase_tim.c ****   HAL_TIM_IRQHandler(&TimHandle);
 312              		.loc 1 188 3 view .LVU73
 313 0002 0248     		ldr	r0, .L21
 314 0004 FFF7FEFF 		bl	HAL_TIM_IRQHandler
 315              	.LVL23:
 189:stm/stm32g4xx/stm32g4xx_hal_timebase_tim.c **** }
 316              		.loc 1 189 1 is_stmt 0 view .LVU74
 317 0008 08BD     		pop	{r3, pc}
ARM GAS  /tmp/ccDi0D5k.s 			page 10


 318              	.L22:
 319 000a 00BF     		.align	2
 320              	.L21:
 321 000c 00000000 		.word	TimHandle
 322              		.cfi_endproc
 323              	.LFE333:
 325              		.global	TimHandle
 326              		.section	.bss.TimHandle,"aw",%nobits
 327              		.align	2
 330              	TimHandle:
 331 0000 00000000 		.space	76
 331      00000000 
 331      00000000 
 331      00000000 
 331      00000000 
 332              		.text
 333              	.Letext0:
 334              		.file 2 "stm/stm32g4xx/CMSIS/Device/ST/STM32G4xx/Include/stm32g473xx.h"
 335              		.file 3 "/usr/lib/gcc/arm-none-eabi/13.2.1/include/stdint.h"
 336              		.file 4 "stm/stm32g4xx/STM32G4xx_HAL_Driver/Inc/stm32g4xx_hal_def.h"
 337              		.file 5 "stm/stm32g4xx/STM32G4xx_HAL_Driver/Inc/stm32g4xx_hal_rcc.h"
 338              		.file 6 "stm/stm32g4xx/STM32G4xx_HAL_Driver/Inc/stm32g4xx_hal_dma.h"
 339              		.file 7 "stm/stm32g4xx/STM32G4xx_HAL_Driver/Inc/stm32g4xx_hal_tim.h"
 340              		.file 8 "stm/stm32g4xx/STM32G4xx_HAL_Driver/Inc/stm32g4xx_hal.h"
 341              		.file 9 "stm/stm32g4xx/STM32G4xx_HAL_Driver/Inc/stm32g4xx_hal_cortex.h"
ARM GAS  /tmp/ccDi0D5k.s 			page 11


DEFINED SYMBOLS
                            *ABS*:00000000 stm32g4xx_hal_timebase_tim.c
     /tmp/ccDi0D5k.s:21     .text.HAL_InitTick:00000000 $t
     /tmp/ccDi0D5k.s:27     .text.HAL_InitTick:00000000 HAL_InitTick
     /tmp/ccDi0D5k.s:200    .text.HAL_InitTick:00000094 $d
     /tmp/ccDi0D5k.s:330    .bss.TimHandle:00000000 TimHandle
     /tmp/ccDi0D5k.s:209    .text.HAL_SuspendTick:00000000 $t
     /tmp/ccDi0D5k.s:215    .text.HAL_SuspendTick:00000000 HAL_SuspendTick
     /tmp/ccDi0D5k.s:233    .text.HAL_SuspendTick:00000010 $d
     /tmp/ccDi0D5k.s:238    .text.HAL_ResumeTick:00000000 $t
     /tmp/ccDi0D5k.s:244    .text.HAL_ResumeTick:00000000 HAL_ResumeTick
     /tmp/ccDi0D5k.s:262    .text.HAL_ResumeTick:00000010 $d
     /tmp/ccDi0D5k.s:267    .text.HAL_TIM_PeriodElapsedCallback:00000000 $t
     /tmp/ccDi0D5k.s:273    .text.HAL_TIM_PeriodElapsedCallback:00000000 HAL_TIM_PeriodElapsedCallback
     /tmp/ccDi0D5k.s:295    .text.TIM6_DAC_IRQHandler:00000000 $t
     /tmp/ccDi0D5k.s:301    .text.TIM6_DAC_IRQHandler:00000000 TIM6_DAC_IRQHandler
     /tmp/ccDi0D5k.s:321    .text.TIM6_DAC_IRQHandler:0000000c $d
     /tmp/ccDi0D5k.s:327    .bss.TimHandle:00000000 $d

UNDEFINED SYMBOLS
HAL_NVIC_SetPriority
HAL_NVIC_EnableIRQ
HAL_RCC_GetClockConfig
HAL_RCC_GetPCLK1Freq
HAL_TIM_Base_Init
HAL_TIM_Base_Start_IT
uwTickPrio
HAL_IncTick
HAL_TIM_IRQHandler
