ARM GAS  /tmp/ccRJIwEV.s 			page 1


   1              		.cpu cortex-m4
   2              		.arch armv7e-m
   3              		.fpu fpv4-sp-d16
   4              		.eabi_attribute 27, 1
   5              		.eabi_attribute 28, 1
   6              		.eabi_attribute 20, 1
   7              		.eabi_attribute 21, 1
   8              		.eabi_attribute 23, 3
   9              		.eabi_attribute 24, 1
  10              		.eabi_attribute 25, 1
  11              		.eabi_attribute 26, 1
  12              		.eabi_attribute 30, 1
  13              		.eabi_attribute 34, 1
  14              		.eabi_attribute 18, 4
  15              		.file	"Switches.c"
  16              		.text
  17              	.Ltext0:
  18              		.cfi_sections	.debug_frame
  19              		.file 1 "/home/pani_/LHRS/VCAT-Dashboard/firmware/drivers/Src/Switches.c"
  20              		.section	.text.gpioEXTI_Init,"ax",%progbits
  21              		.align	1
  22              		.global	gpioEXTI_Init
  23              		.syntax unified
  24              		.thumb
  25              		.thumb_func
  27              	gpioEXTI_Init:
  28              	.LVL0:
  29              	.LFB335:
   1:/home/pani_/LHRS/VCAT-Dashboard/firmware/drivers/Src/Switches.c **** #include "init.h"
   2:/home/pani_/LHRS/VCAT-Dashboard/firmware/drivers/Src/Switches.c **** #include "Switches.h"
   3:/home/pani_/LHRS/VCAT-Dashboard/firmware/drivers/Src/Switches.c **** #include "Status_LEDs.h"
   4:/home/pani_/LHRS/VCAT-Dashboard/firmware/drivers/Src/Switches.c **** #include "Horn.h"
   5:/home/pani_/LHRS/VCAT-Dashboard/firmware/drivers/Src/Switches.c **** 
   6:/home/pani_/LHRS/VCAT-Dashboard/firmware/drivers/Src/Switches.c **** // Switch state array index map:
   7:/home/pani_/LHRS/VCAT-Dashboard/firmware/drivers/Src/Switches.c **** // Index  | Switch
   8:/home/pani_/LHRS/VCAT-Dashboard/firmware/drivers/Src/Switches.c **** // -------|----------------
   9:/home/pani_/LHRS/VCAT-Dashboard/firmware/drivers/Src/Switches.c **** //   0    | Ign_ARR
  10:/home/pani_/LHRS/VCAT-Dashboard/firmware/drivers/Src/Switches.c **** //   1    | Ign_MTR
  11:/home/pani_/LHRS/VCAT-Dashboard/firmware/drivers/Src/Switches.c **** //   2    | Cruise_Enable
  12:/home/pani_/LHRS/VCAT-Dashboard/firmware/drivers/Src/Switches.c **** //   3    | Cruise_Set
  13:/home/pani_/LHRS/VCAT-Dashboard/firmware/drivers/Src/Switches.c **** //   4    | FWD_SW
  14:/home/pani_/LHRS/VCAT-Dashboard/firmware/drivers/Src/Switches.c **** //   5    | Neutral_Gear
  15:/home/pani_/LHRS/VCAT-Dashboard/firmware/drivers/Src/Switches.c **** //   6    | Rev_SW
  16:/home/pani_/LHRS/VCAT-Dashboard/firmware/drivers/Src/Switches.c **** //   7    | Hazard
  17:/home/pani_/LHRS/VCAT-Dashboard/firmware/drivers/Src/Switches.c **** //   8    | Left_Blinker
  18:/home/pani_/LHRS/VCAT-Dashboard/firmware/drivers/Src/Switches.c **** //   9    | Right_Blinker
  19:/home/pani_/LHRS/VCAT-Dashboard/firmware/drivers/Src/Switches.c **** //  10    | Horn
  20:/home/pani_/LHRS/VCAT-Dashboard/firmware/drivers/Src/Switches.c **** //  11    | PTT
  21:/home/pani_/LHRS/VCAT-Dashboard/firmware/drivers/Src/Switches.c **** //  12    | Regen_Enable
  22:/home/pani_/LHRS/VCAT-Dashboard/firmware/drivers/Src/Switches.c **** //  13    | Regen_Active
  23:/home/pani_/LHRS/VCAT-Dashboard/firmware/drivers/Src/Switches.c **** //  14    | BPS strobe
  24:/home/pani_/LHRS/VCAT-Dashboard/firmware/drivers/Src/Switches.c **** 
  25:/home/pani_/LHRS/VCAT-Dashboard/firmware/drivers/Src/Switches.c **** // Event group handle to store state bits
  26:/home/pani_/LHRS/VCAT-Dashboard/firmware/drivers/Src/Switches.c **** static uint32_t switch_bitmap = 0;
  27:/home/pani_/LHRS/VCAT-Dashboard/firmware/drivers/Src/Switches.c **** 
  28:/home/pani_/LHRS/VCAT-Dashboard/firmware/drivers/Src/Switches.c **** 
  29:/home/pani_/LHRS/VCAT-Dashboard/firmware/drivers/Src/Switches.c **** void switch_GPIO_init() {
ARM GAS  /tmp/ccRJIwEV.s 			page 2


  30:/home/pani_/LHRS/VCAT-Dashboard/firmware/drivers/Src/Switches.c **** 	__HAL_RCC_GPIOA_CLK_ENABLE();
  31:/home/pani_/LHRS/VCAT-Dashboard/firmware/drivers/Src/Switches.c ****     __HAL_RCC_GPIOB_CLK_ENABLE();
  32:/home/pani_/LHRS/VCAT-Dashboard/firmware/drivers/Src/Switches.c ****     __HAL_RCC_GPIOC_CLK_ENABLE();
  33:/home/pani_/LHRS/VCAT-Dashboard/firmware/drivers/Src/Switches.c ****     __HAL_RCC_GPIOD_CLK_ENABLE();
  34:/home/pani_/LHRS/VCAT-Dashboard/firmware/drivers/Src/Switches.c ****     gpioPin_Init(FWD_SW_PORT,         FWD_SW_PIN,         GPIO_MODE_INPUT);
  35:/home/pani_/LHRS/VCAT-Dashboard/firmware/drivers/Src/Switches.c ****     gpioPin_Init(IGN_OFF_PORT,        IGN_OFF_PIN,        GPIO_MODE_INPUT);
  36:/home/pani_/LHRS/VCAT-Dashboard/firmware/drivers/Src/Switches.c ****     gpioPin_Init(IGN_MTR_PORT,        IGN_MTR_PIN,        GPIO_MODE_INPUT);
  37:/home/pani_/LHRS/VCAT-Dashboard/firmware/drivers/Src/Switches.c ****     gpioPin_Init(IGN_ARR_PORT,        IGN_ARR_PIN,        GPIO_MODE_INPUT);
  38:/home/pani_/LHRS/VCAT-Dashboard/firmware/drivers/Src/Switches.c ****     gpioPin_Init(PTT_PORT,            PTT_PIN,            GPIO_MODE_INPUT);
  39:/home/pani_/LHRS/VCAT-Dashboard/firmware/drivers/Src/Switches.c ****     gpioPin_Init(NEUTRAL_GEAR_PORT,   NEUTRAL_GEAR_PIN,   GPIO_MODE_INPUT);
  40:/home/pani_/LHRS/VCAT-Dashboard/firmware/drivers/Src/Switches.c ****     gpioPin_Init(REV_SW_PORT,         REV_SW_PIN,         GPIO_MODE_INPUT);
  41:/home/pani_/LHRS/VCAT-Dashboard/firmware/drivers/Src/Switches.c ****     gpioPin_Init(REGEN_ENABLE_PORT,   REGEN_ENABLE_PIN,   GPIO_MODE_INPUT);
  42:/home/pani_/LHRS/VCAT-Dashboard/firmware/drivers/Src/Switches.c ****     gpioPin_Init(RIGHT_BLINKER_PORT,  RIGHT_BLINKER_PIN,  GPIO_MODE_INPUT);
  43:/home/pani_/LHRS/VCAT-Dashboard/firmware/drivers/Src/Switches.c ****     gpioPin_Init(LEFT_BLINKER_PORT,   LEFT_BLINKER_PIN,   GPIO_MODE_INPUT);
  44:/home/pani_/LHRS/VCAT-Dashboard/firmware/drivers/Src/Switches.c ****     gpioPin_Init(CRUISE_ENABLE_PORT,  CRUISE_ENABLE_PIN,  GPIO_MODE_INPUT);
  45:/home/pani_/LHRS/VCAT-Dashboard/firmware/drivers/Src/Switches.c ****     gpioPin_Init(CRUISE_SET_PORT,     CRUISE_SET_PIN,     GPIO_MODE_INPUT);
  46:/home/pani_/LHRS/VCAT-Dashboard/firmware/drivers/Src/Switches.c ****     gpioPin_Init(REGEN_ACTIVE_PORT,   REGEN_ACTIVE_PIN,   GPIO_MODE_INPUT);
  47:/home/pani_/LHRS/VCAT-Dashboard/firmware/drivers/Src/Switches.c ****     gpioPin_Init(HAZARD_PORT,         HAZARD_PIN,         GPIO_MODE_INPUT);
  48:/home/pani_/LHRS/VCAT-Dashboard/firmware/drivers/Src/Switches.c ****     gpioPin_Init(HORN_PORT,           HORN_PIN,           GPIO_MODE_INPUT);
  49:/home/pani_/LHRS/VCAT-Dashboard/firmware/drivers/Src/Switches.c **** 
  50:/home/pani_/LHRS/VCAT-Dashboard/firmware/drivers/Src/Switches.c **** 	
  51:/home/pani_/LHRS/VCAT-Dashboard/firmware/drivers/Src/Switches.c ****     switch_EXTI_Init(NEUTRAL_GEAR_PORT, NEUTRAL_GEAR_PIN, CL_MAX_PRIO);
  52:/home/pani_/LHRS/VCAT-Dashboard/firmware/drivers/Src/Switches.c ****     switch_EXTI_Init(IGN_OFF_PORT, IGN_OFF_PIN, CL_MAX_PRIO);
  53:/home/pani_/LHRS/VCAT-Dashboard/firmware/drivers/Src/Switches.c **** }
  54:/home/pani_/LHRS/VCAT-Dashboard/firmware/drivers/Src/Switches.c **** 
  55:/home/pani_/LHRS/VCAT-Dashboard/firmware/drivers/Src/Switches.c **** void gpioEXTI_Init(GPIO_TypeDef *port, uint16_t pin) {
  30              		.loc 1 55 54 view -0
  31              		.cfi_startproc
  32              		@ args = 0, pretend = 0, frame = 24
  33              		@ frame_needed = 0, uses_anonymous_args = 0
  56:/home/pani_/LHRS/VCAT-Dashboard/firmware/drivers/Src/Switches.c **** 	if(port == NULL) return;
  34              		.loc 1 56 2 view .LVU1
  35              		.loc 1 56 4 is_stmt 0 view .LVU2
  36 0000 88B1     		cbz	r0, .L5
  55:/home/pani_/LHRS/VCAT-Dashboard/firmware/drivers/Src/Switches.c **** 	if(port == NULL) return;
  37              		.loc 1 55 54 view .LVU3
  38 0002 00B5     		push	{lr}
  39              	.LCFI0:
  40              		.cfi_def_cfa_offset 4
  41              		.cfi_offset 14, -4
  42 0004 87B0     		sub	sp, sp, #28
  43              	.LCFI1:
  44              		.cfi_def_cfa_offset 32
  57:/home/pani_/LHRS/VCAT-Dashboard/firmware/drivers/Src/Switches.c ****     GPIO_InitTypeDef GPIO_init = {
  45              		.loc 1 57 5 is_stmt 1 view .LVU4
  46              		.loc 1 57 22 is_stmt 0 view .LVU5
  47 0006 0023     		movs	r3, #0
  48 0008 0193     		str	r3, [sp, #4]
  49 000a 0293     		str	r3, [sp, #8]
  50 000c 0393     		str	r3, [sp, #12]
  51 000e 0493     		str	r3, [sp, #16]
  52 0010 0593     		str	r3, [sp, #20]
  53 0012 0191     		str	r1, [sp, #4]
  54 0014 4FF44413 		mov	r3, #3211264
  55 0018 0293     		str	r3, [sp, #8]
  58:/home/pani_/LHRS/VCAT-Dashboard/firmware/drivers/Src/Switches.c ****         .Mode = GPIO_MODE_IT_RISING_FALLING,
  59:/home/pani_/LHRS/VCAT-Dashboard/firmware/drivers/Src/Switches.c ****         .Pull = GPIO_NOPULL,
ARM GAS  /tmp/ccRJIwEV.s 			page 3


  60:/home/pani_/LHRS/VCAT-Dashboard/firmware/drivers/Src/Switches.c ****         .Pin  = pin
  61:/home/pani_/LHRS/VCAT-Dashboard/firmware/drivers/Src/Switches.c ****     };
  62:/home/pani_/LHRS/VCAT-Dashboard/firmware/drivers/Src/Switches.c **** 
  63:/home/pani_/LHRS/VCAT-Dashboard/firmware/drivers/Src/Switches.c ****     HAL_GPIO_Init(port, &GPIO_init);
  56              		.loc 1 63 5 is_stmt 1 view .LVU6
  57 001a 01A9     		add	r1, sp, #4
  58              	.LVL1:
  59              		.loc 1 63 5 is_stmt 0 view .LVU7
  60 001c FFF7FEFF 		bl	HAL_GPIO_Init
  61              	.LVL2:
  64:/home/pani_/LHRS/VCAT-Dashboard/firmware/drivers/Src/Switches.c **** }
  62              		.loc 1 64 1 view .LVU8
  63 0020 07B0     		add	sp, sp, #28
  64              	.LCFI2:
  65              		.cfi_def_cfa_offset 4
  66              		@ sp needed
  67 0022 5DF804FB 		ldr	pc, [sp], #4
  68              	.LVL3:
  69              	.L5:
  70              	.LCFI3:
  71              		.cfi_def_cfa_offset 0
  72              		.cfi_restore 14
  73              		.loc 1 64 1 view .LVU9
  74 0026 7047     		bx	lr
  75              		.cfi_endproc
  76              	.LFE335:
  78              		.section	.text.switch_EXTI_Init,"ax",%progbits
  79              		.align	1
  80              		.global	switch_EXTI_Init
  81              		.syntax unified
  82              		.thumb
  83              		.thumb_func
  85              	switch_EXTI_Init:
  86              	.LVL4:
  87              	.LFB336:
  65:/home/pani_/LHRS/VCAT-Dashboard/firmware/drivers/Src/Switches.c **** 
  66:/home/pani_/LHRS/VCAT-Dashboard/firmware/drivers/Src/Switches.c **** void switch_EXTI_Init(GPIO_TypeDef *port, uint16_t pin, uint32_t priority) {
  88              		.loc 1 66 76 is_stmt 1 view -0
  89              		.cfi_startproc
  90              		@ args = 0, pretend = 0, frame = 0
  91              		@ frame_needed = 0, uses_anonymous_args = 0
  67:/home/pani_/LHRS/VCAT-Dashboard/firmware/drivers/Src/Switches.c **** 	if(port == NULL) return;
  92              		.loc 1 67 2 view .LVU11
  93              		.loc 1 67 4 is_stmt 0 view .LVU12
  94 0000 D8B1     		cbz	r0, .L14
  66:/home/pani_/LHRS/VCAT-Dashboard/firmware/drivers/Src/Switches.c **** 	if(port == NULL) return;
  95              		.loc 1 66 76 view .LVU13
  96 0002 38B5     		push	{r3, r4, r5, lr}
  97              	.LCFI4:
  98              		.cfi_def_cfa_offset 16
  99              		.cfi_offset 3, -16
 100              		.cfi_offset 4, -12
 101              		.cfi_offset 5, -8
 102              		.cfi_offset 14, -4
 103 0004 0C46     		mov	r4, r1
 104 0006 1546     		mov	r5, r2
  68:/home/pani_/LHRS/VCAT-Dashboard/firmware/drivers/Src/Switches.c ****     gpioEXTI_Init(port, pin);
ARM GAS  /tmp/ccRJIwEV.s 			page 4


 105              		.loc 1 68 5 is_stmt 1 view .LVU14
 106 0008 FFF7FEFF 		bl	gpioEXTI_Init
 107              	.LVL5:
  69:/home/pani_/LHRS/VCAT-Dashboard/firmware/drivers/Src/Switches.c **** 
  70:/home/pani_/LHRS/VCAT-Dashboard/firmware/drivers/Src/Switches.c ****     uint32_t IRQn;
 108              		.loc 1 70 5 view .LVU15
  71:/home/pani_/LHRS/VCAT-Dashboard/firmware/drivers/Src/Switches.c ****     uint32_t pin_index = __builtin_ctz(pin);
 109              		.loc 1 71 5 view .LVU16
 110              		.loc 1 71 26 is_stmt 0 view .LVU17
 111 000c 94FAA4F4 		rbit	r4, r4
 112              	.LVL6:
 113              		.loc 1 71 26 view .LVU18
 114 0010 B4FA84F4 		clz	r4, r4
 115              	.LVL7:
  72:/home/pani_/LHRS/VCAT-Dashboard/firmware/drivers/Src/Switches.c **** 
  73:/home/pani_/LHRS/VCAT-Dashboard/firmware/drivers/Src/Switches.c ****     if (pin_index <= INTERRUPT_0_TO_4_BOUND) {
 116              		.loc 1 73 5 is_stmt 1 view .LVU19
 117              		.loc 1 73 8 is_stmt 0 view .LVU20
 118 0014 042C     		cmp	r4, #4
 119 0016 0AD8     		bhi	.L10
  74:/home/pani_/LHRS/VCAT-Dashboard/firmware/drivers/Src/Switches.c ****         IRQn = EXTI0_IRQn + pin_index;
 120              		.loc 1 74 9 is_stmt 1 view .LVU21
 121              		.loc 1 74 14 is_stmt 0 view .LVU22
 122 0018 0634     		adds	r4, r4, #6
 123              	.LVL8:
 124              	.L11:
  75:/home/pani_/LHRS/VCAT-Dashboard/firmware/drivers/Src/Switches.c ****     } else if (pin_index <= INTERRUPT_5_TO_9_BOUND) {
  76:/home/pani_/LHRS/VCAT-Dashboard/firmware/drivers/Src/Switches.c ****         IRQn = EXTI9_5_IRQn;
  77:/home/pani_/LHRS/VCAT-Dashboard/firmware/drivers/Src/Switches.c ****     } else {
  78:/home/pani_/LHRS/VCAT-Dashboard/firmware/drivers/Src/Switches.c ****         IRQn = EXTI15_10_IRQn;
  79:/home/pani_/LHRS/VCAT-Dashboard/firmware/drivers/Src/Switches.c ****     }
  80:/home/pani_/LHRS/VCAT-Dashboard/firmware/drivers/Src/Switches.c **** 	
  81:/home/pani_/LHRS/VCAT-Dashboard/firmware/drivers/Src/Switches.c ****     HAL_NVIC_SetPriority(IRQn, priority, 0);
 125              		.loc 1 81 5 is_stmt 1 view .LVU23
 126 001a 64B2     		sxtb	r4, r4
 127              	.LVL9:
 128              		.loc 1 81 5 is_stmt 0 view .LVU24
 129 001c 0022     		movs	r2, #0
 130 001e 2946     		mov	r1, r5
 131 0020 2046     		mov	r0, r4
 132 0022 FFF7FEFF 		bl	HAL_NVIC_SetPriority
 133              	.LVL10:
  82:/home/pani_/LHRS/VCAT-Dashboard/firmware/drivers/Src/Switches.c ****     HAL_NVIC_EnableIRQ(IRQn);
 134              		.loc 1 82 5 is_stmt 1 view .LVU25
 135 0026 2046     		mov	r0, r4
 136 0028 FFF7FEFF 		bl	HAL_NVIC_EnableIRQ
 137              	.LVL11:
  83:/home/pani_/LHRS/VCAT-Dashboard/firmware/drivers/Src/Switches.c **** }
 138              		.loc 1 83 1 is_stmt 0 view .LVU26
 139 002c 38BD     		pop	{r3, r4, r5, pc}
 140              	.LVL12:
 141              	.L10:
  75:/home/pani_/LHRS/VCAT-Dashboard/firmware/drivers/Src/Switches.c ****     } else if (pin_index <= INTERRUPT_5_TO_9_BOUND) {
 142              		.loc 1 75 12 is_stmt 1 view .LVU27
  75:/home/pani_/LHRS/VCAT-Dashboard/firmware/drivers/Src/Switches.c ****     } else if (pin_index <= INTERRUPT_5_TO_9_BOUND) {
 143              		.loc 1 75 15 is_stmt 0 view .LVU28
 144 002e 092C     		cmp	r4, #9
ARM GAS  /tmp/ccRJIwEV.s 			page 5


 145 0030 01D8     		bhi	.L12
  76:/home/pani_/LHRS/VCAT-Dashboard/firmware/drivers/Src/Switches.c ****     } else {
 146              		.loc 1 76 14 view .LVU29
 147 0032 1724     		movs	r4, #23
 148              	.LVL13:
  76:/home/pani_/LHRS/VCAT-Dashboard/firmware/drivers/Src/Switches.c ****     } else {
 149              		.loc 1 76 14 view .LVU30
 150 0034 F1E7     		b	.L11
 151              	.LVL14:
 152              	.L12:
  78:/home/pani_/LHRS/VCAT-Dashboard/firmware/drivers/Src/Switches.c ****     }
 153              		.loc 1 78 14 view .LVU31
 154 0036 2824     		movs	r4, #40
 155              	.LVL15:
  78:/home/pani_/LHRS/VCAT-Dashboard/firmware/drivers/Src/Switches.c ****     }
 156              		.loc 1 78 14 view .LVU32
 157 0038 EFE7     		b	.L11
 158              	.LVL16:
 159              	.L14:
 160              	.LCFI5:
 161              		.cfi_def_cfa_offset 0
 162              		.cfi_restore 3
 163              		.cfi_restore 4
 164              		.cfi_restore 5
 165              		.cfi_restore 14
  78:/home/pani_/LHRS/VCAT-Dashboard/firmware/drivers/Src/Switches.c ****     }
 166              		.loc 1 78 14 view .LVU33
 167 003a 7047     		bx	lr
 168              		.cfi_endproc
 169              	.LFE336:
 171              		.section	.text.switch_GPIO_init,"ax",%progbits
 172              		.align	1
 173              		.global	switch_GPIO_init
 174              		.syntax unified
 175              		.thumb
 176              		.thumb_func
 178              	switch_GPIO_init:
 179              	.LFB334:
  29:/home/pani_/LHRS/VCAT-Dashboard/firmware/drivers/Src/Switches.c **** 	__HAL_RCC_GPIOA_CLK_ENABLE();
 180              		.loc 1 29 25 is_stmt 1 view -0
 181              		.cfi_startproc
 182              		@ args = 0, pretend = 0, frame = 16
 183              		@ frame_needed = 0, uses_anonymous_args = 0
 184 0000 10B5     		push	{r4, lr}
 185              	.LCFI6:
 186              		.cfi_def_cfa_offset 8
 187              		.cfi_offset 4, -8
 188              		.cfi_offset 14, -4
 189 0002 84B0     		sub	sp, sp, #16
 190              	.LCFI7:
 191              		.cfi_def_cfa_offset 24
  30:/home/pani_/LHRS/VCAT-Dashboard/firmware/drivers/Src/Switches.c ****     __HAL_RCC_GPIOB_CLK_ENABLE();
 192              		.loc 1 30 2 view .LVU35
 193              	.LBB2:
  30:/home/pani_/LHRS/VCAT-Dashboard/firmware/drivers/Src/Switches.c ****     __HAL_RCC_GPIOB_CLK_ENABLE();
 194              		.loc 1 30 2 view .LVU36
  30:/home/pani_/LHRS/VCAT-Dashboard/firmware/drivers/Src/Switches.c ****     __HAL_RCC_GPIOB_CLK_ENABLE();
ARM GAS  /tmp/ccRJIwEV.s 			page 6


 195              		.loc 1 30 2 view .LVU37
 196 0004 424B     		ldr	r3, .L19
 197 0006 DA6C     		ldr	r2, [r3, #76]
 198 0008 42F00102 		orr	r2, r2, #1
 199 000c DA64     		str	r2, [r3, #76]
  30:/home/pani_/LHRS/VCAT-Dashboard/firmware/drivers/Src/Switches.c ****     __HAL_RCC_GPIOB_CLK_ENABLE();
 200              		.loc 1 30 2 view .LVU38
 201 000e DA6C     		ldr	r2, [r3, #76]
 202 0010 02F00102 		and	r2, r2, #1
 203 0014 0092     		str	r2, [sp]
  30:/home/pani_/LHRS/VCAT-Dashboard/firmware/drivers/Src/Switches.c ****     __HAL_RCC_GPIOB_CLK_ENABLE();
 204              		.loc 1 30 2 view .LVU39
 205 0016 009A     		ldr	r2, [sp]
 206              	.LBE2:
  30:/home/pani_/LHRS/VCAT-Dashboard/firmware/drivers/Src/Switches.c ****     __HAL_RCC_GPIOB_CLK_ENABLE();
 207              		.loc 1 30 2 view .LVU40
  31:/home/pani_/LHRS/VCAT-Dashboard/firmware/drivers/Src/Switches.c ****     __HAL_RCC_GPIOC_CLK_ENABLE();
 208              		.loc 1 31 5 view .LVU41
 209              	.LBB3:
  31:/home/pani_/LHRS/VCAT-Dashboard/firmware/drivers/Src/Switches.c ****     __HAL_RCC_GPIOC_CLK_ENABLE();
 210              		.loc 1 31 5 view .LVU42
  31:/home/pani_/LHRS/VCAT-Dashboard/firmware/drivers/Src/Switches.c ****     __HAL_RCC_GPIOC_CLK_ENABLE();
 211              		.loc 1 31 5 view .LVU43
 212 0018 DA6C     		ldr	r2, [r3, #76]
 213 001a 42F00202 		orr	r2, r2, #2
 214 001e DA64     		str	r2, [r3, #76]
  31:/home/pani_/LHRS/VCAT-Dashboard/firmware/drivers/Src/Switches.c ****     __HAL_RCC_GPIOC_CLK_ENABLE();
 215              		.loc 1 31 5 view .LVU44
 216 0020 DA6C     		ldr	r2, [r3, #76]
 217 0022 02F00202 		and	r2, r2, #2
 218 0026 0192     		str	r2, [sp, #4]
  31:/home/pani_/LHRS/VCAT-Dashboard/firmware/drivers/Src/Switches.c ****     __HAL_RCC_GPIOC_CLK_ENABLE();
 219              		.loc 1 31 5 view .LVU45
 220 0028 019A     		ldr	r2, [sp, #4]
 221              	.LBE3:
  31:/home/pani_/LHRS/VCAT-Dashboard/firmware/drivers/Src/Switches.c ****     __HAL_RCC_GPIOC_CLK_ENABLE();
 222              		.loc 1 31 5 view .LVU46
  32:/home/pani_/LHRS/VCAT-Dashboard/firmware/drivers/Src/Switches.c ****     __HAL_RCC_GPIOD_CLK_ENABLE();
 223              		.loc 1 32 5 view .LVU47
 224              	.LBB4:
  32:/home/pani_/LHRS/VCAT-Dashboard/firmware/drivers/Src/Switches.c ****     __HAL_RCC_GPIOD_CLK_ENABLE();
 225              		.loc 1 32 5 view .LVU48
  32:/home/pani_/LHRS/VCAT-Dashboard/firmware/drivers/Src/Switches.c ****     __HAL_RCC_GPIOD_CLK_ENABLE();
 226              		.loc 1 32 5 view .LVU49
 227 002a DA6C     		ldr	r2, [r3, #76]
 228 002c 42F00402 		orr	r2, r2, #4
 229 0030 DA64     		str	r2, [r3, #76]
  32:/home/pani_/LHRS/VCAT-Dashboard/firmware/drivers/Src/Switches.c ****     __HAL_RCC_GPIOD_CLK_ENABLE();
 230              		.loc 1 32 5 view .LVU50
 231 0032 DA6C     		ldr	r2, [r3, #76]
 232 0034 02F00402 		and	r2, r2, #4
 233 0038 0292     		str	r2, [sp, #8]
  32:/home/pani_/LHRS/VCAT-Dashboard/firmware/drivers/Src/Switches.c ****     __HAL_RCC_GPIOD_CLK_ENABLE();
 234              		.loc 1 32 5 view .LVU51
 235 003a 029A     		ldr	r2, [sp, #8]
 236              	.LBE4:
  32:/home/pani_/LHRS/VCAT-Dashboard/firmware/drivers/Src/Switches.c ****     __HAL_RCC_GPIOD_CLK_ENABLE();
ARM GAS  /tmp/ccRJIwEV.s 			page 7


 237              		.loc 1 32 5 view .LVU52
  33:/home/pani_/LHRS/VCAT-Dashboard/firmware/drivers/Src/Switches.c ****     gpioPin_Init(FWD_SW_PORT,         FWD_SW_PIN,         GPIO_MODE_INPUT);
 238              		.loc 1 33 5 view .LVU53
 239              	.LBB5:
  33:/home/pani_/LHRS/VCAT-Dashboard/firmware/drivers/Src/Switches.c ****     gpioPin_Init(FWD_SW_PORT,         FWD_SW_PIN,         GPIO_MODE_INPUT);
 240              		.loc 1 33 5 view .LVU54
  33:/home/pani_/LHRS/VCAT-Dashboard/firmware/drivers/Src/Switches.c ****     gpioPin_Init(FWD_SW_PORT,         FWD_SW_PIN,         GPIO_MODE_INPUT);
 241              		.loc 1 33 5 view .LVU55
 242 003c DA6C     		ldr	r2, [r3, #76]
 243 003e 42F00802 		orr	r2, r2, #8
 244 0042 DA64     		str	r2, [r3, #76]
  33:/home/pani_/LHRS/VCAT-Dashboard/firmware/drivers/Src/Switches.c ****     gpioPin_Init(FWD_SW_PORT,         FWD_SW_PIN,         GPIO_MODE_INPUT);
 245              		.loc 1 33 5 view .LVU56
 246 0044 DB6C     		ldr	r3, [r3, #76]
 247 0046 03F00803 		and	r3, r3, #8
 248 004a 0393     		str	r3, [sp, #12]
  33:/home/pani_/LHRS/VCAT-Dashboard/firmware/drivers/Src/Switches.c ****     gpioPin_Init(FWD_SW_PORT,         FWD_SW_PIN,         GPIO_MODE_INPUT);
 249              		.loc 1 33 5 view .LVU57
 250 004c 039B     		ldr	r3, [sp, #12]
 251              	.LBE5:
  33:/home/pani_/LHRS/VCAT-Dashboard/firmware/drivers/Src/Switches.c ****     gpioPin_Init(FWD_SW_PORT,         FWD_SW_PIN,         GPIO_MODE_INPUT);
 252              		.loc 1 33 5 view .LVU58
  34:/home/pani_/LHRS/VCAT-Dashboard/firmware/drivers/Src/Switches.c ****     gpioPin_Init(IGN_OFF_PORT,        IGN_OFF_PIN,        GPIO_MODE_INPUT);
 253              		.loc 1 34 5 view .LVU59
 254 004e 0022     		movs	r2, #0
 255 0050 0121     		movs	r1, #1
 256 0052 4FF09040 		mov	r0, #1207959552
 257 0056 FFF7FEFF 		bl	gpioPin_Init
 258              	.LVL17:
  35:/home/pani_/LHRS/VCAT-Dashboard/firmware/drivers/Src/Switches.c ****     gpioPin_Init(IGN_MTR_PORT,        IGN_MTR_PIN,        GPIO_MODE_INPUT);
 259              		.loc 1 35 5 view .LVU60
 260 005a 0022     		movs	r2, #0
 261 005c 0421     		movs	r1, #4
 262 005e 4FF09040 		mov	r0, #1207959552
 263 0062 FFF7FEFF 		bl	gpioPin_Init
 264              	.LVL18:
  36:/home/pani_/LHRS/VCAT-Dashboard/firmware/drivers/Src/Switches.c ****     gpioPin_Init(IGN_ARR_PORT,        IGN_ARR_PIN,        GPIO_MODE_INPUT);
 265              		.loc 1 36 5 view .LVU61
 266 0066 0022     		movs	r2, #0
 267 0068 0221     		movs	r1, #2
 268 006a 4FF09040 		mov	r0, #1207959552
 269 006e FFF7FEFF 		bl	gpioPin_Init
 270              	.LVL19:
  37:/home/pani_/LHRS/VCAT-Dashboard/firmware/drivers/Src/Switches.c ****     gpioPin_Init(PTT_PORT,            PTT_PIN,            GPIO_MODE_INPUT);
 271              		.loc 1 37 5 view .LVU62
 272 0072 284C     		ldr	r4, .L19+4
 273 0074 0022     		movs	r2, #0
 274 0076 0121     		movs	r1, #1
 275 0078 2046     		mov	r0, r4
 276 007a FFF7FEFF 		bl	gpioPin_Init
 277              	.LVL20:
  38:/home/pani_/LHRS/VCAT-Dashboard/firmware/drivers/Src/Switches.c ****     gpioPin_Init(NEUTRAL_GEAR_PORT,   NEUTRAL_GEAR_PIN,   GPIO_MODE_INPUT);
 278              		.loc 1 38 5 view .LVU63
 279 007e 0022     		movs	r2, #0
 280 0080 0421     		movs	r1, #4
 281 0082 2046     		mov	r0, r4
 282 0084 FFF7FEFF 		bl	gpioPin_Init
ARM GAS  /tmp/ccRJIwEV.s 			page 8


 283              	.LVL21:
  39:/home/pani_/LHRS/VCAT-Dashboard/firmware/drivers/Src/Switches.c ****     gpioPin_Init(REV_SW_PORT,         REV_SW_PIN,         GPIO_MODE_INPUT);
 284              		.loc 1 39 5 view .LVU64
 285 0088 04F58064 		add	r4, r4, #1024
 286 008c 0022     		movs	r2, #0
 287 008e 0121     		movs	r1, #1
 288 0090 2046     		mov	r0, r4
 289 0092 FFF7FEFF 		bl	gpioPin_Init
 290              	.LVL22:
  40:/home/pani_/LHRS/VCAT-Dashboard/firmware/drivers/Src/Switches.c ****     gpioPin_Init(REGEN_ENABLE_PORT,   REGEN_ENABLE_PIN,   GPIO_MODE_INPUT);
 291              		.loc 1 40 5 view .LVU65
 292 0096 0022     		movs	r2, #0
 293 0098 8021     		movs	r1, #128
 294 009a 2046     		mov	r0, r4
 295 009c FFF7FEFF 		bl	gpioPin_Init
 296              	.LVL23:
  41:/home/pani_/LHRS/VCAT-Dashboard/firmware/drivers/Src/Switches.c ****     gpioPin_Init(RIGHT_BLINKER_PORT,  RIGHT_BLINKER_PIN,  GPIO_MODE_INPUT);
 297              		.loc 1 41 5 view .LVU66
 298 00a0 0022     		movs	r2, #0
 299 00a2 0421     		movs	r1, #4
 300 00a4 2046     		mov	r0, r4
 301 00a6 FFF7FEFF 		bl	gpioPin_Init
 302              	.LVL24:
  42:/home/pani_/LHRS/VCAT-Dashboard/firmware/drivers/Src/Switches.c ****     gpioPin_Init(LEFT_BLINKER_PORT,   LEFT_BLINKER_PIN,   GPIO_MODE_INPUT);
 303              		.loc 1 42 5 view .LVU67
 304 00aa 0022     		movs	r2, #0
 305 00ac 1021     		movs	r1, #16
 306 00ae 2046     		mov	r0, r4
 307 00b0 FFF7FEFF 		bl	gpioPin_Init
 308              	.LVL25:
  43:/home/pani_/LHRS/VCAT-Dashboard/firmware/drivers/Src/Switches.c ****     gpioPin_Init(CRUISE_ENABLE_PORT,  CRUISE_ENABLE_PIN,  GPIO_MODE_INPUT);
 309              		.loc 1 43 5 view .LVU68
 310 00b4 0022     		movs	r2, #0
 311 00b6 2021     		movs	r1, #32
 312 00b8 2046     		mov	r0, r4
 313 00ba FFF7FEFF 		bl	gpioPin_Init
 314              	.LVL26:
  44:/home/pani_/LHRS/VCAT-Dashboard/firmware/drivers/Src/Switches.c ****     gpioPin_Init(CRUISE_SET_PORT,     CRUISE_SET_PIN,     GPIO_MODE_INPUT);
 315              		.loc 1 44 5 view .LVU69
 316 00be 0022     		movs	r2, #0
 317 00c0 4021     		movs	r1, #64
 318 00c2 2046     		mov	r0, r4
 319 00c4 FFF7FEFF 		bl	gpioPin_Init
 320              	.LVL27:
  45:/home/pani_/LHRS/VCAT-Dashboard/firmware/drivers/Src/Switches.c ****     gpioPin_Init(REGEN_ACTIVE_PORT,   REGEN_ACTIVE_PIN,   GPIO_MODE_INPUT);
 321              		.loc 1 45 5 view .LVU70
 322 00c8 0022     		movs	r2, #0
 323 00ca 4FF40071 		mov	r1, #512
 324 00ce 2046     		mov	r0, r4
 325 00d0 FFF7FEFF 		bl	gpioPin_Init
 326              	.LVL28:
  46:/home/pani_/LHRS/VCAT-Dashboard/firmware/drivers/Src/Switches.c ****     gpioPin_Init(HAZARD_PORT,         HAZARD_PIN,         GPIO_MODE_INPUT);
 327              		.loc 1 46 5 view .LVU71
 328 00d4 0022     		movs	r2, #0
 329 00d6 4FF48051 		mov	r1, #4096
 330 00da 2046     		mov	r0, r4
 331 00dc FFF7FEFF 		bl	gpioPin_Init
ARM GAS  /tmp/ccRJIwEV.s 			page 9


 332              	.LVL29:
  47:/home/pani_/LHRS/VCAT-Dashboard/firmware/drivers/Src/Switches.c ****     gpioPin_Init(HORN_PORT,           HORN_PIN,           GPIO_MODE_INPUT);
 333              		.loc 1 47 5 view .LVU72
 334 00e0 0022     		movs	r2, #0
 335 00e2 4FF48071 		mov	r1, #256
 336 00e6 2046     		mov	r0, r4
 337 00e8 FFF7FEFF 		bl	gpioPin_Init
 338              	.LVL30:
  48:/home/pani_/LHRS/VCAT-Dashboard/firmware/drivers/Src/Switches.c **** 
 339              		.loc 1 48 5 view .LVU73
 340 00ec 0022     		movs	r2, #0
 341 00ee 0421     		movs	r1, #4
 342 00f0 0948     		ldr	r0, .L19+8
 343 00f2 FFF7FEFF 		bl	gpioPin_Init
 344              	.LVL31:
  51:/home/pani_/LHRS/VCAT-Dashboard/firmware/drivers/Src/Switches.c ****     switch_EXTI_Init(IGN_OFF_PORT, IGN_OFF_PIN, CL_MAX_PRIO);
 345              		.loc 1 51 5 view .LVU74
 346 00f6 0522     		movs	r2, #5
 347 00f8 0121     		movs	r1, #1
 348 00fa 2046     		mov	r0, r4
 349 00fc FFF7FEFF 		bl	switch_EXTI_Init
 350              	.LVL32:
  52:/home/pani_/LHRS/VCAT-Dashboard/firmware/drivers/Src/Switches.c **** }
 351              		.loc 1 52 5 view .LVU75
 352 0100 0522     		movs	r2, #5
 353 0102 0421     		movs	r1, #4
 354 0104 4FF09040 		mov	r0, #1207959552
 355 0108 FFF7FEFF 		bl	switch_EXTI_Init
 356              	.LVL33:
  53:/home/pani_/LHRS/VCAT-Dashboard/firmware/drivers/Src/Switches.c **** 
 357              		.loc 1 53 1 is_stmt 0 view .LVU76
 358 010c 04B0     		add	sp, sp, #16
 359              	.LCFI8:
 360              		.cfi_def_cfa_offset 8
 361              		@ sp needed
 362 010e 10BD     		pop	{r4, pc}
 363              	.L20:
 364              		.align	2
 365              	.L19:
 366 0110 00100240 		.word	1073876992
 367 0114 00040048 		.word	1207960576
 368 0118 000C0048 		.word	1207962624
 369              		.cfi_endproc
 370              	.LFE334:
 372              		.section	.text.switch_get_state,"ax",%progbits
 373              		.align	1
 374              		.global	switch_get_state
 375              		.syntax unified
 376              		.thumb
 377              		.thumb_func
 379              	switch_get_state:
 380              	.LVL34:
 381              	.LFB338:
  84:/home/pani_/LHRS/VCAT-Dashboard/firmware/drivers/Src/Switches.c **** 
  85:/home/pani_/LHRS/VCAT-Dashboard/firmware/drivers/Src/Switches.c **** uint32_t switch_read_all_inputs() {
  86:/home/pani_/LHRS/VCAT-Dashboard/firmware/drivers/Src/Switches.c ****     uint32_t newBits = 0;
  87:/home/pani_/LHRS/VCAT-Dashboard/firmware/drivers/Src/Switches.c **** 	
ARM GAS  /tmp/ccRJIwEV.s 			page 10


  88:/home/pani_/LHRS/VCAT-Dashboard/firmware/drivers/Src/Switches.c ****     portENTER_CRITICAL();
  89:/home/pani_/LHRS/VCAT-Dashboard/firmware/drivers/Src/Switches.c **** 
  90:/home/pani_/LHRS/VCAT-Dashboard/firmware/drivers/Src/Switches.c ****     newBits |= (switch_get_state(IGN_ARR_PORT,       IGN_ARR_PIN)       == SWITCH_ON ? GET_MASK(SW_
  91:/home/pani_/LHRS/VCAT-Dashboard/firmware/drivers/Src/Switches.c ****     newBits |= (switch_get_state(IGN_MTR_PORT,       IGN_MTR_PIN)       == SWITCH_ON ? GET_MASK(SW_
  92:/home/pani_/LHRS/VCAT-Dashboard/firmware/drivers/Src/Switches.c ****     newBits |= (switch_get_state(CRUISE_ENABLE_PORT, CRUISE_ENABLE_PIN) == SWITCH_ON ? GET_MASK(SW_
  93:/home/pani_/LHRS/VCAT-Dashboard/firmware/drivers/Src/Switches.c ****     newBits |= (switch_get_state(CRUISE_SET_PORT,    CRUISE_SET_PIN)    == SWITCH_ON ? GET_MASK(SW_
  94:/home/pani_/LHRS/VCAT-Dashboard/firmware/drivers/Src/Switches.c ****     newBits |= (switch_get_state(FWD_SW_PORT,        FWD_SW_PIN)        == SWITCH_ON ? GET_MASK(SW_
  95:/home/pani_/LHRS/VCAT-Dashboard/firmware/drivers/Src/Switches.c ****     newBits |= (switch_get_state(NEUTRAL_GEAR_PORT,  NEUTRAL_GEAR_PIN)  == SWITCH_ON ? GET_MASK(SW_
  96:/home/pani_/LHRS/VCAT-Dashboard/firmware/drivers/Src/Switches.c ****     newBits |= (switch_get_state(REV_SW_PORT,        REV_SW_PIN)        == SWITCH_ON ? GET_MASK(SW_
  97:/home/pani_/LHRS/VCAT-Dashboard/firmware/drivers/Src/Switches.c ****     newBits |= (switch_get_state(HAZARD_PORT,        HAZARD_PIN)        == SWITCH_ON ? GET_MASK(SW_
  98:/home/pani_/LHRS/VCAT-Dashboard/firmware/drivers/Src/Switches.c ****     newBits |= (switch_get_state(LEFT_BLINKER_PORT,  LEFT_BLINKER_PIN)  == SWITCH_ON ? GET_MASK(SW_
  99:/home/pani_/LHRS/VCAT-Dashboard/firmware/drivers/Src/Switches.c ****     newBits |= (switch_get_state(RIGHT_BLINKER_PORT, RIGHT_BLINKER_PIN) == SWITCH_ON ? GET_MASK(SW_
 100:/home/pani_/LHRS/VCAT-Dashboard/firmware/drivers/Src/Switches.c ****     newBits |= (switch_get_state(HORN_PORT,          HORN_PIN)          == SWITCH_ON ? GET_MASK(SW_
 101:/home/pani_/LHRS/VCAT-Dashboard/firmware/drivers/Src/Switches.c ****     newBits |= (switch_get_state(PTT_PORT,           PTT_PIN)           == SWITCH_ON ? GET_MASK(SW_
 102:/home/pani_/LHRS/VCAT-Dashboard/firmware/drivers/Src/Switches.c ****     newBits |= (switch_get_state(REGEN_ENABLE_PORT,  REGEN_ENABLE_PIN)  == SWITCH_ON ? GET_MASK(SW_
 103:/home/pani_/LHRS/VCAT-Dashboard/firmware/drivers/Src/Switches.c ****     newBits |= (switch_get_state(REGEN_ACTIVE_PORT,  REGEN_ACTIVE_PIN)  == SWITCH_ON ? GET_MASK(SW_
 104:/home/pani_/LHRS/VCAT-Dashboard/firmware/drivers/Src/Switches.c **** 
 105:/home/pani_/LHRS/VCAT-Dashboard/firmware/drivers/Src/Switches.c ****     switch_bitmap = newBits;
 106:/home/pani_/LHRS/VCAT-Dashboard/firmware/drivers/Src/Switches.c ****     portEXIT_CRITICAL();
 107:/home/pani_/LHRS/VCAT-Dashboard/firmware/drivers/Src/Switches.c **** 	return switch_bitmap;
 108:/home/pani_/LHRS/VCAT-Dashboard/firmware/drivers/Src/Switches.c **** }
 109:/home/pani_/LHRS/VCAT-Dashboard/firmware/drivers/Src/Switches.c **** 
 110:/home/pani_/LHRS/VCAT-Dashboard/firmware/drivers/Src/Switches.c **** switch_state_t switch_get_state(GPIO_TypeDef *port, uint16_t pin) {
 382              		.loc 1 110 67 is_stmt 1 view -0
 383              		.cfi_startproc
 384              		@ args = 0, pretend = 0, frame = 0
 385              		@ frame_needed = 0, uses_anonymous_args = 0
 386              		.loc 1 110 67 is_stmt 0 view .LVU78
 387 0000 08B5     		push	{r3, lr}
 388              	.LCFI9:
 389              		.cfi_def_cfa_offset 8
 390              		.cfi_offset 3, -8
 391              		.cfi_offset 14, -4
 111:/home/pani_/LHRS/VCAT-Dashboard/firmware/drivers/Src/Switches.c ****     return (HAL_GPIO_ReadPin(port, pin) == GPIO_PIN_SET) ? SWITCH_ON : SWITCH_OFF;
 392              		.loc 1 111 5 is_stmt 1 view .LVU79
 393              		.loc 1 111 13 is_stmt 0 view .LVU80
 394 0002 FFF7FEFF 		bl	HAL_GPIO_ReadPin
 395              	.LVL35:
 112:/home/pani_/LHRS/VCAT-Dashboard/firmware/drivers/Src/Switches.c **** }
 396              		.loc 1 112 1 view .LVU81
 397 0006 0138     		subs	r0, r0, #1
 398 0008 18BF     		it	ne
 399 000a 0120     		movne	r0, #1
 400 000c 08BD     		pop	{r3, pc}
 401              		.cfi_endproc
 402              	.LFE338:
 404              		.section	.text.switch_read_all_inputs,"ax",%progbits
 405              		.align	1
 406              		.global	switch_read_all_inputs
 407              		.syntax unified
 408              		.thumb
 409              		.thumb_func
 411              	switch_read_all_inputs:
 412              	.LFB337:
  85:/home/pani_/LHRS/VCAT-Dashboard/firmware/drivers/Src/Switches.c ****     uint32_t newBits = 0;
 413              		.loc 1 85 35 is_stmt 1 view -0
 414              		.cfi_startproc
ARM GAS  /tmp/ccRJIwEV.s 			page 11


 415              		@ args = 0, pretend = 0, frame = 0
 416              		@ frame_needed = 0, uses_anonymous_args = 0
 417 0000 38B5     		push	{r3, r4, r5, lr}
 418              	.LCFI10:
 419              		.cfi_def_cfa_offset 16
 420              		.cfi_offset 3, -16
 421              		.cfi_offset 4, -12
 422              		.cfi_offset 5, -8
 423              		.cfi_offset 14, -4
  86:/home/pani_/LHRS/VCAT-Dashboard/firmware/drivers/Src/Switches.c **** 	
 424              		.loc 1 86 5 view .LVU83
 425              	.LVL36:
  88:/home/pani_/LHRS/VCAT-Dashboard/firmware/drivers/Src/Switches.c **** 
 426              		.loc 1 88 5 view .LVU84
 427 0002 FFF7FEFF 		bl	vPortEnterCritical
 428              	.LVL37:
  90:/home/pani_/LHRS/VCAT-Dashboard/firmware/drivers/Src/Switches.c ****     newBits |= (switch_get_state(IGN_MTR_PORT,       IGN_MTR_PIN)       == SWITCH_ON ? GET_MASK(SW_
 429              		.loc 1 90 5 view .LVU85
  90:/home/pani_/LHRS/VCAT-Dashboard/firmware/drivers/Src/Switches.c ****     newBits |= (switch_get_state(IGN_MTR_PORT,       IGN_MTR_PIN)       == SWITCH_ON ? GET_MASK(SW_
 430              		.loc 1 90 17 is_stmt 0 view .LVU86
 431 0006 0121     		movs	r1, #1
 432 0008 4B48     		ldr	r0, .L53
 433 000a FFF7FEFF 		bl	switch_get_state
 434              	.LVL38:
  90:/home/pani_/LHRS/VCAT-Dashboard/firmware/drivers/Src/Switches.c ****     newBits |= (switch_get_state(IGN_MTR_PORT,       IGN_MTR_PIN)       == SWITCH_ON ? GET_MASK(SW_
 435              		.loc 1 90 115 discriminator 1 view .LVU87
 436 000e 0028     		cmp	r0, #0
 437 0010 75D1     		bne	.L38
 438 0012 0125     		movs	r5, #1
 439              	.L24:
 440              	.LVL39:
  91:/home/pani_/LHRS/VCAT-Dashboard/firmware/drivers/Src/Switches.c ****     newBits |= (switch_get_state(CRUISE_ENABLE_PORT, CRUISE_ENABLE_PIN) == SWITCH_ON ? GET_MASK(SW_
 441              		.loc 1 91 5 is_stmt 1 view .LVU88
  91:/home/pani_/LHRS/VCAT-Dashboard/firmware/drivers/Src/Switches.c ****     newBits |= (switch_get_state(CRUISE_ENABLE_PORT, CRUISE_ENABLE_PIN) == SWITCH_ON ? GET_MASK(SW_
 442              		.loc 1 91 17 is_stmt 0 view .LVU89
 443 0014 0221     		movs	r1, #2
 444 0016 4FF09040 		mov	r0, #1207959552
 445 001a FFF7FEFF 		bl	switch_get_state
 446              	.LVL40:
  91:/home/pani_/LHRS/VCAT-Dashboard/firmware/drivers/Src/Switches.c ****     newBits |= (switch_get_state(CRUISE_ENABLE_PORT, CRUISE_ENABLE_PIN) == SWITCH_ON ? GET_MASK(SW_
 447              		.loc 1 91 115 discriminator 1 view .LVU90
 448 001e 0028     		cmp	r0, #0
 449 0020 6FD1     		bne	.L39
 450 0022 0223     		movs	r3, #2
 451              	.L25:
  91:/home/pani_/LHRS/VCAT-Dashboard/firmware/drivers/Src/Switches.c ****     newBits |= (switch_get_state(CRUISE_ENABLE_PORT, CRUISE_ENABLE_PIN) == SWITCH_ON ? GET_MASK(SW_
 452              		.loc 1 91 13 discriminator 4 view .LVU91
 453 0024 1D43     		orrs	r5, r5, r3
 454              	.LVL41:
  92:/home/pani_/LHRS/VCAT-Dashboard/firmware/drivers/Src/Switches.c ****     newBits |= (switch_get_state(CRUISE_SET_PORT,    CRUISE_SET_PIN)    == SWITCH_ON ? GET_MASK(SW_
 455              		.loc 1 92 5 is_stmt 1 view .LVU92
  92:/home/pani_/LHRS/VCAT-Dashboard/firmware/drivers/Src/Switches.c ****     newBits |= (switch_get_state(CRUISE_SET_PORT,    CRUISE_SET_PIN)    == SWITCH_ON ? GET_MASK(SW_
 456              		.loc 1 92 17 is_stmt 0 view .LVU93
 457 0026 4021     		movs	r1, #64
 458 0028 4448     		ldr	r0, .L53+4
 459 002a FFF7FEFF 		bl	switch_get_state
 460              	.LVL42:
ARM GAS  /tmp/ccRJIwEV.s 			page 12


  92:/home/pani_/LHRS/VCAT-Dashboard/firmware/drivers/Src/Switches.c ****     newBits |= (switch_get_state(CRUISE_SET_PORT,    CRUISE_SET_PIN)    == SWITCH_ON ? GET_MASK(SW_
 461              		.loc 1 92 115 discriminator 1 view .LVU94
 462 002e 0028     		cmp	r0, #0
 463 0030 69D1     		bne	.L40
 464 0032 0424     		movs	r4, #4
 465              	.L26:
  92:/home/pani_/LHRS/VCAT-Dashboard/firmware/drivers/Src/Switches.c ****     newBits |= (switch_get_state(CRUISE_SET_PORT,    CRUISE_SET_PIN)    == SWITCH_ON ? GET_MASK(SW_
 466              		.loc 1 92 13 discriminator 4 view .LVU95
 467 0034 2C43     		orrs	r4, r4, r5
 468              	.LVL43:
  93:/home/pani_/LHRS/VCAT-Dashboard/firmware/drivers/Src/Switches.c ****     newBits |= (switch_get_state(FWD_SW_PORT,        FWD_SW_PIN)        == SWITCH_ON ? GET_MASK(SW_
 469              		.loc 1 93 5 is_stmt 1 view .LVU96
  93:/home/pani_/LHRS/VCAT-Dashboard/firmware/drivers/Src/Switches.c ****     newBits |= (switch_get_state(FWD_SW_PORT,        FWD_SW_PIN)        == SWITCH_ON ? GET_MASK(SW_
 470              		.loc 1 93 17 is_stmt 0 view .LVU97
 471 0036 4FF40071 		mov	r1, #512
 472 003a 4048     		ldr	r0, .L53+4
 473 003c FFF7FEFF 		bl	switch_get_state
 474              	.LVL44:
  93:/home/pani_/LHRS/VCAT-Dashboard/firmware/drivers/Src/Switches.c ****     newBits |= (switch_get_state(FWD_SW_PORT,        FWD_SW_PIN)        == SWITCH_ON ? GET_MASK(SW_
 475              		.loc 1 93 115 discriminator 1 view .LVU98
 476 0040 0028     		cmp	r0, #0
 477 0042 62D1     		bne	.L41
 478 0044 0825     		movs	r5, #8
 479              	.L27:
  93:/home/pani_/LHRS/VCAT-Dashboard/firmware/drivers/Src/Switches.c ****     newBits |= (switch_get_state(FWD_SW_PORT,        FWD_SW_PIN)        == SWITCH_ON ? GET_MASK(SW_
 480              		.loc 1 93 13 discriminator 4 view .LVU99
 481 0046 2543     		orrs	r5, r5, r4
 482              	.LVL45:
  94:/home/pani_/LHRS/VCAT-Dashboard/firmware/drivers/Src/Switches.c ****     newBits |= (switch_get_state(NEUTRAL_GEAR_PORT,  NEUTRAL_GEAR_PIN)  == SWITCH_ON ? GET_MASK(SW_
 483              		.loc 1 94 5 is_stmt 1 view .LVU100
  94:/home/pani_/LHRS/VCAT-Dashboard/firmware/drivers/Src/Switches.c ****     newBits |= (switch_get_state(NEUTRAL_GEAR_PORT,  NEUTRAL_GEAR_PIN)  == SWITCH_ON ? GET_MASK(SW_
 484              		.loc 1 94 17 is_stmt 0 view .LVU101
 485 0048 0121     		movs	r1, #1
 486 004a 4FF09040 		mov	r0, #1207959552
 487 004e FFF7FEFF 		bl	switch_get_state
 488              	.LVL46:
  94:/home/pani_/LHRS/VCAT-Dashboard/firmware/drivers/Src/Switches.c ****     newBits |= (switch_get_state(NEUTRAL_GEAR_PORT,  NEUTRAL_GEAR_PIN)  == SWITCH_ON ? GET_MASK(SW_
 489              		.loc 1 94 115 discriminator 1 view .LVU102
 490 0052 0028     		cmp	r0, #0
 491 0054 5BD1     		bne	.L42
 492 0056 1024     		movs	r4, #16
 493              	.L28:
  94:/home/pani_/LHRS/VCAT-Dashboard/firmware/drivers/Src/Switches.c ****     newBits |= (switch_get_state(NEUTRAL_GEAR_PORT,  NEUTRAL_GEAR_PIN)  == SWITCH_ON ? GET_MASK(SW_
 494              		.loc 1 94 13 discriminator 4 view .LVU103
 495 0058 2C43     		orrs	r4, r4, r5
 496              	.LVL47:
  95:/home/pani_/LHRS/VCAT-Dashboard/firmware/drivers/Src/Switches.c ****     newBits |= (switch_get_state(REV_SW_PORT,        REV_SW_PIN)        == SWITCH_ON ? GET_MASK(SW_
 497              		.loc 1 95 5 is_stmt 1 view .LVU104
  95:/home/pani_/LHRS/VCAT-Dashboard/firmware/drivers/Src/Switches.c ****     newBits |= (switch_get_state(REV_SW_PORT,        REV_SW_PIN)        == SWITCH_ON ? GET_MASK(SW_
 498              		.loc 1 95 17 is_stmt 0 view .LVU105
 499 005a 0121     		movs	r1, #1
 500 005c 3748     		ldr	r0, .L53+4
 501 005e FFF7FEFF 		bl	switch_get_state
 502              	.LVL48:
  95:/home/pani_/LHRS/VCAT-Dashboard/firmware/drivers/Src/Switches.c ****     newBits |= (switch_get_state(REV_SW_PORT,        REV_SW_PIN)        == SWITCH_ON ? GET_MASK(SW_
 503              		.loc 1 95 115 discriminator 1 view .LVU106
 504 0062 0028     		cmp	r0, #0
ARM GAS  /tmp/ccRJIwEV.s 			page 13


 505 0064 55D1     		bne	.L43
 506 0066 2025     		movs	r5, #32
 507              	.L29:
  95:/home/pani_/LHRS/VCAT-Dashboard/firmware/drivers/Src/Switches.c ****     newBits |= (switch_get_state(REV_SW_PORT,        REV_SW_PIN)        == SWITCH_ON ? GET_MASK(SW_
 508              		.loc 1 95 13 discriminator 4 view .LVU107
 509 0068 2543     		orrs	r5, r5, r4
 510              	.LVL49:
  96:/home/pani_/LHRS/VCAT-Dashboard/firmware/drivers/Src/Switches.c ****     newBits |= (switch_get_state(HAZARD_PORT,        HAZARD_PIN)        == SWITCH_ON ? GET_MASK(SW_
 511              		.loc 1 96 5 is_stmt 1 view .LVU108
  96:/home/pani_/LHRS/VCAT-Dashboard/firmware/drivers/Src/Switches.c ****     newBits |= (switch_get_state(HAZARD_PORT,        HAZARD_PIN)        == SWITCH_ON ? GET_MASK(SW_
 512              		.loc 1 96 17 is_stmt 0 view .LVU109
 513 006a 8021     		movs	r1, #128
 514 006c 3348     		ldr	r0, .L53+4
 515 006e FFF7FEFF 		bl	switch_get_state
 516              	.LVL50:
  96:/home/pani_/LHRS/VCAT-Dashboard/firmware/drivers/Src/Switches.c ****     newBits |= (switch_get_state(HAZARD_PORT,        HAZARD_PIN)        == SWITCH_ON ? GET_MASK(SW_
 517              		.loc 1 96 115 discriminator 1 view .LVU110
 518 0072 0028     		cmp	r0, #0
 519 0074 4FD1     		bne	.L44
 520 0076 4024     		movs	r4, #64
 521              	.L30:
  96:/home/pani_/LHRS/VCAT-Dashboard/firmware/drivers/Src/Switches.c ****     newBits |= (switch_get_state(HAZARD_PORT,        HAZARD_PIN)        == SWITCH_ON ? GET_MASK(SW_
 522              		.loc 1 96 13 discriminator 4 view .LVU111
 523 0078 2C43     		orrs	r4, r4, r5
 524              	.LVL51:
  97:/home/pani_/LHRS/VCAT-Dashboard/firmware/drivers/Src/Switches.c ****     newBits |= (switch_get_state(LEFT_BLINKER_PORT,  LEFT_BLINKER_PIN)  == SWITCH_ON ? GET_MASK(SW_
 525              		.loc 1 97 5 is_stmt 1 view .LVU112
  97:/home/pani_/LHRS/VCAT-Dashboard/firmware/drivers/Src/Switches.c ****     newBits |= (switch_get_state(LEFT_BLINKER_PORT,  LEFT_BLINKER_PIN)  == SWITCH_ON ? GET_MASK(SW_
 526              		.loc 1 97 17 is_stmt 0 view .LVU113
 527 007a 4FF48071 		mov	r1, #256
 528 007e 2F48     		ldr	r0, .L53+4
 529 0080 FFF7FEFF 		bl	switch_get_state
 530              	.LVL52:
  97:/home/pani_/LHRS/VCAT-Dashboard/firmware/drivers/Src/Switches.c ****     newBits |= (switch_get_state(LEFT_BLINKER_PORT,  LEFT_BLINKER_PIN)  == SWITCH_ON ? GET_MASK(SW_
 531              		.loc 1 97 115 discriminator 1 view .LVU114
 532 0084 0028     		cmp	r0, #0
 533 0086 48D1     		bne	.L45
 534 0088 8025     		movs	r5, #128
 535              	.L31:
  97:/home/pani_/LHRS/VCAT-Dashboard/firmware/drivers/Src/Switches.c ****     newBits |= (switch_get_state(LEFT_BLINKER_PORT,  LEFT_BLINKER_PIN)  == SWITCH_ON ? GET_MASK(SW_
 536              		.loc 1 97 13 discriminator 4 view .LVU115
 537 008a 2543     		orrs	r5, r5, r4
 538              	.LVL53:
  98:/home/pani_/LHRS/VCAT-Dashboard/firmware/drivers/Src/Switches.c ****     newBits |= (switch_get_state(RIGHT_BLINKER_PORT, RIGHT_BLINKER_PIN) == SWITCH_ON ? GET_MASK(SW_
 539              		.loc 1 98 5 is_stmt 1 view .LVU116
  98:/home/pani_/LHRS/VCAT-Dashboard/firmware/drivers/Src/Switches.c ****     newBits |= (switch_get_state(RIGHT_BLINKER_PORT, RIGHT_BLINKER_PIN) == SWITCH_ON ? GET_MASK(SW_
 540              		.loc 1 98 17 is_stmt 0 view .LVU117
 541 008c 2021     		movs	r1, #32
 542 008e 2B48     		ldr	r0, .L53+4
 543 0090 FFF7FEFF 		bl	switch_get_state
 544              	.LVL54:
  98:/home/pani_/LHRS/VCAT-Dashboard/firmware/drivers/Src/Switches.c ****     newBits |= (switch_get_state(RIGHT_BLINKER_PORT, RIGHT_BLINKER_PIN) == SWITCH_ON ? GET_MASK(SW_
 545              		.loc 1 98 115 discriminator 1 view .LVU118
 546 0094 0028     		cmp	r0, #0
 547 0096 42D1     		bne	.L46
 548 0098 4FF48074 		mov	r4, #256
 549              	.L32:
ARM GAS  /tmp/ccRJIwEV.s 			page 14


  98:/home/pani_/LHRS/VCAT-Dashboard/firmware/drivers/Src/Switches.c ****     newBits |= (switch_get_state(RIGHT_BLINKER_PORT, RIGHT_BLINKER_PIN) == SWITCH_ON ? GET_MASK(SW_
 550              		.loc 1 98 13 discriminator 4 view .LVU119
 551 009c 2C43     		orrs	r4, r4, r5
 552              	.LVL55:
  99:/home/pani_/LHRS/VCAT-Dashboard/firmware/drivers/Src/Switches.c ****     newBits |= (switch_get_state(HORN_PORT,          HORN_PIN)          == SWITCH_ON ? GET_MASK(SW_
 553              		.loc 1 99 5 is_stmt 1 view .LVU120
  99:/home/pani_/LHRS/VCAT-Dashboard/firmware/drivers/Src/Switches.c ****     newBits |= (switch_get_state(HORN_PORT,          HORN_PIN)          == SWITCH_ON ? GET_MASK(SW_
 554              		.loc 1 99 17 is_stmt 0 view .LVU121
 555 009e 1021     		movs	r1, #16
 556 00a0 2648     		ldr	r0, .L53+4
 557 00a2 FFF7FEFF 		bl	switch_get_state
 558              	.LVL56:
  99:/home/pani_/LHRS/VCAT-Dashboard/firmware/drivers/Src/Switches.c ****     newBits |= (switch_get_state(HORN_PORT,          HORN_PIN)          == SWITCH_ON ? GET_MASK(SW_
 559              		.loc 1 99 115 discriminator 1 view .LVU122
 560 00a6 0028     		cmp	r0, #0
 561 00a8 3BD1     		bne	.L47
 562 00aa 4FF40075 		mov	r5, #512
 563              	.L33:
  99:/home/pani_/LHRS/VCAT-Dashboard/firmware/drivers/Src/Switches.c ****     newBits |= (switch_get_state(HORN_PORT,          HORN_PIN)          == SWITCH_ON ? GET_MASK(SW_
 564              		.loc 1 99 13 discriminator 4 view .LVU123
 565 00ae 2543     		orrs	r5, r5, r4
 566              	.LVL57:
 100:/home/pani_/LHRS/VCAT-Dashboard/firmware/drivers/Src/Switches.c ****     newBits |= (switch_get_state(PTT_PORT,           PTT_PIN)           == SWITCH_ON ? GET_MASK(SW_
 567              		.loc 1 100 5 is_stmt 1 view .LVU124
 100:/home/pani_/LHRS/VCAT-Dashboard/firmware/drivers/Src/Switches.c ****     newBits |= (switch_get_state(PTT_PORT,           PTT_PIN)           == SWITCH_ON ? GET_MASK(SW_
 568              		.loc 1 100 17 is_stmt 0 view .LVU125
 569 00b0 0421     		movs	r1, #4
 570 00b2 2348     		ldr	r0, .L53+8
 571 00b4 FFF7FEFF 		bl	switch_get_state
 572              	.LVL58:
 100:/home/pani_/LHRS/VCAT-Dashboard/firmware/drivers/Src/Switches.c ****     newBits |= (switch_get_state(PTT_PORT,           PTT_PIN)           == SWITCH_ON ? GET_MASK(SW_
 573              		.loc 1 100 115 discriminator 1 view .LVU126
 574 00b8 A8BB     		cbnz	r0, .L48
 575 00ba 4FF48064 		mov	r4, #1024
 576              	.L34:
 100:/home/pani_/LHRS/VCAT-Dashboard/firmware/drivers/Src/Switches.c ****     newBits |= (switch_get_state(PTT_PORT,           PTT_PIN)           == SWITCH_ON ? GET_MASK(SW_
 577              		.loc 1 100 13 discriminator 4 view .LVU127
 578 00be 2C43     		orrs	r4, r4, r5
 579              	.LVL59:
 101:/home/pani_/LHRS/VCAT-Dashboard/firmware/drivers/Src/Switches.c ****     newBits |= (switch_get_state(REGEN_ENABLE_PORT,  REGEN_ENABLE_PIN)  == SWITCH_ON ? GET_MASK(SW_
 580              		.loc 1 101 5 is_stmt 1 view .LVU128
 101:/home/pani_/LHRS/VCAT-Dashboard/firmware/drivers/Src/Switches.c ****     newBits |= (switch_get_state(REGEN_ENABLE_PORT,  REGEN_ENABLE_PIN)  == SWITCH_ON ? GET_MASK(SW_
 581              		.loc 1 101 17 is_stmt 0 view .LVU129
 582 00c0 0421     		movs	r1, #4
 583 00c2 1D48     		ldr	r0, .L53
 584 00c4 FFF7FEFF 		bl	switch_get_state
 585              	.LVL60:
 101:/home/pani_/LHRS/VCAT-Dashboard/firmware/drivers/Src/Switches.c ****     newBits |= (switch_get_state(REGEN_ENABLE_PORT,  REGEN_ENABLE_PIN)  == SWITCH_ON ? GET_MASK(SW_
 586              		.loc 1 101 115 discriminator 1 view .LVU130
 587 00c8 78BB     		cbnz	r0, .L49
 588 00ca 4FF40065 		mov	r5, #2048
 589              	.L35:
 101:/home/pani_/LHRS/VCAT-Dashboard/firmware/drivers/Src/Switches.c ****     newBits |= (switch_get_state(REGEN_ENABLE_PORT,  REGEN_ENABLE_PIN)  == SWITCH_ON ? GET_MASK(SW_
 590              		.loc 1 101 13 discriminator 4 view .LVU131
 591 00ce 2543     		orrs	r5, r5, r4
 592              	.LVL61:
 102:/home/pani_/LHRS/VCAT-Dashboard/firmware/drivers/Src/Switches.c ****     newBits |= (switch_get_state(REGEN_ACTIVE_PORT,  REGEN_ACTIVE_PIN)  == SWITCH_ON ? GET_MASK(SW_
ARM GAS  /tmp/ccRJIwEV.s 			page 15


 593              		.loc 1 102 5 is_stmt 1 view .LVU132
 102:/home/pani_/LHRS/VCAT-Dashboard/firmware/drivers/Src/Switches.c ****     newBits |= (switch_get_state(REGEN_ACTIVE_PORT,  REGEN_ACTIVE_PIN)  == SWITCH_ON ? GET_MASK(SW_
 594              		.loc 1 102 17 is_stmt 0 view .LVU133
 595 00d0 0421     		movs	r1, #4
 596 00d2 1A48     		ldr	r0, .L53+4
 597 00d4 FFF7FEFF 		bl	switch_get_state
 598              	.LVL62:
 102:/home/pani_/LHRS/VCAT-Dashboard/firmware/drivers/Src/Switches.c ****     newBits |= (switch_get_state(REGEN_ACTIVE_PORT,  REGEN_ACTIVE_PIN)  == SWITCH_ON ? GET_MASK(SW_
 599              		.loc 1 102 115 discriminator 1 view .LVU134
 600 00d8 48BB     		cbnz	r0, .L50
 601 00da 4FF48054 		mov	r4, #4096
 602              	.L36:
 102:/home/pani_/LHRS/VCAT-Dashboard/firmware/drivers/Src/Switches.c ****     newBits |= (switch_get_state(REGEN_ACTIVE_PORT,  REGEN_ACTIVE_PIN)  == SWITCH_ON ? GET_MASK(SW_
 603              		.loc 1 102 13 discriminator 4 view .LVU135
 604 00de 2C43     		orrs	r4, r4, r5
 605              	.LVL63:
 103:/home/pani_/LHRS/VCAT-Dashboard/firmware/drivers/Src/Switches.c **** 
 606              		.loc 1 103 5 is_stmt 1 view .LVU136
 103:/home/pani_/LHRS/VCAT-Dashboard/firmware/drivers/Src/Switches.c **** 
 607              		.loc 1 103 17 is_stmt 0 view .LVU137
 608 00e0 4FF48051 		mov	r1, #4096
 609 00e4 1548     		ldr	r0, .L53+4
 610 00e6 FFF7FEFF 		bl	switch_get_state
 611              	.LVL64:
 103:/home/pani_/LHRS/VCAT-Dashboard/firmware/drivers/Src/Switches.c **** 
 612              		.loc 1 103 115 discriminator 1 view .LVU138
 613 00ea 10BB     		cbnz	r0, .L51
 614 00ec 4FF40053 		mov	r3, #8192
 615              	.L37:
 103:/home/pani_/LHRS/VCAT-Dashboard/firmware/drivers/Src/Switches.c **** 
 616              		.loc 1 103 13 discriminator 4 view .LVU139
 617 00f0 2343     		orrs	r3, r3, r4
 618              	.LVL65:
 105:/home/pani_/LHRS/VCAT-Dashboard/firmware/drivers/Src/Switches.c ****     portEXIT_CRITICAL();
 619              		.loc 1 105 5 is_stmt 1 view .LVU140
 105:/home/pani_/LHRS/VCAT-Dashboard/firmware/drivers/Src/Switches.c ****     portEXIT_CRITICAL();
 620              		.loc 1 105 19 is_stmt 0 view .LVU141
 621 00f2 144C     		ldr	r4, .L53+12
 622 00f4 2360     		str	r3, [r4]
 106:/home/pani_/LHRS/VCAT-Dashboard/firmware/drivers/Src/Switches.c **** 	return switch_bitmap;
 623              		.loc 1 106 5 is_stmt 1 view .LVU142
 624 00f6 FFF7FEFF 		bl	vPortExitCritical
 625              	.LVL66:
 107:/home/pani_/LHRS/VCAT-Dashboard/firmware/drivers/Src/Switches.c **** }
 626              		.loc 1 107 2 view .LVU143
 108:/home/pani_/LHRS/VCAT-Dashboard/firmware/drivers/Src/Switches.c **** 
 627              		.loc 1 108 1 is_stmt 0 view .LVU144
 628 00fa 2068     		ldr	r0, [r4]
 629 00fc 38BD     		pop	{r3, r4, r5, pc}
 630              	.LVL67:
 631              	.L38:
  90:/home/pani_/LHRS/VCAT-Dashboard/firmware/drivers/Src/Switches.c ****     newBits |= (switch_get_state(IGN_MTR_PORT,       IGN_MTR_PIN)       == SWITCH_ON ? GET_MASK(SW_
 632              		.loc 1 90 115 discriminator 2 view .LVU145
 633 00fe 0025     		movs	r5, #0
 634 0100 88E7     		b	.L24
 635              	.LVL68:
 636              	.L39:
ARM GAS  /tmp/ccRJIwEV.s 			page 16


  91:/home/pani_/LHRS/VCAT-Dashboard/firmware/drivers/Src/Switches.c ****     newBits |= (switch_get_state(CRUISE_ENABLE_PORT, CRUISE_ENABLE_PIN) == SWITCH_ON ? GET_MASK(SW_
 637              		.loc 1 91 115 discriminator 2 view .LVU146
 638 0102 0023     		movs	r3, #0
 639 0104 8EE7     		b	.L25
 640              	.L40:
  92:/home/pani_/LHRS/VCAT-Dashboard/firmware/drivers/Src/Switches.c ****     newBits |= (switch_get_state(CRUISE_SET_PORT,    CRUISE_SET_PIN)    == SWITCH_ON ? GET_MASK(SW_
 641              		.loc 1 92 115 discriminator 2 view .LVU147
 642 0106 0024     		movs	r4, #0
 643 0108 94E7     		b	.L26
 644              	.LVL69:
 645              	.L41:
  93:/home/pani_/LHRS/VCAT-Dashboard/firmware/drivers/Src/Switches.c ****     newBits |= (switch_get_state(FWD_SW_PORT,        FWD_SW_PIN)        == SWITCH_ON ? GET_MASK(SW_
 646              		.loc 1 93 115 discriminator 2 view .LVU148
 647 010a 0025     		movs	r5, #0
 648 010c 9BE7     		b	.L27
 649              	.LVL70:
 650              	.L42:
  94:/home/pani_/LHRS/VCAT-Dashboard/firmware/drivers/Src/Switches.c ****     newBits |= (switch_get_state(NEUTRAL_GEAR_PORT,  NEUTRAL_GEAR_PIN)  == SWITCH_ON ? GET_MASK(SW_
 651              		.loc 1 94 115 discriminator 2 view .LVU149
 652 010e 0024     		movs	r4, #0
 653 0110 A2E7     		b	.L28
 654              	.LVL71:
 655              	.L43:
  95:/home/pani_/LHRS/VCAT-Dashboard/firmware/drivers/Src/Switches.c ****     newBits |= (switch_get_state(REV_SW_PORT,        REV_SW_PIN)        == SWITCH_ON ? GET_MASK(SW_
 656              		.loc 1 95 115 discriminator 2 view .LVU150
 657 0112 0025     		movs	r5, #0
 658 0114 A8E7     		b	.L29
 659              	.LVL72:
 660              	.L44:
  96:/home/pani_/LHRS/VCAT-Dashboard/firmware/drivers/Src/Switches.c ****     newBits |= (switch_get_state(HAZARD_PORT,        HAZARD_PIN)        == SWITCH_ON ? GET_MASK(SW_
 661              		.loc 1 96 115 discriminator 2 view .LVU151
 662 0116 0024     		movs	r4, #0
 663 0118 AEE7     		b	.L30
 664              	.LVL73:
 665              	.L45:
  97:/home/pani_/LHRS/VCAT-Dashboard/firmware/drivers/Src/Switches.c ****     newBits |= (switch_get_state(LEFT_BLINKER_PORT,  LEFT_BLINKER_PIN)  == SWITCH_ON ? GET_MASK(SW_
 666              		.loc 1 97 115 discriminator 2 view .LVU152
 667 011a 0025     		movs	r5, #0
 668 011c B5E7     		b	.L31
 669              	.LVL74:
 670              	.L46:
  98:/home/pani_/LHRS/VCAT-Dashboard/firmware/drivers/Src/Switches.c ****     newBits |= (switch_get_state(RIGHT_BLINKER_PORT, RIGHT_BLINKER_PIN) == SWITCH_ON ? GET_MASK(SW_
 671              		.loc 1 98 115 discriminator 2 view .LVU153
 672 011e 0024     		movs	r4, #0
 673 0120 BCE7     		b	.L32
 674              	.LVL75:
 675              	.L47:
  99:/home/pani_/LHRS/VCAT-Dashboard/firmware/drivers/Src/Switches.c ****     newBits |= (switch_get_state(HORN_PORT,          HORN_PIN)          == SWITCH_ON ? GET_MASK(SW_
 676              		.loc 1 99 115 discriminator 2 view .LVU154
 677 0122 0025     		movs	r5, #0
 678 0124 C3E7     		b	.L33
 679              	.LVL76:
 680              	.L48:
 100:/home/pani_/LHRS/VCAT-Dashboard/firmware/drivers/Src/Switches.c ****     newBits |= (switch_get_state(PTT_PORT,           PTT_PIN)           == SWITCH_ON ? GET_MASK(SW_
 681              		.loc 1 100 115 discriminator 2 view .LVU155
 682 0126 0024     		movs	r4, #0
 683 0128 C9E7     		b	.L34
ARM GAS  /tmp/ccRJIwEV.s 			page 17


 684              	.LVL77:
 685              	.L49:
 101:/home/pani_/LHRS/VCAT-Dashboard/firmware/drivers/Src/Switches.c ****     newBits |= (switch_get_state(REGEN_ENABLE_PORT,  REGEN_ENABLE_PIN)  == SWITCH_ON ? GET_MASK(SW_
 686              		.loc 1 101 115 discriminator 2 view .LVU156
 687 012a 0025     		movs	r5, #0
 688 012c CFE7     		b	.L35
 689              	.LVL78:
 690              	.L50:
 102:/home/pani_/LHRS/VCAT-Dashboard/firmware/drivers/Src/Switches.c ****     newBits |= (switch_get_state(REGEN_ACTIVE_PORT,  REGEN_ACTIVE_PIN)  == SWITCH_ON ? GET_MASK(SW_
 691              		.loc 1 102 115 discriminator 2 view .LVU157
 692 012e 0024     		movs	r4, #0
 693 0130 D5E7     		b	.L36
 694              	.LVL79:
 695              	.L51:
 103:/home/pani_/LHRS/VCAT-Dashboard/firmware/drivers/Src/Switches.c **** 
 696              		.loc 1 103 115 discriminator 2 view .LVU158
 697 0132 0023     		movs	r3, #0
 698 0134 DCE7     		b	.L37
 699              	.L54:
 700 0136 00BF     		.align	2
 701              	.L53:
 702 0138 00040048 		.word	1207960576
 703 013c 00080048 		.word	1207961600
 704 0140 000C0048 		.word	1207962624
 705 0144 00000000 		.word	switch_bitmap
 706              		.cfi_endproc
 707              	.LFE337:
 709              		.section	.text.switch_bitmap_setBit,"ax",%progbits
 710              		.align	1
 711              		.global	switch_bitmap_setBit
 712              		.syntax unified
 713              		.thumb
 714              		.thumb_func
 716              	switch_bitmap_setBit:
 717              	.LVL80:
 718              	.LFB339:
 113:/home/pani_/LHRS/VCAT-Dashboard/firmware/drivers/Src/Switches.c **** 
 114:/home/pani_/LHRS/VCAT-Dashboard/firmware/drivers/Src/Switches.c **** 
 115:/home/pani_/LHRS/VCAT-Dashboard/firmware/drivers/Src/Switches.c **** uint32_t switch_bitmap_setBit(state_bit_t bit, switch_state_t state) {
 719              		.loc 1 115 70 is_stmt 1 view -0
 720              		.cfi_startproc
 721              		@ args = 0, pretend = 0, frame = 0
 722              		@ frame_needed = 0, uses_anonymous_args = 0
 723              		@ link register save eliminated.
 116:/home/pani_/LHRS/VCAT-Dashboard/firmware/drivers/Src/Switches.c **** 	if(bit >= SW_COUNT) return switch_bitmap;
 724              		.loc 1 116 2 view .LVU160
 725              		.loc 1 116 4 is_stmt 0 view .LVU161
 726 0000 0E28     		cmp	r0, #14
 727 0002 09D8     		bhi	.L60
 117:/home/pani_/LHRS/VCAT-Dashboard/firmware/drivers/Src/Switches.c **** 
 118:/home/pani_/LHRS/VCAT-Dashboard/firmware/drivers/Src/Switches.c **** 	uint32_t mask = GET_MASK(bit);
 728              		.loc 1 118 2 is_stmt 1 view .LVU162
 729              		.loc 1 118 11 is_stmt 0 view .LVU163
 730 0004 0123     		movs	r3, #1
 731 0006 8340     		lsls	r3, r3, r0
 732              	.LVL81:
 119:/home/pani_/LHRS/VCAT-Dashboard/firmware/drivers/Src/Switches.c **** 
ARM GAS  /tmp/ccRJIwEV.s 			page 18


 120:/home/pani_/LHRS/VCAT-Dashboard/firmware/drivers/Src/Switches.c **** 	if(state == SWITCH_ON) switch_bitmap |= mask;
 733              		.loc 1 120 2 is_stmt 1 view .LVU164
 734              		.loc 1 120 4 is_stmt 0 view .LVU165
 735 0008 49B9     		cbnz	r1, .L58
 736              		.loc 1 120 25 is_stmt 1 discriminator 1 view .LVU166
 737              		.loc 1 120 39 is_stmt 0 discriminator 1 view .LVU167
 738 000a 0849     		ldr	r1, .L61
 739              	.LVL82:
 740              		.loc 1 120 39 discriminator 1 view .LVU168
 741 000c 0A68     		ldr	r2, [r1]
 742 000e 1A43     		orrs	r2, r2, r3
 743 0010 0A60     		str	r2, [r1]
 744              	.L59:
 121:/home/pani_/LHRS/VCAT-Dashboard/firmware/drivers/Src/Switches.c **** 	else switch_bitmap &= ~(mask);
 122:/home/pani_/LHRS/VCAT-Dashboard/firmware/drivers/Src/Switches.c **** 
 123:/home/pani_/LHRS/VCAT-Dashboard/firmware/drivers/Src/Switches.c **** 	return switch_bitmap;
 745              		.loc 1 123 2 is_stmt 1 view .LVU169
 746              		.loc 1 123 9 is_stmt 0 view .LVU170
 747 0012 064B     		ldr	r3, .L61
 748              	.LVL83:
 749              		.loc 1 123 9 view .LVU171
 750 0014 1868     		ldr	r0, [r3]
 751              	.LVL84:
 124:/home/pani_/LHRS/VCAT-Dashboard/firmware/drivers/Src/Switches.c **** }
 752              		.loc 1 124 1 view .LVU172
 753 0016 7047     		bx	lr
 754              	.LVL85:
 755              	.L60:
 116:/home/pani_/LHRS/VCAT-Dashboard/firmware/drivers/Src/Switches.c **** 
 756              		.loc 1 116 22 is_stmt 1 discriminator 1 view .LVU173
 116:/home/pani_/LHRS/VCAT-Dashboard/firmware/drivers/Src/Switches.c **** 
 757              		.loc 1 116 29 is_stmt 0 discriminator 1 view .LVU174
 758 0018 044B     		ldr	r3, .L61
 759 001a 1868     		ldr	r0, [r3]
 760              	.LVL86:
 116:/home/pani_/LHRS/VCAT-Dashboard/firmware/drivers/Src/Switches.c **** 
 761              		.loc 1 116 29 view .LVU175
 762 001c 7047     		bx	lr
 763              	.LVL87:
 764              	.L58:
 121:/home/pani_/LHRS/VCAT-Dashboard/firmware/drivers/Src/Switches.c **** 	else switch_bitmap &= ~(mask);
 765              		.loc 1 121 7 is_stmt 1 view .LVU176
 121:/home/pani_/LHRS/VCAT-Dashboard/firmware/drivers/Src/Switches.c **** 	else switch_bitmap &= ~(mask);
 766              		.loc 1 121 21 is_stmt 0 view .LVU177
 767 001e 0349     		ldr	r1, .L61
 768              	.LVL88:
 121:/home/pani_/LHRS/VCAT-Dashboard/firmware/drivers/Src/Switches.c **** 	else switch_bitmap &= ~(mask);
 769              		.loc 1 121 21 view .LVU178
 770 0020 0A68     		ldr	r2, [r1]
 771 0022 22EA0302 		bic	r2, r2, r3
 772 0026 0A60     		str	r2, [r1]
 773 0028 F3E7     		b	.L59
 774              	.L62:
 775 002a 00BF     		.align	2
 776              	.L61:
 777 002c 00000000 		.word	switch_bitmap
 778              		.cfi_endproc
ARM GAS  /tmp/ccRJIwEV.s 			page 19


 779              	.LFE339:
 781              		.section	.text.switch_bitmap_setAll,"ax",%progbits
 782              		.align	1
 783              		.global	switch_bitmap_setAll
 784              		.syntax unified
 785              		.thumb
 786              		.thumb_func
 788              	switch_bitmap_setAll:
 789              	.LVL89:
 790              	.LFB340:
 125:/home/pani_/LHRS/VCAT-Dashboard/firmware/drivers/Src/Switches.c **** 
 126:/home/pani_/LHRS/VCAT-Dashboard/firmware/drivers/Src/Switches.c **** uint32_t switch_bitmap_setAll(uint32_t bits) {
 791              		.loc 1 126 46 is_stmt 1 view -0
 792              		.cfi_startproc
 793              		@ args = 0, pretend = 0, frame = 0
 794              		@ frame_needed = 0, uses_anonymous_args = 0
 795              		@ link register save eliminated.
 127:/home/pani_/LHRS/VCAT-Dashboard/firmware/drivers/Src/Switches.c **** 	switch_bitmap = bits;
 796              		.loc 1 127 2 view .LVU180
 797              		.loc 1 127 16 is_stmt 0 view .LVU181
 798 0000 014B     		ldr	r3, .L64
 799 0002 1860     		str	r0, [r3]
 128:/home/pani_/LHRS/VCAT-Dashboard/firmware/drivers/Src/Switches.c **** 	return switch_bitmap;
 800              		.loc 1 128 2 is_stmt 1 view .LVU182
 129:/home/pani_/LHRS/VCAT-Dashboard/firmware/drivers/Src/Switches.c **** }
 801              		.loc 1 129 1 is_stmt 0 view .LVU183
 802 0004 7047     		bx	lr
 803              	.L65:
 804 0006 00BF     		.align	2
 805              	.L64:
 806 0008 00000000 		.word	switch_bitmap
 807              		.cfi_endproc
 808              	.LFE340:
 810              		.section	.text.switch_bitmap_read,"ax",%progbits
 811              		.align	1
 812              		.global	switch_bitmap_read
 813              		.syntax unified
 814              		.thumb
 815              		.thumb_func
 817              	switch_bitmap_read:
 818              	.LFB341:
 130:/home/pani_/LHRS/VCAT-Dashboard/firmware/drivers/Src/Switches.c **** 
 131:/home/pani_/LHRS/VCAT-Dashboard/firmware/drivers/Src/Switches.c **** uint32_t switch_bitmap_read() {
 819              		.loc 1 131 31 is_stmt 1 view -0
 820              		.cfi_startproc
 821              		@ args = 0, pretend = 0, frame = 0
 822              		@ frame_needed = 0, uses_anonymous_args = 0
 823              		@ link register save eliminated.
 132:/home/pani_/LHRS/VCAT-Dashboard/firmware/drivers/Src/Switches.c **** 	return switch_bitmap;
 824              		.loc 1 132 2 view .LVU185
 133:/home/pani_/LHRS/VCAT-Dashboard/firmware/drivers/Src/Switches.c **** }
 825              		.loc 1 133 1 is_stmt 0 view .LVU186
 826 0000 014B     		ldr	r3, .L67
 827 0002 1868     		ldr	r0, [r3]
 828 0004 7047     		bx	lr
 829              	.L68:
 830 0006 00BF     		.align	2
ARM GAS  /tmp/ccRJIwEV.s 			page 20


 831              	.L67:
 832 0008 00000000 		.word	switch_bitmap
 833              		.cfi_endproc
 834              	.LFE341:
 836              		.section	.text.HAL_GPIO_EXTI_Callback,"ax",%progbits
 837              		.align	1
 838              		.global	HAL_GPIO_EXTI_Callback
 839              		.syntax unified
 840              		.thumb
 841              		.thumb_func
 843              	HAL_GPIO_EXTI_Callback:
 844              	.LVL90:
 845              	.LFB342:
 134:/home/pani_/LHRS/VCAT-Dashboard/firmware/drivers/Src/Switches.c **** 
 135:/home/pani_/LHRS/VCAT-Dashboard/firmware/drivers/Src/Switches.c **** 
 136:/home/pani_/LHRS/VCAT-Dashboard/firmware/drivers/Src/Switches.c **** 
 137:/home/pani_/LHRS/VCAT-Dashboard/firmware/drivers/Src/Switches.c **** /**
 138:/home/pani_/LHRS/VCAT-Dashboard/firmware/drivers/Src/Switches.c ****  * @brief  EXTI callback fired on any configured external interrupt edge.
 139:/home/pani_/LHRS/VCAT-Dashboard/firmware/drivers/Src/Switches.c ****  *         Handles debounce, then updates LEDs based on switch states.
 140:/home/pani_/LHRS/VCAT-Dashboard/firmware/drivers/Src/Switches.c ****  *         - NEUTRAL_GEAR: updates PH_CAN_TX_LED, and CAR_CAN_TX_LED if FWD or REV is active.
 141:/home/pani_/LHRS/VCAT-Dashboard/firmware/drivers/Src/Switches.c ****  *         - IGN_OFF:      updates PH_CAN_RX_LED to mirror ignition off switch state.
 142:/home/pani_/LHRS/VCAT-Dashboard/firmware/drivers/Src/Switches.c ****  * 
 143:/home/pani_/LHRS/VCAT-Dashboard/firmware/drivers/Src/Switches.c ****  * @param  GPIO_Pin  Pin number that triggered the interrupt.
 144:/home/pani_/LHRS/VCAT-Dashboard/firmware/drivers/Src/Switches.c ****  */
 145:/home/pani_/LHRS/VCAT-Dashboard/firmware/drivers/Src/Switches.c **** void HAL_GPIO_EXTI_Callback(uint16_t GPIO_Pin) {
 846              		.loc 1 145 48 is_stmt 1 view -0
 847              		.cfi_startproc
 848              		@ args = 0, pretend = 0, frame = 0
 849              		@ frame_needed = 0, uses_anonymous_args = 0
 850              		.loc 1 145 48 is_stmt 0 view .LVU188
 851 0000 08B5     		push	{r3, lr}
 852              	.LCFI11:
 853              		.cfi_def_cfa_offset 8
 854              		.cfi_offset 3, -8
 855              		.cfi_offset 14, -4
 146:/home/pani_/LHRS/VCAT-Dashboard/firmware/drivers/Src/Switches.c ****     if (GPIO_Pin == NEUTRAL_GEAR_PIN) {
 856              		.loc 1 146 5 is_stmt 1 view .LVU189
 857              		.loc 1 146 8 is_stmt 0 view .LVU190
 858 0002 0128     		cmp	r0, #1
 859 0004 02D0     		beq	.L73
 147:/home/pani_/LHRS/VCAT-Dashboard/firmware/drivers/Src/Switches.c **** 		led_set(AKSHAY_LED_PORT, AKSHAY_LED_PIN, switch_get_state(NEUTRAL_GEAR_PORT, NEUTRAL_GEAR_PIN));
 148:/home/pani_/LHRS/VCAT-Dashboard/firmware/drivers/Src/Switches.c ****         if (switch_get_state(FWD_SW_PORT, FWD_SW_PIN) == SWITCH_ON) {
 149:/home/pani_/LHRS/VCAT-Dashboard/firmware/drivers/Src/Switches.c ****         } else if (switch_get_state(REV_SW_PORT, REV_SW_PIN) == SWITCH_ON) {
 150:/home/pani_/LHRS/VCAT-Dashboard/firmware/drivers/Src/Switches.c ****         } else {
 151:/home/pani_/LHRS/VCAT-Dashboard/firmware/drivers/Src/Switches.c ****         }
 152:/home/pani_/LHRS/VCAT-Dashboard/firmware/drivers/Src/Switches.c ****     } else if (GPIO_Pin == IGN_OFF_PIN) {
 860              		.loc 1 152 12 is_stmt 1 view .LVU191
 861              		.loc 1 152 15 is_stmt 0 view .LVU192
 862 0006 0428     		cmp	r0, #4
 863 0008 16D0     		beq	.L74
 864              	.LVL91:
 865              	.L69:
 153:/home/pani_/LHRS/VCAT-Dashboard/firmware/drivers/Src/Switches.c **** 		led_set(CONTROLS_HB_LED_PORT, CONTROLS_HB_LED_PIN, switch_get_state(IGN_OFF_PORT, IGN_OFF_PIN));
 154:/home/pani_/LHRS/VCAT-Dashboard/firmware/drivers/Src/Switches.c ****     }
 155:/home/pani_/LHRS/VCAT-Dashboard/firmware/drivers/Src/Switches.c **** 
 156:/home/pani_/LHRS/VCAT-Dashboard/firmware/drivers/Src/Switches.c **** 	/**
 157:/home/pani_/LHRS/VCAT-Dashboard/firmware/drivers/Src/Switches.c **** 	 * 
ARM GAS  /tmp/ccRJIwEV.s 			page 21


 158:/home/pani_/LHRS/VCAT-Dashboard/firmware/drivers/Src/Switches.c **** 	 * @todo 	write Neautral Gear and Ign Off States to the switch states payload
 159:/home/pani_/LHRS/VCAT-Dashboard/firmware/drivers/Src/Switches.c **** 	 * 
 160:/home/pani_/LHRS/VCAT-Dashboard/firmware/drivers/Src/Switches.c **** 	*/
 161:/home/pani_/LHRS/VCAT-Dashboard/firmware/drivers/Src/Switches.c **** }
 866              		.loc 1 161 1 view .LVU193
 867 000a 08BD     		pop	{r3, pc}
 868              	.LVL92:
 869              	.L73:
 147:/home/pani_/LHRS/VCAT-Dashboard/firmware/drivers/Src/Switches.c **** 		led_set(AKSHAY_LED_PORT, AKSHAY_LED_PIN, switch_get_state(NEUTRAL_GEAR_PORT, NEUTRAL_GEAR_PIN));
 870              		.loc 1 147 3 is_stmt 1 view .LVU194
 147:/home/pani_/LHRS/VCAT-Dashboard/firmware/drivers/Src/Switches.c **** 		led_set(AKSHAY_LED_PORT, AKSHAY_LED_PIN, switch_get_state(NEUTRAL_GEAR_PORT, NEUTRAL_GEAR_PIN));
 871              		.loc 1 147 44 is_stmt 0 view .LVU195
 872 000c 0121     		movs	r1, #1
 873 000e 1048     		ldr	r0, .L75
 874              	.LVL93:
 147:/home/pani_/LHRS/VCAT-Dashboard/firmware/drivers/Src/Switches.c **** 		led_set(AKSHAY_LED_PORT, AKSHAY_LED_PIN, switch_get_state(NEUTRAL_GEAR_PORT, NEUTRAL_GEAR_PIN));
 875              		.loc 1 147 44 view .LVU196
 876 0010 FFF7FEFF 		bl	switch_get_state
 877              	.LVL94:
 878 0014 0246     		mov	r2, r0
 147:/home/pani_/LHRS/VCAT-Dashboard/firmware/drivers/Src/Switches.c **** 		led_set(AKSHAY_LED_PORT, AKSHAY_LED_PIN, switch_get_state(NEUTRAL_GEAR_PORT, NEUTRAL_GEAR_PIN));
 879              		.loc 1 147 3 discriminator 1 view .LVU197
 880 0016 4FF40061 		mov	r1, #2048
 881 001a 0E48     		ldr	r0, .L75+4
 882 001c FFF7FEFF 		bl	led_set
 883              	.LVL95:
 148:/home/pani_/LHRS/VCAT-Dashboard/firmware/drivers/Src/Switches.c ****         } else if (switch_get_state(REV_SW_PORT, REV_SW_PIN) == SWITCH_ON) {
 884              		.loc 1 148 9 is_stmt 1 view .LVU198
 148:/home/pani_/LHRS/VCAT-Dashboard/firmware/drivers/Src/Switches.c ****         } else if (switch_get_state(REV_SW_PORT, REV_SW_PIN) == SWITCH_ON) {
 885              		.loc 1 148 13 is_stmt 0 view .LVU199
 886 0020 0121     		movs	r1, #1
 887 0022 4FF09040 		mov	r0, #1207959552
 888 0026 FFF7FEFF 		bl	switch_get_state
 889              	.LVL96:
 148:/home/pani_/LHRS/VCAT-Dashboard/firmware/drivers/Src/Switches.c ****         } else if (switch_get_state(REV_SW_PORT, REV_SW_PIN) == SWITCH_ON) {
 890              		.loc 1 148 12 discriminator 1 view .LVU200
 891 002a 0028     		cmp	r0, #0
 892 002c EDD0     		beq	.L69
 149:/home/pani_/LHRS/VCAT-Dashboard/firmware/drivers/Src/Switches.c ****         } else {
 893              		.loc 1 149 16 is_stmt 1 view .LVU201
 149:/home/pani_/LHRS/VCAT-Dashboard/firmware/drivers/Src/Switches.c ****         } else {
 894              		.loc 1 149 20 is_stmt 0 view .LVU202
 895 002e 8021     		movs	r1, #128
 896 0030 0748     		ldr	r0, .L75
 897 0032 FFF7FEFF 		bl	switch_get_state
 898              	.LVL97:
 150:/home/pani_/LHRS/VCAT-Dashboard/firmware/drivers/Src/Switches.c ****         }
 899              		.loc 1 150 9 is_stmt 1 view .LVU203
 900 0036 E8E7     		b	.L69
 901              	.LVL98:
 902              	.L74:
 153:/home/pani_/LHRS/VCAT-Dashboard/firmware/drivers/Src/Switches.c ****     }
 903              		.loc 1 153 3 view .LVU204
 153:/home/pani_/LHRS/VCAT-Dashboard/firmware/drivers/Src/Switches.c ****     }
 904              		.loc 1 153 54 is_stmt 0 view .LVU205
 905 0038 0421     		movs	r1, #4
 906 003a 4FF09040 		mov	r0, #1207959552
ARM GAS  /tmp/ccRJIwEV.s 			page 22


 907              	.LVL99:
 153:/home/pani_/LHRS/VCAT-Dashboard/firmware/drivers/Src/Switches.c ****     }
 908              		.loc 1 153 54 view .LVU206
 909 003e FFF7FEFF 		bl	switch_get_state
 910              	.LVL100:
 911 0042 0246     		mov	r2, r0
 153:/home/pani_/LHRS/VCAT-Dashboard/firmware/drivers/Src/Switches.c ****     }
 912              		.loc 1 153 3 discriminator 1 view .LVU207
 913 0044 4FF48061 		mov	r1, #1024
 914 0048 0248     		ldr	r0, .L75+4
 915 004a FFF7FEFF 		bl	led_set
 916              	.LVL101:
 917              		.loc 1 161 1 view .LVU208
 918 004e DCE7     		b	.L69
 919              	.L76:
 920              		.align	2
 921              	.L75:
 922 0050 00080048 		.word	1207961600
 923 0054 00040048 		.word	1207960576
 924              		.cfi_endproc
 925              	.LFE342:
 927              		.section	.text.EXTI0_IRQHandler,"ax",%progbits
 928              		.align	1
 929              		.global	EXTI0_IRQHandler
 930              		.syntax unified
 931              		.thumb
 932              		.thumb_func
 934              	EXTI0_IRQHandler:
 935              	.LFB343:
 162:/home/pani_/LHRS/VCAT-Dashboard/firmware/drivers/Src/Switches.c **** 
 163:/home/pani_/LHRS/VCAT-Dashboard/firmware/drivers/Src/Switches.c **** /**
 164:/home/pani_/LHRS/VCAT-Dashboard/firmware/drivers/Src/Switches.c ****  * @brief  EXTI line 0 interrupt handler. Routed to NEUTRAL_GEAR_PIN.
 165:/home/pani_/LHRS/VCAT-Dashboard/firmware/drivers/Src/Switches.c ****  */
 166:/home/pani_/LHRS/VCAT-Dashboard/firmware/drivers/Src/Switches.c **** void EXTI0_IRQHandler(void) {
 936              		.loc 1 166 29 is_stmt 1 view -0
 937              		.cfi_startproc
 938              		@ args = 0, pretend = 0, frame = 0
 939              		@ frame_needed = 0, uses_anonymous_args = 0
 940 0000 08B5     		push	{r3, lr}
 941              	.LCFI12:
 942              		.cfi_def_cfa_offset 8
 943              		.cfi_offset 3, -8
 944              		.cfi_offset 14, -4
 167:/home/pani_/LHRS/VCAT-Dashboard/firmware/drivers/Src/Switches.c ****     HAL_GPIO_EXTI_IRQHandler(NEUTRAL_GEAR_PIN);
 945              		.loc 1 167 5 view .LVU210
 946 0002 0120     		movs	r0, #1
 947 0004 FFF7FEFF 		bl	HAL_GPIO_EXTI_IRQHandler
 948              	.LVL102:
 168:/home/pani_/LHRS/VCAT-Dashboard/firmware/drivers/Src/Switches.c **** }
 949              		.loc 1 168 1 is_stmt 0 view .LVU211
 950 0008 08BD     		pop	{r3, pc}
 951              		.cfi_endproc
 952              	.LFE343:
 954              		.section	.text.EXTI2_IRQHandler,"ax",%progbits
 955              		.align	1
 956              		.global	EXTI2_IRQHandler
 957              		.syntax unified
ARM GAS  /tmp/ccRJIwEV.s 			page 23


 958              		.thumb
 959              		.thumb_func
 961              	EXTI2_IRQHandler:
 962              	.LFB344:
 169:/home/pani_/LHRS/VCAT-Dashboard/firmware/drivers/Src/Switches.c **** 
 170:/home/pani_/LHRS/VCAT-Dashboard/firmware/drivers/Src/Switches.c **** /**
 171:/home/pani_/LHRS/VCAT-Dashboard/firmware/drivers/Src/Switches.c ****  * @brief  EXTI line 2 interrupt handler. Routed to IGN_OFF_PIN.
 172:/home/pani_/LHRS/VCAT-Dashboard/firmware/drivers/Src/Switches.c ****  */
 173:/home/pani_/LHRS/VCAT-Dashboard/firmware/drivers/Src/Switches.c **** void EXTI2_IRQHandler(void) {
 963              		.loc 1 173 29 is_stmt 1 view -0
 964              		.cfi_startproc
 965              		@ args = 0, pretend = 0, frame = 0
 966              		@ frame_needed = 0, uses_anonymous_args = 0
 967 0000 08B5     		push	{r3, lr}
 968              	.LCFI13:
 969              		.cfi_def_cfa_offset 8
 970              		.cfi_offset 3, -8
 971              		.cfi_offset 14, -4
 174:/home/pani_/LHRS/VCAT-Dashboard/firmware/drivers/Src/Switches.c ****     HAL_GPIO_EXTI_IRQHandler(IGN_OFF_PIN);
 972              		.loc 1 174 5 view .LVU213
 973 0002 0420     		movs	r0, #4
 974 0004 FFF7FEFF 		bl	HAL_GPIO_EXTI_IRQHandler
 975              	.LVL103:
 175:/home/pani_/LHRS/VCAT-Dashboard/firmware/drivers/Src/Switches.c **** }...
 976              		.loc 1 175 1 is_stmt 0 view .LVU214
 977 0008 08BD     		pop	{r3, pc}
 978              		.cfi_endproc
 979              	.LFE344:
 981              		.section	.bss.switch_bitmap,"aw",%nobits
 982              		.align	2
 985              	switch_bitmap:
 986 0000 00000000 		.space	4
 987              		.text
 988              	.Letext0:
 989              		.file 2 "stm/stm32g4xx/CMSIS/Device/ST/STM32G4xx/Include/stm32g473xx.h"
 990              		.file 3 "/usr/lib/gcc/arm-none-eabi/13.2.1/include/stdint.h"
 991              		.file 4 "stm/stm32g4xx/STM32G4xx_HAL_Driver/Inc/stm32g4xx_hal_gpio.h"
 992              		.file 5 "middleware/FreeRTOS-Kernel/portable/GCC/ARM_CM4F/portmacro.h"
 993              		.file 6 "/home/pani_/LHRS/VCAT-Dashboard/firmware/core/Inc/init.h"
 994              		.file 7 "/home/pani_/LHRS/VCAT-Dashboard/firmware/drivers/Inc/Status_LEDs.h"
 995              		.file 8 "stm/stm32g4xx/STM32G4xx_HAL_Driver/Inc/stm32g4xx_hal_cortex.h"
ARM GAS  /tmp/ccRJIwEV.s 			page 24


DEFINED SYMBOLS
                            *ABS*:00000000 Switches.c
     /tmp/ccRJIwEV.s:21     .text.gpioEXTI_Init:00000000 $t
     /tmp/ccRJIwEV.s:27     .text.gpioEXTI_Init:00000000 gpioEXTI_Init
     /tmp/ccRJIwEV.s:79     .text.switch_EXTI_Init:00000000 $t
     /tmp/ccRJIwEV.s:85     .text.switch_EXTI_Init:00000000 switch_EXTI_Init
     /tmp/ccRJIwEV.s:172    .text.switch_GPIO_init:00000000 $t
     /tmp/ccRJIwEV.s:178    .text.switch_GPIO_init:00000000 switch_GPIO_init
     /tmp/ccRJIwEV.s:366    .text.switch_GPIO_init:00000110 $d
     /tmp/ccRJIwEV.s:373    .text.switch_get_state:00000000 $t
     /tmp/ccRJIwEV.s:379    .text.switch_get_state:00000000 switch_get_state
     /tmp/ccRJIwEV.s:405    .text.switch_read_all_inputs:00000000 $t
     /tmp/ccRJIwEV.s:411    .text.switch_read_all_inputs:00000000 switch_read_all_inputs
     /tmp/ccRJIwEV.s:702    .text.switch_read_all_inputs:00000138 $d
     /tmp/ccRJIwEV.s:985    .bss.switch_bitmap:00000000 switch_bitmap
     /tmp/ccRJIwEV.s:710    .text.switch_bitmap_setBit:00000000 $t
     /tmp/ccRJIwEV.s:716    .text.switch_bitmap_setBit:00000000 switch_bitmap_setBit
     /tmp/ccRJIwEV.s:777    .text.switch_bitmap_setBit:0000002c $d
     /tmp/ccRJIwEV.s:782    .text.switch_bitmap_setAll:00000000 $t
     /tmp/ccRJIwEV.s:788    .text.switch_bitmap_setAll:00000000 switch_bitmap_setAll
     /tmp/ccRJIwEV.s:806    .text.switch_bitmap_setAll:00000008 $d
     /tmp/ccRJIwEV.s:811    .text.switch_bitmap_read:00000000 $t
     /tmp/ccRJIwEV.s:817    .text.switch_bitmap_read:00000000 switch_bitmap_read
     /tmp/ccRJIwEV.s:832    .text.switch_bitmap_read:00000008 $d
     /tmp/ccRJIwEV.s:837    .text.HAL_GPIO_EXTI_Callback:00000000 $t
     /tmp/ccRJIwEV.s:843    .text.HAL_GPIO_EXTI_Callback:00000000 HAL_GPIO_EXTI_Callback
     /tmp/ccRJIwEV.s:922    .text.HAL_GPIO_EXTI_Callback:00000050 $d
     /tmp/ccRJIwEV.s:928    .text.EXTI0_IRQHandler:00000000 $t
     /tmp/ccRJIwEV.s:934    .text.EXTI0_IRQHandler:00000000 EXTI0_IRQHandler
     /tmp/ccRJIwEV.s:955    .text.EXTI2_IRQHandler:00000000 $t
     /tmp/ccRJIwEV.s:961    .text.EXTI2_IRQHandler:00000000 EXTI2_IRQHandler
     /tmp/ccRJIwEV.s:982    .bss.switch_bitmap:00000000 $d

UNDEFINED SYMBOLS
HAL_GPIO_Init
HAL_NVIC_SetPriority
HAL_NVIC_EnableIRQ
gpioPin_Init
HAL_GPIO_ReadPin
vPortEnterCritical
vPortExitCritical
led_set
HAL_GPIO_EXTI_IRQHandler
