ARM GAS  /tmp/ccbMZjHA.s 			page 1


   1              		.cpu cortex-m4
   2              		.arch armv7e-m
   3              		.fpu fpv4-sp-d16
   4              		.eabi_attribute 27, 1
   5              		.eabi_attribute 28, 1
   6              		.eabi_attribute 20, 1
   7              		.eabi_attribute 21, 1
   8              		.eabi_attribute 23, 3
   9              		.eabi_attribute 24, 1
  10              		.eabi_attribute 25, 1
  11              		.eabi_attribute 26, 1
  12              		.eabi_attribute 30, 1
  13              		.eabi_attribute 34, 1
  14              		.eabi_attribute 18, 4
  15              		.file	"syscalls.c"
  16              		.text
  17              	.Ltext0:
  18              		.cfi_sections	.debug_frame
  19              		.file 1 "common/Src/syscalls.c"
  20              		.section	.text._getpid,"ax",%progbits
  21              		.align	1
  22              		.global	_getpid
  23              		.syntax unified
  24              		.thumb
  25              		.thumb_func
  27              	_getpid:
  28              	.LFB359:
   1:common/Src/syscalls.c **** /**
   2:common/Src/syscalls.c ****  ******************************************************************************
   3:common/Src/syscalls.c ****  * @file      syscalls.c
   4:common/Src/syscalls.c ****  * @author    Auto-generated by STM32CubeMX
   5:common/Src/syscalls.c ****  * @brief     Minimal System calls file
   6:common/Src/syscalls.c ****  *
   7:common/Src/syscalls.c ****  *            For more information about which c-functions
   8:common/Src/syscalls.c ****  *            need which of these lowlevel functions
   9:common/Src/syscalls.c ****  *            please consult the Newlib libc-manual
  10:common/Src/syscalls.c ****  ******************************************************************************
  11:common/Src/syscalls.c ****  * @attention
  12:common/Src/syscalls.c ****  *
  13:common/Src/syscalls.c ****  * Copyright (c) 2020-2024 STMicroelectronics.
  14:common/Src/syscalls.c ****  * All rights reserved.
  15:common/Src/syscalls.c ****  *
  16:common/Src/syscalls.c ****  * This software is licensed under terms that can be found in the LICENSE file
  17:common/Src/syscalls.c ****  * in the root directory of this software component.
  18:common/Src/syscalls.c ****  * If no LICENSE file comes with this software, it is provided AS-IS.
  19:common/Src/syscalls.c ****  *
  20:common/Src/syscalls.c ****  ******************************************************************************
  21:common/Src/syscalls.c ****  */
  22:common/Src/syscalls.c **** 
  23:common/Src/syscalls.c **** /* Includes */
  24:common/Src/syscalls.c **** #include <errno.h>
  25:common/Src/syscalls.c **** #include <signal.h>
  26:common/Src/syscalls.c **** #include <stdio.h>
  27:common/Src/syscalls.c **** #include <stdlib.h>
  28:common/Src/syscalls.c **** #include <sys/stat.h>
  29:common/Src/syscalls.c **** #include <sys/time.h>
  30:common/Src/syscalls.c **** #include <sys/times.h>
ARM GAS  /tmp/ccbMZjHA.s 			page 2


  31:common/Src/syscalls.c **** #include <time.h>
  32:common/Src/syscalls.c **** 
  33:common/Src/syscalls.c **** #include "UART.h"
  34:common/Src/syscalls.c **** #include "portmacro.h"
  35:common/Src/syscalls.c **** 
  36:common/Src/syscalls.c **** extern int __io_putchar(int ch) __attribute__((weak));
  37:common/Src/syscalls.c **** extern int __io_getchar(void) __attribute__((weak));
  38:common/Src/syscalls.c **** 
  39:common/Src/syscalls.c **** char *__env[1] = {0};
  40:common/Src/syscalls.c **** char **environ = __env;
  41:common/Src/syscalls.c **** 
  42:common/Src/syscalls.c **** int _getpid(void) { return 1; }
  29              		.loc 1 42 19 view -0
  30              		.cfi_startproc
  31              		@ args = 0, pretend = 0, frame = 0
  32              		@ frame_needed = 0, uses_anonymous_args = 0
  33              		@ link register save eliminated.
  34              		.loc 1 42 21 view .LVU1
  35              		.loc 1 42 31 is_stmt 0 view .LVU2
  36 0000 0120     		movs	r0, #1
  37 0002 7047     		bx	lr
  38              		.cfi_endproc
  39              	.LFE359:
  41              		.section	.text._kill,"ax",%progbits
  42              		.align	1
  43              		.global	_kill
  44              		.syntax unified
  45              		.thumb
  46              		.thumb_func
  48              	_kill:
  49              	.LVL0:
  50              	.LFB360:
  43:common/Src/syscalls.c **** 
  44:common/Src/syscalls.c **** int _kill(int pid, int sig) {
  51              		.loc 1 44 29 is_stmt 1 view -0
  52              		.cfi_startproc
  53              		@ args = 0, pretend = 0, frame = 0
  54              		@ frame_needed = 0, uses_anonymous_args = 0
  55              		.loc 1 44 29 is_stmt 0 view .LVU4
  56 0000 08B5     		push	{r3, lr}
  57              	.LCFI0:
  58              		.cfi_def_cfa_offset 8
  59              		.cfi_offset 3, -8
  60              		.cfi_offset 14, -4
  45:common/Src/syscalls.c ****   (void)pid;
  61              		.loc 1 45 3 is_stmt 1 view .LVU5
  46:common/Src/syscalls.c ****   (void)sig;
  62              		.loc 1 46 3 view .LVU6
  47:common/Src/syscalls.c ****   errno = EINVAL;
  63              		.loc 1 47 3 view .LVU7
  64 0002 FFF7FEFF 		bl	__errno
  65              	.LVL1:
  66              		.loc 1 47 9 is_stmt 0 discriminator 1 view .LVU8
  67 0006 1623     		movs	r3, #22
  68 0008 0360     		str	r3, [r0]
  48:common/Src/syscalls.c ****   return -1;
  69              		.loc 1 48 3 is_stmt 1 view .LVU9
ARM GAS  /tmp/ccbMZjHA.s 			page 3


  49:common/Src/syscalls.c **** }
  70              		.loc 1 49 1 is_stmt 0 view .LVU10
  71 000a 4FF0FF30 		mov	r0, #-1
  72 000e 08BD     		pop	{r3, pc}
  73              		.cfi_endproc
  74              	.LFE360:
  76              		.section	.text._exit,"ax",%progbits
  77              		.align	1
  78              		.global	_exit
  79              		.syntax unified
  80              		.thumb
  81              		.thumb_func
  83              	_exit:
  84              	.LVL2:
  85              	.LFB361:
  50:common/Src/syscalls.c **** 
  51:common/Src/syscalls.c **** void _exit(int status) {
  86              		.loc 1 51 24 is_stmt 1 view -0
  87              		.cfi_startproc
  88              		@ Volatile: function does not return.
  89              		@ args = 0, pretend = 0, frame = 0
  90              		@ frame_needed = 0, uses_anonymous_args = 0
  91              		.loc 1 51 24 is_stmt 0 view .LVU12
  92 0000 08B5     		push	{r3, lr}
  93              	.LCFI1:
  94              		.cfi_def_cfa_offset 8
  95              		.cfi_offset 3, -8
  96              		.cfi_offset 14, -4
  52:common/Src/syscalls.c ****   _kill(status, -1);
  97              		.loc 1 52 3 is_stmt 1 view .LVU13
  98 0002 4FF0FF31 		mov	r1, #-1
  99 0006 FFF7FEFF 		bl	_kill
 100              	.LVL3:
 101              	.L5:
  53:common/Src/syscalls.c ****   while (1) {
 102              		.loc 1 53 3 view .LVU14
  54:common/Src/syscalls.c ****   } /* Make sure we hang here */
 103              		.loc 1 54 3 view .LVU15
  53:common/Src/syscalls.c ****   while (1) {
 104              		.loc 1 53 9 view .LVU16
 105 000a FEE7     		b	.L5
 106              		.cfi_endproc
 107              	.LFE361:
 109              		.section	.text._read,"ax",%progbits
 110              		.align	1
 111              		.weak	_read
 112              		.syntax unified
 113              		.thumb
 114              		.thumb_func
 116              	_read:
 117              	.LVL4:
 118              	.LFB362:
  55:common/Src/syscalls.c **** }
  56:common/Src/syscalls.c **** 
  57:common/Src/syscalls.c **** __weak int _read(int file, char *ptr, int len) {
 119              		.loc 1 57 48 view -0
 120              		.cfi_startproc
ARM GAS  /tmp/ccbMZjHA.s 			page 4


 121              		@ args = 0, pretend = 0, frame = 0
 122              		@ frame_needed = 0, uses_anonymous_args = 0
 123              		@ link register save eliminated.
  58:common/Src/syscalls.c ****   (void)file;
 124              		.loc 1 58 3 view .LVU18
  59:common/Src/syscalls.c ****   (void)(ptr);
 125              		.loc 1 59 3 view .LVU19
  60:common/Src/syscalls.c ****   (void)(len);
 126              		.loc 1 60 3 view .LVU20
  61:common/Src/syscalls.c **** 
  62:common/Src/syscalls.c **** 
  63:common/Src/syscalls.c ****   return len;
 127              		.loc 1 63 3 view .LVU21
  64:common/Src/syscalls.c **** }
 128              		.loc 1 64 1 is_stmt 0 view .LVU22
 129 0000 1046     		mov	r0, r2
 130              	.LVL5:
 131              		.loc 1 64 1 view .LVU23
 132 0002 7047     		bx	lr
 133              		.cfi_endproc
 134              	.LFE362:
 136              		.section	.text._write,"ax",%progbits
 137              		.align	1
 138              		.weak	_write
 139              		.syntax unified
 140              		.thumb
 141              		.thumb_func
 143              	_write:
 144              	.LVL6:
 145              	.LFB363:
  65:common/Src/syscalls.c **** 
  66:common/Src/syscalls.c **** __weak int _write(int file, char *ptr, int len) {
 146              		.loc 1 66 49 is_stmt 1 view -0
 147              		.cfi_startproc
 148              		@ args = 0, pretend = 0, frame = 0
 149              		@ frame_needed = 0, uses_anonymous_args = 0
 150              		@ link register save eliminated.
  67:common/Src/syscalls.c ****   (void)file;
 151              		.loc 1 67 3 view .LVU25
  68:common/Src/syscalls.c ****   (void)(ptr);
 152              		.loc 1 68 3 view .LVU26
  69:common/Src/syscalls.c ****   (void)(len);
 153              		.loc 1 69 3 view .LVU27
  70:common/Src/syscalls.c **** 
  71:common/Src/syscalls.c ****   return len;
 154              		.loc 1 71 3 view .LVU28
  72:common/Src/syscalls.c **** }
 155              		.loc 1 72 1 is_stmt 0 view .LVU29
 156 0000 1046     		mov	r0, r2
 157              	.LVL7:
 158              		.loc 1 72 1 view .LVU30
 159 0002 7047     		bx	lr
 160              		.cfi_endproc
 161              	.LFE363:
 163              		.section	.text._close,"ax",%progbits
 164              		.align	1
 165              		.global	_close
ARM GAS  /tmp/ccbMZjHA.s 			page 5


 166              		.syntax unified
 167              		.thumb
 168              		.thumb_func
 170              	_close:
 171              	.LVL8:
 172              	.LFB364:
  73:common/Src/syscalls.c **** 
  74:common/Src/syscalls.c **** int _close(int file) {
 173              		.loc 1 74 22 is_stmt 1 view -0
 174              		.cfi_startproc
 175              		@ args = 0, pretend = 0, frame = 0
 176              		@ frame_needed = 0, uses_anonymous_args = 0
 177              		@ link register save eliminated.
  75:common/Src/syscalls.c ****   (void)file;
 178              		.loc 1 75 3 view .LVU32
  76:common/Src/syscalls.c ****   return -1;
 179              		.loc 1 76 3 view .LVU33
  77:common/Src/syscalls.c **** }
 180              		.loc 1 77 1 is_stmt 0 view .LVU34
 181 0000 4FF0FF30 		mov	r0, #-1
 182              	.LVL9:
 183              		.loc 1 77 1 view .LVU35
 184 0004 7047     		bx	lr
 185              		.cfi_endproc
 186              	.LFE364:
 188              		.section	.text._fstat,"ax",%progbits
 189              		.align	1
 190              		.global	_fstat
 191              		.syntax unified
 192              		.thumb
 193              		.thumb_func
 195              	_fstat:
 196              	.LVL10:
 197              	.LFB365:
  78:common/Src/syscalls.c **** 
  79:common/Src/syscalls.c **** int _fstat(int file, struct stat *st) {
 198              		.loc 1 79 39 is_stmt 1 view -0
 199              		.cfi_startproc
 200              		@ args = 0, pretend = 0, frame = 0
 201              		@ frame_needed = 0, uses_anonymous_args = 0
 202              		@ link register save eliminated.
  80:common/Src/syscalls.c ****   (void)file;
 203              		.loc 1 80 3 view .LVU37
  81:common/Src/syscalls.c ****   st->st_mode = S_IFCHR;
 204              		.loc 1 81 3 view .LVU38
 205              		.loc 1 81 15 is_stmt 0 view .LVU39
 206 0000 4FF40053 		mov	r3, #8192
 207 0004 4B60     		str	r3, [r1, #4]
  82:common/Src/syscalls.c ****   return 0;
 208              		.loc 1 82 3 is_stmt 1 view .LVU40
  83:common/Src/syscalls.c **** }
 209              		.loc 1 83 1 is_stmt 0 view .LVU41
 210 0006 0020     		movs	r0, #0
 211              	.LVL11:
 212              		.loc 1 83 1 view .LVU42
 213 0008 7047     		bx	lr
 214              		.cfi_endproc
ARM GAS  /tmp/ccbMZjHA.s 			page 6


 215              	.LFE365:
 217              		.section	.text._isatty,"ax",%progbits
 218              		.align	1
 219              		.global	_isatty
 220              		.syntax unified
 221              		.thumb
 222              		.thumb_func
 224              	_isatty:
 225              	.LVL12:
 226              	.LFB366:
  84:common/Src/syscalls.c **** 
  85:common/Src/syscalls.c **** int _isatty(int file) {
 227              		.loc 1 85 23 is_stmt 1 view -0
 228              		.cfi_startproc
 229              		@ args = 0, pretend = 0, frame = 0
 230              		@ frame_needed = 0, uses_anonymous_args = 0
 231              		@ link register save eliminated.
  86:common/Src/syscalls.c ****   (void)file;
 232              		.loc 1 86 3 view .LVU44
  87:common/Src/syscalls.c ****   return 1;
 233              		.loc 1 87 3 view .LVU45
  88:common/Src/syscalls.c **** }
 234              		.loc 1 88 1 is_stmt 0 view .LVU46
 235 0000 0120     		movs	r0, #1
 236              	.LVL13:
 237              		.loc 1 88 1 view .LVU47
 238 0002 7047     		bx	lr
 239              		.cfi_endproc
 240              	.LFE366:
 242              		.section	.text._lseek,"ax",%progbits
 243              		.align	1
 244              		.global	_lseek
 245              		.syntax unified
 246              		.thumb
 247              		.thumb_func
 249              	_lseek:
 250              	.LVL14:
 251              	.LFB367:
  89:common/Src/syscalls.c **** 
  90:common/Src/syscalls.c **** int _lseek(int file, int ptr, int dir) {
 252              		.loc 1 90 40 is_stmt 1 view -0
 253              		.cfi_startproc
 254              		@ args = 0, pretend = 0, frame = 0
 255              		@ frame_needed = 0, uses_anonymous_args = 0
 256              		@ link register save eliminated.
  91:common/Src/syscalls.c ****   (void)file;
 257              		.loc 1 91 3 view .LVU49
  92:common/Src/syscalls.c ****   (void)ptr;
 258              		.loc 1 92 3 view .LVU50
  93:common/Src/syscalls.c ****   (void)dir;
 259              		.loc 1 93 3 view .LVU51
  94:common/Src/syscalls.c ****   return 0;
 260              		.loc 1 94 3 view .LVU52
  95:common/Src/syscalls.c **** }
 261              		.loc 1 95 1 is_stmt 0 view .LVU53
 262 0000 0020     		movs	r0, #0
 263              	.LVL15:
ARM GAS  /tmp/ccbMZjHA.s 			page 7


 264              		.loc 1 95 1 view .LVU54
 265 0002 7047     		bx	lr
 266              		.cfi_endproc
 267              	.LFE367:
 269              		.section	.text._open,"ax",%progbits
 270              		.align	1
 271              		.global	_open
 272              		.syntax unified
 273              		.thumb
 274              		.thumb_func
 276              	_open:
 277              	.LVL16:
 278              	.LFB368:
  96:common/Src/syscalls.c **** 
  97:common/Src/syscalls.c **** int _open(char *path, int flags, ...) {
 279              		.loc 1 97 39 is_stmt 1 view -0
 280              		.cfi_startproc
 281              		@ args = 4, pretend = 12, frame = 0
 282              		@ frame_needed = 0, uses_anonymous_args = 1
 283              		@ link register save eliminated.
 284              		.loc 1 97 39 is_stmt 0 view .LVU56
 285 0000 0EB4     		push	{r1, r2, r3}
 286              	.LCFI2:
 287              		.cfi_def_cfa_offset 12
 288              		.cfi_offset 1, -12
 289              		.cfi_offset 2, -8
 290              		.cfi_offset 3, -4
  98:common/Src/syscalls.c ****   (void)path;
 291              		.loc 1 98 3 is_stmt 1 view .LVU57
  99:common/Src/syscalls.c ****   (void)flags;
 292              		.loc 1 99 3 view .LVU58
 100:common/Src/syscalls.c ****   /* Pretend like we always fail */
 101:common/Src/syscalls.c ****   return -1;
 293              		.loc 1 101 3 view .LVU59
 102:common/Src/syscalls.c **** }
 294              		.loc 1 102 1 is_stmt 0 view .LVU60
 295 0002 4FF0FF30 		mov	r0, #-1
 296              	.LVL17:
 297              		.loc 1 102 1 view .LVU61
 298 0006 03B0     		add	sp, sp, #12
 299              	.LCFI3:
 300              		.cfi_restore 3
 301              		.cfi_restore 2
 302              		.cfi_restore 1
 303              		.cfi_def_cfa_offset 0
 304 0008 7047     		bx	lr
 305              		.cfi_endproc
 306              	.LFE368:
 308              		.section	.text._wait,"ax",%progbits
 309              		.align	1
 310              		.global	_wait
 311              		.syntax unified
 312              		.thumb
 313              		.thumb_func
 315              	_wait:
 316              	.LVL18:
 317              	.LFB369:
ARM GAS  /tmp/ccbMZjHA.s 			page 8


 103:common/Src/syscalls.c **** 
 104:common/Src/syscalls.c **** int _wait(int *status) {
 318              		.loc 1 104 24 is_stmt 1 view -0
 319              		.cfi_startproc
 320              		@ args = 0, pretend = 0, frame = 0
 321              		@ frame_needed = 0, uses_anonymous_args = 0
 322              		.loc 1 104 24 is_stmt 0 view .LVU63
 323 0000 08B5     		push	{r3, lr}
 324              	.LCFI4:
 325              		.cfi_def_cfa_offset 8
 326              		.cfi_offset 3, -8
 327              		.cfi_offset 14, -4
 105:common/Src/syscalls.c ****   (void)status;
 328              		.loc 1 105 3 is_stmt 1 view .LVU64
 106:common/Src/syscalls.c ****   errno = ECHILD;
 329              		.loc 1 106 3 view .LVU65
 330 0002 FFF7FEFF 		bl	__errno
 331              	.LVL19:
 332              		.loc 1 106 9 is_stmt 0 discriminator 1 view .LVU66
 333 0006 0A23     		movs	r3, #10
 334 0008 0360     		str	r3, [r0]
 107:common/Src/syscalls.c ****   return -1;
 335              		.loc 1 107 3 is_stmt 1 view .LVU67
 108:common/Src/syscalls.c **** }
 336              		.loc 1 108 1 is_stmt 0 view .LVU68
 337 000a 4FF0FF30 		mov	r0, #-1
 338 000e 08BD     		pop	{r3, pc}
 339              		.cfi_endproc
 340              	.LFE369:
 342              		.section	.text._unlink,"ax",%progbits
 343              		.align	1
 344              		.global	_unlink
 345              		.syntax unified
 346              		.thumb
 347              		.thumb_func
 349              	_unlink:
 350              	.LVL20:
 351              	.LFB370:
 109:common/Src/syscalls.c **** 
 110:common/Src/syscalls.c **** int _unlink(char *name) {
 352              		.loc 1 110 25 is_stmt 1 view -0
 353              		.cfi_startproc
 354              		@ args = 0, pretend = 0, frame = 0
 355              		@ frame_needed = 0, uses_anonymous_args = 0
 356              		.loc 1 110 25 is_stmt 0 view .LVU70
 357 0000 08B5     		push	{r3, lr}
 358              	.LCFI5:
 359              		.cfi_def_cfa_offset 8
 360              		.cfi_offset 3, -8
 361              		.cfi_offset 14, -4
 111:common/Src/syscalls.c ****   (void)name;
 362              		.loc 1 111 3 is_stmt 1 view .LVU71
 112:common/Src/syscalls.c ****   errno = ENOENT;
 363              		.loc 1 112 3 view .LVU72
 364 0002 FFF7FEFF 		bl	__errno
 365              	.LVL21:
 366              		.loc 1 112 9 is_stmt 0 discriminator 1 view .LVU73
ARM GAS  /tmp/ccbMZjHA.s 			page 9


 367 0006 0223     		movs	r3, #2
 368 0008 0360     		str	r3, [r0]
 113:common/Src/syscalls.c ****   return -1;
 369              		.loc 1 113 3 is_stmt 1 view .LVU74
 114:common/Src/syscalls.c **** }
 370              		.loc 1 114 1 is_stmt 0 view .LVU75
 371 000a 4FF0FF30 		mov	r0, #-1
 372 000e 08BD     		pop	{r3, pc}
 373              		.cfi_endproc
 374              	.LFE370:
 376              		.section	.text._times,"ax",%progbits
 377              		.align	1
 378              		.global	_times
 379              		.syntax unified
 380              		.thumb
 381              		.thumb_func
 383              	_times:
 384              	.LVL22:
 385              	.LFB371:
 115:common/Src/syscalls.c **** 
 116:common/Src/syscalls.c **** int _times(struct tms *buf) {
 386              		.loc 1 116 29 is_stmt 1 view -0
 387              		.cfi_startproc
 388              		@ args = 0, pretend = 0, frame = 0
 389              		@ frame_needed = 0, uses_anonymous_args = 0
 390              		@ link register save eliminated.
 117:common/Src/syscalls.c ****   (void)buf;
 391              		.loc 1 117 3 view .LVU77
 118:common/Src/syscalls.c ****   return -1;
 392              		.loc 1 118 3 view .LVU78
 119:common/Src/syscalls.c **** }
 393              		.loc 1 119 1 is_stmt 0 view .LVU79
 394 0000 4FF0FF30 		mov	r0, #-1
 395              	.LVL23:
 396              		.loc 1 119 1 view .LVU80
 397 0004 7047     		bx	lr
 398              		.cfi_endproc
 399              	.LFE371:
 401              		.section	.text._stat,"ax",%progbits
 402              		.align	1
 403              		.global	_stat
 404              		.syntax unified
 405              		.thumb
 406              		.thumb_func
 408              	_stat:
 409              	.LVL24:
 410              	.LFB372:
 120:common/Src/syscalls.c **** 
 121:common/Src/syscalls.c **** int _stat(char *file, struct stat *st) {
 411              		.loc 1 121 40 is_stmt 1 view -0
 412              		.cfi_startproc
 413              		@ args = 0, pretend = 0, frame = 0
 414              		@ frame_needed = 0, uses_anonymous_args = 0
 415              		@ link register save eliminated.
 122:common/Src/syscalls.c ****   (void)file;
 416              		.loc 1 122 3 view .LVU82
 123:common/Src/syscalls.c ****   st->st_mode = S_IFCHR;
ARM GAS  /tmp/ccbMZjHA.s 			page 10


 417              		.loc 1 123 3 view .LVU83
 418              		.loc 1 123 15 is_stmt 0 view .LVU84
 419 0000 4FF40053 		mov	r3, #8192
 420 0004 4B60     		str	r3, [r1, #4]
 124:common/Src/syscalls.c ****   return 0;
 421              		.loc 1 124 3 is_stmt 1 view .LVU85
 125:common/Src/syscalls.c **** }
 422              		.loc 1 125 1 is_stmt 0 view .LVU86
 423 0006 0020     		movs	r0, #0
 424              	.LVL25:
 425              		.loc 1 125 1 view .LVU87
 426 0008 7047     		bx	lr
 427              		.cfi_endproc
 428              	.LFE372:
 430              		.section	.text._link,"ax",%progbits
 431              		.align	1
 432              		.global	_link
 433              		.syntax unified
 434              		.thumb
 435              		.thumb_func
 437              	_link:
 438              	.LVL26:
 439              	.LFB373:
 126:common/Src/syscalls.c **** 
 127:common/Src/syscalls.c **** int _link(char *old, char *new) {
 440              		.loc 1 127 33 is_stmt 1 view -0
 441              		.cfi_startproc
 442              		@ args = 0, pretend = 0, frame = 0
 443              		@ frame_needed = 0, uses_anonymous_args = 0
 444              		.loc 1 127 33 is_stmt 0 view .LVU89
 445 0000 08B5     		push	{r3, lr}
 446              	.LCFI6:
 447              		.cfi_def_cfa_offset 8
 448              		.cfi_offset 3, -8
 449              		.cfi_offset 14, -4
 128:common/Src/syscalls.c ****   (void)old;
 450              		.loc 1 128 3 is_stmt 1 view .LVU90
 129:common/Src/syscalls.c ****   (void)new;
 451              		.loc 1 129 3 view .LVU91
 130:common/Src/syscalls.c ****   errno = EMLINK;
 452              		.loc 1 130 3 view .LVU92
 453 0002 FFF7FEFF 		bl	__errno
 454              	.LVL27:
 455              		.loc 1 130 9 is_stmt 0 discriminator 1 view .LVU93
 456 0006 1F23     		movs	r3, #31
 457 0008 0360     		str	r3, [r0]
 131:common/Src/syscalls.c ****   return -1;
 458              		.loc 1 131 3 is_stmt 1 view .LVU94
 132:common/Src/syscalls.c **** }
 459              		.loc 1 132 1 is_stmt 0 view .LVU95
 460 000a 4FF0FF30 		mov	r0, #-1
 461 000e 08BD     		pop	{r3, pc}
 462              		.cfi_endproc
 463              	.LFE373:
 465              		.section	.text._fork,"ax",%progbits
 466              		.align	1
 467              		.global	_fork
ARM GAS  /tmp/ccbMZjHA.s 			page 11


 468              		.syntax unified
 469              		.thumb
 470              		.thumb_func
 472              	_fork:
 473              	.LFB374:
 133:common/Src/syscalls.c **** 
 134:common/Src/syscalls.c **** int _fork(void) {
 474              		.loc 1 134 17 is_stmt 1 view -0
 475              		.cfi_startproc
 476              		@ args = 0, pretend = 0, frame = 0
 477              		@ frame_needed = 0, uses_anonymous_args = 0
 478 0000 08B5     		push	{r3, lr}
 479              	.LCFI7:
 480              		.cfi_def_cfa_offset 8
 481              		.cfi_offset 3, -8
 482              		.cfi_offset 14, -4
 135:common/Src/syscalls.c ****   errno = EAGAIN;
 483              		.loc 1 135 3 view .LVU97
 484 0002 FFF7FEFF 		bl	__errno
 485              	.LVL28:
 486              		.loc 1 135 9 is_stmt 0 discriminator 1 view .LVU98
 487 0006 0B23     		movs	r3, #11
 488 0008 0360     		str	r3, [r0]
 136:common/Src/syscalls.c ****   return -1;
 489              		.loc 1 136 3 is_stmt 1 view .LVU99
 137:common/Src/syscalls.c **** }
 490              		.loc 1 137 1 is_stmt 0 view .LVU100
 491 000a 4FF0FF30 		mov	r0, #-1
 492 000e 08BD     		pop	{r3, pc}
 493              		.cfi_endproc
 494              	.LFE374:
 496              		.section	.text._execve,"ax",%progbits
 497              		.align	1
 498              		.global	_execve
 499              		.syntax unified
 500              		.thumb
 501              		.thumb_func
 503              	_execve:
 504              	.LVL29:
 505              	.LFB375:
 138:common/Src/syscalls.c **** 
 139:common/Src/syscalls.c **** int _execve(char *name, char **argv, char **env) {
 506              		.loc 1 139 50 is_stmt 1 view -0
 507              		.cfi_startproc
 508              		@ args = 0, pretend = 0, frame = 0
 509              		@ frame_needed = 0, uses_anonymous_args = 0
 510              		.loc 1 139 50 is_stmt 0 view .LVU102
 511 0000 08B5     		push	{r3, lr}
 512              	.LCFI8:
 513              		.cfi_def_cfa_offset 8
 514              		.cfi_offset 3, -8
 515              		.cfi_offset 14, -4
 140:common/Src/syscalls.c ****   (void)name;
 516              		.loc 1 140 3 is_stmt 1 view .LVU103
 141:common/Src/syscalls.c ****   (void)argv;
 517              		.loc 1 141 3 view .LVU104
 142:common/Src/syscalls.c ****   (void)env;
ARM GAS  /tmp/ccbMZjHA.s 			page 12


 518              		.loc 1 142 3 view .LVU105
 143:common/Src/syscalls.c ****   errno = ENOMEM;
 519              		.loc 1 143 3 view .LVU106
 520 0002 FFF7FEFF 		bl	__errno
 521              	.LVL30:
 522              		.loc 1 143 9 is_stmt 0 discriminator 1 view .LVU107
 523 0006 0C23     		movs	r3, #12
 524 0008 0360     		str	r3, [r0]
 144:common/Src/syscalls.c ****   return -1;
 525              		.loc 1 144 3 is_stmt 1 view .LVU108
 145:common/Src/syscalls.c **** }
 526              		.loc 1 145 1 is_stmt 0 view .LVU109
 527 000a 4FF0FF30 		mov	r0, #-1
 528 000e 08BD     		pop	{r3, pc}
 529              		.cfi_endproc
 530              	.LFE375:
 532              		.global	environ
 533              		.section	.data.environ,"aw"
 534              		.align	2
 537              	environ:
 538 0000 00000000 		.word	__env
 539              		.global	__env
 540              		.section	.bss.__env,"aw",%nobits
 541              		.align	2
 544              	__env:
 545 0000 00000000 		.space	4
 546              		.text
 547              	.Letext0:
 548              		.file 2 "/usr/include/newlib/machine/_default_types.h"
 549              		.file 3 "/usr/include/newlib/sys/_types.h"
 550              		.file 4 "/usr/include/newlib/sys/_timeval.h"
 551              		.file 5 "/usr/include/newlib/sys/_timespec.h"
 552              		.file 6 "/usr/include/newlib/sys/types.h"
 553              		.file 7 "/usr/include/newlib/sys/stat.h"
 554              		.file 8 "/usr/include/newlib/sys/times.h"
 555              		.file 9 "/usr/include/newlib/sys/errno.h"
ARM GAS  /tmp/ccbMZjHA.s 			page 13


DEFINED SYMBOLS
                            *ABS*:00000000 syscalls.c
     /tmp/ccbMZjHA.s:21     .text._getpid:00000000 $t
     /tmp/ccbMZjHA.s:27     .text._getpid:00000000 _getpid
     /tmp/ccbMZjHA.s:42     .text._kill:00000000 $t
     /tmp/ccbMZjHA.s:48     .text._kill:00000000 _kill
     /tmp/ccbMZjHA.s:77     .text._exit:00000000 $t
     /tmp/ccbMZjHA.s:83     .text._exit:00000000 _exit
     /tmp/ccbMZjHA.s:110    .text._read:00000000 $t
     /tmp/ccbMZjHA.s:116    .text._read:00000000 _read
     /tmp/ccbMZjHA.s:137    .text._write:00000000 $t
     /tmp/ccbMZjHA.s:143    .text._write:00000000 _write
     /tmp/ccbMZjHA.s:164    .text._close:00000000 $t
     /tmp/ccbMZjHA.s:170    .text._close:00000000 _close
     /tmp/ccbMZjHA.s:189    .text._fstat:00000000 $t
     /tmp/ccbMZjHA.s:195    .text._fstat:00000000 _fstat
     /tmp/ccbMZjHA.s:218    .text._isatty:00000000 $t
     /tmp/ccbMZjHA.s:224    .text._isatty:00000000 _isatty
     /tmp/ccbMZjHA.s:243    .text._lseek:00000000 $t
     /tmp/ccbMZjHA.s:249    .text._lseek:00000000 _lseek
     /tmp/ccbMZjHA.s:270    .text._open:00000000 $t
     /tmp/ccbMZjHA.s:276    .text._open:00000000 _open
     /tmp/ccbMZjHA.s:309    .text._wait:00000000 $t
     /tmp/ccbMZjHA.s:315    .text._wait:00000000 _wait
     /tmp/ccbMZjHA.s:343    .text._unlink:00000000 $t
     /tmp/ccbMZjHA.s:349    .text._unlink:00000000 _unlink
     /tmp/ccbMZjHA.s:377    .text._times:00000000 $t
     /tmp/ccbMZjHA.s:383    .text._times:00000000 _times
     /tmp/ccbMZjHA.s:402    .text._stat:00000000 $t
     /tmp/ccbMZjHA.s:408    .text._stat:00000000 _stat
     /tmp/ccbMZjHA.s:431    .text._link:00000000 $t
     /tmp/ccbMZjHA.s:437    .text._link:00000000 _link
     /tmp/ccbMZjHA.s:466    .text._fork:00000000 $t
     /tmp/ccbMZjHA.s:472    .text._fork:00000000 _fork
     /tmp/ccbMZjHA.s:497    .text._execve:00000000 $t
     /tmp/ccbMZjHA.s:503    .text._execve:00000000 _execve
     /tmp/ccbMZjHA.s:537    .data.environ:00000000 environ
     /tmp/ccbMZjHA.s:534    .data.environ:00000000 $d
     /tmp/ccbMZjHA.s:544    .bss.__env:00000000 __env
     /tmp/ccbMZjHA.s:541    .bss.__env:00000000 $d

UNDEFINED SYMBOLS
__errno
