ARM GAS  /tmp/ccKue5OM.s 			page 1


   1              		.cpu cortex-m4
   2              		.arch armv7e-m
   3              		.fpu fpv4-sp-d16
   4              		.eabi_attribute 27, 1
   5              		.eabi_attribute 28, 1
   6              		.eabi_attribute 20, 1
   7              		.eabi_attribute 21, 1
   8              		.eabi_attribute 23, 3
   9              		.eabi_attribute 24, 1
  10              		.eabi_attribute 25, 1
  11              		.eabi_attribute 26, 1
  12              		.eabi_attribute 30, 1
  13              		.eabi_attribute 34, 1
  14              		.eabi_attribute 18, 4
  15              		.file	"system_stm32g4xx.c"
  16              		.text
  17              	.Ltext0:
  18              		.cfi_sections	.debug_frame
  19              		.file 1 "stm/stm32g4xx/system_stm32g4xx.c"
  20              		.section	.text.SystemInit,"ax",%progbits
  21              		.align	1
  22              		.global	SystemInit
  23              		.syntax unified
  24              		.thumb
  25              		.thumb_func
  27              	SystemInit:
  28              	.LFB329:
   1:stm/stm32g4xx/system_stm32g4xx.c **** /**
   2:stm/stm32g4xx/system_stm32g4xx.c ****   ******************************************************************************
   3:stm/stm32g4xx/system_stm32g4xx.c ****   * @file    system_stm32g4xx.c
   4:stm/stm32g4xx/system_stm32g4xx.c ****   * @author  MCD Application Team
   5:stm/stm32g4xx/system_stm32g4xx.c ****   * @brief   CMSIS Cortex-M4 Device Peripheral Access Layer System Source File
   6:stm/stm32g4xx/system_stm32g4xx.c ****   *
   7:stm/stm32g4xx/system_stm32g4xx.c ****   *   This file provides two functions and one global variable to be called from
   8:stm/stm32g4xx/system_stm32g4xx.c ****   *   user application:
   9:stm/stm32g4xx/system_stm32g4xx.c ****   *      - SystemInit(): This function is called at startup just after reset and
  10:stm/stm32g4xx/system_stm32g4xx.c ****   *                      before branch to main program. This call is made inside
  11:stm/stm32g4xx/system_stm32g4xx.c ****   *                      the "startup_stm32g4xx.s" file.
  12:stm/stm32g4xx/system_stm32g4xx.c ****   *
  13:stm/stm32g4xx/system_stm32g4xx.c ****   *      - SystemCoreClock variable: Contains the core clock (HCLK), it can be used
  14:stm/stm32g4xx/system_stm32g4xx.c ****   *                                  by the user application to setup the SysTick
  15:stm/stm32g4xx/system_stm32g4xx.c ****   *                                  timer or configure other parameters.
  16:stm/stm32g4xx/system_stm32g4xx.c ****   *
  17:stm/stm32g4xx/system_stm32g4xx.c ****   *      - SystemCoreClockUpdate(): Updates the variable SystemCoreClock and must
  18:stm/stm32g4xx/system_stm32g4xx.c ****   *                                 be called whenever the core clock is changed
  19:stm/stm32g4xx/system_stm32g4xx.c ****   *                                 during program execution.
  20:stm/stm32g4xx/system_stm32g4xx.c ****   *
  21:stm/stm32g4xx/system_stm32g4xx.c ****   *   After each device reset the HSI (16 MHz) is used as system clock source.
  22:stm/stm32g4xx/system_stm32g4xx.c ****   *   Then SystemInit() function is called, in "startup_stm32g4xx.s" file, to
  23:stm/stm32g4xx/system_stm32g4xx.c ****   *   configure the system clock before to branch to main program.
  24:stm/stm32g4xx/system_stm32g4xx.c ****   *
  25:stm/stm32g4xx/system_stm32g4xx.c ****   *   This file configures the system clock as follows:
  26:stm/stm32g4xx/system_stm32g4xx.c ****   *=============================================================================
  27:stm/stm32g4xx/system_stm32g4xx.c ****   *-----------------------------------------------------------------------------
  28:stm/stm32g4xx/system_stm32g4xx.c ****   *        System Clock source                    | HSI
  29:stm/stm32g4xx/system_stm32g4xx.c ****   *-----------------------------------------------------------------------------
  30:stm/stm32g4xx/system_stm32g4xx.c ****   *        SYSCLK(Hz)                             | 16000000
ARM GAS  /tmp/ccKue5OM.s 			page 2


  31:stm/stm32g4xx/system_stm32g4xx.c ****   *-----------------------------------------------------------------------------
  32:stm/stm32g4xx/system_stm32g4xx.c ****   *        HCLK(Hz)                               | 16000000
  33:stm/stm32g4xx/system_stm32g4xx.c ****   *-----------------------------------------------------------------------------
  34:stm/stm32g4xx/system_stm32g4xx.c ****   *        AHB Prescaler                          | 1
  35:stm/stm32g4xx/system_stm32g4xx.c ****   *-----------------------------------------------------------------------------
  36:stm/stm32g4xx/system_stm32g4xx.c ****   *        APB1 Prescaler                         | 1
  37:stm/stm32g4xx/system_stm32g4xx.c ****   *-----------------------------------------------------------------------------
  38:stm/stm32g4xx/system_stm32g4xx.c ****   *        APB2 Prescaler                         | 1
  39:stm/stm32g4xx/system_stm32g4xx.c ****   *-----------------------------------------------------------------------------
  40:stm/stm32g4xx/system_stm32g4xx.c ****   *        PLL_M                                  | 1
  41:stm/stm32g4xx/system_stm32g4xx.c ****   *-----------------------------------------------------------------------------
  42:stm/stm32g4xx/system_stm32g4xx.c ****   *        PLL_N                                  | 16
  43:stm/stm32g4xx/system_stm32g4xx.c ****   *-----------------------------------------------------------------------------
  44:stm/stm32g4xx/system_stm32g4xx.c ****   *        PLL_P                                  | 7
  45:stm/stm32g4xx/system_stm32g4xx.c ****   *-----------------------------------------------------------------------------
  46:stm/stm32g4xx/system_stm32g4xx.c ****   *        PLL_Q                                  | 2
  47:stm/stm32g4xx/system_stm32g4xx.c ****   *-----------------------------------------------------------------------------
  48:stm/stm32g4xx/system_stm32g4xx.c ****   *        PLL_R                                  | 2
  49:stm/stm32g4xx/system_stm32g4xx.c ****   *-----------------------------------------------------------------------------
  50:stm/stm32g4xx/system_stm32g4xx.c ****   *        Require 48MHz for RNG                  | Disabled
  51:stm/stm32g4xx/system_stm32g4xx.c ****   *-----------------------------------------------------------------------------
  52:stm/stm32g4xx/system_stm32g4xx.c ****   *=============================================================================
  53:stm/stm32g4xx/system_stm32g4xx.c ****   ******************************************************************************
  54:stm/stm32g4xx/system_stm32g4xx.c ****   * @attention
  55:stm/stm32g4xx/system_stm32g4xx.c ****   *
  56:stm/stm32g4xx/system_stm32g4xx.c ****   * Copyright (c) 2019 STMicroelectronics.
  57:stm/stm32g4xx/system_stm32g4xx.c ****   * All rights reserved.
  58:stm/stm32g4xx/system_stm32g4xx.c ****   *
  59:stm/stm32g4xx/system_stm32g4xx.c ****   * This software is licensed under terms that can be found in the LICENSE file
  60:stm/stm32g4xx/system_stm32g4xx.c ****   * in the root directory of this software component.
  61:stm/stm32g4xx/system_stm32g4xx.c ****   * If no LICENSE file comes with this software, it is provided AS-IS.
  62:stm/stm32g4xx/system_stm32g4xx.c ****   *
  63:stm/stm32g4xx/system_stm32g4xx.c ****   ******************************************************************************
  64:stm/stm32g4xx/system_stm32g4xx.c ****   */
  65:stm/stm32g4xx/system_stm32g4xx.c **** 
  66:stm/stm32g4xx/system_stm32g4xx.c **** /** @addtogroup CMSIS
  67:stm/stm32g4xx/system_stm32g4xx.c ****   * @{
  68:stm/stm32g4xx/system_stm32g4xx.c ****   */
  69:stm/stm32g4xx/system_stm32g4xx.c **** 
  70:stm/stm32g4xx/system_stm32g4xx.c **** /** @addtogroup stm32g4xx_system
  71:stm/stm32g4xx/system_stm32g4xx.c ****   * @{
  72:stm/stm32g4xx/system_stm32g4xx.c ****   */
  73:stm/stm32g4xx/system_stm32g4xx.c **** 
  74:stm/stm32g4xx/system_stm32g4xx.c **** /** @addtogroup STM32G4xx_System_Private_Includes
  75:stm/stm32g4xx/system_stm32g4xx.c ****   * @{
  76:stm/stm32g4xx/system_stm32g4xx.c ****   */
  77:stm/stm32g4xx/system_stm32g4xx.c **** 
  78:stm/stm32g4xx/system_stm32g4xx.c **** #include "stm32g4xx.h"
  79:stm/stm32g4xx/system_stm32g4xx.c **** 
  80:stm/stm32g4xx/system_stm32g4xx.c **** #if !defined  (HSE_VALUE)
  81:stm/stm32g4xx/system_stm32g4xx.c ****   #define HSE_VALUE     24000000U /*!< Value of the External oscillator in Hz */
  82:stm/stm32g4xx/system_stm32g4xx.c **** #endif /* HSE_VALUE */
  83:stm/stm32g4xx/system_stm32g4xx.c **** 
  84:stm/stm32g4xx/system_stm32g4xx.c **** #if !defined  (HSI_VALUE)
  85:stm/stm32g4xx/system_stm32g4xx.c ****   #define HSI_VALUE    16000000U /*!< Value of the Internal oscillator in Hz*/
  86:stm/stm32g4xx/system_stm32g4xx.c **** #endif /* HSI_VALUE */
  87:stm/stm32g4xx/system_stm32g4xx.c **** 
ARM GAS  /tmp/ccKue5OM.s 			page 3


  88:stm/stm32g4xx/system_stm32g4xx.c **** /**
  89:stm/stm32g4xx/system_stm32g4xx.c ****   * @}
  90:stm/stm32g4xx/system_stm32g4xx.c ****   */
  91:stm/stm32g4xx/system_stm32g4xx.c **** 
  92:stm/stm32g4xx/system_stm32g4xx.c **** /** @addtogroup STM32G4xx_System_Private_TypesDefinitions
  93:stm/stm32g4xx/system_stm32g4xx.c ****   * @{
  94:stm/stm32g4xx/system_stm32g4xx.c ****   */
  95:stm/stm32g4xx/system_stm32g4xx.c **** 
  96:stm/stm32g4xx/system_stm32g4xx.c **** /**
  97:stm/stm32g4xx/system_stm32g4xx.c ****   * @}
  98:stm/stm32g4xx/system_stm32g4xx.c ****   */
  99:stm/stm32g4xx/system_stm32g4xx.c **** 
 100:stm/stm32g4xx/system_stm32g4xx.c **** /** @addtogroup STM32G4xx_System_Private_Defines
 101:stm/stm32g4xx/system_stm32g4xx.c ****   * @{
 102:stm/stm32g4xx/system_stm32g4xx.c ****   */
 103:stm/stm32g4xx/system_stm32g4xx.c **** 
 104:stm/stm32g4xx/system_stm32g4xx.c **** /************************* Miscellaneous Configuration ************************/
 105:stm/stm32g4xx/system_stm32g4xx.c **** /*!< Uncomment the following line if you need to relocate your vector Table in
 106:stm/stm32g4xx/system_stm32g4xx.c ****      Internal SRAM. */
 107:stm/stm32g4xx/system_stm32g4xx.c **** /* #define VECT_TAB_SRAM */
 108:stm/stm32g4xx/system_stm32g4xx.c **** #define VECT_TAB_OFFSET  0x00UL /*!< Vector Table base offset field.
 109:stm/stm32g4xx/system_stm32g4xx.c ****                                    This value must be a multiple of 0x200. */
 110:stm/stm32g4xx/system_stm32g4xx.c **** /******************************************************************************/
 111:stm/stm32g4xx/system_stm32g4xx.c **** /**
 112:stm/stm32g4xx/system_stm32g4xx.c ****   * @}
 113:stm/stm32g4xx/system_stm32g4xx.c ****   */
 114:stm/stm32g4xx/system_stm32g4xx.c **** 
 115:stm/stm32g4xx/system_stm32g4xx.c **** /** @addtogroup STM32G4xx_System_Private_Macros
 116:stm/stm32g4xx/system_stm32g4xx.c ****   * @{
 117:stm/stm32g4xx/system_stm32g4xx.c ****   */
 118:stm/stm32g4xx/system_stm32g4xx.c **** 
 119:stm/stm32g4xx/system_stm32g4xx.c **** /**
 120:stm/stm32g4xx/system_stm32g4xx.c ****   * @}
 121:stm/stm32g4xx/system_stm32g4xx.c ****   */
 122:stm/stm32g4xx/system_stm32g4xx.c **** 
 123:stm/stm32g4xx/system_stm32g4xx.c **** /** @addtogroup STM32G4xx_System_Private_Variables
 124:stm/stm32g4xx/system_stm32g4xx.c ****   * @{
 125:stm/stm32g4xx/system_stm32g4xx.c ****   */
 126:stm/stm32g4xx/system_stm32g4xx.c ****   /* The SystemCoreClock variable is updated in three ways:
 127:stm/stm32g4xx/system_stm32g4xx.c ****       1) by calling CMSIS function SystemCoreClockUpdate()
 128:stm/stm32g4xx/system_stm32g4xx.c ****       2) by calling HAL API function HAL_RCC_GetHCLKFreq()
 129:stm/stm32g4xx/system_stm32g4xx.c ****       3) each time HAL_RCC_ClockConfig() is called to configure the system clock frequency
 130:stm/stm32g4xx/system_stm32g4xx.c ****          Note: If you use this function to configure the system clock; then there
 131:stm/stm32g4xx/system_stm32g4xx.c ****                is no need to call the 2 first functions listed above, since SystemCoreClock
 132:stm/stm32g4xx/system_stm32g4xx.c ****                variable is updated automatically.
 133:stm/stm32g4xx/system_stm32g4xx.c ****   */
 134:stm/stm32g4xx/system_stm32g4xx.c ****   uint32_t SystemCoreClock = HSI_VALUE;
 135:stm/stm32g4xx/system_stm32g4xx.c **** 
 136:stm/stm32g4xx/system_stm32g4xx.c ****   const uint8_t AHBPrescTable[16] = {0U, 0U, 0U, 0U, 0U, 0U, 0U, 0U, 1U, 2U, 3U, 4U, 6U, 7U, 8U, 9U
 137:stm/stm32g4xx/system_stm32g4xx.c ****   const uint8_t APBPrescTable[8] =  {0U, 0U, 0U, 0U, 1U, 2U, 3U, 4U};
 138:stm/stm32g4xx/system_stm32g4xx.c **** 
 139:stm/stm32g4xx/system_stm32g4xx.c **** /**
 140:stm/stm32g4xx/system_stm32g4xx.c ****   * @}
 141:stm/stm32g4xx/system_stm32g4xx.c ****   */
 142:stm/stm32g4xx/system_stm32g4xx.c **** 
 143:stm/stm32g4xx/system_stm32g4xx.c **** /** @addtogroup STM32G4xx_System_Private_FunctionPrototypes
 144:stm/stm32g4xx/system_stm32g4xx.c ****   * @{
ARM GAS  /tmp/ccKue5OM.s 			page 4


 145:stm/stm32g4xx/system_stm32g4xx.c ****   */
 146:stm/stm32g4xx/system_stm32g4xx.c **** 
 147:stm/stm32g4xx/system_stm32g4xx.c **** /**
 148:stm/stm32g4xx/system_stm32g4xx.c ****   * @}
 149:stm/stm32g4xx/system_stm32g4xx.c ****   */
 150:stm/stm32g4xx/system_stm32g4xx.c **** 
 151:stm/stm32g4xx/system_stm32g4xx.c **** /** @addtogroup STM32G4xx_System_Private_Functions
 152:stm/stm32g4xx/system_stm32g4xx.c ****   * @{
 153:stm/stm32g4xx/system_stm32g4xx.c ****   */
 154:stm/stm32g4xx/system_stm32g4xx.c **** 
 155:stm/stm32g4xx/system_stm32g4xx.c **** /**
 156:stm/stm32g4xx/system_stm32g4xx.c ****   * @brief  Setup the microcontroller system.
 157:stm/stm32g4xx/system_stm32g4xx.c ****   * @param  None
 158:stm/stm32g4xx/system_stm32g4xx.c ****   * @retval None
 159:stm/stm32g4xx/system_stm32g4xx.c ****   */
 160:stm/stm32g4xx/system_stm32g4xx.c **** 
 161:stm/stm32g4xx/system_stm32g4xx.c **** void SystemInit(void)
 162:stm/stm32g4xx/system_stm32g4xx.c **** {
  29              		.loc 1 162 1 view -0
  30              		.cfi_startproc
  31              		@ args = 0, pretend = 0, frame = 0
  32              		@ frame_needed = 0, uses_anonymous_args = 0
  33              		@ link register save eliminated.
 163:stm/stm32g4xx/system_stm32g4xx.c ****   /* FPU settings ------------------------------------------------------------*/
 164:stm/stm32g4xx/system_stm32g4xx.c ****   #if (__FPU_PRESENT == 1) && (__FPU_USED == 1)
 165:stm/stm32g4xx/system_stm32g4xx.c ****     SCB->CPACR |= ((3UL << (10*2))|(3UL << (11*2)));  /* set CP10 and CP11 Full Access */
  34              		.loc 1 165 5 view .LVU1
  35              		.loc 1 165 8 is_stmt 0 view .LVU2
  36 0000 054B     		ldr	r3, .L2
  37 0002 D3F88820 		ldr	r2, [r3, #136]
  38              		.loc 1 165 16 view .LVU3
  39 0006 42F47002 		orr	r2, r2, #15728640
  40 000a C3F88820 		str	r2, [r3, #136]
 166:stm/stm32g4xx/system_stm32g4xx.c ****   #endif
 167:stm/stm32g4xx/system_stm32g4xx.c **** 
 168:stm/stm32g4xx/system_stm32g4xx.c ****   /* Configure the Vector Table location add offset address ------------------*/
 169:stm/stm32g4xx/system_stm32g4xx.c **** #ifdef VECT_TAB_SRAM
 170:stm/stm32g4xx/system_stm32g4xx.c ****   SCB->VTOR = SRAM_BASE | VECT_TAB_OFFSET; /* Vector Table Relocation in Internal SRAM */
 171:stm/stm32g4xx/system_stm32g4xx.c **** #else
 172:stm/stm32g4xx/system_stm32g4xx.c ****   SCB->VTOR = FLASH_BASE | VECT_TAB_OFFSET; /* Vector Table Relocation in Internal FLASH */
  41              		.loc 1 172 3 is_stmt 1 view .LVU4
  42              		.loc 1 172 13 is_stmt 0 view .LVU5
  43 000e 4FF00062 		mov	r2, #134217728
  44 0012 9A60     		str	r2, [r3, #8]
 173:stm/stm32g4xx/system_stm32g4xx.c **** #endif
 174:stm/stm32g4xx/system_stm32g4xx.c **** }
  45              		.loc 1 174 1 view .LVU6
  46 0014 7047     		bx	lr
  47              	.L3:
  48 0016 00BF     		.align	2
  49              	.L2:
  50 0018 00ED00E0 		.word	-536810240
  51              		.cfi_endproc
  52              	.LFE329:
  54              		.section	.text.SystemCoreClockUpdate,"ax",%progbits
  55              		.align	1
  56              		.global	SystemCoreClockUpdate
ARM GAS  /tmp/ccKue5OM.s 			page 5


  57              		.syntax unified
  58              		.thumb
  59              		.thumb_func
  61              	SystemCoreClockUpdate:
  62              	.LFB330:
 175:stm/stm32g4xx/system_stm32g4xx.c **** 
 176:stm/stm32g4xx/system_stm32g4xx.c **** /**
 177:stm/stm32g4xx/system_stm32g4xx.c ****   * @brief  Update SystemCoreClock variable according to Clock Register Values.
 178:stm/stm32g4xx/system_stm32g4xx.c ****   *         The SystemCoreClock variable contains the core clock (HCLK), it can
 179:stm/stm32g4xx/system_stm32g4xx.c ****   *         be used by the user application to setup the SysTick timer or configure
 180:stm/stm32g4xx/system_stm32g4xx.c ****   *         other parameters.
 181:stm/stm32g4xx/system_stm32g4xx.c ****   *
 182:stm/stm32g4xx/system_stm32g4xx.c ****   * @note   Each time the core clock (HCLK) changes, this function must be called
 183:stm/stm32g4xx/system_stm32g4xx.c ****   *         to update SystemCoreClock variable value. Otherwise, any configuration
 184:stm/stm32g4xx/system_stm32g4xx.c ****   *         based on this variable will be incorrect.
 185:stm/stm32g4xx/system_stm32g4xx.c ****   *
 186:stm/stm32g4xx/system_stm32g4xx.c ****   * @note   - The system frequency computed by this function is not the real
 187:stm/stm32g4xx/system_stm32g4xx.c ****   *           frequency in the chip. It is calculated based on the predefined
 188:stm/stm32g4xx/system_stm32g4xx.c ****   *           constant and the selected clock source:
 189:stm/stm32g4xx/system_stm32g4xx.c ****   *
 190:stm/stm32g4xx/system_stm32g4xx.c ****   *           - If SYSCLK source is HSI, SystemCoreClock will contain the HSI_VALUE(**)
 191:stm/stm32g4xx/system_stm32g4xx.c ****   *
 192:stm/stm32g4xx/system_stm32g4xx.c ****   *           - If SYSCLK source is HSE, SystemCoreClock will contain the HSE_VALUE(***)
 193:stm/stm32g4xx/system_stm32g4xx.c ****   *
 194:stm/stm32g4xx/system_stm32g4xx.c ****   *           - If SYSCLK source is PLL, SystemCoreClock will contain the HSE_VALUE(***)
 195:stm/stm32g4xx/system_stm32g4xx.c ****   *             or HSI_VALUE(*) multiplied/divided by the PLL factors.
 196:stm/stm32g4xx/system_stm32g4xx.c ****   *
 197:stm/stm32g4xx/system_stm32g4xx.c ****   *         (**) HSI_VALUE is a constant defined in stm32g4xx_hal.h file (default value
 198:stm/stm32g4xx/system_stm32g4xx.c ****   *              16 MHz) but the real value may vary depending on the variations
 199:stm/stm32g4xx/system_stm32g4xx.c ****   *              in voltage and temperature.
 200:stm/stm32g4xx/system_stm32g4xx.c ****   *
 201:stm/stm32g4xx/system_stm32g4xx.c ****   *         (***) HSE_VALUE is a constant defined in stm32g4xx_hal.h file (default value
 202:stm/stm32g4xx/system_stm32g4xx.c ****   *              24 MHz), user has to ensure that HSE_VALUE is same as the real
 203:stm/stm32g4xx/system_stm32g4xx.c ****   *              frequency of the crystal used. Otherwise, this function may
 204:stm/stm32g4xx/system_stm32g4xx.c ****   *              have wrong result.
 205:stm/stm32g4xx/system_stm32g4xx.c ****   *
 206:stm/stm32g4xx/system_stm32g4xx.c ****   *         - The result of this function could be not correct when using fractional
 207:stm/stm32g4xx/system_stm32g4xx.c ****   *           value for HSE crystal.
 208:stm/stm32g4xx/system_stm32g4xx.c ****   *
 209:stm/stm32g4xx/system_stm32g4xx.c ****   * @param  None
 210:stm/stm32g4xx/system_stm32g4xx.c ****   * @retval None
 211:stm/stm32g4xx/system_stm32g4xx.c ****   */
 212:stm/stm32g4xx/system_stm32g4xx.c **** void SystemCoreClockUpdate(void)
 213:stm/stm32g4xx/system_stm32g4xx.c **** {
  63              		.loc 1 213 1 is_stmt 1 view -0
  64              		.cfi_startproc
  65              		@ args = 0, pretend = 0, frame = 0
  66              		@ frame_needed = 0, uses_anonymous_args = 0
  67              		@ link register save eliminated.
 214:stm/stm32g4xx/system_stm32g4xx.c ****   uint32_t tmp, pllvco, pllr, pllsource, pllm;
  68              		.loc 1 214 3 view .LVU8
 215:stm/stm32g4xx/system_stm32g4xx.c **** 
 216:stm/stm32g4xx/system_stm32g4xx.c ****   /* Get SYSCLK source -------------------------------------------------------*/
 217:stm/stm32g4xx/system_stm32g4xx.c ****   switch (RCC->CFGR & RCC_CFGR_SWS)
  69              		.loc 1 217 3 view .LVU9
  70              		.loc 1 217 14 is_stmt 0 view .LVU10
  71 0000 1E4B     		ldr	r3, .L11
ARM GAS  /tmp/ccKue5OM.s 			page 6


  72 0002 9B68     		ldr	r3, [r3, #8]
  73              		.loc 1 217 21 view .LVU11
  74 0004 03F00C03 		and	r3, r3, #12
  75              		.loc 1 217 3 view .LVU12
  76 0008 082B     		cmp	r3, #8
  77 000a 11D0     		beq	.L5
  78 000c 0C2B     		cmp	r3, #12
  79 000e 13D0     		beq	.L6
  80 0010 042B     		cmp	r3, #4
  81 0012 02D1     		bne	.L7
 218:stm/stm32g4xx/system_stm32g4xx.c ****   {
 219:stm/stm32g4xx/system_stm32g4xx.c ****     case 0x04:  /* HSI used as system clock source */
 220:stm/stm32g4xx/system_stm32g4xx.c ****       SystemCoreClock = HSI_VALUE;
  82              		.loc 1 220 7 is_stmt 1 view .LVU13
  83              		.loc 1 220 23 is_stmt 0 view .LVU14
  84 0014 1A4B     		ldr	r3, .L11+4
  85 0016 1B4A     		ldr	r2, .L11+8
  86 0018 1A60     		str	r2, [r3]
 221:stm/stm32g4xx/system_stm32g4xx.c ****       break;
  87              		.loc 1 221 7 is_stmt 1 view .LVU15
  88              	.L7:
 222:stm/stm32g4xx/system_stm32g4xx.c **** 
 223:stm/stm32g4xx/system_stm32g4xx.c ****     case 0x08:  /* HSE used as system clock source */
 224:stm/stm32g4xx/system_stm32g4xx.c ****       SystemCoreClock = HSE_VALUE;
 225:stm/stm32g4xx/system_stm32g4xx.c ****       break;
 226:stm/stm32g4xx/system_stm32g4xx.c **** 
 227:stm/stm32g4xx/system_stm32g4xx.c ****     case 0x0C:  /* PLL used as system clock  source */
 228:stm/stm32g4xx/system_stm32g4xx.c ****       /* PLL_VCO = (HSE_VALUE or HSI_VALUE / PLLM) * PLLN
 229:stm/stm32g4xx/system_stm32g4xx.c ****          SYSCLK = PLL_VCO / PLLR
 230:stm/stm32g4xx/system_stm32g4xx.c ****          */
 231:stm/stm32g4xx/system_stm32g4xx.c ****       pllsource = (RCC->PLLCFGR & RCC_PLLCFGR_PLLSRC);
 232:stm/stm32g4xx/system_stm32g4xx.c ****       pllm = ((RCC->PLLCFGR & RCC_PLLCFGR_PLLM) >> 4) + 1U ;
 233:stm/stm32g4xx/system_stm32g4xx.c ****       if (pllsource == 0x02UL) /* HSI used as PLL clock source */
 234:stm/stm32g4xx/system_stm32g4xx.c ****       {
 235:stm/stm32g4xx/system_stm32g4xx.c ****         pllvco = (HSI_VALUE / pllm);
 236:stm/stm32g4xx/system_stm32g4xx.c ****       }
 237:stm/stm32g4xx/system_stm32g4xx.c ****       else                   /* HSE used as PLL clock source */
 238:stm/stm32g4xx/system_stm32g4xx.c ****       {
 239:stm/stm32g4xx/system_stm32g4xx.c ****         pllvco = (HSE_VALUE / pllm);
 240:stm/stm32g4xx/system_stm32g4xx.c ****       }
 241:stm/stm32g4xx/system_stm32g4xx.c ****       pllvco = pllvco * ((RCC->PLLCFGR & RCC_PLLCFGR_PLLN) >> 8);
 242:stm/stm32g4xx/system_stm32g4xx.c ****       pllr = (((RCC->PLLCFGR & RCC_PLLCFGR_PLLR) >> 25) + 1U) * 2U;
 243:stm/stm32g4xx/system_stm32g4xx.c ****       SystemCoreClock = pllvco/pllr;
 244:stm/stm32g4xx/system_stm32g4xx.c ****       break;
 245:stm/stm32g4xx/system_stm32g4xx.c **** 
 246:stm/stm32g4xx/system_stm32g4xx.c ****     default:
 247:stm/stm32g4xx/system_stm32g4xx.c ****       break;
 248:stm/stm32g4xx/system_stm32g4xx.c ****   }
 249:stm/stm32g4xx/system_stm32g4xx.c ****   /* Compute HCLK clock frequency --------------------------------------------*/
 250:stm/stm32g4xx/system_stm32g4xx.c ****   /* Get HCLK prescaler */
 251:stm/stm32g4xx/system_stm32g4xx.c ****   tmp = AHBPrescTable[((RCC->CFGR & RCC_CFGR_HPRE) >> 4)];
  89              		.loc 1 251 3 view .LVU16
  90              		.loc 1 251 28 is_stmt 0 view .LVU17
  91 001a 184B     		ldr	r3, .L11
  92 001c 9B68     		ldr	r3, [r3, #8]
  93              		.loc 1 251 52 view .LVU18
  94 001e C3F30313 		ubfx	r3, r3, #4, #4
ARM GAS  /tmp/ccKue5OM.s 			page 7


  95              		.loc 1 251 22 view .LVU19
  96 0022 194A     		ldr	r2, .L11+12
  97 0024 D15C     		ldrb	r1, [r2, r3]	@ zero_extendqisi2
  98              	.LVL0:
 252:stm/stm32g4xx/system_stm32g4xx.c ****   /* HCLK clock frequency */
 253:stm/stm32g4xx/system_stm32g4xx.c ****   SystemCoreClock >>= tmp;
  99              		.loc 1 253 3 is_stmt 1 view .LVU20
 100              		.loc 1 253 19 is_stmt 0 view .LVU21
 101 0026 164A     		ldr	r2, .L11+4
 102 0028 1368     		ldr	r3, [r2]
 103 002a CB40     		lsrs	r3, r3, r1
 104 002c 1360     		str	r3, [r2]
 254:stm/stm32g4xx/system_stm32g4xx.c **** }
 105              		.loc 1 254 1 view .LVU22
 106 002e 7047     		bx	lr
 107              	.LVL1:
 108              	.L5:
 224:stm/stm32g4xx/system_stm32g4xx.c ****       break;
 109              		.loc 1 224 7 is_stmt 1 view .LVU23
 224:stm/stm32g4xx/system_stm32g4xx.c ****       break;
 110              		.loc 1 224 23 is_stmt 0 view .LVU24
 111 0030 134B     		ldr	r3, .L11+4
 112 0032 164A     		ldr	r2, .L11+16
 113 0034 1A60     		str	r2, [r3]
 225:stm/stm32g4xx/system_stm32g4xx.c **** 
 114              		.loc 1 225 7 is_stmt 1 view .LVU25
 115 0036 F0E7     		b	.L7
 116              	.L6:
 231:stm/stm32g4xx/system_stm32g4xx.c ****       pllm = ((RCC->PLLCFGR & RCC_PLLCFGR_PLLM) >> 4) + 1U ;
 117              		.loc 1 231 7 view .LVU26
 231:stm/stm32g4xx/system_stm32g4xx.c ****       pllm = ((RCC->PLLCFGR & RCC_PLLCFGR_PLLM) >> 4) + 1U ;
 118              		.loc 1 231 23 is_stmt 0 view .LVU27
 119 0038 104A     		ldr	r2, .L11
 120 003a D368     		ldr	r3, [r2, #12]
 231:stm/stm32g4xx/system_stm32g4xx.c ****       pllm = ((RCC->PLLCFGR & RCC_PLLCFGR_PLLM) >> 4) + 1U ;
 121              		.loc 1 231 17 view .LVU28
 122 003c 03F00303 		and	r3, r3, #3
 123              	.LVL2:
 232:stm/stm32g4xx/system_stm32g4xx.c ****       if (pllsource == 0x02UL) /* HSI used as PLL clock source */
 124              		.loc 1 232 7 is_stmt 1 view .LVU29
 232:stm/stm32g4xx/system_stm32g4xx.c ****       if (pllsource == 0x02UL) /* HSI used as PLL clock source */
 125              		.loc 1 232 19 is_stmt 0 view .LVU30
 126 0040 D268     		ldr	r2, [r2, #12]
 232:stm/stm32g4xx/system_stm32g4xx.c ****       if (pllsource == 0x02UL) /* HSI used as PLL clock source */
 127              		.loc 1 232 49 view .LVU31
 128 0042 C2F30312 		ubfx	r2, r2, #4, #4
 232:stm/stm32g4xx/system_stm32g4xx.c ****       if (pllsource == 0x02UL) /* HSI used as PLL clock source */
 129              		.loc 1 232 12 view .LVU32
 130 0046 0132     		adds	r2, r2, #1
 131              	.LVL3:
 233:stm/stm32g4xx/system_stm32g4xx.c ****       {
 132              		.loc 1 233 7 is_stmt 1 view .LVU33
 233:stm/stm32g4xx/system_stm32g4xx.c ****       {
 133              		.loc 1 233 10 is_stmt 0 view .LVU34
 134 0048 022B     		cmp	r3, #2
 135 004a 12D0     		beq	.L10
 239:stm/stm32g4xx/system_stm32g4xx.c ****       }
ARM GAS  /tmp/ccKue5OM.s 			page 8


 136              		.loc 1 239 9 is_stmt 1 view .LVU35
 239:stm/stm32g4xx/system_stm32g4xx.c ****       }
 137              		.loc 1 239 16 is_stmt 0 view .LVU36
 138 004c 0F4B     		ldr	r3, .L11+16
 139              	.LVL4:
 239:stm/stm32g4xx/system_stm32g4xx.c ****       }
 140              		.loc 1 239 16 view .LVU37
 141 004e B3FBF2F2 		udiv	r2, r3, r2
 142              	.LVL5:
 143              	.L9:
 241:stm/stm32g4xx/system_stm32g4xx.c ****       pllr = (((RCC->PLLCFGR & RCC_PLLCFGR_PLLR) >> 25) + 1U) * 2U;
 144              		.loc 1 241 7 is_stmt 1 view .LVU38
 241:stm/stm32g4xx/system_stm32g4xx.c ****       pllr = (((RCC->PLLCFGR & RCC_PLLCFGR_PLLR) >> 25) + 1U) * 2U;
 145              		.loc 1 241 30 is_stmt 0 view .LVU39
 146 0052 0A49     		ldr	r1, .L11
 147 0054 CB68     		ldr	r3, [r1, #12]
 241:stm/stm32g4xx/system_stm32g4xx.c ****       pllr = (((RCC->PLLCFGR & RCC_PLLCFGR_PLLR) >> 25) + 1U) * 2U;
 148              		.loc 1 241 60 view .LVU40
 149 0056 C3F30623 		ubfx	r3, r3, #8, #7
 241:stm/stm32g4xx/system_stm32g4xx.c ****       pllr = (((RCC->PLLCFGR & RCC_PLLCFGR_PLLR) >> 25) + 1U) * 2U;
 150              		.loc 1 241 14 view .LVU41
 151 005a 02FB03F3 		mul	r3, r2, r3
 152              	.LVL6:
 242:stm/stm32g4xx/system_stm32g4xx.c ****       SystemCoreClock = pllvco/pllr;
 153              		.loc 1 242 7 is_stmt 1 view .LVU42
 242:stm/stm32g4xx/system_stm32g4xx.c ****       SystemCoreClock = pllvco/pllr;
 154              		.loc 1 242 20 is_stmt 0 view .LVU43
 155 005e CA68     		ldr	r2, [r1, #12]
 242:stm/stm32g4xx/system_stm32g4xx.c ****       SystemCoreClock = pllvco/pllr;
 156              		.loc 1 242 50 view .LVU44
 157 0060 C2F34162 		ubfx	r2, r2, #25, #2
 242:stm/stm32g4xx/system_stm32g4xx.c ****       SystemCoreClock = pllvco/pllr;
 158              		.loc 1 242 57 view .LVU45
 159 0064 0132     		adds	r2, r2, #1
 242:stm/stm32g4xx/system_stm32g4xx.c ****       SystemCoreClock = pllvco/pllr;
 160              		.loc 1 242 12 view .LVU46
 161 0066 5200     		lsls	r2, r2, #1
 162              	.LVL7:
 243:stm/stm32g4xx/system_stm32g4xx.c ****       break;
 163              		.loc 1 243 7 is_stmt 1 view .LVU47
 243:stm/stm32g4xx/system_stm32g4xx.c ****       break;
 164              		.loc 1 243 31 is_stmt 0 view .LVU48
 165 0068 B3FBF2F3 		udiv	r3, r3, r2
 166              	.LVL8:
 243:stm/stm32g4xx/system_stm32g4xx.c ****       break;
 167              		.loc 1 243 23 view .LVU49
 168 006c 044A     		ldr	r2, .L11+4
 169              	.LVL9:
 243:stm/stm32g4xx/system_stm32g4xx.c ****       break;
 170              		.loc 1 243 23 view .LVU50
 171 006e 1360     		str	r3, [r2]
 244:stm/stm32g4xx/system_stm32g4xx.c **** 
 172              		.loc 1 244 7 is_stmt 1 view .LVU51
 173 0070 D3E7     		b	.L7
 174              	.LVL10:
 175              	.L10:
 235:stm/stm32g4xx/system_stm32g4xx.c ****       }
ARM GAS  /tmp/ccKue5OM.s 			page 9


 176              		.loc 1 235 9 view .LVU52
 235:stm/stm32g4xx/system_stm32g4xx.c ****       }
 177              		.loc 1 235 16 is_stmt 0 view .LVU53
 178 0072 044B     		ldr	r3, .L11+8
 179              	.LVL11:
 235:stm/stm32g4xx/system_stm32g4xx.c ****       }
 180              		.loc 1 235 16 view .LVU54
 181 0074 B3FBF2F2 		udiv	r2, r3, r2
 182              	.LVL12:
 235:stm/stm32g4xx/system_stm32g4xx.c ****       }
 183              		.loc 1 235 16 view .LVU55
 184 0078 EBE7     		b	.L9
 185              	.L12:
 186 007a 00BF     		.align	2
 187              	.L11:
 188 007c 00100240 		.word	1073876992
 189 0080 00000000 		.word	SystemCoreClock
 190 0084 0024F400 		.word	16000000
 191 0088 00000000 		.word	AHBPrescTable
 192 008c 00127A00 		.word	8000000
 193              		.cfi_endproc
 194              	.LFE330:
 196              		.global	APBPrescTable
 197              		.section	.rodata.APBPrescTable,"a"
 198              		.align	2
 201              	APBPrescTable:
 202 0000 00000000 		.ascii	"\000\000\000\000\001\002\003\004"
 202      01020304 
 203              		.global	AHBPrescTable
 204              		.section	.rodata.AHBPrescTable,"a"
 205              		.align	2
 208              	AHBPrescTable:
 209 0000 00000000 		.ascii	"\000\000\000\000\000\000\000\000\001\002\003\004\006"
 209      00000000 
 209      01020304 
 209      06
 210 000d 070809   		.ascii	"\007\010\011"
 211              		.global	SystemCoreClock
 212              		.section	.data.SystemCoreClock,"aw"
 213              		.align	2
 216              	SystemCoreClock:
 217 0000 0024F400 		.word	16000000
 218              		.text
 219              	.Letext0:
 220              		.file 2 "/usr/lib/gcc/arm-none-eabi/13.2.1/include/stdint.h"
 221              		.file 3 "stm/stm32g4xx/CMSIS/Include/core_cm4.h"
 222              		.file 4 "stm/stm32g4xx/CMSIS/Device/ST/STM32G4xx/Include/system_stm32g4xx.h"
 223              		.file 5 "stm/stm32g4xx/CMSIS/Device/ST/STM32G4xx/Include/stm32g473xx.h"
ARM GAS  /tmp/ccKue5OM.s 			page 10


DEFINED SYMBOLS
                            *ABS*:00000000 system_stm32g4xx.c
     /tmp/ccKue5OM.s:21     .text.SystemInit:00000000 $t
     /tmp/ccKue5OM.s:27     .text.SystemInit:00000000 SystemInit
     /tmp/ccKue5OM.s:50     .text.SystemInit:00000018 $d
     /tmp/ccKue5OM.s:55     .text.SystemCoreClockUpdate:00000000 $t
     /tmp/ccKue5OM.s:61     .text.SystemCoreClockUpdate:00000000 SystemCoreClockUpdate
     /tmp/ccKue5OM.s:188    .text.SystemCoreClockUpdate:0000007c $d
     /tmp/ccKue5OM.s:216    .data.SystemCoreClock:00000000 SystemCoreClock
     /tmp/ccKue5OM.s:208    .rodata.AHBPrescTable:00000000 AHBPrescTable
     /tmp/ccKue5OM.s:201    .rodata.APBPrescTable:00000000 APBPrescTable
     /tmp/ccKue5OM.s:198    .rodata.APBPrescTable:00000000 $d
     /tmp/ccKue5OM.s:205    .rodata.AHBPrescTable:00000000 $d
     /tmp/ccKue5OM.s:213    .data.SystemCoreClock:00000000 $d

NO UNDEFINED SYMBOLS
