ARM GAS  /tmp/cctVDNYP.s 			page 1


   1              		.cpu cortex-m4
   2              		.arch armv7e-m
   3              		.fpu fpv4-sp-d16
   4              		.eabi_attribute 27, 1
   5              		.eabi_attribute 28, 1
   6              		.eabi_attribute 20, 1
   7              		.eabi_attribute 21, 1
   8              		.eabi_attribute 23, 3
   9              		.eabi_attribute 24, 1
  10              		.eabi_attribute 25, 1
  11              		.eabi_attribute 26, 1
  12              		.eabi_attribute 30, 1
  13              		.eabi_attribute 34, 1
  14              		.eabi_attribute 18, 4
  15              		.file	"Task3.c"
  16              		.text
  17              	.Ltext0:
  18              		.cfi_sections	.debug_frame
  19              		.file 1 "/home/pani_/LHRS/VCAT-Dashboard/firmware/tasks/Src/Task3.c"
  20              		.section	.text.ReadSteeringAngCAN_task,"ax",%progbits
  21              		.align	1
  22              		.global	ReadSteeringAngCAN_task
  23              		.syntax unified
  24              		.thumb
  25              		.thumb_func
  27              	ReadSteeringAngCAN_task:
  28              	.LVL0:
  29              	.LFB334:
   1:/home/pani_/LHRS/VCAT-Dashboard/firmware/tasks/Src/Task3.c **** #include "ControlsLeader_Tasks.h"
   2:/home/pani_/LHRS/VCAT-Dashboard/firmware/tasks/Src/Task3.c **** 
   3:/home/pani_/LHRS/VCAT-Dashboard/firmware/tasks/Src/Task3.c **** void ReadSteeringAngCAN_task(void *argument) {
  30              		.loc 1 3 46 view -0
  31              		.cfi_startproc
  32              		@ args = 0, pretend = 0, frame = 0
  33              		@ frame_needed = 0, uses_anonymous_args = 0
  34              		@ link register save eliminated.
   4:/home/pani_/LHRS/VCAT-Dashboard/firmware/tasks/Src/Task3.c **** 
   5:/home/pani_/LHRS/VCAT-Dashboard/firmware/tasks/Src/Task3.c **** 
   6:/home/pani_/LHRS/VCAT-Dashboard/firmware/tasks/Src/Task3.c **** }...
  35              		.loc 1 6 1 view .LVU1
  36 0000 7047     		bx	lr
  37              		.cfi_endproc
  38              	.LFE334:
  40              		.text
  41              	.Letext0:
ARM GAS  /tmp/cctVDNYP.s 			page 2


DEFINED SYMBOLS
                            *ABS*:00000000 Task3.c
     /tmp/cctVDNYP.s:21     .text.ReadSteeringAngCAN_task:00000000 $t
     /tmp/cctVDNYP.s:27     .text.ReadSteeringAngCAN_task:00000000 ReadSteeringAngCAN_task

NO UNDEFINED SYMBOLS
